<?xml version="1.0" encoding="ISO-8859-1" ?>
<link_info>
   <banner>TI ARM Linker PC v20.2.5.LTS</banner>
   <copyright>Copyright (c) 1996-2018 Texas Instruments Incorporated</copyright>
   <link_time>0x61990607</link_time>
   <link_errors>0x0</link_errors>
   <output_file>2104_Projectv3.out</output_file>
   <entry_point>
      <name>_c_int00_noargs</name>
      <address>0x221d</address>
   </entry_point>
   <input_file_list>
      <input_file id="fl-2">
         <path>.\</path>
         <kind>object</kind>
         <file>main.obj</file>
         <name>main.obj</name>
      </input_file>
      <input_file id="fl-3">
         <path>.\</path>
         <kind>object</kind>
         <file>system_msp432p401r.obj</file>
         <name>system_msp432p401r.obj</name>
      </input_file>
      <input_file id="fl-4">
         <path>.\ccs\</path>
         <kind>object</kind>
         <file>startup_msp432p401r_ccs.obj</file>
         <name>startup_msp432p401r_ccs.obj</name>
      </input_file>
      <input_file id="fl-5">
         <path>.\encoder\</path>
         <kind>object</kind>
         <file>encoder.obj</file>
         <name>encoder.obj</name>
      </input_file>
      <input_file id="fl-6">
         <path>.\motor\</path>
         <kind>object</kind>
         <file>motor.obj</file>
         <name>motor.obj</name>
      </input_file>
      <input_file id="fl-7">
         <path>.\uart\</path>
         <kind>object</kind>
         <file>uart.obj</file>
         <name>uart.obj</name>
      </input_file>
      <input_file id="fl-8">
         <path>.\ultrasonic\</path>
         <kind>object</kind>
         <file>ultrasonic.obj</file>
         <name>ultrasonic.obj</name>
      </input_file>
      <input_file id="fl-12">
         <kind>object</kind>
         <file>&lt;internal&gt;</file>
         <name>&lt;internal&gt;</name>
      </input_file>
      <input_file id="fl-13">
         <path>C:\ti\simplelink_msp432p4_sdk_3_40_01_02\source\ti\devices\msp432p4xx\driverlib\ccs\</path>
         <kind>archive</kind>
         <file>msp432p4xx_driverlib.lib</file>
         <name>cs.o</name>
      </input_file>
      <input_file id="fl-14">
         <path>C:\ti\simplelink_msp432p4_sdk_3_40_01_02\source\ti\devices\msp432p4xx\driverlib\ccs\</path>
         <kind>archive</kind>
         <file>msp432p4xx_driverlib.lib</file>
         <name>gpio.o</name>
      </input_file>
      <input_file id="fl-15">
         <path>C:\ti\simplelink_msp432p4_sdk_3_40_01_02\source\ti\devices\msp432p4xx\driverlib\ccs\</path>
         <kind>archive</kind>
         <file>msp432p4xx_driverlib.lib</file>
         <name>interrupt.o</name>
      </input_file>
      <input_file id="fl-16">
         <path>C:\ti\simplelink_msp432p4_sdk_3_40_01_02\source\ti\devices\msp432p4xx\driverlib\ccs\</path>
         <kind>archive</kind>
         <file>msp432p4xx_driverlib.lib</file>
         <name>sysctl_a.o</name>
      </input_file>
      <input_file id="fl-17">
         <path>C:\ti\simplelink_msp432p4_sdk_3_40_01_02\source\ti\devices\msp432p4xx\driverlib\ccs\</path>
         <kind>archive</kind>
         <file>msp432p4xx_driverlib.lib</file>
         <name>timer_a.o</name>
      </input_file>
      <input_file id="fl-18">
         <path>C:\ti\simplelink_msp432p4_sdk_3_40_01_02\source\ti\devices\msp432p4xx\driverlib\ccs\</path>
         <kind>archive</kind>
         <file>msp432p4xx_driverlib.lib</file>
         <name>uart.o</name>
      </input_file>
      <input_file id="fl-19">
         <path>C:\ti\simplelink_msp432p4_sdk_3_40_01_02\source\ti\devices\msp432p4xx\driverlib\ccs\</path>
         <kind>archive</kind>
         <file>msp432p4xx_driverlib.lib</file>
         <name>cpu.o</name>
      </input_file>
      <input_file id="fl-cf">
         <path>C:\ti\ccs1100\ccs\tools\compiler\ti-cgt-arm_20.2.5.LTS\lib\</path>
         <kind>archive</kind>
         <file>rtsv7M4_T_le_v4SPD16_eabi.lib</file>
         <name>printf.c.obj</name>
      </input_file>
      <input_file id="fl-d0">
         <path>C:\ti\ccs1100\ccs\tools\compiler\ti-cgt-arm_20.2.5.LTS\lib\</path>
         <kind>archive</kind>
         <file>rtsv7M4_T_le_v4SPD16_eabi.lib</file>
         <name>_printfi.c.obj</name>
      </input_file>
      <input_file id="fl-d1">
         <path>C:\ti\ccs1100\ccs\tools\compiler\ti-cgt-arm_20.2.5.LTS\lib\</path>
         <kind>archive</kind>
         <file>rtsv7M4_T_le_v4SPD16_eabi.lib</file>
         <name>fputc.c.obj</name>
      </input_file>
      <input_file id="fl-d2">
         <path>C:\ti\ccs1100\ccs\tools\compiler\ti-cgt-arm_20.2.5.LTS\lib\</path>
         <kind>archive</kind>
         <file>rtsv7M4_T_le_v4SPD16_eabi.lib</file>
         <name>fputs.c.obj</name>
      </input_file>
      <input_file id="fl-d3">
         <path>C:\ti\ccs1100\ccs\tools\compiler\ti-cgt-arm_20.2.5.LTS\lib\</path>
         <kind>archive</kind>
         <file>rtsv7M4_T_le_v4SPD16_eabi.lib</file>
         <name>_io_perm.c.obj</name>
      </input_file>
      <input_file id="fl-d4">
         <path>C:\ti\ccs1100\ccs\tools\compiler\ti-cgt-arm_20.2.5.LTS\lib\</path>
         <kind>archive</kind>
         <file>rtsv7M4_T_le_v4SPD16_eabi.lib</file>
         <name>setvbuf.c.obj</name>
      </input_file>
      <input_file id="fl-d5">
         <path>C:\ti\ccs1100\ccs\tools\compiler\ti-cgt-arm_20.2.5.LTS\lib\</path>
         <kind>archive</kind>
         <file>rtsv7M4_T_le_v4SPD16_eabi.lib</file>
         <name>e_pow.c.obj</name>
      </input_file>
      <input_file id="fl-d6">
         <path>C:\ti\ccs1100\ccs\tools\compiler\ti-cgt-arm_20.2.5.LTS\lib\</path>
         <kind>archive</kind>
         <file>rtsv7M4_T_le_v4SPD16_eabi.lib</file>
         <name>e_sqrt.c.obj</name>
      </input_file>
      <input_file id="fl-d7">
         <path>C:\ti\ccs1100\ccs\tools\compiler\ti-cgt-arm_20.2.5.LTS\lib\</path>
         <kind>archive</kind>
         <file>rtsv7M4_T_le_v4SPD16_eabi.lib</file>
         <name>s_frexp.c.obj</name>
      </input_file>
      <input_file id="fl-d8">
         <path>C:\ti\ccs1100\ccs\tools\compiler\ti-cgt-arm_20.2.5.LTS\lib\</path>
         <kind>archive</kind>
         <file>rtsv7M4_T_le_v4SPD16_eabi.lib</file>
         <name>s_scalbn.c.obj</name>
      </input_file>
      <input_file id="fl-d9">
         <path>C:\ti\ccs1100\ccs\tools\compiler\ti-cgt-arm_20.2.5.LTS\lib\</path>
         <kind>archive</kind>
         <file>rtsv7M4_T_le_v4SPD16_eabi.lib</file>
         <name>wcslen.c.obj</name>
      </input_file>
      <input_file id="fl-da">
         <path>C:\ti\ccs1100\ccs\tools\compiler\ti-cgt-arm_20.2.5.LTS\lib\</path>
         <kind>archive</kind>
         <file>rtsv7M4_T_le_v4SPD16_eabi.lib</file>
         <name>fd_add_t2.asm.obj</name>
      </input_file>
      <input_file id="fl-db">
         <path>C:\ti\ccs1100\ccs\tools\compiler\ti-cgt-arm_20.2.5.LTS\lib\</path>
         <kind>archive</kind>
         <file>rtsv7M4_T_le_v4SPD16_eabi.lib</file>
         <name>fd_cmp_t2.asm.obj</name>
      </input_file>
      <input_file id="fl-dc">
         <path>C:\ti\ccs1100\ccs\tools\compiler\ti-cgt-arm_20.2.5.LTS\lib\</path>
         <kind>archive</kind>
         <file>rtsv7M4_T_le_v4SPD16_eabi.lib</file>
         <name>fd_div_t2.asm.obj</name>
      </input_file>
      <input_file id="fl-dd">
         <path>C:\ti\ccs1100\ccs\tools\compiler\ti-cgt-arm_20.2.5.LTS\lib\</path>
         <kind>archive</kind>
         <file>rtsv7M4_T_le_v4SPD16_eabi.lib</file>
         <name>fd_mul_t2.asm.obj</name>
      </input_file>
      <input_file id="fl-de">
         <path>C:\ti\ccs1100\ccs\tools\compiler\ti-cgt-arm_20.2.5.LTS\lib\</path>
         <kind>archive</kind>
         <file>rtsv7M4_T_le_v4SPD16_eabi.lib</file>
         <name>fd_toi_t2.asm.obj</name>
      </input_file>
      <input_file id="fl-df">
         <path>C:\ti\ccs1100\ccs\tools\compiler\ti-cgt-arm_20.2.5.LTS\lib\</path>
         <kind>archive</kind>
         <file>rtsv7M4_T_le_v4SPD16_eabi.lib</file>
         <name>fd_tos_t2.asm.obj</name>
      </input_file>
      <input_file id="fl-e0">
         <path>C:\ti\ccs1100\ccs\tools\compiler\ti-cgt-arm_20.2.5.LTS\lib\</path>
         <kind>archive</kind>
         <file>rtsv7M4_T_le_v4SPD16_eabi.lib</file>
         <name>fs_tod_t2.asm.obj</name>
      </input_file>
      <input_file id="fl-e1">
         <path>C:\ti\ccs1100\ccs\tools\compiler\ti-cgt-arm_20.2.5.LTS\lib\</path>
         <kind>archive</kind>
         <file>rtsv7M4_T_le_v4SPD16_eabi.lib</file>
         <name>i_tofd_t2.asm.obj</name>
      </input_file>
      <input_file id="fl-e2">
         <path>C:\ti\ccs1100\ccs\tools\compiler\ti-cgt-arm_20.2.5.LTS\lib\</path>
         <kind>archive</kind>
         <file>rtsv7M4_T_le_v4SPD16_eabi.lib</file>
         <name>memcpy_t2.asm.obj</name>
      </input_file>
      <input_file id="fl-e3">
         <path>C:\ti\ccs1100\ccs\tools\compiler\ti-cgt-arm_20.2.5.LTS\lib\</path>
         <kind>archive</kind>
         <file>rtsv7M4_T_le_v4SPD16_eabi.lib</file>
         <name>ull_div_t2.asm.obj</name>
      </input_file>
      <input_file id="fl-e4">
         <path>C:\ti\ccs1100\ccs\tools\compiler\ti-cgt-arm_20.2.5.LTS\lib\</path>
         <kind>archive</kind>
         <file>rtsv7M4_T_le_v4SPD16_eabi.lib</file>
         <name>memset_t2.asm.obj</name>
      </input_file>
      <input_file id="fl-e5">
         <path>C:\ti\ccs1100\ccs\tools\compiler\ti-cgt-arm_20.2.5.LTS\lib\</path>
         <kind>archive</kind>
         <file>rtsv7M4_T_le_v4SPD16_eabi.lib</file>
         <name>copy_zero_init.c.obj</name>
      </input_file>
      <input_file id="fl-e6">
         <path>C:\ti\ccs1100\ccs\tools\compiler\ti-cgt-arm_20.2.5.LTS\lib\</path>
         <kind>archive</kind>
         <file>rtsv7M4_T_le_v4SPD16_eabi.lib</file>
         <name>copy_decompress_none.c.obj</name>
      </input_file>
      <input_file id="fl-e7">
         <path>C:\ti\ccs1100\ccs\tools\compiler\ti-cgt-arm_20.2.5.LTS\lib\</path>
         <kind>archive</kind>
         <file>rtsv7M4_T_le_v4SPD16_eabi.lib</file>
         <name>copy_decompress_lzss.c.obj</name>
      </input_file>
      <input_file id="fl-e8">
         <path>C:\ti\ccs1100\ccs\tools\compiler\ti-cgt-arm_20.2.5.LTS\lib\</path>
         <kind>archive</kind>
         <file>rtsv7M4_T_le_v4SPD16_eabi.lib</file>
         <name>exit.c.obj</name>
      </input_file>
      <input_file id="fl-e9">
         <path>C:\ti\ccs1100\ccs\tools\compiler\ti-cgt-arm_20.2.5.LTS\lib\</path>
         <kind>archive</kind>
         <file>rtsv7M4_T_le_v4SPD16_eabi.lib</file>
         <name>_lock.c.obj</name>
      </input_file>
      <input_file id="fl-ea">
         <path>C:\ti\ccs1100\ccs\tools\compiler\ti-cgt-arm_20.2.5.LTS\lib\</path>
         <kind>archive</kind>
         <file>rtsv7M4_T_le_v4SPD16_eabi.lib</file>
         <name>_ltoa.c.obj</name>
      </input_file>
      <input_file id="fl-eb">
         <path>C:\ti\ccs1100\ccs\tools\compiler\ti-cgt-arm_20.2.5.LTS\lib\</path>
         <kind>archive</kind>
         <file>rtsv7M4_T_le_v4SPD16_eabi.lib</file>
         <name>atoi.c.obj</name>
      </input_file>
      <input_file id="fl-ec">
         <path>C:\ti\ccs1100\ccs\tools\compiler\ti-cgt-arm_20.2.5.LTS\lib\</path>
         <kind>archive</kind>
         <file>rtsv7M4_T_le_v4SPD16_eabi.lib</file>
         <name>ctype.c.obj</name>
      </input_file>
      <input_file id="fl-ed">
         <path>C:\ti\ccs1100\ccs\tools\compiler\ti-cgt-arm_20.2.5.LTS\lib\</path>
         <kind>archive</kind>
         <file>rtsv7M4_T_le_v4SPD16_eabi.lib</file>
         <name>defs.c.obj</name>
      </input_file>
      <input_file id="fl-ee">
         <path>C:\ti\ccs1100\ccs\tools\compiler\ti-cgt-arm_20.2.5.LTS\lib\</path>
         <kind>archive</kind>
         <file>rtsv7M4_T_le_v4SPD16_eabi.lib</file>
         <name>memccpy.c.obj</name>
      </input_file>
      <input_file id="fl-ef">
         <path>C:\ti\ccs1100\ccs\tools\compiler\ti-cgt-arm_20.2.5.LTS\lib\</path>
         <kind>archive</kind>
         <file>rtsv7M4_T_le_v4SPD16_eabi.lib</file>
         <name>memchr.c.obj</name>
      </input_file>
      <input_file id="fl-f0">
         <path>C:\ti\ccs1100\ccs\tools\compiler\ti-cgt-arm_20.2.5.LTS\lib\</path>
         <kind>archive</kind>
         <file>rtsv7M4_T_le_v4SPD16_eabi.lib</file>
         <name>memory.c.obj</name>
      </input_file>
      <input_file id="fl-f1">
         <path>C:\ti\ccs1100\ccs\tools\compiler\ti-cgt-arm_20.2.5.LTS\lib\</path>
         <kind>archive</kind>
         <file>rtsv7M4_T_le_v4SPD16_eabi.lib</file>
         <name>strcat.c.obj</name>
      </input_file>
      <input_file id="fl-f2">
         <path>C:\ti\ccs1100\ccs\tools\compiler\ti-cgt-arm_20.2.5.LTS\lib\</path>
         <kind>archive</kind>
         <file>rtsv7M4_T_le_v4SPD16_eabi.lib</file>
         <name>strchr.c.obj</name>
      </input_file>
      <input_file id="fl-f3">
         <path>C:\ti\ccs1100\ccs\tools\compiler\ti-cgt-arm_20.2.5.LTS\lib\</path>
         <kind>archive</kind>
         <file>rtsv7M4_T_le_v4SPD16_eabi.lib</file>
         <name>strlen.c.obj</name>
      </input_file>
      <input_file id="fl-f4">
         <path>C:\ti\ccs1100\ccs\tools\compiler\ti-cgt-arm_20.2.5.LTS\lib\</path>
         <kind>archive</kind>
         <file>rtsv7M4_T_le_v4SPD16_eabi.lib</file>
         <name>errno.c.obj</name>
      </input_file>
      <input_file id="fl-f5">
         <path>C:\ti\ccs1100\ccs\tools\compiler\ti-cgt-arm_20.2.5.LTS\lib\</path>
         <kind>archive</kind>
         <file>rtsv7M4_T_le_v4SPD16_eabi.lib</file>
         <name>boot_cortex_m.c.obj</name>
      </input_file>
      <input_file id="fl-f6">
         <path>C:\ti\ccs1100\ccs\tools\compiler\ti-cgt-arm_20.2.5.LTS\lib\</path>
         <kind>archive</kind>
         <file>rtsv7M4_T_le_v4SPD16_eabi.lib</file>
         <name>write.c.obj</name>
      </input_file>
      <input_file id="fl-f7">
         <path>C:\ti\ccs1100\ccs\tools\compiler\ti-cgt-arm_20.2.5.LTS\lib\</path>
         <kind>archive</kind>
         <file>rtsv7M4_T_le_v4SPD16_eabi.lib</file>
         <name>host_device.c.obj</name>
      </input_file>
      <input_file id="fl-f8">
         <path>C:\ti\ccs1100\ccs\tools\compiler\ti-cgt-arm_20.2.5.LTS\lib\</path>
         <kind>archive</kind>
         <file>rtsv7M4_T_le_v4SPD16_eabi.lib</file>
         <name>fflush.c.obj</name>
      </input_file>
      <input_file id="fl-f9">
         <path>C:\ti\ccs1100\ccs\tools\compiler\ti-cgt-arm_20.2.5.LTS\lib\</path>
         <kind>archive</kind>
         <file>rtsv7M4_T_le_v4SPD16_eabi.lib</file>
         <name>fopen.c.obj</name>
      </input_file>
      <input_file id="fl-fa">
         <path>C:\ti\ccs1100\ccs\tools\compiler\ti-cgt-arm_20.2.5.LTS\lib\</path>
         <kind>archive</kind>
         <file>rtsv7M4_T_le_v4SPD16_eabi.lib</file>
         <name>fseek.c.obj</name>
      </input_file>
      <input_file id="fl-fb">
         <path>C:\ti\ccs1100\ccs\tools\compiler\ti-cgt-arm_20.2.5.LTS\lib\</path>
         <kind>archive</kind>
         <file>rtsv7M4_T_le_v4SPD16_eabi.lib</file>
         <name>s_copysign.c.obj</name>
      </input_file>
      <input_file id="fl-fc">
         <path>C:\ti\ccs1100\ccs\tools\compiler\ti-cgt-arm_20.2.5.LTS\lib\</path>
         <kind>archive</kind>
         <file>rtsv7M4_T_le_v4SPD16_eabi.lib</file>
         <name>div0.asm.obj</name>
      </input_file>
      <input_file id="fl-fd">
         <path>C:\ti\ccs1100\ccs\tools\compiler\ti-cgt-arm_20.2.5.LTS\lib\</path>
         <kind>archive</kind>
         <file>rtsv7M4_T_le_v4SPD16_eabi.lib</file>
         <name>autoinit.c.obj</name>
      </input_file>
      <input_file id="fl-fe">
         <path>C:\ti\ccs1100\ccs\tools\compiler\ti-cgt-arm_20.2.5.LTS\lib\</path>
         <kind>archive</kind>
         <file>rtsv7M4_T_le_v4SPD16_eabi.lib</file>
         <name>pre_init.c.obj</name>
      </input_file>
      <input_file id="fl-ff">
         <path>C:\ti\ccs1100\ccs\tools\compiler\ti-cgt-arm_20.2.5.LTS\lib\</path>
         <kind>archive</kind>
         <file>rtsv7M4_T_le_v4SPD16_eabi.lib</file>
         <name>cpy_tbl.c.obj</name>
      </input_file>
      <input_file id="fl-100">
         <path>C:\ti\ccs1100\ccs\tools\compiler\ti-cgt-arm_20.2.5.LTS\lib\</path>
         <kind>archive</kind>
         <file>rtsv7M4_T_le_v4SPD16_eabi.lib</file>
         <name>args_main.c.obj</name>
      </input_file>
      <input_file id="fl-101">
         <path>C:\ti\ccs1100\ccs\tools\compiler\ti-cgt-arm_20.2.5.LTS\lib\</path>
         <kind>archive</kind>
         <file>rtsv7M4_T_le_v4SPD16_eabi.lib</file>
         <name>hostclose.c.obj</name>
      </input_file>
      <input_file id="fl-102">
         <path>C:\ti\ccs1100\ccs\tools\compiler\ti-cgt-arm_20.2.5.LTS\lib\</path>
         <kind>archive</kind>
         <file>rtsv7M4_T_le_v4SPD16_eabi.lib</file>
         <name>hostlseek.c.obj</name>
      </input_file>
      <input_file id="fl-103">
         <path>C:\ti\ccs1100\ccs\tools\compiler\ti-cgt-arm_20.2.5.LTS\lib\</path>
         <kind>archive</kind>
         <file>rtsv7M4_T_le_v4SPD16_eabi.lib</file>
         <name>hostopen.c.obj</name>
      </input_file>
      <input_file id="fl-104">
         <path>C:\ti\ccs1100\ccs\tools\compiler\ti-cgt-arm_20.2.5.LTS\lib\</path>
         <kind>archive</kind>
         <file>rtsv7M4_T_le_v4SPD16_eabi.lib</file>
         <name>hostread.c.obj</name>
      </input_file>
      <input_file id="fl-105">
         <path>C:\ti\ccs1100\ccs\tools\compiler\ti-cgt-arm_20.2.5.LTS\lib\</path>
         <kind>archive</kind>
         <file>rtsv7M4_T_le_v4SPD16_eabi.lib</file>
         <name>hostrename.c.obj</name>
      </input_file>
      <input_file id="fl-106">
         <path>C:\ti\ccs1100\ccs\tools\compiler\ti-cgt-arm_20.2.5.LTS\lib\</path>
         <kind>archive</kind>
         <file>rtsv7M4_T_le_v4SPD16_eabi.lib</file>
         <name>hostunlink.c.obj</name>
      </input_file>
      <input_file id="fl-107">
         <path>C:\ti\ccs1100\ccs\tools\compiler\ti-cgt-arm_20.2.5.LTS\lib\</path>
         <kind>archive</kind>
         <file>rtsv7M4_T_le_v4SPD16_eabi.lib</file>
         <name>hostwrite.c.obj</name>
      </input_file>
      <input_file id="fl-108">
         <path>C:\ti\ccs1100\ccs\tools\compiler\ti-cgt-arm_20.2.5.LTS\lib\</path>
         <kind>archive</kind>
         <file>rtsv7M4_T_le_v4SPD16_eabi.lib</file>
         <name>trgmsg.c.obj</name>
      </input_file>
      <input_file id="fl-109">
         <path>C:\ti\ccs1100\ccs\tools\compiler\ti-cgt-arm_20.2.5.LTS\lib\</path>
         <kind>archive</kind>
         <file>rtsv7M4_T_le_v4SPD16_eabi.lib</file>
         <name>open.c.obj</name>
      </input_file>
      <input_file id="fl-10a">
         <path>C:\ti\ccs1100\ccs\tools\compiler\ti-cgt-arm_20.2.5.LTS\lib\</path>
         <kind>archive</kind>
         <file>rtsv7M4_T_le_v4SPD16_eabi.lib</file>
         <name>lseek.c.obj</name>
      </input_file>
      <input_file id="fl-10b">
         <path>C:\ti\ccs1100\ccs\tools\compiler\ti-cgt-arm_20.2.5.LTS\lib\</path>
         <kind>archive</kind>
         <file>rtsv7M4_T_le_v4SPD16_eabi.lib</file>
         <name>fclose.c.obj</name>
      </input_file>
      <input_file id="fl-10c">
         <path>C:\ti\ccs1100\ccs\tools\compiler\ti-cgt-arm_20.2.5.LTS\lib\</path>
         <kind>archive</kind>
         <file>rtsv7M4_T_le_v4SPD16_eabi.lib</file>
         <name>getdevice.c.obj</name>
      </input_file>
      <input_file id="fl-10d">
         <path>C:\ti\ccs1100\ccs\tools\compiler\ti-cgt-arm_20.2.5.LTS\lib\</path>
         <kind>archive</kind>
         <file>rtsv7M4_T_le_v4SPD16_eabi.lib</file>
         <name>strcmp.c.obj</name>
      </input_file>
      <input_file id="fl-10e">
         <path>C:\ti\ccs1100\ccs\tools\compiler\ti-cgt-arm_20.2.5.LTS\lib\</path>
         <kind>archive</kind>
         <file>rtsv7M4_T_le_v4SPD16_eabi.lib</file>
         <name>strcpy.c.obj</name>
      </input_file>
      <input_file id="fl-10f">
         <path>C:\ti\ccs1100\ccs\tools\compiler\ti-cgt-arm_20.2.5.LTS\lib\</path>
         <kind>archive</kind>
         <file>rtsv7M4_T_le_v4SPD16_eabi.lib</file>
         <name>strncpy.c.obj</name>
      </input_file>
      <input_file id="fl-110">
         <path>C:\ti\ccs1100\ccs\tools\compiler\ti-cgt-arm_20.2.5.LTS\lib\</path>
         <kind>archive</kind>
         <file>rtsv7M4_T_le_v4SPD16_eabi.lib</file>
         <name>remove.c.obj</name>
      </input_file>
      <input_file id="fl-111">
         <path>C:\ti\ccs1100\ccs\tools\compiler\ti-cgt-arm_20.2.5.LTS\lib\</path>
         <kind>archive</kind>
         <file>rtsv7M4_T_le_v4SPD16_eabi.lib</file>
         <name>close.c.obj</name>
      </input_file>
      <input_file id="fl-112">
         <path>C:\ti\ccs1100\ccs\tools\compiler\ti-cgt-arm_20.2.5.LTS\lib\</path>
         <kind>archive</kind>
         <file>rtsv7M4_T_le_v4SPD16_eabi.lib</file>
         <name>unlink.c.obj</name>
      </input_file>
   </input_file_list>
   <object_component_list>
      <object_component id="oc-26">
         <name>.intvecs:retain</name>
         <load_address>0x0</load_address>
         <run_address>0x0</run_address>
         <size>0xe4</size>
         <input_file_ref idref="fl-4"/>
      </object_component>
      <object_component id="oc-2dd">
         <name>.text:pow</name>
         <load_address>0xe4</load_address>
         <run_address>0xe4</run_address>
         <size>0x9d0</size>
         <input_file_ref idref="fl-d5"/>
      </object_component>
      <object_component id="oc-164">
         <name>.text:Uart_Init</name>
         <load_address>0xab4</load_address>
         <run_address>0xab4</run_address>
         <size>0x1e4</size>
         <input_file_ref idref="fl-7"/>
      </object_component>
      <object_component id="oc-344">
         <name>.text</name>
         <load_address>0xc98</load_address>
         <run_address>0xc98</run_address>
         <size>0x1b6</size>
         <input_file_ref idref="fl-da"/>
      </object_component>
      <object_component id="oc-70">
         <name>.text:Default_Handler</name>
         <load_address>0xe4e</load_address>
         <run_address>0xe4e</run_address>
         <size>0x2</size>
         <input_file_ref idref="fl-4"/>
      </object_component>
      <object_component id="oc-34e">
         <name>.text:sqrt</name>
         <load_address>0xe50</load_address>
         <run_address>0xe50</run_address>
         <size>0x158</size>
         <input_file_ref idref="fl-d6"/>
      </object_component>
      <object_component id="oc-2a8">
         <name>.text:privateTimer_AProcessClockSourceDivider</name>
         <load_address>0xfa8</load_address>
         <run_address>0xfa8</run_address>
         <size>0x144</size>
         <input_file_ref idref="fl-17"/>
      </object_component>
      <object_component id="oc-349">
         <name>.text</name>
         <load_address>0x10ec</load_address>
         <run_address>0x10ec</run_address>
         <size>0x136</size>
         <input_file_ref idref="fl-dc"/>
      </object_component>
      <object_component id="oc-23e">
         <name>.text:UART_initModule</name>
         <load_address>0x1224</load_address>
         <run_address>0x1224</run_address>
         <size>0x11c</size>
         <input_file_ref idref="fl-18"/>
      </object_component>
      <object_component id="oc-367">
         <name>.text:scalbn</name>
         <load_address>0x1340</load_address>
         <run_address>0x1340</run_address>
         <size>0x110</size>
         <input_file_ref idref="fl-d8"/>
      </object_component>
      <object_component id="oc-2e3">
         <name>.text</name>
         <load_address>0x1450</load_address>
         <run_address>0x1450</run_address>
         <size>0xfc</size>
         <input_file_ref idref="fl-dd"/>
      </object_component>
      <object_component id="oc-158">
         <name>.text:Motor_Init</name>
         <load_address>0x154c</load_address>
         <run_address>0x154c</run_address>
         <size>0xbc</size>
         <input_file_ref idref="fl-6"/>
      </object_component>
      <object_component id="oc-7c">
         <name>.text:EUSCIA0_IRQHandler</name>
         <load_address>0x1608</load_address>
         <run_address>0x1608</run_address>
         <size>0xb0</size>
         <input_file_ref idref="fl-7"/>
      </object_component>
      <object_component id="oc-25c">
         <name>.text:ftoaUart</name>
         <load_address>0x16b8</load_address>
         <run_address>0x16b8</run_address>
         <size>0xa8</size>
         <input_file_ref idref="fl-7"/>
      </object_component>
      <object_component id="oc-3a">
         <name>.text</name>
         <load_address>0x1760</load_address>
         <run_address>0x1760</run_address>
         <size>0x9c</size>
         <input_file_ref idref="fl-e2"/>
      </object_component>
      <object_component id="oc-238">
         <name>.text:GPIO_setAsPeripheralModuleFunctionInputPin</name>
         <load_address>0x17fc</load_address>
         <run_address>0x17fc</run_address>
         <size>0x88</size>
         <input_file_ref idref="fl-14"/>
      </object_component>
      <object_component id="oc-218">
         <name>.text:GPIO_setAsPeripheralModuleFunctionOutputPin</name>
         <load_address>0x1884</load_address>
         <run_address>0x1884</run_address>
         <size>0x88</size>
         <input_file_ref idref="fl-14"/>
      </object_component>
      <object_component id="oc-35d">
         <name>.text:__aeabi_cdcmple</name>
         <load_address>0x190c</load_address>
         <run_address>0x190c</run_address>
         <size>0x86</size>
         <input_file_ref idref="fl-db"/>
      </object_component>
      <object_component id="oc-362">
         <name>.text:__aeabi_cdrcmple</name>
         <load_address>0x1992</load_address>
         <run_address>0x1992</run_address>
         <size>0x86</size>
         <input_file_ref idref="fl-db"/>
      </object_component>
      <object_component id="oc-126">
         <name>.text:GPIO_getEnabledInterruptStatus</name>
         <load_address>0x1a18</load_address>
         <run_address>0x1a18</run_address>
         <size>0x84</size>
         <input_file_ref idref="fl-14"/>
      </object_component>
      <object_component id="oc-16a">
         <name>.text:Interrupt_enableInterrupt</name>
         <load_address>0x1a9c</load_address>
         <run_address>0x1a9c</run_address>
         <size>0x80</size>
         <input_file_ref idref="fl-15"/>
      </object_component>
      <object_component id="oc-d6">
         <name>.text:SystemInit</name>
         <load_address>0x1b1c</load_address>
         <run_address>0x1b1c</run_address>
         <size>0x78</size>
         <input_file_ref idref="fl-3"/>
      </object_component>
      <object_component id="oc-1e2">
         <name>.text:Timer_A_generatePWM</name>
         <load_address>0x1b94</load_address>
         <run_address>0x1b94</run_address>
         <size>0x74</size>
         <input_file_ref idref="fl-17"/>
      </object_component>
      <object_component id="oc-2e8">
         <name>.text</name>
         <load_address>0x1c08</load_address>
         <run_address>0x1c08</run_address>
         <size>0x6e</size>
         <input_file_ref idref="fl-df"/>
      </object_component>
      <object_component id="oc-2cd">
         <name>.text:intToStrUart</name>
         <load_address>0x1c76</load_address>
         <run_address>0x1c76</run_address>
         <size>0x6a</size>
         <input_file_ref idref="fl-7"/>
      </object_component>
      <object_component id="oc-17">
         <name>.text:decompress:lzss:__TI_decompress_lzss</name>
         <load_address>0x1ce0</load_address>
         <run_address>0x1ce0</run_address>
         <size>0x68</size>
         <input_file_ref idref="fl-e7"/>
      </object_component>
      <object_component id="oc-82">
         <name>.text:PORT1_IRQHandler</name>
         <load_address>0x1d48</load_address>
         <run_address>0x1d48</run_address>
         <size>0x64</size>
         <input_file_ref idref="fl-6"/>
      </object_component>
      <object_component id="oc-88">
         <name>.text:PORT2_IRQHandler</name>
         <load_address>0x1dac</load_address>
         <run_address>0x1dac</run_address>
         <size>0x64</size>
         <input_file_ref idref="fl-5"/>
      </object_component>
      <object_component id="oc-8e">
         <name>.text:PORT3_IRQHandler</name>
         <load_address>0x1e10</load_address>
         <run_address>0x1e10</run_address>
         <size>0x64</size>
         <input_file_ref idref="fl-5"/>
      </object_component>
      <object_component id="oc-21e">
         <name>.text:GPIO_setAsInputPinWithPullUpResistor</name>
         <load_address>0x1e74</load_address>
         <run_address>0x1e74</run_address>
         <size>0x58</size>
         <input_file_ref idref="fl-14"/>
      </object_component>
      <object_component id="oc-33b">
         <name>.text:reverseUart</name>
         <load_address>0x1ecc</load_address>
         <run_address>0x1ecc</run_address>
         <size>0x50</size>
         <input_file_ref idref="fl-7"/>
      </object_component>
      <object_component id="oc-22b">
         <name>.text:GPIO_setAsInputPin</name>
         <load_address>0x1f1c</load_address>
         <run_address>0x1f1c</run_address>
         <size>0x4c</size>
         <input_file_ref idref="fl-14"/>
      </object_component>
      <object_component id="oc-102">
         <name>.text:Motor_Start</name>
         <load_address>0x1f68</load_address>
         <run_address>0x1f68</run_address>
         <size>0x48</size>
         <input_file_ref idref="fl-6"/>
      </object_component>
      <object_component id="oc-15e">
         <name>.text:Encoder_Init</name>
         <load_address>0x1fb0</load_address>
         <run_address>0x1fb0</run_address>
         <size>0x44</size>
         <input_file_ref idref="fl-5"/>
      </object_component>
      <object_component id="oc-17d">
         <name>.text:__TI_auto_init_nobinit_nopinit:__TI_auto_init_nobinit_nopinit</name>
         <load_address>0x1ff4</load_address>
         <run_address>0x1ff4</run_address>
         <size>0x44</size>
         <input_file_ref idref="fl-fd"/>
      </object_component>
      <object_component id="oc-206">
         <name>.text:GPIO_setAsOutputPin</name>
         <load_address>0x2038</load_address>
         <run_address>0x2038</run_address>
         <size>0x40</size>
         <input_file_ref idref="fl-14"/>
      </object_component>
      <object_component id="oc-108">
         <name>.text:Motor_Left</name>
         <load_address>0x2078</load_address>
         <run_address>0x2078</run_address>
         <size>0x40</size>
         <input_file_ref idref="fl-6"/>
      </object_component>
      <object_component id="oc-10e">
         <name>.text:Motor_Right</name>
         <load_address>0x20b8</load_address>
         <run_address>0x20b8</run_address>
         <size>0x40</size>
         <input_file_ref idref="fl-6"/>
      </object_component>
      <object_component id="oc-fc">
         <name>.text:Motor_Stop</name>
         <load_address>0x20f8</load_address>
         <run_address>0x20f8</run_address>
         <size>0x40</size>
         <input_file_ref idref="fl-6"/>
      </object_component>
      <object_component id="oc-94">
         <name>.text:PORT5_IRQHandler</name>
         <load_address>0x2138</load_address>
         <run_address>0x2138</run_address>
         <size>0x40</size>
         <input_file_ref idref="fl-7"/>
      </object_component>
      <object_component id="oc-2d3">
         <name>.text</name>
         <load_address>0x2178</load_address>
         <run_address>0x2178</run_address>
         <size>0x38</size>
         <input_file_ref idref="fl-e0"/>
      </object_component>
      <object_component id="oc-f6">
         <name>.text:uPrintf</name>
         <load_address>0x21b0</load_address>
         <run_address>0x21b0</run_address>
         <size>0x38</size>
         <input_file_ref idref="fl-7"/>
      </object_component>
      <object_component id="oc-f0">
         <name>.text:UART_transmitData</name>
         <load_address>0x21e8</load_address>
         <run_address>0x21e8</run_address>
         <size>0x34</size>
         <input_file_ref idref="fl-18"/>
      </object_component>
      <object_component id="oc-58">
         <name>.text:_c_int00_noargs:_c_int00_noargs</name>
         <load_address>0x221c</load_address>
         <run_address>0x221c</run_address>
         <size>0x34</size>
         <input_file_ref idref="fl-f5"/>
      </object_component>
      <object_component id="oc-268">
         <name>.text:GPIO_getInputPinValue</name>
         <load_address>0x2250</load_address>
         <run_address>0x2250</run_address>
         <size>0x30</size>
         <input_file_ref idref="fl-14"/>
      </object_component>
      <object_component id="oc-24a">
         <name>.text:UART_enableInterrupt</name>
         <load_address>0x2280</load_address>
         <run_address>0x2280</run_address>
         <size>0x30</size>
         <input_file_ref idref="fl-18"/>
      </object_component>
      <object_component id="oc-ea">
         <name>.text:UART_receiveData</name>
         <load_address>0x22b0</load_address>
         <run_address>0x22b0</run_address>
         <size>0x30</size>
         <input_file_ref idref="fl-18"/>
      </object_component>
      <object_component id="oc-2d8">
         <name>.text</name>
         <load_address>0x22e0</load_address>
         <run_address>0x22e0</run_address>
         <size>0x2e</size>
         <input_file_ref idref="fl-e1"/>
      </object_component>
      <object_component id="oc-de">
         <name>.text:Timer_A_clearCaptureCompareInterrupt</name>
         <load_address>0x2310</load_address>
         <run_address>0x2310</run_address>
         <size>0x2c</size>
         <input_file_ref idref="fl-17"/>
      </object_component>
      <object_component id="oc-11a">
         <name>.text:GPIO_clearInterruptFlag</name>
         <load_address>0x233c</load_address>
         <run_address>0x233c</run_address>
         <size>0x28</size>
         <input_file_ref idref="fl-14"/>
      </object_component>
      <object_component id="oc-224">
         <name>.text:GPIO_enableInterrupt</name>
         <load_address>0x2364</load_address>
         <run_address>0x2364</run_address>
         <size>0x28</size>
         <input_file_ref idref="fl-14"/>
      </object_component>
      <object_component id="oc-212">
         <name>.text:GPIO_setOutputHighOnPin</name>
         <load_address>0x238c</load_address>
         <run_address>0x238c</run_address>
         <size>0x28</size>
         <input_file_ref idref="fl-14"/>
      </object_component>
      <object_component id="oc-20c">
         <name>.text:GPIO_setOutputLowOnPin</name>
         <load_address>0x23b4</load_address>
         <run_address>0x23b4</run_address>
         <size>0x28</size>
         <input_file_ref idref="fl-14"/>
      </object_component>
      <object_component id="oc-1fb">
         <name>.text:GPIO_getInterruptStatus</name>
         <load_address>0x23dc</load_address>
         <run_address>0x23dc</run_address>
         <size>0x24</size>
         <input_file_ref idref="fl-14"/>
      </object_component>
      <object_component id="oc-c4">
         <name>.text:main</name>
         <load_address>0x2400</load_address>
         <run_address>0x2400</run_address>
         <size>0x24</size>
         <input_file_ref idref="fl-2"/>
      </object_component>
      <object_component id="oc-262">
         <name>.text:strcat</name>
         <load_address>0x2424</load_address>
         <run_address>0x2424</run_address>
         <size>0x1e</size>
         <input_file_ref idref="fl-f1"/>
      </object_component>
      <object_component id="oc-76">
         <name>.text:TA0_0_IRQHandler</name>
         <load_address>0x2444</load_address>
         <run_address>0x2444</run_address>
         <size>0x1c</size>
         <input_file_ref idref="fl-8"/>
      </object_component>
      <object_component id="oc-46">
         <name>.text:decompress:ZI:__TI_zero_init_nomemset:__TI_zero_init_nomemset</name>
         <load_address>0x2460</load_address>
         <run_address>0x2460</run_address>
         <size>0x1c</size>
         <input_file_ref idref="fl-e5"/>
      </object_component>
      <object_component id="oc-39f">
         <name>.text:copysign</name>
         <load_address>0x247c</load_address>
         <run_address>0x247c</run_address>
         <size>0x1a</size>
         <input_file_ref idref="fl-fb"/>
      </object_component>
      <object_component id="oc-244">
         <name>.text:UART_enableModule</name>
         <load_address>0x2496</load_address>
         <run_address>0x2496</run_address>
         <size>0x16</size>
         <input_file_ref idref="fl-18"/>
      </object_component>
      <object_component id="oc-256">
         <name>.text:getLeft</name>
         <load_address>0x24ac</load_address>
         <run_address>0x24ac</run_address>
         <size>0x14</size>
         <input_file_ref idref="fl-5"/>
      </object_component>
      <object_component id="oc-250">
         <name>.text:getRight</name>
         <load_address>0x24c0</load_address>
         <run_address>0x24c0</run_address>
         <size>0x14</size>
         <input_file_ref idref="fl-5"/>
      </object_component>
      <object_component id="oc-231">
         <name>.text:Interrupt_enableMaster</name>
         <load_address>0x24d4</load_address>
         <run_address>0x24d4</run_address>
         <size>0x10</size>
         <input_file_ref idref="fl-15"/>
      </object_component>
      <object_component id="oc-1d">
         <name>.text:decompress:none:__TI_decompress_none</name>
         <load_address>0x24e4</load_address>
         <run_address>0x24e4</run_address>
         <size>0xe</size>
         <input_file_ref idref="fl-e6"/>
      </object_component>
      <object_component id="oc-2bf">
         <name>.text:CPU_cpsie</name>
         <load_address>0x24f2</load_address>
         <run_address>0x24f2</run_address>
         <size>0xc</size>
         <input_file_ref idref="fl-19"/>
      </object_component>
      <object_component id="oc-6a">
         <name>.text:Reset_Handler</name>
         <load_address>0x24fe</load_address>
         <run_address>0x24fe</run_address>
         <size>0xc</size>
         <input_file_ref idref="fl-4"/>
      </object_component>
      <object_component id="oc-354">
         <name>.text:__aeabi_errno_addr</name>
         <load_address>0x250c</load_address>
         <run_address>0x250c</run_address>
         <size>0x8</size>
         <input_file_ref idref="fl-f4"/>
      </object_component>
      <object_component id="oc-be">
         <name>.text:_system_pre_init</name>
         <load_address>0x2514</load_address>
         <run_address>0x2514</run_address>
         <size>0x4</size>
         <input_file_ref idref="fl-fe"/>
      </object_component>
      <object_component id="oc-171">
         <name>.text:abort:abort</name>
         <load_address>0x2518</load_address>
         <run_address>0x2518</run_address>
         <size>0x4</size>
         <input_file_ref idref="fl-e8"/>
      </object_component>
      <object_component id="oc-35a">
         <name>.const:$O1$$</name>
         <load_address>0x2520</load_address>
         <run_address>0x2520</run_address>
         <size>0x30</size>
         <input_file_ref idref="fl-d5"/>
      </object_component>
      <object_component id="oc-1f2">
         <name>.const:GPIO_PORT_TO_BASE</name>
         <load_address>0x2550</load_address>
         <run_address>0x2550</run_address>
         <size>0x30</size>
         <input_file_ref idref="fl-14"/>
      </object_component>
      <object_component id="oc-26e">
         <name>.const:uartConfig</name>
         <load_address>0x2580</load_address>
         <run_address>0x2580</run_address>
         <size>0x28</size>
         <input_file_ref idref="fl-7"/>
      </object_component>
      <object_component id="oc-278">
         <name>.const:g_pulEnRegs</name>
         <load_address>0x25a8</load_address>
         <run_address>0x25a8</run_address>
         <size>0x8</size>
         <input_file_ref idref="fl-15"/>
      </object_component>
      <object_component id="oc-3f2">
         <name>.cinit..data.load</name>
         <load_address>0x25b0</load_address>
         <run_address>0x25b0</run_address>
         <size>0x24</size>
      </object_component>
      <object_component id="oc-3f0">
         <name>__TI_handler_table</name>
         <load_address>0x25d4</load_address>
         <run_address>0x25d4</run_address>
         <size>0xc</size>
      </object_component>
      <object_component id="oc-3f3">
         <name>.cinit..bss.load</name>
         <load_address>0x25e0</load_address>
         <run_address>0x25e0</run_address>
         <size>0x8</size>
      </object_component>
      <object_component id="oc-3f1">
         <name>__TI_cinit_table</name>
         <load_address>0x25e8</load_address>
         <run_address>0x25e8</run_address>
         <size>0x10</size>
      </object_component>
      <object_component id="oc-3c4">
         <name>.binit</name>
         <load_address>0x0</load_address>
         <run_address>0x0</run_address>
         <size>0x0</size>
      </object_component>
      <object_component id="oc-12c">
         <name>.data</name>
         <load_address>0x20000848</load_address>
         <run_address>0x20000848</run_address>
         <size>0x8</size>
         <input_file_ref idref="fl-5"/>
      </object_component>
      <object_component id="oc-1e8">
         <name>.data:pwmConfig</name>
         <load_address>0x20000818</load_address>
         <run_address>0x20000818</run_address>
         <size>0x18</size>
         <input_file_ref idref="fl-6"/>
      </object_component>
      <object_component id="oc-1eb">
         <name>.data:pwmConfig2</name>
         <load_address>0x20000800</load_address>
         <run_address>0x20000800</run_address>
         <size>0x18</size>
         <input_file_ref idref="fl-6"/>
      </object_component>
      <object_component id="oc-271">
         <name>.data</name>
         <load_address>0x20000830</load_address>
         <run_address>0x20000830</run_address>
         <size>0x15</size>
         <input_file_ref idref="fl-7"/>
      </object_component>
      <object_component id="oc-396">
         <name>.data</name>
         <load_address>0x20000850</load_address>
         <run_address>0x20000850</run_address>
         <size>0x4</size>
         <input_file_ref idref="fl-f4"/>
      </object_component>
      <object_component id="oc-e4">
         <name>.common:SR04IntTimes</name>
         <uninitialized>true</uninitialized>
         <run_address>0x20000868</run_address>
         <size>0x4</size>
      </object_component>
      <object_component id="oc-12f">
         <name>.common:i</name>
         <uninitialized>true</uninitialized>
         <run_address>0x2000086c</run_address>
         <size>0x4</size>
      </object_component>
      <object_component id="oc-276">
         <name>.common:rpmString</name>
         <uninitialized>true</uninitialized>
         <run_address>0x20000854</run_address>
         <size>0x14</size>
      </object_component>
      <object_component id="oc-274">
         <name>.common:rpmRight</name>
         <uninitialized>true</uninitialized>
         <run_address>0x20000874</run_address>
         <size>0x4</size>
      </object_component>
      <object_component id="oc-275">
         <name>.common:rpmLeft</name>
         <uninitialized>true</uninitialized>
         <run_address>0x20000870</run_address>
         <size>0x4</size>
      </object_component>
      <object_component id="oc-29">
         <name>.sysmem</name>
         <uninitialized>true</uninitialized>
         <run_address>0x20000000</run_address>
         <size>0x10</size>
         <input_file_ref idref="fl-f0"/>
      </object_component>
      <object_component id="oc-3f6">
         <name>.sysmem</name>
         <uninitialized>true</uninitialized>
         <run_address>0x20000000</run_address>
         <size>0x0</size>
      </object_component>
      <object_component id="oc-2c">
         <name>.stack</name>
         <uninitialized>true</uninitialized>
         <run_address>0x2000fe00</run_address>
         <size>0x4</size>
         <input_file_ref idref="fl-f5"/>
      </object_component>
      <object_component id="oc-3f5">
         <name>.stack</name>
         <uninitialized>true</uninitialized>
         <run_address>0x2000fe00</run_address>
         <size>0x0</size>
      </object_component>
      <object_component id="oc-e5">
         <name>.debug_info</name>
         <load_address>0x0</load_address>
         <run_address>0x0</run_address>
         <size>0x607</size>
         <input_file_ref idref="fl-2"/>
      </object_component>
      <object_component id="oc-c5">
         <name>.debug_info</name>
         <load_address>0x607</load_address>
         <run_address>0x607</run_address>
         <size>0x14c</size>
         <input_file_ref idref="fl-2"/>
      </object_component>
      <object_component id="oc-137">
         <name>.debug_info</name>
         <load_address>0x753</load_address>
         <run_address>0x753</run_address>
         <size>0x26b</size>
         <input_file_ref idref="fl-2"/>
      </object_component>
      <object_component id="oc-1c2">
         <name>.debug_info</name>
         <load_address>0x9be</load_address>
         <run_address>0x9be</run_address>
         <size>0x1028</size>
         <input_file_ref idref="fl-2"/>
      </object_component>
      <object_component id="oc-1bd">
         <name>.debug_info</name>
         <load_address>0x19e6</load_address>
         <run_address>0x19e6</run_address>
         <size>0x37e2</size>
         <input_file_ref idref="fl-2"/>
      </object_component>
      <object_component id="oc-1d3">
         <name>.debug_info</name>
         <load_address>0x51c8</load_address>
         <run_address>0x51c8</run_address>
         <size>0x341</size>
         <input_file_ref idref="fl-2"/>
      </object_component>
      <object_component id="oc-35">
         <name>.debug_info</name>
         <load_address>0x5509</load_address>
         <run_address>0x5509</run_address>
         <size>0x84</size>
         <input_file_ref idref="fl-2"/>
      </object_component>
      <object_component id="oc-1f6">
         <name>.debug_info</name>
         <load_address>0x558d</load_address>
         <run_address>0x558d</run_address>
         <size>0x2a4</size>
         <input_file_ref idref="fl-2"/>
      </object_component>
      <object_component id="oc-1d8">
         <name>.debug_info</name>
         <load_address>0x5831</load_address>
         <run_address>0x5831</run_address>
         <size>0xef</size>
         <input_file_ref idref="fl-2"/>
      </object_component>
      <object_component id="oc-121">
         <name>.debug_info</name>
         <load_address>0x5920</load_address>
         <run_address>0x5920</run_address>
         <size>0xbb</size>
         <input_file_ref idref="fl-2"/>
      </object_component>
      <object_component id="oc-2a3">
         <name>.debug_info</name>
         <load_address>0x59db</load_address>
         <run_address>0x59db</run_address>
         <size>0x102</size>
         <input_file_ref idref="fl-2"/>
      </object_component>
      <object_component id="oc-1c7">
         <name>.debug_info</name>
         <load_address>0x5add</load_address>
         <run_address>0x5add</run_address>
         <size>0x35</size>
         <input_file_ref idref="fl-2"/>
      </object_component>
      <object_component id="oc-d8">
         <name>.debug_info</name>
         <load_address>0x5b12</load_address>
         <run_address>0x5b12</run_address>
         <size>0x12c</size>
         <input_file_ref idref="fl-3"/>
      </object_component>
      <object_component id="oc-9c">
         <name>.debug_info</name>
         <load_address>0x5c3e</load_address>
         <run_address>0x5c3e</run_address>
         <size>0x2cc</size>
         <input_file_ref idref="fl-4"/>
      </object_component>
      <object_component id="oc-27">
         <name>.debug_info</name>
         <load_address>0x5f0a</load_address>
         <run_address>0x5f0a</run_address>
         <size>0xf8</size>
         <input_file_ref idref="fl-4"/>
      </object_component>
      <object_component id="oc-6b">
         <name>.debug_info</name>
         <load_address>0x6002</load_address>
         <run_address>0x6002</run_address>
         <size>0x15b</size>
         <input_file_ref idref="fl-4"/>
      </object_component>
      <object_component id="oc-71">
         <name>.debug_info</name>
         <load_address>0x615d</load_address>
         <run_address>0x615d</run_address>
         <size>0x143</size>
         <input_file_ref idref="fl-4"/>
      </object_component>
      <object_component id="oc-130">
         <name>.debug_info</name>
         <load_address>0x62a0</load_address>
         <run_address>0x62a0</run_address>
         <size>0x7b4</size>
         <input_file_ref idref="fl-5"/>
      </object_component>
      <object_component id="oc-12d">
         <name>.debug_info</name>
         <load_address>0x6a54</load_address>
         <run_address>0x6a54</run_address>
         <size>0xed</size>
         <input_file_ref idref="fl-5"/>
      </object_component>
      <object_component id="oc-252">
         <name>.debug_info</name>
         <load_address>0x6b41</load_address>
         <run_address>0x6b41</run_address>
         <size>0x120</size>
         <input_file_ref idref="fl-5"/>
      </object_component>
      <object_component id="oc-258">
         <name>.debug_info</name>
         <load_address>0x6c61</load_address>
         <run_address>0x6c61</run_address>
         <size>0x11e</size>
         <input_file_ref idref="fl-5"/>
      </object_component>
      <object_component id="oc-160">
         <name>.debug_info</name>
         <load_address>0x6d7f</load_address>
         <run_address>0x6d7f</run_address>
         <size>0x23f</size>
         <input_file_ref idref="fl-5"/>
      </object_component>
      <object_component id="oc-90">
         <name>.debug_info</name>
         <load_address>0x6fbe</load_address>
         <run_address>0x6fbe</run_address>
         <size>0x185</size>
         <input_file_ref idref="fl-5"/>
      </object_component>
      <object_component id="oc-8a">
         <name>.debug_info</name>
         <load_address>0x7143</load_address>
         <run_address>0x7143</run_address>
         <size>0x187</size>
         <input_file_ref idref="fl-5"/>
      </object_component>
      <object_component id="oc-115">
         <name>.debug_info</name>
         <load_address>0x72ca</load_address>
         <run_address>0x72ca</run_address>
         <size>0x8b</size>
         <input_file_ref idref="fl-5"/>
      </object_component>
      <object_component id="oc-1e9">
         <name>.debug_info</name>
         <load_address>0x7355</load_address>
         <run_address>0x7355</run_address>
         <size>0xda</size>
         <input_file_ref idref="fl-6"/>
      </object_component>
      <object_component id="oc-1ec">
         <name>.debug_info</name>
         <load_address>0x742f</load_address>
         <run_address>0x742f</run_address>
         <size>0xdc</size>
         <input_file_ref idref="fl-6"/>
      </object_component>
      <object_component id="oc-15a">
         <name>.debug_info</name>
         <load_address>0x750b</load_address>
         <run_address>0x750b</run_address>
         <size>0x352</size>
         <input_file_ref idref="fl-6"/>
      </object_component>
      <object_component id="oc-fe">
         <name>.debug_info</name>
         <load_address>0x785d</load_address>
         <run_address>0x785d</run_address>
         <size>0x148</size>
         <input_file_ref idref="fl-6"/>
      </object_component>
      <object_component id="oc-104">
         <name>.debug_info</name>
         <load_address>0x79a5</load_address>
         <run_address>0x79a5</run_address>
         <size>0x14a</size>
         <input_file_ref idref="fl-6"/>
      </object_component>
      <object_component id="oc-10a">
         <name>.debug_info</name>
         <load_address>0x7aef</load_address>
         <run_address>0x7aef</run_address>
         <size>0x148</size>
         <input_file_ref idref="fl-6"/>
      </object_component>
      <object_component id="oc-110">
         <name>.debug_info</name>
         <load_address>0x7c37</load_address>
         <run_address>0x7c37</run_address>
         <size>0x14a</size>
         <input_file_ref idref="fl-6"/>
      </object_component>
      <object_component id="oc-84">
         <name>.debug_info</name>
         <load_address>0x7d81</load_address>
         <run_address>0x7d81</run_address>
         <size>0x177</size>
         <input_file_ref idref="fl-6"/>
      </object_component>
      <object_component id="oc-1e0">
         <name>.debug_info</name>
         <load_address>0x7ef8</load_address>
         <run_address>0x7ef8</run_address>
         <size>0xb3b</size>
         <input_file_ref idref="fl-7"/>
      </object_component>
      <object_component id="oc-272">
         <name>.debug_info</name>
         <load_address>0x8a33</load_address>
         <run_address>0x8a33</run_address>
         <size>0x173</size>
         <input_file_ref idref="fl-7"/>
      </object_component>
      <object_component id="oc-26f">
         <name>.debug_info</name>
         <load_address>0x8ba6</load_address>
         <run_address>0x8ba6</run_address>
         <size>0xda</size>
         <input_file_ref idref="fl-7"/>
      </object_component>
      <object_component id="oc-f7">
         <name>.debug_info</name>
         <load_address>0x8c80</load_address>
         <run_address>0x8c80</run_address>
         <size>0x15b</size>
         <input_file_ref idref="fl-7"/>
      </object_component>
      <object_component id="oc-33c">
         <name>.debug_info</name>
         <load_address>0x8ddb</load_address>
         <run_address>0x8ddb</run_address>
         <size>0x178</size>
         <input_file_ref idref="fl-7"/>
      </object_component>
      <object_component id="oc-2ce">
         <name>.debug_info</name>
         <load_address>0x8f53</load_address>
         <run_address>0x8f53</run_address>
         <size>0x181</size>
         <input_file_ref idref="fl-7"/>
      </object_component>
      <object_component id="oc-25d">
         <name>.debug_info</name>
         <load_address>0x90d4</load_address>
         <run_address>0x90d4</run_address>
         <size>0x229</size>
         <input_file_ref idref="fl-7"/>
      </object_component>
      <object_component id="oc-165">
         <name>.debug_info</name>
         <load_address>0x92fd</load_address>
         <run_address>0x92fd</run_address>
         <size>0x35c</size>
         <input_file_ref idref="fl-7"/>
      </object_component>
      <object_component id="oc-95">
         <name>.debug_info</name>
         <load_address>0x9659</load_address>
         <run_address>0x9659</run_address>
         <size>0x181</size>
         <input_file_ref idref="fl-7"/>
      </object_component>
      <object_component id="oc-7d">
         <name>.debug_info</name>
         <load_address>0x97da</load_address>
         <run_address>0x97da</run_address>
         <size>0x1d8</size>
         <input_file_ref idref="fl-7"/>
      </object_component>
      <object_component id="oc-e7">
         <name>.debug_info</name>
         <load_address>0x99b2</load_address>
         <run_address>0x99b2</run_address>
         <size>0x947</size>
         <input_file_ref idref="fl-8"/>
      </object_component>
      <object_component id="oc-77">
         <name>.debug_info</name>
         <load_address>0xa2f9</load_address>
         <run_address>0xa2f9</run_address>
         <size>0x169</size>
         <input_file_ref idref="fl-8"/>
      </object_component>
      <object_component id="oc-1ce">
         <name>.debug_info</name>
         <load_address>0xa462</load_address>
         <run_address>0xa462</run_address>
         <size>0x37e2</size>
         <input_file_ref idref="fl-8"/>
      </object_component>
      <object_component id="oc-319">
         <name>.debug_info</name>
         <load_address>0xdc44</load_address>
         <run_address>0xdc44</run_address>
         <size>0x807</size>
         <input_file_ref idref="fl-13"/>
      </object_component>
      <object_component id="oc-31d">
         <name>.debug_info</name>
         <load_address>0xe44b</load_address>
         <run_address>0xe44b</run_address>
         <size>0x431a</size>
         <input_file_ref idref="fl-13"/>
      </object_component>
      <object_component id="oc-38c">
         <name>.debug_info</name>
         <load_address>0x12765</load_address>
         <run_address>0x12765</run_address>
         <size>0x1b5</size>
         <input_file_ref idref="fl-13"/>
      </object_component>
      <object_component id="oc-32c">
         <name>.debug_info</name>
         <load_address>0x1291a</load_address>
         <run_address>0x1291a</run_address>
         <size>0x26b</size>
         <input_file_ref idref="fl-13"/>
      </object_component>
      <object_component id="oc-322">
         <name>.debug_info</name>
         <load_address>0x12b85</load_address>
         <run_address>0x12b85</run_address>
         <size>0x1028</size>
         <input_file_ref idref="fl-13"/>
      </object_component>
      <object_component id="oc-29c">
         <name>.debug_info</name>
         <load_address>0x13bad</load_address>
         <run_address>0x13bad</run_address>
         <size>0x297</size>
         <input_file_ref idref="fl-13"/>
      </object_component>
      <object_component id="oc-1b6">
         <name>.debug_info</name>
         <load_address>0x13e44</load_address>
         <run_address>0x13e44</run_address>
         <size>0xef</size>
         <input_file_ref idref="fl-13"/>
      </object_component>
      <object_component id="oc-1b1">
         <name>.debug_info</name>
         <load_address>0x13f33</load_address>
         <run_address>0x13f33</run_address>
         <size>0xbb</size>
         <input_file_ref idref="fl-13"/>
      </object_component>
      <object_component id="oc-2b6">
         <name>.debug_info</name>
         <load_address>0x13fee</load_address>
         <run_address>0x13fee</run_address>
         <size>0x701</size>
         <input_file_ref idref="fl-14"/>
      </object_component>
      <object_component id="oc-1f3">
         <name>.debug_info</name>
         <load_address>0x146ef</load_address>
         <run_address>0x146ef</run_address>
         <size>0x135</size>
         <input_file_ref idref="fl-14"/>
      </object_component>
      <object_component id="oc-207">
         <name>.debug_info</name>
         <load_address>0x14824</load_address>
         <run_address>0x14824</run_address>
         <size>0x252</size>
         <input_file_ref idref="fl-14"/>
      </object_component>
      <object_component id="oc-22c">
         <name>.debug_info</name>
         <load_address>0x14a76</load_address>
         <run_address>0x14a76</run_address>
         <size>0x250</size>
         <input_file_ref idref="fl-14"/>
      </object_component>
      <object_component id="oc-21a">
         <name>.debug_info</name>
         <load_address>0x14cc6</load_address>
         <run_address>0x14cc6</run_address>
         <size>0x2a5</size>
         <input_file_ref idref="fl-14"/>
      </object_component>
      <object_component id="oc-23a">
         <name>.debug_info</name>
         <load_address>0x14f6b</load_address>
         <run_address>0x14f6b</run_address>
         <size>0x2a3</size>
         <input_file_ref idref="fl-14"/>
      </object_component>
      <object_component id="oc-213">
         <name>.debug_info</name>
         <load_address>0x1520e</load_address>
         <run_address>0x1520e</run_address>
         <size>0x25a</size>
         <input_file_ref idref="fl-14"/>
      </object_component>
      <object_component id="oc-20e">
         <name>.debug_info</name>
         <load_address>0x15468</load_address>
         <run_address>0x15468</run_address>
         <size>0x258</size>
         <input_file_ref idref="fl-14"/>
      </object_component>
      <object_component id="oc-21f">
         <name>.debug_info</name>
         <load_address>0x156c0</load_address>
         <run_address>0x156c0</run_address>
         <size>0x274</size>
         <input_file_ref idref="fl-14"/>
      </object_component>
      <object_component id="oc-26a">
         <name>.debug_info</name>
         <load_address>0x15934</load_address>
         <run_address>0x15934</run_address>
         <size>0x27e</size>
         <input_file_ref idref="fl-14"/>
      </object_component>
      <object_component id="oc-225">
         <name>.debug_info</name>
         <load_address>0x15bb2</load_address>
         <run_address>0x15bb2</run_address>
         <size>0x254</size>
         <input_file_ref idref="fl-14"/>
      </object_component>
      <object_component id="oc-1fc">
         <name>.debug_info</name>
         <load_address>0x15e06</load_address>
         <run_address>0x15e06</run_address>
         <size>0x25e</size>
         <input_file_ref idref="fl-14"/>
      </object_component>
      <object_component id="oc-11c">
         <name>.debug_info</name>
         <load_address>0x16064</load_address>
         <run_address>0x16064</run_address>
         <size>0x25a</size>
         <input_file_ref idref="fl-14"/>
      </object_component>
      <object_component id="oc-127">
         <name>.debug_info</name>
         <load_address>0x162be</load_address>
         <run_address>0x162be</run_address>
         <size>0x264</size>
         <input_file_ref idref="fl-14"/>
      </object_component>
      <object_component id="oc-2f7">
         <name>.debug_info</name>
         <load_address>0x16522</load_address>
         <run_address>0x16522</run_address>
         <size>0x68f</size>
         <input_file_ref idref="fl-15"/>
      </object_component>
      <object_component id="oc-279">
         <name>.debug_info</name>
         <load_address>0x16bb1</load_address>
         <run_address>0x16bb1</run_address>
         <size>0x12e</size>
         <input_file_ref idref="fl-15"/>
      </object_component>
      <object_component id="oc-233">
         <name>.debug_info</name>
         <load_address>0x16cdf</load_address>
         <run_address>0x16cdf</run_address>
         <size>0x1d5</size>
         <input_file_ref idref="fl-15"/>
      </object_component>
      <object_component id="oc-16c">
         <name>.debug_info</name>
         <load_address>0x16eb4</load_address>
         <run_address>0x16eb4</run_address>
         <size>0x219</size>
         <input_file_ref idref="fl-15"/>
      </object_component>
      <object_component id="oc-2af">
         <name>.debug_info</name>
         <load_address>0x170cd</load_address>
         <run_address>0x170cd</run_address>
         <size>0x725</size>
         <input_file_ref idref="fl-17"/>
      </object_component>
      <object_component id="oc-2ac">
         <name>.debug_info</name>
         <load_address>0x177f2</load_address>
         <run_address>0x177f2</run_address>
         <size>0x25e</size>
         <input_file_ref idref="fl-17"/>
      </object_component>
      <object_component id="oc-1e6">
         <name>.debug_info</name>
         <load_address>0x17a50</load_address>
         <run_address>0x17a50</run_address>
         <size>0x248</size>
         <input_file_ref idref="fl-17"/>
      </object_component>
      <object_component id="oc-e2">
         <name>.debug_info</name>
         <load_address>0x17c98</load_address>
         <run_address>0x17c98</run_address>
         <size>0x27c</size>
         <input_file_ref idref="fl-17"/>
      </object_component>
      <object_component id="oc-327">
         <name>.debug_info</name>
         <load_address>0x17f14</load_address>
         <run_address>0x17f14</run_address>
         <size>0x341</size>
         <input_file_ref idref="fl-17"/>
      </object_component>
      <object_component id="oc-2c8">
         <name>.debug_info</name>
         <load_address>0x18255</load_address>
         <run_address>0x18255</run_address>
         <size>0x6eb</size>
         <input_file_ref idref="fl-18"/>
      </object_component>
      <object_component id="oc-241">
         <name>.debug_info</name>
         <load_address>0x18940</load_address>
         <run_address>0x18940</run_address>
         <size>0x234</size>
         <input_file_ref idref="fl-18"/>
      </object_component>
      <object_component id="oc-f3">
         <name>.debug_info</name>
         <load_address>0x18b74</load_address>
         <run_address>0x18b74</run_address>
         <size>0x236</size>
         <input_file_ref idref="fl-18"/>
      </object_component>
      <object_component id="oc-ed">
         <name>.debug_info</name>
         <load_address>0x18daa</load_address>
         <run_address>0x18daa</run_address>
         <size>0x1f5</size>
         <input_file_ref idref="fl-18"/>
      </object_component>
      <object_component id="oc-247">
         <name>.debug_info</name>
         <load_address>0x18f9f</load_address>
         <run_address>0x18f9f</run_address>
         <size>0x1f3</size>
         <input_file_ref idref="fl-18"/>
      </object_component>
      <object_component id="oc-24d">
         <name>.debug_info</name>
         <load_address>0x19192</load_address>
         <run_address>0x19192</run_address>
         <size>0x235</size>
         <input_file_ref idref="fl-18"/>
      </object_component>
      <object_component id="oc-336">
         <name>.debug_info</name>
         <load_address>0x193c7</load_address>
         <run_address>0x193c7</run_address>
         <size>0x102</size>
         <input_file_ref idref="fl-18"/>
      </object_component>
      <object_component id="oc-2c3">
         <name>.debug_info</name>
         <load_address>0x194c9</load_address>
         <run_address>0x194c9</run_address>
         <size>0x19a</size>
         <input_file_ref idref="fl-19"/>
      </object_component>
      <object_component id="oc-14f">
         <name>.debug_info</name>
         <load_address>0x19663</load_address>
         <run_address>0x19663</run_address>
         <size>0x2c</size>
         <input_file_ref idref="fl-d2"/>
      </object_component>
      <object_component id="oc-373">
         <name>.debug_info</name>
         <load_address>0x1968f</load_address>
         <run_address>0x1968f</run_address>
         <size>0x35e</size>
         <input_file_ref idref="fl-d5"/>
      </object_component>
      <object_component id="oc-35b">
         <name>.debug_info</name>
         <load_address>0x199ed</load_address>
         <run_address>0x199ed</run_address>
         <size>0x128</size>
         <input_file_ref idref="fl-d5"/>
      </object_component>
      <object_component id="oc-2df">
         <name>.debug_info</name>
         <load_address>0x19b15</load_address>
         <run_address>0x19b15</run_address>
         <size>0xbf2</size>
         <input_file_ref idref="fl-d5"/>
      </object_component>
      <object_component id="oc-3ac">
         <name>.debug_info</name>
         <load_address>0x1a707</load_address>
         <run_address>0x1a707</run_address>
         <size>0x46</size>
         <input_file_ref idref="fl-d5"/>
      </object_component>
      <object_component id="oc-36e">
         <name>.debug_info</name>
         <load_address>0x1a74d</load_address>
         <run_address>0x1a74d</run_address>
         <size>0x39</size>
         <input_file_ref idref="fl-d5"/>
      </object_component>
      <object_component id="oc-395">
         <name>.debug_info</name>
         <load_address>0x1a786</load_address>
         <run_address>0x1a786</run_address>
         <size>0x2c5</size>
         <input_file_ref idref="fl-d6"/>
      </object_component>
      <object_component id="oc-34f">
         <name>.debug_info</name>
         <load_address>0x1aa4b</load_address>
         <run_address>0x1aa4b</run_address>
         <size>0x24e</size>
         <input_file_ref idref="fl-d6"/>
      </object_component>
      <object_component id="oc-3bc">
         <name>.debug_info</name>
         <load_address>0x1ac99</load_address>
         <run_address>0x1ac99</run_address>
         <size>0x39</size>
         <input_file_ref idref="fl-d7"/>
      </object_component>
      <object_component id="oc-3a7">
         <name>.debug_info</name>
         <load_address>0x1acd2</load_address>
         <run_address>0x1acd2</run_address>
         <size>0x2c</size>
         <input_file_ref idref="fl-d7"/>
      </object_component>
      <object_component id="oc-3a6">
         <name>.debug_info</name>
         <load_address>0x1acfe</load_address>
         <run_address>0x1acfe</run_address>
         <size>0x2f8</size>
         <input_file_ref idref="fl-d8"/>
      </object_component>
      <object_component id="oc-369">
         <name>.debug_info</name>
         <load_address>0x1aff6</load_address>
         <run_address>0x1aff6</run_address>
         <size>0x225</size>
         <input_file_ref idref="fl-d8"/>
      </object_component>
      <object_component id="oc-345">
         <name>.debug_info</name>
         <load_address>0x1b21b</load_address>
         <run_address>0x1b21b</run_address>
         <size>0x14c</size>
         <input_file_ref idref="fl-da"/>
      </object_component>
      <object_component id="oc-35f">
         <name>.debug_info</name>
         <load_address>0x1b367</load_address>
         <run_address>0x1b367</run_address>
         <size>0x128</size>
         <input_file_ref idref="fl-db"/>
      </object_component>
      <object_component id="oc-364">
         <name>.debug_info</name>
         <load_address>0x1b48f</load_address>
         <run_address>0x1b48f</run_address>
         <size>0x12a</size>
         <input_file_ref idref="fl-db"/>
      </object_component>
      <object_component id="oc-34b">
         <name>.debug_info</name>
         <load_address>0x1b5b9</load_address>
         <run_address>0x1b5b9</run_address>
         <size>0x13a</size>
         <input_file_ref idref="fl-dc"/>
      </object_component>
      <object_component id="oc-2e4">
         <name>.debug_info</name>
         <load_address>0x1b6f3</load_address>
         <run_address>0x1b6f3</run_address>
         <size>0x13a</size>
         <input_file_ref idref="fl-dd"/>
      </object_component>
      <object_component id="oc-2ea">
         <name>.debug_info</name>
         <load_address>0x1b82d</load_address>
         <run_address>0x1b82d</run_address>
         <size>0x13e</size>
         <input_file_ref idref="fl-df"/>
      </object_component>
      <object_component id="oc-2d6">
         <name>.debug_info</name>
         <load_address>0x1b96b</load_address>
         <run_address>0x1b96b</run_address>
         <size>0x12c</size>
         <input_file_ref idref="fl-e0"/>
      </object_component>
      <object_component id="oc-2da">
         <name>.debug_info</name>
         <load_address>0x1ba97</load_address>
         <run_address>0x1ba97</run_address>
         <size>0x12c</size>
         <input_file_ref idref="fl-e1"/>
      </object_component>
      <object_component id="oc-3b">
         <name>.debug_info</name>
         <load_address>0x1bbc3</load_address>
         <run_address>0x1bbc3</run_address>
         <size>0x119</size>
         <input_file_ref idref="fl-e2"/>
      </object_component>
      <object_component id="oc-b7">
         <name>.debug_info</name>
         <load_address>0x1bcdc</load_address>
         <run_address>0x1bcdc</run_address>
         <size>0x2d4</size>
         <input_file_ref idref="fl-e5"/>
      </object_component>
      <object_component id="oc-4a">
         <name>.debug_info</name>
         <load_address>0x1bfb0</load_address>
         <run_address>0x1bfb0</run_address>
         <size>0x1d2</size>
         <input_file_ref idref="fl-e5"/>
      </object_component>
      <object_component id="oc-b2">
         <name>.debug_info</name>
         <load_address>0x1c182</load_address>
         <run_address>0x1c182</run_address>
         <size>0x46</size>
         <input_file_ref idref="fl-e5"/>
      </object_component>
      <object_component id="oc-45">
         <name>.debug_info</name>
         <load_address>0x1c1c8</load_address>
         <run_address>0x1c1c8</run_address>
         <size>0x2a8</size>
         <input_file_ref idref="fl-e6"/>
      </object_component>
      <object_component id="oc-1f">
         <name>.debug_info</name>
         <load_address>0x1c470</load_address>
         <run_address>0x1c470</run_address>
         <size>0x1ea</size>
         <input_file_ref idref="fl-e6"/>
      </object_component>
      <object_component id="oc-40">
         <name>.debug_info</name>
         <load_address>0x1c65a</load_address>
         <run_address>0x1c65a</run_address>
         <size>0x46</size>
         <input_file_ref idref="fl-e6"/>
      </object_component>
      <object_component id="oc-aa">
         <name>.debug_info</name>
         <load_address>0x1c6a0</load_address>
         <run_address>0x1c6a0</run_address>
         <size>0x2c</size>
         <input_file_ref idref="fl-e6"/>
      </object_component>
      <object_component id="oc-a8">
         <name>.debug_info</name>
         <load_address>0x1c6cc</load_address>
         <run_address>0x1c6cc</run_address>
         <size>0x29e</size>
         <input_file_ref idref="fl-e7"/>
      </object_component>
      <object_component id="oc-1a">
         <name>.debug_info</name>
         <load_address>0x1c96a</load_address>
         <run_address>0x1c96a</run_address>
         <size>0x250</size>
         <input_file_ref idref="fl-e7"/>
      </object_component>
      <object_component id="oc-30">
         <name>.debug_info</name>
         <load_address>0x1cbba</load_address>
         <run_address>0x1cbba</run_address>
         <size>0x60</size>
         <input_file_ref idref="fl-e7"/>
      </object_component>
      <object_component id="oc-148">
         <name>.debug_info</name>
         <load_address>0x1cc1a</load_address>
         <run_address>0x1cc1a</run_address>
         <size>0x46</size>
         <input_file_ref idref="fl-e7"/>
      </object_component>
      <object_component id="oc-a3">
         <name>.debug_info</name>
         <load_address>0x1cc60</load_address>
         <run_address>0x1cc60</run_address>
         <size>0x39</size>
         <input_file_ref idref="fl-e7"/>
      </object_component>
      <object_component id="oc-173">
         <name>.debug_info</name>
         <load_address>0x1cc99</load_address>
         <run_address>0x1cc99</run_address>
         <size>0x122</size>
         <input_file_ref idref="fl-e8"/>
      </object_component>
      <object_component id="oc-9f">
         <name>.debug_info</name>
         <load_address>0x1cdbb</load_address>
         <run_address>0x1cdbb</run_address>
         <size>0x3b2</size>
         <input_file_ref idref="fl-f0"/>
      </object_component>
      <object_component id="oc-2a">
         <name>.debug_info</name>
         <load_address>0x1d16d</load_address>
         <run_address>0x1d16d</run_address>
         <size>0x10c</size>
         <input_file_ref idref="fl-f0"/>
      </object_component>
      <object_component id="oc-143">
         <name>.debug_info</name>
         <load_address>0x1d279</load_address>
         <run_address>0x1d279</run_address>
         <size>0xb2</size>
         <input_file_ref idref="fl-f0"/>
      </object_component>
      <object_component id="oc-13e">
         <name>.debug_info</name>
         <load_address>0x1d32b</load_address>
         <run_address>0x1d32b</run_address>
         <size>0x2c</size>
         <input_file_ref idref="fl-f0"/>
      </object_component>
      <object_component id="oc-2ef">
         <name>.debug_info</name>
         <load_address>0x1d357</load_address>
         <run_address>0x1d357</run_address>
         <size>0x2a4</size>
         <input_file_ref idref="fl-f1"/>
      </object_component>
      <object_component id="oc-263">
         <name>.debug_info</name>
         <load_address>0x1d5fb</load_address>
         <run_address>0x1d5fb</run_address>
         <size>0x267</size>
         <input_file_ref idref="fl-f1"/>
      </object_component>
      <object_component id="oc-39a">
         <name>.debug_info</name>
         <load_address>0x1d862</load_address>
         <run_address>0x1d862</run_address>
         <size>0x289</size>
         <input_file_ref idref="fl-f4"/>
      </object_component>
      <object_component id="oc-397">
         <name>.debug_info</name>
         <load_address>0x1daeb</load_address>
         <run_address>0x1daeb</run_address>
         <size>0x10e</size>
         <input_file_ref idref="fl-f4"/>
      </object_component>
      <object_component id="oc-355">
         <name>.debug_info</name>
         <load_address>0x1dbf9</load_address>
         <run_address>0x1dbf9</run_address>
         <size>0x14e</size>
         <input_file_ref idref="fl-f4"/>
      </object_component>
      <object_component id="oc-2d">
         <name>.debug_info</name>
         <load_address>0x1dd47</load_address>
         <run_address>0x1dd47</run_address>
         <size>0x10b</size>
         <input_file_ref idref="fl-f5"/>
      </object_component>
      <object_component id="oc-59">
         <name>.debug_info</name>
         <load_address>0x1de52</load_address>
         <run_address>0x1de52</run_address>
         <size>0x1a9</size>
         <input_file_ref idref="fl-f5"/>
      </object_component>
      <object_component id="oc-3a0">
         <name>.debug_info</name>
         <load_address>0x1dffb</load_address>
         <run_address>0x1dffb</run_address>
         <size>0x161</size>
         <input_file_ref idref="fl-fb"/>
      </object_component>
      <object_component id="oc-287">
         <name>.debug_info</name>
         <load_address>0x1e15c</load_address>
         <run_address>0x1e15c</run_address>
         <size>0x4b3</size>
         <input_file_ref idref="fl-fd"/>
      </object_component>
      <object_component id="oc-17e">
         <name>.debug_info</name>
         <load_address>0x1e60f</load_address>
         <run_address>0x1e60f</run_address>
         <size>0x1a6</size>
         <input_file_ref idref="fl-fd"/>
      </object_component>
      <object_component id="oc-308">
         <name>.debug_info</name>
         <load_address>0x1e7b5</load_address>
         <run_address>0x1e7b5</run_address>
         <size>0x39</size>
         <input_file_ref idref="fl-fd"/>
      </object_component>
      <object_component id="oc-37e">
         <name>.debug_info</name>
         <load_address>0x1e7ee</load_address>
         <run_address>0x1e7ee</run_address>
         <size>0x39</size>
         <input_file_ref idref="fl-fd"/>
      </object_component>
      <object_component id="oc-30d">
         <name>.debug_info</name>
         <load_address>0x1e827</load_address>
         <run_address>0x1e827</run_address>
         <size>0x39</size>
         <input_file_ref idref="fl-fd"/>
      </object_component>
      <object_component id="oc-312">
         <name>.debug_info</name>
         <load_address>0x1e860</load_address>
         <run_address>0x1e860</run_address>
         <size>0xcd</size>
         <input_file_ref idref="fl-fd"/>
      </object_component>
      <object_component id="oc-bf">
         <name>.debug_info</name>
         <load_address>0x1e92d</load_address>
         <run_address>0x1e92d</run_address>
         <size>0x153</size>
         <input_file_ref idref="fl-fe"/>
      </object_component>
      <object_component id="oc-3f7">
         <name>.debug_info</name>
         <load_address>0x1ea80</load_address>
         <run_address>0x1ea80</run_address>
         <size>0xa0</size>
      </object_component>
      <object_component id="oc-1bc">
         <name>.debug_line</name>
         <load_address>0x0</load_address>
         <run_address>0x0</run_address>
         <size>0xd6</size>
[...]
      <symbol id="sm-ed">
         <name>i</name>
         <value>0x2000086c</value>
      </symbol>
      <symbol id="sm-ee">
         <name>Encoder_Init</name>
         <value>0x1fb1</value>
         <object_component_ref idref="oc-15e"/>
      </symbol>
      <symbol id="sm-ef">
         <name>PORT2_IRQHandler</name>
         <value>0x1dad</value>
         <object_component_ref idref="oc-88"/>
      </symbol>
      <symbol id="sm-f0">
         <name>getRight</name>
         <value>0x24c1</value>
         <object_component_ref idref="oc-250"/>
      </symbol>
      <symbol id="sm-f1">
         <name>getLeft</name>
         <value>0x24ad</value>
         <object_component_ref idref="oc-256"/>
      </symbol>
      <symbol id="sm-f2">
         <name>PORT3_IRQHandler</name>
         <value>0x1e11</value>
         <object_component_ref idref="oc-8e"/>
      </symbol>
      <symbol id="sm-152">
         <name>pwmConfig2</name>
         <value>0x20000800</value>
         <object_component_ref idref="oc-1eb"/>
      </symbol>
      <symbol id="sm-153">
         <name>pwmConfig</name>
         <value>0x20000818</value>
         <object_component_ref idref="oc-1e8"/>
      </symbol>
      <symbol id="sm-154">
         <name>PORT1_IRQHandler</name>
         <value>0x1d49</value>
         <object_component_ref idref="oc-82"/>
      </symbol>
      <symbol id="sm-155">
         <name>Motor_Left</name>
         <value>0x2079</value>
         <object_component_ref idref="oc-108"/>
      </symbol>
      <symbol id="sm-156">
         <name>Motor_Init</name>
         <value>0x154d</value>
         <object_component_ref idref="oc-158"/>
      </symbol>
      <symbol id="sm-157">
         <name>Motor_Right</name>
         <value>0x20b9</value>
         <object_component_ref idref="oc-10e"/>
      </symbol>
      <symbol id="sm-158">
         <name>Motor_Stop</name>
         <value>0x20f9</value>
         <object_component_ref idref="oc-fc"/>
      </symbol>
      <symbol id="sm-159">
         <name>Motor_Start</name>
         <value>0x1f69</value>
         <object_component_ref idref="oc-102"/>
      </symbol>
      <symbol id="sm-1df">
         <name>rpmString</name>
         <value>0x20000854</value>
      </symbol>
      <symbol id="sm-1e0">
         <name>rpmRight</name>
         <value>0x20000874</value>
      </symbol>
      <symbol id="sm-1e1">
         <name>rpmLeft</name>
         <value>0x20000870</value>
      </symbol>
      <symbol id="sm-1e2">
         <name>Uart_Init</name>
         <value>0xab5</value>
         <object_component_ref idref="oc-164"/>
      </symbol>
      <symbol id="sm-1e3">
         <name>uartConfig</name>
         <value>0x2580</value>
         <object_component_ref idref="oc-26e"/>
      </symbol>
      <symbol id="sm-1e4">
         <name>threeSec</name>
         <value>0x20000834</value>
         <object_component_ref idref="oc-271"/>
      </symbol>
      <symbol id="sm-1e5">
         <name>car_stop</name>
         <value>0x20000844</value>
         <object_component_ref idref="oc-271"/>
      </symbol>
      <symbol id="sm-1e6">
         <name>fiveSec</name>
         <value>0x20000830</value>
         <object_component_ref idref="oc-271"/>
      </symbol>
      <symbol id="sm-1e7">
         <name>lineCount</name>
         <value>0x20000838</value>
         <object_component_ref idref="oc-271"/>
      </symbol>
      <symbol id="sm-1e8">
         <name>uPrintf</name>
         <value>0x21b1</value>
         <object_component_ref idref="oc-f6"/>
      </symbol>
      <symbol id="sm-1e9">
         <name>EUSCIA0_IRQHandler</name>
         <value>0x1609</value>
         <object_component_ref idref="oc-7c"/>
      </symbol>
      <symbol id="sm-1ea">
         <name>PORT5_IRQHandler</name>
         <value>0x2139</value>
         <object_component_ref idref="oc-94"/>
      </symbol>
      <symbol id="sm-1eb">
         <name>intToStrUart</name>
         <value>0x1c77</value>
         <object_component_ref idref="oc-2cd"/>
      </symbol>
      <symbol id="sm-1ec">
         <name>ftoaUart</name>
         <value>0x16b9</value>
         <object_component_ref idref="oc-25c"/>
      </symbol>
      <symbol id="sm-1ed">
         <name>reverseUart</name>
         <value>0x1ecd</value>
         <object_component_ref idref="oc-33b"/>
      </symbol>
      <symbol id="sm-202">
         <name>TA0_0_IRQHandler</name>
         <value>0x2445</value>
         <object_component_ref idref="oc-76"/>
      </symbol>
      <symbol id="sm-2c2">
         <name>GPIO_setAsInputPin</name>
         <value>0x1f1d</value>
         <object_component_ref idref="oc-22b"/>
      </symbol>
      <symbol id="sm-2c3">
         <name>GPIO_setOutputHighOnPin</name>
         <value>0x238d</value>
         <object_component_ref idref="oc-212"/>
      </symbol>
      <symbol id="sm-2c4">
         <name>GPIO_setAsInputPinWithPullUpResistor</name>
         <value>0x1e75</value>
         <object_component_ref idref="oc-21e"/>
      </symbol>
      <symbol id="sm-2c5">
         <name>GPIO_getInterruptStatus</name>
         <value>0x23dd</value>
         <object_component_ref idref="oc-1fb"/>
      </symbol>
      <symbol id="sm-2c6">
         <name>GPIO_enableInterrupt</name>
         <value>0x2365</value>
         <object_component_ref idref="oc-224"/>
      </symbol>
      <symbol id="sm-2c7">
         <name>GPIO_getEnabledInterruptStatus</name>
         <value>0x1a19</value>
         <object_component_ref idref="oc-126"/>
      </symbol>
      <symbol id="sm-2c8">
         <name>GPIO_setAsOutputPin</name>
         <value>0x2039</value>
         <object_component_ref idref="oc-206"/>
      </symbol>
      <symbol id="sm-2c9">
         <name>GPIO_setOutputLowOnPin</name>
         <value>0x23b5</value>
         <object_component_ref idref="oc-20c"/>
      </symbol>
      <symbol id="sm-2ca">
         <name>GPIO_clearInterruptFlag</name>
         <value>0x233d</value>
         <object_component_ref idref="oc-11a"/>
      </symbol>
      <symbol id="sm-2cb">
         <name>GPIO_setAsPeripheralModuleFunctionOutputPin</name>
         <value>0x1885</value>
         <object_component_ref idref="oc-218"/>
      </symbol>
      <symbol id="sm-2cc">
         <name>GPIO_getInputPinValue</name>
         <value>0x2251</value>
         <object_component_ref idref="oc-268"/>
      </symbol>
      <symbol id="sm-2cd">
         <name>GPIO_setAsPeripheralModuleFunctionInputPin</name>
         <value>0x17fd</value>
         <object_component_ref idref="oc-238"/>
      </symbol>
      <symbol id="sm-2f3">
         <name>Interrupt_enableMaster</name>
         <value>0x24d5</value>
         <object_component_ref idref="oc-231"/>
      </symbol>
      <symbol id="sm-2f4">
         <name>Interrupt_enableInterrupt</name>
         <value>0x1a9d</value>
         <object_component_ref idref="oc-16a"/>
      </symbol>
      <symbol id="sm-32a">
         <name>Timer_A_clearCaptureCompareInterrupt</name>
         <value>0x2311</value>
         <object_component_ref idref="oc-de"/>
      </symbol>
      <symbol id="sm-32b">
         <name>Timer_A_generatePWM</name>
         <value>0x1b95</value>
         <object_component_ref idref="oc-1e2"/>
      </symbol>
      <symbol id="sm-378">
         <name>UART_enableInterrupt</name>
         <value>0x2281</value>
         <object_component_ref idref="oc-24a"/>
      </symbol>
      <symbol id="sm-379">
         <name>UART_receiveData</name>
         <value>0x22b1</value>
         <object_component_ref idref="oc-ea"/>
      </symbol>
      <symbol id="sm-37a">
         <name>UART_enableModule</name>
         <value>0x2497</value>
         <object_component_ref idref="oc-244"/>
      </symbol>
      <symbol id="sm-37b">
         <name>UART_transmitData</name>
         <value>0x21e9</value>
         <object_component_ref idref="oc-f0"/>
      </symbol>
      <symbol id="sm-37c">
         <name>UART_initModule</name>
         <value>0x1225</value>
         <object_component_ref idref="oc-23e"/>
      </symbol>
      <symbol id="sm-386">
         <name>CPU_cpsie</name>
         <value>0x24f3</value>
         <object_component_ref idref="oc-2bf"/>
      </symbol>
      <symbol id="sm-427">
         <name>pow</name>
         <value>0xe5</value>
         <object_component_ref idref="oc-2dd"/>
      </symbol>
      <symbol id="sm-428">
         <name>powl</name>
         <value>0xe5</value>
         <object_component_ref idref="oc-2dd"/>
      </symbol>
      <symbol id="sm-44a">
         <name>sqrtl</name>
         <value>0xe51</value>
         <object_component_ref idref="oc-34e"/>
      </symbol>
      <symbol id="sm-44b">
         <name>sqrt</name>
         <value>0xe51</value>
         <object_component_ref idref="oc-34e"/>
      </symbol>
      <symbol id="sm-473">
         <name>scalbn</name>
         <value>0x1341</value>
         <object_component_ref idref="oc-367"/>
      </symbol>
      <symbol id="sm-474">
         <name>scalbnl</name>
         <value>0x1341</value>
         <object_component_ref idref="oc-367"/>
      </symbol>
      <symbol id="sm-475">
         <name>ldexpl</name>
         <value>0x1341</value>
         <object_component_ref idref="oc-367"/>
      </symbol>
      <symbol id="sm-476">
         <name>ldexp</name>
         <value>0x1341</value>
         <object_component_ref idref="oc-367"/>
      </symbol>
      <symbol id="sm-48e">
         <name>__aeabi_dsub</name>
         <value>0xc99</value>
         <object_component_ref idref="oc-344"/>
      </symbol>
      <symbol id="sm-48f">
         <name>__aeabi_dadd</name>
         <value>0xca3</value>
         <object_component_ref idref="oc-344"/>
      </symbol>
      <symbol id="sm-4b1">
         <name>__aeabi_cdcmpeq</name>
         <value>0x190d</value>
         <object_component_ref idref="oc-35d"/>
      </symbol>
      <symbol id="sm-4b2">
         <name>__aeabi_cdcmple</name>
         <value>0x190d</value>
         <object_component_ref idref="oc-35d"/>
      </symbol>
      <symbol id="sm-4b3">
         <name>__aeabi_cdrcmple</name>
         <value>0x1993</value>
         <object_component_ref idref="oc-362"/>
      </symbol>
      <symbol id="sm-4c7">
         <name>__aeabi_ddiv</name>
         <value>0x10ed</value>
         <object_component_ref idref="oc-349"/>
      </symbol>
      <symbol id="sm-4d2">
         <name>__aeabi_dmul</name>
         <value>0x1451</value>
         <object_component_ref idref="oc-2e3"/>
      </symbol>
      <symbol id="sm-4df">
         <name>__aeabi_d2f</name>
         <value>0x1c09</value>
         <object_component_ref idref="oc-2e8"/>
      </symbol>
      <symbol id="sm-4ea">
         <name>__aeabi_f2d</name>
         <value>0x2179</value>
         <object_component_ref idref="oc-2d3"/>
      </symbol>
      <symbol id="sm-4f4">
         <name>__aeabi_i2d</name>
         <value>0x22e1</value>
         <object_component_ref idref="oc-2d8"/>
      </symbol>
      <symbol id="sm-50f">
         <name>memcpy</name>
         <value>0x1761</value>
         <object_component_ref idref="oc-3a"/>
      </symbol>
      <symbol id="sm-510">
         <name>__aeabi_memcpy</name>
         <value>0x1761</value>
         <object_component_ref idref="oc-3a"/>
      </symbol>
      <symbol id="sm-511">
         <name>__aeabi_memcpy8</name>
         <value>0x1761</value>
         <object_component_ref idref="oc-3a"/>
      </symbol>
      <symbol id="sm-512">
         <name>__aeabi_memcpy4</name>
         <value>0x1761</value>
         <object_component_ref idref="oc-3a"/>
      </symbol>
      <symbol id="sm-528">
         <name>__TI_zero_init_nomemset</name>
         <value>0x2461</value>
         <object_component_ref idref="oc-46"/>
      </symbol>
      <symbol id="sm-53f">
         <name>__TI_decompress_none</name>
         <value>0x24e5</value>
         <object_component_ref idref="oc-1d"/>
      </symbol>
      <symbol id="sm-562">
         <name>__TI_decompress_lzss</name>
         <value>0x1ce1</value>
         <object_component_ref idref="oc-17"/>
      </symbol>
      <symbol id="sm-56d">
         <name>C$$EXIT</name>
         <value>0x2519</value>
         <object_component_ref idref="oc-171"/>
      </symbol>
      <symbol id="sm-56e">
         <name>abort</name>
         <value>0x2519</value>
         <object_component_ref idref="oc-171"/>
      </symbol>
      <symbol id="sm-58a">
         <name>_sys_memory</name>
         <value>0x20000000</value>
         <object_component_ref idref="oc-29"/>
      </symbol>
      <symbol id="sm-59a">
         <name>strcat</name>
         <value>0x2425</value>
         <object_component_ref idref="oc-262"/>
      </symbol>
      <symbol id="sm-5b2">
         <name>__aeabi_errno_addr</name>
         <value>0x250d</value>
         <object_component_ref idref="oc-354"/>
      </symbol>
      <symbol id="sm-5b3">
         <name>errno</name>
         <value>0x20000850</value>
         <object_component_ref idref="oc-396"/>
      </symbol>
      <symbol id="sm-5c6">
         <name>__stack</name>
         <value>0x2000fe00</value>
         <object_component_ref idref="oc-2c"/>
      </symbol>
      <symbol id="sm-5c7">
         <name>_c_int00_noargs</name>
         <value>0x221d</value>
         <object_component_ref idref="oc-58"/>
      </symbol>
      <symbol id="sm-5d6">
         <name>copysign</name>
         <value>0x247d</value>
         <object_component_ref idref="oc-39f"/>
      </symbol>
      <symbol id="sm-5d7">
         <name>copysignl</name>
         <value>0x247d</value>
         <object_component_ref idref="oc-39f"/>
      </symbol>
      <symbol id="sm-600">
         <name>__TI_auto_init_nobinit_nopinit</name>
         <value>0x1ff5</value>
         <object_component_ref idref="oc-17d"/>
      </symbol>
      <symbol id="sm-60a">
         <name>_system_pre_init</name>
         <value>0x2515</value>
         <object_component_ref idref="oc-be"/>
      </symbol>
      <symbol id="sm-61f">
         <name>__TI_static_base__</name>
         <value>0x0</value>
      </symbol>
      <symbol id="sm-622">
         <name>__mpu_init</name>
         <value>0x0</value>
      </symbol>
      <symbol id="sm-623">
         <name>_system_post_cinit</name>
         <value>0x0</value>
      </symbol>
      <symbol id="sm-624">
         <name>NMI_Handler</name>
         <value>0xe4f</value>
      </symbol>
      <symbol id="sm-625">
         <name>HardFault_Handler</name>
         <value>0xe4f</value>
      </symbol>
      <symbol id="sm-626">
         <name>MemManage_Handler</name>
         <value>0xe4f</value>
      </symbol>
      <symbol id="sm-627">
         <name>BusFault_Handler</name>
         <value>0xe4f</value>
      </symbol>
      <symbol id="sm-628">
         <name>UsageFault_Handler</name>
         <value>0xe4f</value>
      </symbol>
      <symbol id="sm-629">
         <name>SVC_Handler</name>
         <value>0xe4f</value>
      </symbol>
      <symbol id="sm-62a">
         <name>DebugMon_Handler</name>
         <value>0xe4f</value>
      </symbol>
      <symbol id="sm-62b">
         <name>PendSV_Handler</name>
         <value>0xe4f</value>
      </symbol>
      <symbol id="sm-62c">
         <name>SysTick_Handler</name>
         <value>0xe4f</value>
      </symbol>
      <symbol id="sm-62d">
         <name>PSS_IRQHandler</name>
         <value>0xe4f</value>
      </symbol>
      <symbol id="sm-62e">
         <name>CS_IRQHandler</name>
         <value>0xe4f</value>
      </symbol>
      <symbol id="sm-62f">
         <name>PCM_IRQHandler</name>
         <value>0xe4f</value>
      </symbol>
      <symbol id="sm-630">
         <name>WDT_A_IRQHandler</name>
         <value>0xe4f</value>
      </symbol>
      <symbol id="sm-631">
         <name>FPU_IRQHandler</name>
         <value>0xe4f</value>
      </symbol>
      <symbol id="sm-632">
         <name>FLCTL_IRQHandler</name>
         <value>0xe4f</value>
      </symbol>
      <symbol id="sm-633">
         <name>COMP_E0_IRQHandler</name>
         <value>0xe4f</value>
      </symbol>
      <symbol id="sm-634">
         <name>COMP_E1_IRQHandler</name>
         <value>0xe4f</value>
      </symbol>
      <symbol id="sm-635">
         <name>TA0_0_IRQHandler</name>
         <value>0x2445</value>
      </symbol>
      <symbol id="sm-636">
         <name>TA0_N_IRQHandler</name>
         <value>0xe4f</value>
      </symbol>
      <symbol id="sm-637">
         <name>TA1_0_IRQHandler</name>
         <value>0xe4f</value>
      </symbol>
      <symbol id="sm-638">
         <name>TA1_N_IRQHandler</name>
         <value>0xe4f</value>
      </symbol>
      <symbol id="sm-639">
         <name>TA2_0_IRQHandler</name>
         <value>0xe4f</value>
      </symbol>
      <symbol id="sm-63a">
         <name>TA2_N_IRQHandler</name>
         <value>0xe4f</value>
      </symbol>
      <symbol id="sm-63b">
         <name>TA3_0_IRQHandler</name>
         <value>0xe4f</value>
      </symbol>
      <symbol id="sm-63c">
         <name>TA3_N_IRQHandler</name>
         <value>0xe4f</value>
      </symbol>
      <symbol id="sm-63d">
         <name>EUSCIA0_IRQHandler</name>
         <value>0x1609</value>
      </symbol>
      <symbol id="sm-63e">
         <name>EUSCIA1_IRQHandler</name>
         <value>0xe4f</value>
      </symbol>
      <symbol id="sm-63f">
         <name>EUSCIA2_IRQHandler</name>
         <value>0xe4f</value>
      </symbol>
      <symbol id="sm-640">
         <name>EUSCIA3_IRQHandler</name>
         <value>0xe4f</value>
      </symbol>
      <symbol id="sm-641">
         <name>EUSCIB0_IRQHandler</name>
         <value>0xe4f</value>
      </symbol>
      <symbol id="sm-642">
         <name>EUSCIB1_IRQHandler</name>
         <value>0xe4f</value>
      </symbol>
      <symbol id="sm-643">
         <name>EUSCIB2_IRQHandler</name>
         <value>0xe4f</value>
      </symbol>
      <symbol id="sm-644">
         <name>EUSCIB3_IRQHandler</name>
         <value>0xe4f</value>
      </symbol>
      <symbol id="sm-645">
         <name>ADC14_IRQHandler</name>
         <value>0xe4f</value>
      </symbol>
      <symbol id="sm-646">
         <name>T32_INT1_IRQHandler</name>
         <value>0xe4f</value>
      </symbol>
      <symbol id="sm-647">
         <name>T32_INT2_IRQHandler</name>
         <value>0xe4f</value>
      </symbol>
      <symbol id="sm-648">
         <name>T32_INTC_IRQHandler</name>
         <value>0xe4f</value>
      </symbol>
      <symbol id="sm-649">
         <name>AES256_IRQHandler</name>
         <value>0xe4f</value>
      </symbol>
      <symbol id="sm-64a">
         <name>RTC_C_IRQHandler</name>
         <value>0xe4f</value>
      </symbol>
      <symbol id="sm-64b">
         <name>DMA_ERR_IRQHandler</name>
         <value>0xe4f</value>
      </symbol>
      <symbol id="sm-64c">
         <name>DMA_INT3_IRQHandler</name>
         <value>0xe4f</value>
      </symbol>
      <symbol id="sm-64d">
         <name>DMA_INT2_IRQHandler</name>
         <value>0xe4f</value>
      </symbol>
      <symbol id="sm-64e">
         <name>DMA_INT1_IRQHandler</name>
         <value>0xe4f</value>
      </symbol>
      <symbol id="sm-64f">
         <name>DMA_INT0_IRQHandler</name>
         <value>0xe4f</value>
      </symbol>
      <symbol id="sm-650">
         <name>PORT1_IRQHandler</name>
         <value>0x1d49</value>
      </symbol>
      <symbol id="sm-651">
         <name>PORT2_IRQHandler</name>
         <value>0x1dad</value>
      </symbol>
      <symbol id="sm-652">
         <name>PORT3_IRQHandler</name>
         <value>0x1e11</value>
      </symbol>
      <symbol id="sm-653">
         <name>PORT4_IRQHandler</name>
         <value>0xe4f</value>
      </symbol>
      <symbol id="sm-654">
         <name>PORT5_IRQHandler</name>
         <value>0x2139</value>
      </symbol>
      <symbol id="sm-655">
         <name>PORT6_IRQHandler</name>
         <value>0xe4f</value>
      </symbol>
   </symbol_table>
   <title>Link successful</title>
</link_info>
