******************************************************************************
                  TI ARM Linker PC v20.2.5                     
******************************************************************************
>> Linked Tue Nov 23 02:24:49 2021

OUTPUT FILE NAME:   <2104_Projectv3.out>
ENTRY POINT SYMBOL: "_c_int00_noargs"  address: 000034c5


MEMORY CONFIGURATION

         name            origin    length      used     unused   attr    fill
----------------------  --------  ---------  --------  --------  ----  --------
  MAIN                  00000000   00040000  00003b14  0003c4ec  R  X
  INFO                  00200000   00004000  00000000  00004000  R  X
  SRAM_CODE             01000000   00010000  00000e08  0000f1f8  RW X
  SRAM_DATA             20000000   00010000  00000e08  0000f1f8  RW  


SEGMENT ALLOCATION MAP

run origin  load origin   length   init length attrs members
----------  ----------- ---------- ----------- ----- -------
00000000    00000000    00003b18   00003b18    r-x
  00000000    00000000    000000e4   000000e4    r-- .intvecs
  000000e4    000000e4    0000381c   0000381c    r-x .text
  00003900    00003900    00000164   00000164    r-- .const
  00003a68    00003a68    000000b0   000000b0    r-- .cinit
20000000    20000000    00000c08   00000000    rw-
  20000000    20000000    00000800   00000000    rw- .sysmem
  20000800    20000800    00000238   00000000    rw- .data
  20000a38    20000a38    000001d0   00000000    rw- .bss
2000fe00    2000fe00    00000200   00000000    rw-
  2000fe00    2000fe00    00000200   00000000    rw- .stack


SECTION ALLOCATION MAP

 output                                  attributes/
section   page    origin      length       input sections
--------  ----  ----------  ----------   ----------------
.intvecs   0    00000000    000000e4     
                  00000000    000000e4     startup_msp432p401r_ccs.obj (.intvecs:retain)

.text      0    000000e4    0000381c     
                  000000e4    00000a4e     rtsv7M4_T_le_v4SPD16_eabi.lib : _printfi.c.obj (.text:__TI_printfi)
                  00000b32    00000002     startup_msp432p401r_ccs.obj (.text:Default_Handler)
                  00000b34    00000270     rtsv7M4_T_le_v4SPD16_eabi.lib : _printfi.c.obj (.text:_pconv_a)
                  00000da4    0000022c     main.obj (.text:runString)
                  00000fd0    000001d0     rtsv7M4_T_le_v4SPD16_eabi.lib : _printfi.c.obj (.text:_pconv_g)
                  000011a0    000001b6                                   : fd_add_t2.asm.obj (.text)
                  00001356    00000002                                   : _lock.c.obj (.text:_nop)
                  00001358    00000144     msp432p4xx_driverlib.lib : timer_a.o (.text:privateTimer_AProcessClockSourceDivider)
                  0000149c    0000013c     rtsv7M4_T_le_v4SPD16_eabi.lib : _printfi.c.obj (.text:_pconv_e)
                  000015d8    00000136                                   : fd_div_t2.asm.obj (.text)
                  0000170e    00000002                                   : div0.asm.obj (.text)
                  00001710    00000124                                   : _printfi.c.obj (.text:fcvt)
                  00001834    0000011c     msp432p4xx_driverlib.lib : uart.o (.text:UART_initModule)
                  00001950    00000114     rtsv7M4_T_le_v4SPD16_eabi.lib : fputs.c.obj (.text:fputs)
                  00001a64    00000110                                   : s_scalbn.c.obj (.text:scalbn)
                  00001b74    00000100                                   : memory.c.obj (.text:aligned_alloc)
                  00001c74    000000fc                                   : fd_mul_t2.asm.obj (.text)
                  00001d70    000000e4                                   : memory.c.obj (.text:free)
                  00001e54    000000dc                                   : setvbuf.c.obj (.text:setvbuf)
                  00001f30    000000b1                                   : _printfi.c.obj (.text:_ltostr)
                  00001fe1    00000003     --HOLE-- [fill = 0]
                  00001fe4    000000b0     uart.obj (.text:EUSCIA0_IRQHandler)
                  00002094    0000009c     rtsv7M4_T_le_v4SPD16_eabi.lib : memcpy_t2.asm.obj (.text)
                  00002130    00000096                                   : ull_div_t2.asm.obj (.text)
                  000021c6    00000002     --HOLE-- [fill = 0]
                  000021c8    0000008c                                   : fputc.c.obj (.text:fputc)
                  00002254    00000088     msp432p4xx_driverlib.lib : gpio.o (.text:GPIO_setAsPeripheralModuleFunctionInputPin)
                  000022dc    00000088                              : gpio.o (.text:GPIO_setAsPeripheralModuleFunctionOutputPin)
                  00002364    00000088     uart.obj (.text:Uart_Init)
                  000023ec    00000086     rtsv7M4_T_le_v4SPD16_eabi.lib : fd_cmp_t2.asm.obj (.text:__aeabi_cdcmple)
                  00002472    00000086                                   : fd_cmp_t2.asm.obj (.text:__aeabi_cdrcmple)
                  000024f8    00000084     msp432p4xx_driverlib.lib : gpio.o (.text:GPIO_getEnabledInterruptStatus)
                  0000257c    00000080                              : interrupt.o (.text:Interrupt_enableInterrupt)
                  000025fc    00000080     uart.obj (.text:PORT5_IRQHandler)
                  0000267c    0000007a     rtsv7M4_T_le_v4SPD16_eabi.lib : memset_t2.asm.obj (.text)
                  000026f6    00000002     --HOLE-- [fill = 0]
                  000026f8    00000078     system_msp432p401r.obj (.text:SystemInit)
                  00002770    00000074     msp432p4xx_driverlib.lib : timer_a.o (.text:Timer_A_generatePWM)
                  000027e4    00000074     rtsv7M4_T_le_v4SPD16_eabi.lib : fclose.c.obj (.text:__TI_closefile)
                  00002858    00000070                                   : memory.c.obj (.text:split)
                  000028c8    0000006e                                   : _printfi.c.obj (.text:_mcpy)
                  00002936    00000002     --HOLE-- [fill = 0]
                  00002938    0000006c                                   : hostrename.c.obj (.text:HOSTrename)
                  000029a4    00000068                                   : hostlseek.c.obj (.text:HOSTlseek)
                  00002a0c    00000068                                   : copy_decompress_lzss.c.obj (.text:decompress:lzss:__TI_decompress_lzss)
                  00002a74    00000068                                   : printf.c.obj (.text:printf)
                  00002adc    00000064                                   : s_frexp.c.obj (.text:frexp)
                  00002b40    00000064                                   : fseek.c.obj (.text:fseek)
                  00002ba4    00000062                                   : _io_perm.c.obj (.text:__TI_wrt_ok)
                  00002c06    00000002     --HOLE-- [fill = 0]
                  00002c08    00000060                                   : hostopen.c.obj (.text:HOSTopen)
                  00002c68    0000005c                                   : close.c.obj (.text:close)
                  00002cc4    00000058                                   : hostread.c.obj (.text:HOSTread)
                  00002d1c    00000058                                   : hostwrite.c.obj (.text:HOSTwrite)
                  00002d74    00000058     motor.obj (.text:Motor_Init)
                  00002dcc    00000056     rtsv7M4_T_le_v4SPD16_eabi.lib : _printfi.c.obj (.text:_pconv_f)
                  00002e22    00000002     --HOLE-- [fill = 0]
                  00002e24    00000054     encoder.obj (.text:PORT2_IRQHandler)
                  00002e78    00000054     encoder.obj (.text:PORT3_IRQHandler)
                  00002ecc    00000054     rtsv7M4_T_le_v4SPD16_eabi.lib : _ltoa.c.obj (.text:__TI_ltoa)
                  00002f20    00000052                                   : _printfi.c.obj (.text:_ecpy)
                  00002f72    00000002     --HOLE-- [fill = 0]
                  00002f74    0000004c     msp432p4xx_driverlib.lib : gpio.o (.text:GPIO_setAsInputPin)
                  00002fc0    0000004c     rtsv7M4_T_le_v4SPD16_eabi.lib : fflush.c.obj (.text:__TI_doflush)
                  0000300c    0000004c                                   : atoi.c.obj (.text:atoi)
                  00003058    00000048     motor.obj (.text:Motor_Start)
                  000030a0    00000048     rtsv7M4_T_le_v4SPD16_eabi.lib : exit.c.obj (.text:exit)
                  000030e8    00000048                                   : fd_toi_t2.asm.obj (.text)
                  00003130    00000044                                   : hostclose.c.obj (.text:HOSTclose)
                  00003174    00000044                                   : hostunlink.c.obj (.text:HOSTunlink)
                  000031b8    00000044                                   : autoinit.c.obj (.text:__TI_auto_init_nobinit_nopinit:__TI_auto_init_nobinit_nopinit)
                  000031fc    00000044                                   : getdevice.c.obj (.text:getdevice)
                  00003240    00000040     msp432p4xx_driverlib.lib : gpio.o (.text:GPIO_setAsOutputPin)
                  00003280    00000040     motor.obj (.text:Motor_Left)
                  000032c0    00000040     motor.obj (.text:Motor_Right)
                  00003300    00000040     motor.obj (.text:Motor_Stop)
                  00003340    0000003e     rtsv7M4_T_le_v4SPD16_eabi.lib : _printfi.c.obj (.text:_fcpy)
                  0000337e    00000002     --HOLE-- [fill = 0]
                  00003380    00000038                                   : trgmsg.c.obj (.text:__TI_writemsg)
                  000033b8    00000038     uart.obj (.text:uPrintf)
                  000033f0    00000036     rtsv7M4_T_le_v4SPD16_eabi.lib : strncpy.c.obj (.text:strncpy)
                  00003426    00000002     --HOLE-- [fill = 0]
                  00003428    00000034     msp432p4xx_driverlib.lib : uart.o (.text:UART_transmitData)
                  0000345c    00000034     rtsv7M4_T_le_v4SPD16_eabi.lib : fopen.c.obj (.text:__TI_cleanup)
                  00003490    00000034                                   : trgmsg.c.obj (.text:__TI_readmsg)
                  000034c4    00000034                                   : boot_cortex_m.c.obj (.text:_c_int00_noargs:_c_int00_noargs)
                  000034f8    00000030     msp432p4xx_driverlib.lib : gpio.o (.text:GPIO_getInputPinValue)
                  00003528    00000030                              : uart.o (.text:UART_enableInterrupt)
                  00003558    00000030                              : uart.o (.text:UART_receiveData)
                  00003588    00000030     rtsv7M4_T_le_v4SPD16_eabi.lib : getdevice.c.obj (.text:finddevice)
                  000035b8    0000002e                                   : i_tofd_t2.asm.obj (.text)
                  000035e6    00000002     --HOLE-- [fill = 0]
                  000035e8    0000002c     msp432p4xx_driverlib.lib : timer_a.o (.text:Timer_A_clearCaptureCompareInterrupt)
                  00003614    0000002c     rtsv7M4_T_le_v4SPD16_eabi.lib : unlink.c.obj (.text:unlink)
                  00003640    00000028     msp432p4xx_driverlib.lib : gpio.o (.text:GPIO_clearInterruptFlag)
                  00003668    00000028                              : gpio.o (.text:GPIO_enableInterrupt)
                  00003690    00000028                              : gpio.o (.text:GPIO_setOutputHighOnPin)
                  000036b8    00000028                              : gpio.o (.text:GPIO_setOutputLowOnPin)
                  000036e0    00000028     rtsv7M4_T_le_v4SPD16_eabi.lib : memory.c.obj (.text:free_list_insert)
                  00003708    00000028                                   : lseek.c.obj (.text:lseek)
                  00003730    00000028                                   : write.c.obj (.text:write)
                  00003758    00000024     msp432p4xx_driverlib.lib : gpio.o (.text:GPIO_getInterruptStatus)
                  0000377c    00000020     main.obj (.text:main)
                  0000379c    00000020     rtsv7M4_T_le_v4SPD16_eabi.lib : memchr.c.obj (.text:memchr)
                  000037bc    0000001c     ultrasonic.obj (.text:TA0_0_IRQHandler)
                  000037d8    0000001c     rtsv7M4_T_le_v4SPD16_eabi.lib : copy_zero_init.c.obj (.text:decompress:ZI:__TI_zero_init_nomemset:__TI_zero_init_nomemset)
                  000037f4    0000001c                                   : memory.c.obj (.text:free_list_remove)
                  00003810    0000001c                                   : memccpy.c.obj (.text:memccpy)
                  0000382c    0000001a                                   : s_copysign.c.obj (.text:copysign)
                  00003846    00000018                                   : strcmp.c.obj (.text:strcmp)
                  0000385e    00000016     msp432p4xx_driverlib.lib : uart.o (.text:UART_enableModule)
                  00003874    00000016     rtsv7M4_T_le_v4SPD16_eabi.lib : strchr.c.obj (.text:strchr)
                  0000388a    00000014                                   : strcpy.c.obj (.text:strcpy)
                  0000389e    00000014                                   : strlen.c.obj (.text:strlen)
                  000038b2    00000012                                   : wcslen.c.obj (.text:wcslen)
                  000038c4    0000000e                                   : copy_decompress_none.c.obj (.text:decompress:none:__TI_decompress_none)
                  000038d2    0000000c     startup_msp432p401r_ccs.obj (.text:Reset_Handler)
                  000038de    00000002     --HOLE-- [fill = 0]
                  000038e0    00000008     rtsv7M4_T_le_v4SPD16_eabi.lib : errno.c.obj (.text:__aeabi_errno_addr)
                  000038e8    00000008                                   : memory.c.obj (.text:malloc)
                  000038f0    00000004                                   : printf.c.obj (.text:_outc)
                  000038f4    00000004                                   : printf.c.obj (.text:_outs)
                  000038f8    00000004                                   : pre_init.c.obj (.text:_system_pre_init)
                  000038fc    00000004                                   : exit.c.obj (.text:abort:abort)

.const     0    00003900    00000164     
                  00003900    00000101     rtsv7M4_T_le_v4SPD16_eabi.lib : ctype.c.obj (.const:.string:_ctypes_)
                  00003a01    00000003     --HOLE-- [fill = 0]
                  00003a04    00000030     msp432p4xx_driverlib.lib : gpio.o (.const:GPIO_PORT_TO_BASE)
                  00003a34    00000028     uart.obj (.const:uartConfig)
                  00003a5c    00000008     msp432p4xx_driverlib.lib : interrupt.o (.const:g_pulEnRegs)

.cinit     0    00003a68    000000b0     
                  00003a68    00000089     (.cinit..data.load) [load image, compression = lzss]
                  00003af1    00000003     --HOLE-- [fill = 0]
                  00003af4    0000000c     (__TI_handler_table)
                  00003b00    00000008     (.cinit..bss.load) [load image, compression = zero_init]
                  00003b08    00000010     (__TI_cinit_table)

.init_array 
*          0    00000000    00000000     UNINITIALIZED

.binit     0    00000000    00000000     

.sysmem    0    20000000    00000800     UNINITIALIZED
                  20000000    00000010     rtsv7M4_T_le_v4SPD16_eabi.lib : memory.c.obj (.sysmem)
                  20000010    000007f0     --HOLE--

.data      0    20000800    00000238     UNINITIALIZED
                  20000800    000000f0     rtsv7M4_T_le_v4SPD16_eabi.lib : defs.c.obj (.data:_ftable)
                  200008f0    00000078                                   : host_device.c.obj (.data:_device)
                  20000968    00000050                                   : host_device.c.obj (.data:_stream)
                  200009b8    00000018     motor.obj (.data:pwmConfig2)
                  200009d0    00000018     motor.obj (.data:pwmConfig)
                  200009e8    00000014     main.obj (.data:commandsM)
                  200009fc    00000010     rtsv7M4_T_le_v4SPD16_eabi.lib : defs.c.obj (.data)
                  20000a0c    0000000c                                   : exit.c.obj (.data:$O1$$)
                  20000a18    00000008                                   : _lock.c.obj (.data:$O1$$)
                  20000a20    00000008                                   : memory.c.obj (.data:$O1$$)
                  20000a28    00000008     encoder.obj (.data)
                  20000a30    00000004     main.obj (.data)
                  20000a34    00000004     rtsv7M4_T_le_v4SPD16_eabi.lib : errno.c.obj (.data)

.bss       0    20000a38    000001d0     UNINITIALIZED
                  20000a38    00000120     rtsv7M4_T_le_v4SPD16_eabi.lib : trgmsg.c.obj (.bss:_CIOBUF_)
                  20000b58    000000a0     (.common:__TI_tmpnams)
                  20000bf8    00000008     (.common:parmbuf)
                  20000c00    00000004     (.common:SR04IntTimes)
                  20000c04    00000004     (.common:i)

.stack     0    2000fe00    00000200     UNINITIALIZED
                  2000fe00    00000004     rtsv7M4_T_le_v4SPD16_eabi.lib : boot_cortex_m.c.obj (.stack)
                  2000fe04    000001fc     --HOLE--

__llvm_prf_cnts 
*          0    20000000    00000000     UNINITIALIZED

MODULE SUMMARY

       Module                        code    ro data   rw data
       ------                        ----    -------   -------
    .\
       main.obj                      588     0         56     
       system_msp432p401r.obj        120     0         0      
    +--+-----------------------------+-------+---------+---------+
       Total:                        708     0         56     
                                                              
    .\ccs\
       startup_msp432p401r_ccs.obj   14      228       0      
    +--+-----------------------------+-------+---------+---------+
       Total:                        14      228       0      
                                                              
    .\encoder\
       encoder.obj                   168     0         24     
    +--+-----------------------------+-------+---------+---------+
       Total:                        168     0         24     
                                                              
    .\motor\
       motor.obj                     352     0         96     
    +--+-----------------------------+-------+---------+---------+
       Total:                        352     0         96     
                                                              
    .\uart\
       uart.obj                      496     40        0      
    +--+-----------------------------+-------+---------+---------+
       Total:                        496     40        0      
                                                              
    .\ultrasonic\
       ultrasonic.obj                28      0         0      
    +--+-----------------------------+-------+---------+---------+
       Total:                        28      0         0      
                                                              
    C:/ti/simplelink_msp432p4_sdk_3_40_01_02/source/ti/devices/msp432p4xx/driverlib/ccs/msp432p4xx_driverlib.lib
       gpio.o                        788     48        0      
       timer_a.o                     484     0         0      
       uart.o                        454     0         0      
       interrupt.o                   128     8         0      
    +--+-----------------------------+-------+---------+---------+
       Total:                        1854    56        0      
                                                              
    C:\ti\ccs1100\ccs\tools\compiler\ti-cgt-arm_20.2.5.LTS\lib\rtsv7M4_T_le_v4SPD16_eabi.lib
       _printfi.c.obj                4851    0         0      
       defs.c.obj                    0       0         832    
       memory.c.obj                  672     0         16     
       trgmsg.c.obj                  108     0         576    
       fd_add_t2.asm.obj             438     0         0      
       host_device.c.obj             0       0         400    
       fd_div_t2.asm.obj             310     0         0      
       fputs.c.obj                   276     0         0      
       s_scalbn.c.obj                272     0         0      
       fd_cmp_t2.asm.obj             268     0         0      
       ctype.c.obj                   0       257       0      
       fd_mul_t2.asm.obj             252     0         0      
       setvbuf.c.obj                 220     0         0      
       memcpy_t2.asm.obj             156     0         0      
       ull_div_t2.asm.obj            150     0         0      
       fputc.c.obj                   140     0         0      
       memset_t2.asm.obj             122     0         0      
       fclose.c.obj                  116     0         0      
       getdevice.c.obj               116     0         0      
       hostopen.c.obj                96      0         16     
       printf.c.obj                  112     0         0      
       hostrename.c.obj              108     0         0      
       copy_decompress_lzss.c.obj    104     0         0      
       hostlseek.c.obj               104     0         0      
       exit.c.obj                    76      0         24     
       fseek.c.obj                   100     0         0      
       s_frexp.c.obj                 100     0         0      
       _io_perm.c.obj                98      0         0      
       close.c.obj                   92      0         0      
       hostread.c.obj                88      0         0      
       hostwrite.c.obj               88      0         0      
       _ltoa.c.obj                   84      0         0      
       atoi.c.obj                    76      0         0      
       fflush.c.obj                  76      0         0      
       fd_toi_t2.asm.obj             72      0         0      
       autoinit.c.obj                68      0         0      
       hostclose.c.obj               68      0         0      
       hostunlink.c.obj              68      0         0      
       strncpy.c.obj                 54      0         0      
       boot_cortex_m.c.obj           52      0         0      
       fopen.c.obj                   52      0         0      
       i_tofd_t2.asm.obj             46      0         0      
       unlink.c.obj                  44      0         0      
       lseek.c.obj                   40      0         0      
       write.c.obj                   40      0         0      
       memchr.c.obj                  32      0         0      
       copy_zero_init.c.obj          28      0         0      
       memccpy.c.obj                 28      0         0      
       s_copysign.c.obj              26      0         0      
       strcmp.c.obj                  24      0         0      
       strchr.c.obj                  22      0         0      
       strcpy.c.obj                  20      0         0      
       strlen.c.obj                  20      0         0      
       _lock.c.obj                   2       0         16     
       wcslen.c.obj                  18      0         0      
       errno.c.obj                   8       0         8      
       copy_decompress_none.c.obj    14      0         0      
       pre_init.c.obj                4       0         0      
       div0.asm.obj                  2       0         0      
    +--+-----------------------------+-------+---------+---------+
       Total:                        10721   257       1888   
                                                              
       Heap:                         0       0         4096   
       Stack:                        0       0         1024   
       Linker Generated:             0       173       0      
    +--+-----------------------------+-------+---------+---------+
       Grand Total:                  14341   754       7184   


LINKER GENERATED COPY TABLES

__TI_cinit_table @ 00003b08 records: 2, size/record: 8, table size: 16
	.data: load addr=00003a68, load size=00000089 bytes, run addr=20000800, run size=00000238 bytes, compression=lzss
	.bss: load addr=00003b00, load size=00000008 bytes, run addr=20000a38, run size=000001d0 bytes, compression=zero_init


LINKER GENERATED HANDLER TABLE

__TI_handler_table @ 00003af4 records: 3, size/record: 4, table size: 12
	index: 0, handler: __TI_decompress_lzss
	index: 1, handler: __TI_decompress_none
	index: 2, handler: __TI_zero_init


GLOBAL SYMBOLS: SORTED ALPHABETICALLY BY Name 

address   name                                       
-------   ----                                       
00000b33  ADC14_IRQHandler                           
00000b33  AES256_IRQHandler                          
00000b33  BusFault_Handler                           
000038fd  C$$EXIT                                    
000033af  C$$IO$$                                    
00000b33  COMP_E0_IRQHandler                         
00000b33  COMP_E1_IRQHandler                         
00000b33  CS_IRQHandler                              
00000b33  DMA_ERR_IRQHandler                         
00000b33  DMA_INT0_IRQHandler                        
00000b33  DMA_INT1_IRQHandler                        
00000b33  DMA_INT2_IRQHandler                        
00000b33  DMA_INT3_IRQHandler                        
00000b33  DebugMon_Handler                           
00000b33  Default_Handler                            
00001fe5  EUSCIA0_IRQHandler                         
00001fe5  EUSCIA0_IRQHandler                         
00000b33  EUSCIA1_IRQHandler                         
00000b33  EUSCIA2_IRQHandler                         
00000b33  EUSCIA3_IRQHandler                         
00000b33  EUSCIB0_IRQHandler                         
00000b33  EUSCIB1_IRQHandler                         
00000b33  EUSCIB2_IRQHandler                         
00000b33  EUSCIB3_IRQHandler                         
00000b33  FLCTL_IRQHandler                           
00000b33  FPU_IRQHandler                             
00003641  GPIO_clearInterruptFlag                    
00003669  GPIO_enableInterrupt                       
000024f9  GPIO_getEnabledInterruptStatus             
000034f9  GPIO_getInputPinValue                      
00003759  GPIO_getInterruptStatus                    
00002f75  GPIO_setAsInputPin                         
00003241  GPIO_setAsOutputPin                        
00002255  GPIO_setAsPeripheralModuleFunctionInputPin 
000022dd  GPIO_setAsPeripheralModuleFunctionOutputPin
00003691  GPIO_setOutputHighOnPin                    
000036b9  GPIO_setOutputLowOnPin                     
00003131  HOSTclose                                  
000029a5  HOSTlseek                                  
00002c09  HOSTopen                                   
00002cc5  HOSTread                                   
00002939  HOSTrename                                 
00003175  HOSTunlink                                 
00002d1d  HOSTwrite                                  
00000b33  HardFault_Handler                          
0000257d  Interrupt_enableInterrupt                  
00000b33  MemManage_Handler                          
00002d75  Motor_Init                                 
00003281  Motor_Left                                 
000032c1  Motor_Right                                
00003059  Motor_Start                                
00003301  Motor_Stop                                 
00000b33  NMI_Handler                                
00000b33  PCM_IRQHandler                             
00000b33  PORT1_IRQHandler                           
00002e25  PORT2_IRQHandler                           
00002e25  PORT2_IRQHandler                           
00002e79  PORT3_IRQHandler                           
00002e79  PORT3_IRQHandler                           
00000b33  PORT4_IRQHandler                           
000025fd  PORT5_IRQHandler                           
000025fd  PORT5_IRQHandler                           
00000b33  PORT6_IRQHandler                           
00000b33  PSS_IRQHandler                             
00000b33  PendSV_Handler                             
00000b33  RTC_C_IRQHandler                           
000038d3  Reset_Handler                              
20000c00  SR04IntTimes                               
00000b33  SVC_Handler                                
00000b33  SysTick_Handler                            
000026f9  SystemInit                                 
00000b33  T32_INT1_IRQHandler                        
00000b33  T32_INT2_IRQHandler                        
00000b33  T32_INTC_IRQHandler                        
000037bd  TA0_0_IRQHandler                           
000037bd  TA0_0_IRQHandler                           
00000b33  TA0_N_IRQHandler                           
00000b33  TA1_0_IRQHandler                           
00000b33  TA1_N_IRQHandler                           
00000b33  TA2_0_IRQHandler                           
00000b33  TA2_N_IRQHandler                           
00000b33  TA3_0_IRQHandler                           
00000b33  TA3_N_IRQHandler                           
000035e9  Timer_A_clearCaptureCompareInterrupt       
00002771  Timer_A_generatePWM                        
00003529  UART_enableInterrupt                       
0000385f  UART_enableModule                          
00001835  UART_initModule                            
00003559  UART_receiveData                           
00003429  UART_transmitData                          
00002365  Uart_Init                                  
00000b33  UsageFault_Handler                         
4000480c  WDTCTL_SYM                                 
00000b33  WDT_A_IRQHandler                           
20000a38  __CIOBUF_                                  
20010000  __STACK_END                                
00000200  __STACK_SIZE                               
00000800  __SYSMEM_SIZE                              
00003b08  __TI_CINIT_Base                            
00003b18  __TI_CINIT_Limit                           
00003af4  __TI_Handler_Table_Base                    
00003b00  __TI_Handler_Table_Limit                   
000031b9  __TI_auto_init_nobinit_nopinit             
0000345d  __TI_cleanup                               
20000a0c  __TI_cleanup_ptr                           
000027e5  __TI_closefile                             
00002a0d  __TI_decompress_lzss                       
000038c5  __TI_decompress_none                       
00002fc1  __TI_doflush                               
20000a10  __TI_dtors_ptr                             
20000a14  __TI_enable_exit_profile_output            
200009fc  __TI_ft_end                                
00002ecd  __TI_ltoa                                  
ffffffff  __TI_pprof_out_hndl                        
000000e5  __TI_printfi                               
ffffffff  __TI_prof_data_size                        
ffffffff  __TI_prof_data_start                       
00003491  __TI_readmsg                               
00000000  __TI_static_base__                         
20000b58  __TI_tmpnams                               
00003381  __TI_writemsg                              
00002ba5  __TI_wrt_ok                                
000037d9  __TI_zero_init_nomemset                    
000023ed  __aeabi_cdcmpeq                            
000023ed  __aeabi_cdcmple                            
00002473  __aeabi_cdrcmple                           
000030e9  __aeabi_d2iz                               
000011ab  __aeabi_dadd                               
000015d9  __aeabi_ddiv                               
00001c75  __aeabi_dmul                               
000011a1  __aeabi_dsub                               
000038e1  __aeabi_errno_addr                         
000035b9  __aeabi_i2d                                
0000170f  __aeabi_idiv0                              
0000170f  __aeabi_ldiv0                              
0000267d  __aeabi_memclr                             
0000267d  __aeabi_memclr4                            
0000267d  __aeabi_memclr8                            
00002095  __aeabi_memcpy                             
00002095  __aeabi_memcpy4                            
00002095  __aeabi_memcpy8                            
0000267f  __aeabi_memset                             
0000267f  __aeabi_memset4                            
0000267f  __aeabi_memset8                            
20000a08  __aeabi_stderr                             
20000a00  __aeabi_stdin                              
20000a04  __aeabi_stdout                             
00002131  __aeabi_uldivmod                           
ffffffff  __binit__                                  
ffffffff  __c_args__                                 
UNDEFED   __mpu_init                                 
2000fe00  __stack                                    
20000000  __start___llvm_prf_cnts                    
20000000  __stop___llvm_prf_cnts                     
000034c5  _c_int00_noargs                            
00003900  _ctypes_                                   
200008f0  _device                                    
20000800  _ftable                                    
20000a18  _lock                                      
00001357  _nop                                       
20000968  _stream                                    
20000000  _sys_memory                                
UNDEFED   _system_post_cinit                         
000038f9  _system_pre_init                           
20000a1c  _unlock                                    
000038fd  abort                                      
00001b75  aligned_alloc                              
0000300d  atoi                                       
ffffffff  binit                                      
00002c69  close                                      
200009e8  commandsM                                  
0000382d  copysign                                   
0000382d  copysignl                                  
20000a34  errno                                      
000030a1  exit                                       
00003589  finddevice                                 
000021c9  fputc                                      
00001951  fputs                                      
00001d71  free                                       
00002add  frexp                                      
00002add  frexpl                                     
00002b41  fseek                                      
000031fd  getdevice                                  
20000c04  i                                          
00000000  interruptVectors                           
00001a65  ldexp                                      
00001a65  ldexpl                                     
00003709  lseek                                      
0000377d  main                                       
000038e9  malloc                                     
00001b75  memalign                                   
00003811  memccpy                                    
0000379d  memchr                                     
00002095  memcpy                                     
00002685  memset                                     
20000bf8  parmbuf                                    
00002a75  printf                                     
000021c9  putc                                       
200009d0  pwmConfig                                  
200009b8  pwmConfig2                                 
00003615  remove                                     
00000da5  runString                                  
00001a65  scalbn                                     
00001a65  scalbnl                                    
00001e55  setvbuf                                    
00003875  strchr                                     
00003847  strcmp                                     
0000388b  strcpy                                     
0000389f  strlen                                     
000033f1  strncpy                                    
000033b9  uPrintf                                    
00003a34  uartConfig                                 
00003615  unlink                                     
000038b3  wcslen                                     
00003731  write                                      


GLOBAL SYMBOLS: SORTED BY Symbol Address 

address   name                                       
-------   ----                                       
00000000  __TI_static_base__                         
00000000  interruptVectors                           
000000e5  __TI_printfi                               
00000200  __STACK_SIZE                               
00000800  __SYSMEM_SIZE                              
00000b33  ADC14_IRQHandler                           
00000b33  AES256_IRQHandler                          
00000b33  BusFault_Handler                           
00000b33  COMP_E0_IRQHandler                         
00000b33  COMP_E1_IRQHandler                         
00000b33  CS_IRQHandler                              
00000b33  DMA_ERR_IRQHandler                         
00000b33  DMA_INT0_IRQHandler                        
00000b33  DMA_INT1_IRQHandler                        
00000b33  DMA_INT2_IRQHandler                        
00000b33  DMA_INT3_IRQHandler                        
00000b33  DebugMon_Handler                           
00000b33  Default_Handler                            
00000b33  EUSCIA1_IRQHandler                         
00000b33  EUSCIA2_IRQHandler                         
00000b33  EUSCIA3_IRQHandler                         
00000b33  EUSCIB0_IRQHandler                         
00000b33  EUSCIB1_IRQHandler                         
00000b33  EUSCIB2_IRQHandler                         
00000b33  EUSCIB3_IRQHandler                         
00000b33  FLCTL_IRQHandler                           
00000b33  FPU_IRQHandler                             
00000b33  HardFault_Handler                          
00000b33  MemManage_Handler                          
00000b33  NMI_Handler                                
00000b33  PCM_IRQHandler                             
00000b33  PORT1_IRQHandler                           
00000b33  PORT4_IRQHandler                           
00000b33  PORT6_IRQHandler                           
00000b33  PSS_IRQHandler                             
00000b33  PendSV_Handler                             
00000b33  RTC_C_IRQHandler                           
00000b33  SVC_Handler                                
00000b33  SysTick_Handler                            
00000b33  T32_INT1_IRQHandler                        
00000b33  T32_INT2_IRQHandler                        
00000b33  T32_INTC_IRQHandler                        
00000b33  TA0_N_IRQHandler                           
00000b33  TA1_0_IRQHandler                           
00000b33  TA1_N_IRQHandler                           
00000b33  TA2_0_IRQHandler                           
00000b33  TA2_N_IRQHandler                           
00000b33  TA3_0_IRQHandler                           
00000b33  TA3_N_IRQHandler                           
00000b33  UsageFault_Handler                         
00000b33  WDT_A_IRQHandler                           
00000da5  runString                                  
000011a1  __aeabi_dsub                               
000011ab  __aeabi_dadd                               
00001357  _nop                                       
000015d9  __aeabi_ddiv                               
0000170f  __aeabi_idiv0                              
0000170f  __aeabi_ldiv0                              
00001835  UART_initModule                            
00001951  fputs                                      
00001a65  ldexp                                      
00001a65  ldexpl                                     
00001a65  scalbn                                     
00001a65  scalbnl                                    
00001b75  aligned_alloc                              
00001b75  memalign                                   
00001c75  __aeabi_dmul                               
00001d71  free                                       
00001e55  setvbuf                                    
00001fe5  EUSCIA0_IRQHandler                         
00001fe5  EUSCIA0_IRQHandler                         
00002095  __aeabi_memcpy                             
00002095  __aeabi_memcpy4                            
00002095  __aeabi_memcpy8                            
00002095  memcpy                                     
00002131  __aeabi_uldivmod                           
000021c9  fputc                                      
000021c9  putc                                       
00002255  GPIO_setAsPeripheralModuleFunctionInputPin 
000022dd  GPIO_setAsPeripheralModuleFunctionOutputPin
00002365  Uart_Init                                  
000023ed  __aeabi_cdcmpeq                            
000023ed  __aeabi_cdcmple                            
00002473  __aeabi_cdrcmple                           
000024f9  GPIO_getEnabledInterruptStatus             
0000257d  Interrupt_enableInterrupt                  
000025fd  PORT5_IRQHandler                           
000025fd  PORT5_IRQHandler                           
0000267d  __aeabi_memclr                             
0000267d  __aeabi_memclr4                            
0000267d  __aeabi_memclr8                            
0000267f  __aeabi_memset                             
0000267f  __aeabi_memset4                            
0000267f  __aeabi_memset8                            
00002685  memset                                     
000026f9  SystemInit                                 
00002771  Timer_A_generatePWM                        
000027e5  __TI_closefile                             
00002939  HOSTrename                                 
000029a5  HOSTlseek                                  
00002a0d  __TI_decompress_lzss                       
00002a75  printf                                     
00002add  frexp                                      
00002add  frexpl                                     
00002b41  fseek                                      
00002ba5  __TI_wrt_ok                                
00002c09  HOSTopen                                   
00002c69  close                                      
00002cc5  HOSTread                                   
00002d1d  HOSTwrite                                  
00002d75  Motor_Init                                 
00002e25  PORT2_IRQHandler                           
00002e25  PORT2_IRQHandler                           
00002e79  PORT3_IRQHandler                           
00002e79  PORT3_IRQHandler                           
00002ecd  __TI_ltoa                                  
00002f75  GPIO_setAsInputPin                         
00002fc1  __TI_doflush                               
0000300d  atoi                                       
00003059  Motor_Start                                
000030a1  exit                                       
000030e9  __aeabi_d2iz                               
00003131  HOSTclose                                  
00003175  HOSTunlink                                 
000031b9  __TI_auto_init_nobinit_nopinit             
000031fd  getdevice                                  
00003241  GPIO_setAsOutputPin                        
00003281  Motor_Left                                 
000032c1  Motor_Right                                
00003301  Motor_Stop                                 
00003381  __TI_writemsg                              
000033af  C$$IO$$                                    
000033b9  uPrintf                                    
000033f1  strncpy                                    
00003429  UART_transmitData                          
0000345d  __TI_cleanup                               
00003491  __TI_readmsg                               
000034c5  _c_int00_noargs                            
000034f9  GPIO_getInputPinValue                      
00003529  UART_enableInterrupt                       
00003559  UART_receiveData                           
00003589  finddevice                                 
000035b9  __aeabi_i2d                                
000035e9  Timer_A_clearCaptureCompareInterrupt       
00003615  remove                                     
00003615  unlink                                     
00003641  GPIO_clearInterruptFlag                    
00003669  GPIO_enableInterrupt                       
00003691  GPIO_setOutputHighOnPin                    
000036b9  GPIO_setOutputLowOnPin                     
00003709  lseek                                      
00003731  write                                      
00003759  GPIO_getInterruptStatus                    
0000377d  main                                       
0000379d  memchr                                     
000037bd  TA0_0_IRQHandler                           
000037bd  TA0_0_IRQHandler                           
000037d9  __TI_zero_init_nomemset                    
00003811  memccpy                                    
0000382d  copysign                                   
0000382d  copysignl                                  
00003847  strcmp                                     
0000385f  UART_enableModule                          
00003875  strchr                                     
0000388b  strcpy                                     
0000389f  strlen                                     
000038b3  wcslen                                     
000038c5  __TI_decompress_none                       
000038d3  Reset_Handler                              
000038e1  __aeabi_errno_addr                         
000038e9  malloc                                     
000038f9  _system_pre_init                           
000038fd  C$$EXIT                                    
000038fd  abort                                      
00003900  _ctypes_                                   
00003a34  uartConfig                                 
00003af4  __TI_Handler_Table_Base                    
00003b00  __TI_Handler_Table_Limit                   
00003b08  __TI_CINIT_Base                            
00003b18  __TI_CINIT_Limit                           
20000000  __start___llvm_prf_cnts                    
20000000  __stop___llvm_prf_cnts                     
20000000  _sys_memory                                
20000800  _ftable                                    
200008f0  _device                                    
20000968  _stream                                    
200009b8  pwmConfig2                                 
200009d0  pwmConfig                                  
200009e8  commandsM                                  
200009fc  __TI_ft_end                                
20000a00  __aeabi_stdin                              
20000a04  __aeabi_stdout                             
20000a08  __aeabi_stderr                             
20000a0c  __TI_cleanup_ptr                           
20000a10  __TI_dtors_ptr                             
20000a14  __TI_enable_exit_profile_output            
20000a18  _lock                                      
20000a1c  _unlock                                    
20000a34  errno                                      
20000a38  __CIOBUF_                                  
20000b58  __TI_tmpnams                               
20000bf8  parmbuf                                    
20000c00  SR04IntTimes                               
20000c04  i                                          
2000fe00  __stack                                    
20010000  __STACK_END                                
4000480c  WDTCTL_SYM                                 
ffffffff  __TI_pprof_out_hndl                        
ffffffff  __TI_prof_data_size                        
ffffffff  __TI_prof_data_start                       
ffffffff  __binit__                                  
ffffffff  __c_args__                                 
ffffffff  binit                                      
UNDEFED   __mpu_init                                 
UNDEFED   _system_post_cinit                         

[215 symbols]
