******************************************************************************
                  TI ARM Linker PC v20.2.5                     
******************************************************************************
>> Linked Fri Nov 26 01:59:28 2021

OUTPUT FILE NAME:   <Project4.out>
ENTRY POINT SYMBOL: "_c_int00_noargs"  address: 000040c1


MEMORY CONFIGURATION

         name            origin    length      used     unused   attr    fill
----------------------  --------  ---------  --------  --------  ----  --------
  MAIN                  00000000   00040000  00004800  0003b800  R  X
  INFO                  00200000   00004000  00000000  00004000  R  X
  SRAM_CODE             01000000   00010000  00002674  0000d98c  RW X
  SRAM_DATA             20000000   00010000  00002674  0000d98c  RW  


SEGMENT ALLOCATION MAP

run origin  load origin   length   init length attrs members
----------  ----------- ---------- ----------- ----- -------
00000000    00000000    00004800   00004800    r-x
  00000000    00000000    000000e4   000000e4    r-- .intvecs
  000000e4    000000e4    000044bc   000044bc    r-x .text
  000045a0    000045a0    00000178   00000178    r-- .const
  00004718    00004718    000000e8   000000e8    r-- .cinit
20000000    20000000    00002478   00000000    rw-
  20000000    20000000    000019dc   00000000    rw- .bss
  200019e0    200019e0    00000800   00000000    rw- .sysmem
  200021e0    200021e0    00000298   00000000    rw- .data
2000fe00    2000fe00    00000200   00000000    rw-
  2000fe00    2000fe00    00000200   00000000    rw- .stack


SECTION ALLOCATION MAP

 output                                  attributes/
section   page    origin      length       input sections
--------  ----  ----------  ----------   ----------------
.intvecs   0    00000000    000000e4     
                  00000000    000000e4     startup_msp432p401r_ccs.obj (.intvecs:retain)

.text      0    000000e4    000044bc     
                  000000e4    00000a4e     rtsv7M4_T_le_v4SPD16_eabi.lib : _printfi.c.obj (.text:__TI_printfi)
                  00000b32    00000002     startup_msp432p401r_ccs.obj (.text:Default_Handler)
                  00000b34    00000328     wifi.obj (.text:initWifi)
                  00000e5c    00000270     rtsv7M4_T_le_v4SPD16_eabi.lib : _printfi.c.obj (.text:_pconv_a)
                  000010cc    000001d0                                   : _printfi.c.obj (.text:_pconv_g)
                  0000129c    000001b6                                   : fd_add_t2.asm.obj (.text)
                  00001452    00000002                                   : _lock.c.obj (.text:_nop)
                  00001454    0000015c     msp432p4xx_driverlib.lib : pcm.o (.text:__PCM_setPowerModeAdvanced)
                  000015b0    00000158     UART_Driver.obj (.text:UART_Printf)
                  00001708    00000144     msp432p4xx_driverlib.lib : timer_a.o (.text:privateTimer_AProcessClockSourceDivider)
                  0000184c    00000140     UART_Driver.obj (.text:UART_Read)
                  0000198c    0000013c     rtsv7M4_T_le_v4SPD16_eabi.lib : _printfi.c.obj (.text:_pconv_e)
                  00001ac8    00000136                                   : fd_div_t2.asm.obj (.text)
                  00001bfe    00000002                                   : div0.asm.obj (.text)
                  00001c00    00000124                                   : _printfi.c.obj (.text:fcvt)
                  00001d24    0000011c     msp432p4xx_driverlib.lib : uart.o (.text:UART_initModule)
                  00001e40    00000114     rtsv7M4_T_le_v4SPD16_eabi.lib : fputs.c.obj (.text:fputs)
                  00001f54    00000110                                   : s_scalbn.c.obj (.text:scalbn)
                  00002064    00000108     msp432p4xx_driverlib.lib : pcm.o (.text:__PCM_setCoreVoltageLevelAdvanced)
                  0000216c    00000100     rtsv7M4_T_le_v4SPD16_eabi.lib : memory.c.obj (.text:aligned_alloc)
                  0000226c    000000fc                                   : fd_mul_t2.asm.obj (.text)
                  00002368    000000e4                                   : memory.c.obj (.text:free)
                  0000244c    000000dc                                   : setvbuf.c.obj (.text:setvbuf)
                  00002528    000000ba     MSPIO.obj (.text:MSPrintf)
                  000025e2    00000002     --HOLE-- [fill = 0]
                  000025e4    000000b4     ESP8266.obj (.text:EstablishConnection)
                  00002698    000000b1     rtsv7M4_T_le_v4SPD16_eabi.lib : _printfi.c.obj (.text:_ltostr)
                  00002749    00000003     --HOLE-- [fill = 0]
                  0000274c    000000a4     ESP8266.obj (.text:SendData)
                  000027f0    0000009c     UART_Driver.obj (.text:EUSCIA0_IRQHandler)
                  0000288c    0000009c     rtsv7M4_T_le_v4SPD16_eabi.lib : memcpy_t2.asm.obj (.text)
                  00002928    00000096                                   : ull_div_t2.asm.obj (.text)
                  000029be    00000002     --HOLE-- [fill = 0]
                  000029c0    0000008c     ESP8266.obj (.text:ESP8266_WaitForAnswer)
                  00002a4c    0000008c     UART_Driver.obj (.text:EUSCIA2_IRQHandler)
                  00002ad8    0000008c     MSPIO.obj (.text:PrintInteger)
                  00002b64    0000008c     rtsv7M4_T_le_v4SPD16_eabi.lib : fputc.c.obj (.text:fputc)
                  00002bf0    00000088     ultrasonic.obj (.text:getHCSR04Distance)
                  00002c78    00000088     main.obj (.text:main)
                  00002d00    00000086     rtsv7M4_T_le_v4SPD16_eabi.lib : fd_cmp_t2.asm.obj (.text:__aeabi_cdcmple)
                  00002d86    00000086                                   : fd_cmp_t2.asm.obj (.text:__aeabi_cdrcmple)
                  00002e0c    00000084     msp432p4xx_driverlib.lib : gpio.o (.text:GPIO_getEnabledInterruptStatus)
                  00002e90    00000084     wifi.obj (.text:getData)
                  00002f14    00000080     msp432p4xx_driverlib.lib : interrupt.o (.text:Interrupt_enableInterrupt)
                  00002f94    0000007f     main.obj (.text:PORT5_IRQHandler)
                  00003013    00000001     --HOLE-- [fill = 0]
                  00003014    0000007c     ESP8266.obj (.text:ConnectToAP)
                  00003090    0000007a     rtsv7M4_T_le_v4SPD16_eabi.lib : memset_t2.asm.obj (.text)
                  0000310a    00000002     --HOLE-- [fill = 0]
                  0000310c    00000078     system_msp432p401r.obj (.text:SystemInit)
                  00003184    00000074     msp432p4xx_driverlib.lib : timer_a.o (.text:Timer_A_generatePWM)
                  000031f8    00000074     rtsv7M4_T_le_v4SPD16_eabi.lib : fclose.c.obj (.text:__TI_closefile)
                  0000326c    00000070                                   : memory.c.obj (.text:split)
                  000032dc    0000006e                                   : _printfi.c.obj (.text:_mcpy)
                  0000334a    00000002     --HOLE-- [fill = 0]
                  0000334c    0000006e                                   : ltoa.c.obj (.text:ltoa)
                  000033ba    00000002     --HOLE-- [fill = 0]
                  000033bc    0000006c                                   : hostrename.c.obj (.text:HOSTrename)
                  00003428    00000068                                   : hostlseek.c.obj (.text:HOSTlseek)
                  00003490    00000068                                   : copy_decompress_lzss.c.obj (.text:decompress:lzss:__TI_decompress_lzss)
                  000034f8    00000068                                   : printf.c.obj (.text:printf)
                  00003560    00000064     msp432p4xx_driverlib.lib : uart.o (.text:UART_getEnabledInterruptStatus)
                  000035c4    00000064     rtsv7M4_T_le_v4SPD16_eabi.lib : s_frexp.c.obj (.text:frexp)
                  00003628    00000064                                   : fseek.c.obj (.text:fseek)
                  0000368c    00000062                                   : _io_perm.c.obj (.text:__TI_wrt_ok)
                  000036ee    00000002     --HOLE-- [fill = 0]
                  000036f0    00000060                                   : hostopen.c.obj (.text:HOSTopen)
                  00003750    0000005e     msp432p4xx_driverlib.lib : pcm.o (.text:PCM_getCoreVoltageLevel)
                  000037ae    00000002     --HOLE-- [fill = 0]
                  000037b0    0000005c     rtsv7M4_T_le_v4SPD16_eabi.lib : close.c.obj (.text:close)
                  0000380c    0000005a     msp432p4xx_driverlib.lib : pcm.o (.text:PCM_getPowerMode)
                  00003866    00000002     --HOLE-- [fill = 0]
                  00003868    00000058     rtsv7M4_T_le_v4SPD16_eabi.lib : hostread.c.obj (.text:HOSTread)
                  000038c0    00000058                                   : hostwrite.c.obj (.text:HOSTwrite)
                  00003918    00000056                                   : _printfi.c.obj (.text:_pconv_f)
                  0000396e    00000002     --HOLE-- [fill = 0]
                  00003970    00000054     ESP8266.obj (.text:ChangeMode)
                  000039c4    00000054     rtsv7M4_T_le_v4SPD16_eabi.lib : _ltoa.c.obj (.text:__TI_ltoa)
                  00003a18    00000052                                   : _printfi.c.obj (.text:_ecpy)
                  00003a6a    00000002     --HOLE-- [fill = 0]
                  00003a6c    00000050     ESP8266.obj (.text:QueryIP)
                  00003abc    0000004c     msp432p4xx_driverlib.lib : timer_a.o (.text:Timer_A_getCounterValue)
                  00003b08    0000004c     rtsv7M4_T_le_v4SPD16_eabi.lib : fflush.c.obj (.text:__TI_doflush)
                  00003b54    0000004c                                   : atoi.c.obj (.text:atoi)
                  00003ba0    00000048     msp432p4xx_driverlib.lib : flash.o (.text:FlashCtl_setWaitState)
                  00003be8    00000048     UART_Driver.obj (.text:UART_Flush)
                  00003c30    00000048     rtsv7M4_T_le_v4SPD16_eabi.lib : exit.c.obj (.text:exit)
                  00003c78    00000048                                   : fd_toi_t2.asm.obj (.text)
                  00003cc0    00000044                                   : hostclose.c.obj (.text:HOSTclose)
                  00003d04    00000044                                   : hostunlink.c.obj (.text:HOSTunlink)
                  00003d48    00000044                                   : autoinit.c.obj (.text:__TI_auto_init_nobinit_nopinit:__TI_auto_init_nobinit_nopinit)
                  00003d8c    00000044                                   : getdevice.c.obj (.text:getdevice)
                  00003dd0    00000040     msp432p4xx_driverlib.lib : gpio.o (.text:GPIO_setAsOutputPin)
                  00003e10    00000040     UART_Driver.obj (.text:UART_Write)
                  00003e50    00000040     motor.obj (.text:motor_stop)
                  00003e90    00000040     rtsv7M4_T_le_v4SPD16_eabi.lib : sprintf.c.obj (.text:sprintf)
                  00003ed0    0000003e                                   : _printfi.c.obj (.text:_fcpy)
                  00003f0e    00000002     --HOLE-- [fill = 0]
                  00003f10    00000038                                   : trgmsg.c.obj (.text:__TI_writemsg)
                  00003f48    00000038     ultrasonic.obj (.text:getHCSR04Time)
                  00003f80    00000038     rtsv7M4_T_le_v4SPD16_eabi.lib : fs_tod_t2.asm.obj (.text)
                  00003fb8    00000036                                   : strncpy.c.obj (.text:strncpy)
                  00003fee    00000002     --HOLE-- [fill = 0]
                  00003ff0    00000034     msp432p4xx_driverlib.lib : cs.o (.text:CS_setDCOCenteredFrequency)
                  00004024    00000034     ESP8266.obj (.text:ESP8266_HardReset)
                  00004058    00000034     rtsv7M4_T_le_v4SPD16_eabi.lib : fopen.c.obj (.text:__TI_cleanup)
                  0000408c    00000034                                   : trgmsg.c.obj (.text:__TI_readmsg)
                  000040c0    00000034                                   : boot_cortex_m.c.obj (.text:_c_int00_noargs:_c_int00_noargs)
                  000040f4    00000034                                   : strstr.c.obj (.text:strstr)
                  00004128    00000030     msp432p4xx_driverlib.lib : gpio.o (.text:GPIO_getInputPinValue)
                  00004158    00000030     rtsv7M4_T_le_v4SPD16_eabi.lib : getdevice.c.obj (.text:finddevice)
                  00004188    0000002e                                   : i_tofd_t2.asm.obj (.text)
                  000041b6    00000002     --HOLE-- [fill = 0]
                  000041b8    0000002c     msp432p4xx_driverlib.lib : timer_a.o (.text:Timer_A_clearCaptureCompareInterrupt)
                  000041e4    0000002c     rtsv7M4_T_le_v4SPD16_eabi.lib : unlink.c.obj (.text:unlink)
                  00004210    00000028     msp432p4xx_driverlib.lib : gpio.o (.text:GPIO_clearInterruptFlag)
                  00004238    00000028                              : gpio.o (.text:GPIO_enableInterrupt)
                  00004260    00000028                              : gpio.o (.text:GPIO_setOutputHighOnPin)
                  00004288    00000028                              : gpio.o (.text:GPIO_setOutputLowOnPin)
                  000042b0    00000028     rtsv7M4_T_le_v4SPD16_eabi.lib : memory.c.obj (.text:free_list_insert)
                  000042d8    00000028                                   : lseek.c.obj (.text:lseek)
                  00004300    00000028                                   : write.c.obj (.text:write)
                  00004328    00000024     ultrasonic.obj (.text:Delay)
                  0000434c    00000024     msp432p4xx_driverlib.lib : gpio.o (.text:GPIO_getInterruptStatus)
                  00004370    00000022     MSPIO.obj (.text:PrintString)
                  00004392    00000020     rtsv7M4_T_le_v4SPD16_eabi.lib : memchr.c.obj (.text:memchr)
                  000043b2    00000002     --HOLE-- [fill = 0]
                  000043b4    0000001c     ultrasonic.obj (.text:TA0_0_IRQHandler)
                  000043d0    0000001c     rtsv7M4_T_le_v4SPD16_eabi.lib : memory.c.obj (.text:free_list_remove)
                  000043ec    0000001c                                   : memccpy.c.obj (.text:memccpy)
                  00004408    0000001a                                   : s_copysign.c.obj (.text:copysign)
                  00004422    00000002     --HOLE-- [fill = 0]
                  00004424    00000018     msp432p4xx_driverlib.lib : timer_a.o (.text:Timer_A_clearTimer)
                  0000443c    00000018                              : uart.o (.text:UART_getInterruptStatus)
                  00004454    00000018     rtsv7M4_T_le_v4SPD16_eabi.lib : sprintf.c.obj (.text:_outs)
                  0000446c    00000018                                   : strcmp.c.obj (.text:strcmp)
                  00004484    00000016     msp432p4xx_driverlib.lib : timer_a.o (.text:Timer_A_startCounter)
                  0000449a    00000016     rtsv7M4_T_le_v4SPD16_eabi.lib : strchr.c.obj (.text:strchr)
                  000044b0    00000014     msp432p4xx_driverlib.lib : pcm.o (.text:PCM_getPowerState)
                  000044c4    00000014     MSPIO.obj (.text:PrintChar)
                  000044d8    00000014     msp432p4xx_driverlib.lib : timer_a.o (.text:Timer_A_stopTimer)
                  000044ec    00000014     rtsv7M4_T_le_v4SPD16_eabi.lib : strcpy.c.obj (.text:strcpy)
                  00004500    00000014                                   : strlen.c.obj (.text:strlen)
                  00004514    00000012                                   : wcslen.c.obj (.text:wcslen)
                  00004526    00000010     msp432p4xx_driverlib.lib : pcm.o (.text:PCM_setCoreVoltageLevel)
                  00004536    00000010                              : pcm.o (.text:PCM_setPowerMode)
                  00004546    0000000e     rtsv7M4_T_le_v4SPD16_eabi.lib : copy_decompress_none.c.obj (.text:decompress:none:__TI_decompress_none)
                  00004554    0000000c     startup_msp432p401r_ccs.obj (.text:Reset_Handler)
                  00004560    0000000c     rtsv7M4_T_le_v4SPD16_eabi.lib : copy_zero_init.c.obj (.text:decompress:ZI:__TI_zero_init)
                  0000456c    0000000a                                   : sprintf.c.obj (.text:_outc)
                  00004576    00000002     --HOLE-- [fill = 0]
                  00004578    00000008     ESP8266.obj (.text:ESP8266_GetBuffer)
                  00004580    00000008     rtsv7M4_T_le_v4SPD16_eabi.lib : errno.c.obj (.text:__aeabi_errno_addr)
                  00004588    00000008                                   : memory.c.obj (.text:malloc)
                  00004590    00000004                                   : printf.c.obj (.text:_outc)
                  00004594    00000004                                   : printf.c.obj (.text:_outs)
                  00004598    00000004                                   : pre_init.c.obj (.text:_system_pre_init)
                  0000459c    00000004                                   : exit.c.obj (.text:abort:abort)

.const     0    000045a0    00000178     
                  000045a0    00000101     rtsv7M4_T_le_v4SPD16_eabi.lib : ctype.c.obj (.const:.string:_ctypes_)
                  000046a1    00000003     --HOLE-- [fill = 0]
                  000046a4    0000003a     wifi.obj (.const:.string)
                  000046de    00000002     --HOLE-- [fill = 0]
                  000046e0    00000030     msp432p4xx_driverlib.lib : gpio.o (.const:GPIO_PORT_TO_BASE)
                  00004710    00000008                              : interrupt.o (.const:g_pulEnRegs)

.cinit     0    00004718    000000e8     
                  00004718    000000bd     (.cinit..data.load) [load image, compression = lzss]
                  000047d5    00000003     --HOLE-- [fill = 0]
                  000047d8    0000000c     (__TI_handler_table)
                  000047e4    00000004     --HOLE-- [fill = 0]
                  000047e8    00000008     (.cinit..bss.load) [load image, compression = zero_init]
                  000047f0    00000010     (__TI_cinit_table)

.init_array 
*          0    00000000    00000000     UNINITIALIZED

.binit     0    00000000    00000000     

.bss       0    20000000    000019dc     UNINITIALIZED
                  20000000    00000800     (.common:ESP8266_Buffer)
                  20000800    00000800     (.common:UARTA0Data)
                  20001000    00000800     (.common:UARTA2Data)
                  20001800    00000120     rtsv7M4_T_le_v4SPD16_eabi.lib : trgmsg.c.obj (.bss:_CIOBUF_)
                  20001920    000000a0     (.common:__TI_tmpnams)
                  200019c0    00000008     (.common:parmbuf)
                  200019c8    00000004     (.common:SR04IntTimes)
                  200019cc    00000004     (.common:UARTA0ReadIndex)
                  200019d0    00000004     (.common:UARTA0WriteIndex)
                  200019d4    00000004     (.common:UARTA2ReadIndex)
                  200019d8    00000004     (.common:UARTA2WriteIndex)

.sysmem    0    200019e0    00000800     UNINITIALIZED
                  200019e0    00000010     rtsv7M4_T_le_v4SPD16_eabi.lib : memory.c.obj (.sysmem)
                  200019f0    000007f0     --HOLE--

.data      0    200021e0    00000298     UNINITIALIZED
                  200021e0    000000f0     rtsv7M4_T_le_v4SPD16_eabi.lib : defs.c.obj (.data:_ftable)
                  200022d0    00000078                                   : host_device.c.obj (.data:_device)
                  20002348    00000050                                   : host_device.c.obj (.data:_stream)
                  20002398    00000028     wifi.obj (.data:UART0Config)
                  200023c0    00000028     wifi.obj (.data:UART2Config)
                  200023e8    0000001b     wifi.obj (.data:HTTP_Request)
                  20002403    00000001     --HOLE--
                  20002404    00000018     motor.obj (.data:pwmConfig2)
                  2000241c    00000018     motor.obj (.data:pwmConfig)
                  20002434    00000014     wifi.obj (.data)
                  20002448    00000010     rtsv7M4_T_le_v4SPD16_eabi.lib : defs.c.obj (.data)
                  20002458    0000000c                                   : exit.c.obj (.data:$O1$$)
                  20002464    00000008                                   : _lock.c.obj (.data:$O1$$)
                  2000246c    00000008                                   : memory.c.obj (.data:$O1$$)
                  20002474    00000004                                   : errno.c.obj (.data)

.stack     0    2000fe00    00000200     UNINITIALIZED
                  2000fe00    00000004     rtsv7M4_T_le_v4SPD16_eabi.lib : boot_cortex_m.c.obj (.stack)
                  2000fe04    000001fc     --HOLE--

__llvm_prf_cnts 
*          0    20000000    00000000     UNINITIALIZED

MODULE SUMMARY

       Module                        code    ro data   rw data
       ------                        ----    -------   -------
    .\
       ESP8266.obj                   832     0         12320  
       wifi.obj                      940     58        254    
       UART_Driver.obj               1096    0         0      
       MSPIO.obj                     380     0         0      
       main.obj                      263     0         8      
       system_msp432p401r.obj        120     0         0      
    +--+-----------------------------+-------+---------+---------+
       Total:                        3631    58        12582  
                                                              
    .\ccs\
       startup_msp432p401r_ccs.obj   14      228       0      
    +--+-----------------------------+-------+---------+---------+
       Total:                        14      228       0      
                                                              
    .\motor\
       motor.obj                     64      0         96     
    +--+-----------------------------+-------+---------+---------+
       Total:                        64      0         96     
                                                              
    .\ultrasonic\
       ultrasonic.obj                256     0         0      
    +--+-----------------------------+-------+---------+---------+
       Total:                        256     0         0      
                                                              
    C:/ti/simplelink_msp432p4_sdk_3_40_01_02/source/ti/devices/msp432p4xx/driverlib/ccs/msp432p4xx_driverlib.lib
       pcm.o                         848     0         0      
       timer_a.o                     626     0         0      
       gpio.o                        440     48        0      
       uart.o                        408     0         0      
       interrupt.o                   128     8         0      
       flash.o                       72      0         0      
       cs.o                          52      0         0      
    +--+-----------------------------+-------+---------+---------+
       Total:                        2574    56        0      
                                                              
    C:\ti\ccs1100\ccs\tools\compiler\ti-cgt-arm_20.2.5.LTS\lib\rtsv7M4_T_le_v4SPD16_eabi.lib
       _printfi.c.obj                4851    0         0      
       defs.c.obj                    0       0         832    
       memory.c.obj                  672     0         16     
       trgmsg.c.obj                  108     0         576    
       fd_add_t2.asm.obj             438     0         0      
       host_device.c.obj             0       0         400    
       fd_div_t2.asm.obj             310     0         0      
       fputs.c.obj                   276     0         0      
       s_scalbn.c.obj                272     0         0      
       fd_cmp_t2.asm.obj             268     0         0      
       ctype.c.obj                   0       257       0      
       fd_mul_t2.asm.obj             252     0         0      
       setvbuf.c.obj                 220     0         0      
       memcpy_t2.asm.obj             156     0         0      
       ull_div_t2.asm.obj            150     0         0      
       fputc.c.obj                   140     0         0      
       memset_t2.asm.obj             122     0         0      
       fclose.c.obj                  116     0         0      
       getdevice.c.obj               116     0         0      
       hostopen.c.obj                96      0         16     
       printf.c.obj                  112     0         0      
       ltoa.c.obj                    110     0         0      
       hostrename.c.obj              108     0         0      
       copy_decompress_lzss.c.obj    104     0         0      
       hostlseek.c.obj               104     0         0      
       exit.c.obj                    76      0         24     
       fseek.c.obj                   100     0         0      
       s_frexp.c.obj                 100     0         0      
       _io_perm.c.obj                98      0         0      
       sprintf.c.obj                 98      0         0      
       close.c.obj                   92      0         0      
       hostread.c.obj                88      0         0      
       hostwrite.c.obj               88      0         0      
       _ltoa.c.obj                   84      0         0      
       atoi.c.obj                    76      0         0      
       fflush.c.obj                  76      0         0      
       fd_toi_t2.asm.obj             72      0         0      
       autoinit.c.obj                68      0         0      
       hostclose.c.obj               68      0         0      
       hostunlink.c.obj              68      0         0      
       fs_tod_t2.asm.obj             56      0         0      
       strncpy.c.obj                 54      0         0      
       boot_cortex_m.c.obj           52      0         0      
       fopen.c.obj                   52      0         0      
       strstr.c.obj                  52      0         0      
       i_tofd_t2.asm.obj             46      0         0      
       unlink.c.obj                  44      0         0      
       lseek.c.obj                   40      0         0      
       write.c.obj                   40      0         0      
       memchr.c.obj                  32      0         0      
       memccpy.c.obj                 28      0         0      
       s_copysign.c.obj              26      0         0      
       strcmp.c.obj                  24      0         0      
       strchr.c.obj                  22      0         0      
       strcpy.c.obj                  20      0         0      
       strlen.c.obj                  20      0         0      
       _lock.c.obj                   2       0         16     
       wcslen.c.obj                  18      0         0      
       errno.c.obj                   8       0         8      
       copy_decompress_none.c.obj    14      0         0      
       copy_zero_init.c.obj          12      0         0      
       pre_init.c.obj                4       0         0      
       div0.asm.obj                  2       0         0      
    +--+-----------------------------+-------+---------+---------+
       Total:                        11021   257       1888   
                                                              
       Heap:                         0       0         4096   
       Stack:                        0       0         1024   
       Linker Generated:             0       225       0      
    +--+-----------------------------+-------+---------+---------+
       Grand Total:                  17560   824       19686  


LINKER GENERATED COPY TABLES

__TI_cinit_table @ 000047f0 records: 2, size/record: 8, table size: 16
	.data: load addr=00004718, load size=000000bd bytes, run addr=200021e0, run size=00000298 bytes, compression=lzss
	.bss: load addr=000047e8, load size=00000008 bytes, run addr=20000000, run size=000019dc bytes, compression=zero_init


LINKER GENERATED HANDLER TABLE

__TI_handler_table @ 000047d8 records: 3, size/record: 4, table size: 12
	index: 0, handler: __TI_decompress_lzss
	index: 1, handler: __TI_decompress_none
	index: 2, handler: __TI_zero_init


GLOBAL SYMBOLS: SORTED ALPHABETICALLY BY Name 

address   name                                
-------   ----                                
00000b33  ADC14_IRQHandler                    
00000b33  AES256_IRQHandler                   
00000b33  BusFault_Handler                    
0000459d  C$$EXIT                             
00003f3f  C$$IO$$                             
00000b33  COMP_E0_IRQHandler                  
00000b33  COMP_E1_IRQHandler                  
00000b33  CS_IRQHandler                       
00003ff1  CS_setDCOCenteredFrequency          
00003971  ChangeMode                          
00003015  ConnectToAP                         
00000b33  DMA_ERR_IRQHandler                  
00000b33  DMA_INT0_IRQHandler                 
00000b33  DMA_INT1_IRQHandler                 
00000b33  DMA_INT2_IRQHandler                 
00000b33  DMA_INT3_IRQHandler                 
00000b33  DebugMon_Handler                    
00000b33  Default_Handler                     
20000000  ESP8266_Buffer                      
00004579  ESP8266_GetBuffer                   
00004025  ESP8266_HardReset                   
000029c1  ESP8266_WaitForAnswer               
000027f1  EUSCIA0_IRQHandler                  
000027f1  EUSCIA0_IRQHandler                  
00000b33  EUSCIA1_IRQHandler                  
00002a4d  EUSCIA2_IRQHandler                  
00002a4d  EUSCIA2_IRQHandler                  
00000b33  EUSCIA3_IRQHandler                  
00000b33  EUSCIB0_IRQHandler                  
00000b33  EUSCIB1_IRQHandler                  
00000b33  EUSCIB2_IRQHandler                  
00000b33  EUSCIB3_IRQHandler                  
000025e5  EstablishConnection                 
00000b33  FLCTL_IRQHandler                    
00000b33  FPU_IRQHandler                      
00003ba1  FlashCtl_setWaitState               
00004211  GPIO_clearInterruptFlag             
00004239  GPIO_enableInterrupt                
00002e0d  GPIO_getEnabledInterruptStatus      
00004129  GPIO_getInputPinValue               
0000434d  GPIO_getInterruptStatus             
00003dd1  GPIO_setAsOutputPin                 
00004261  GPIO_setOutputHighOnPin             
00004289  GPIO_setOutputLowOnPin              
00003cc1  HOSTclose                           
00003429  HOSTlseek                           
000036f1  HOSTopen                            
00003869  HOSTread                            
000033bd  HOSTrename                          
00003d05  HOSTunlink                          
000038c1  HOSTwrite                           
200023e8  HTTP_Request                        
00000b33  HardFault_Handler                   
00002f15  Interrupt_enableInterrupt           
00002529  MSPrintf                            
00000b33  MemManage_Handler                   
00000b33  NMI_Handler                         
20002440  PATTERN1                            
20002444  PATTERN2                            
00000b33  PCM_IRQHandler                      
00003751  PCM_getCoreVoltageLevel             
0000380d  PCM_getPowerMode                    
000044b1  PCM_getPowerState                   
00004527  PCM_setCoreVoltageLevel             
00004537  PCM_setPowerMode                    
00000b33  PORT1_IRQHandler                    
00000b33  PORT2_IRQHandler                    
00000b33  PORT3_IRQHandler                    
00000b33  PORT4_IRQHandler                    
00002f95  PORT5_IRQHandler                    
00002f95  PORT5_IRQHandler                    
00000b33  PORT6_IRQHandler                    
00000b33  PSS_IRQHandler                      
00000b33  PendSV_Handler                      
000044c5  PrintChar                           
00002ad9  PrintInteger                        
00004371  PrintString                         
00003a6d  QueryIP                             
00000b33  RTC_C_IRQHandler                    
00004555  Reset_Handler                       
200019c8  SR04IntTimes                        
00000b33  SVC_Handler                         
0000274d  SendData                            
00000b33  SysTick_Handler                     
0000310d  SystemInit                          
00000b33  T32_INT1_IRQHandler                 
00000b33  T32_INT2_IRQHandler                 
00000b33  T32_INTC_IRQHandler                 
000043b5  TA0_0_IRQHandler                    
000043b5  TA0_0_IRQHandler                    
00000b33  TA0_N_IRQHandler                    
00000b33  TA1_0_IRQHandler                    
00000b33  TA1_N_IRQHandler                    
00000b33  TA2_0_IRQHandler                    
00000b33  TA2_N_IRQHandler                    
00000b33  TA3_0_IRQHandler                    
00000b33  TA3_N_IRQHandler                    
000041b9  Timer_A_clearCaptureCompareInterrupt
00004425  Timer_A_clearTimer                  
00003185  Timer_A_generatePWM                 
00003abd  Timer_A_getCounterValue             
00004485  Timer_A_startCounter                
000044d9  Timer_A_stopTimer                   
20002398  UART0Config                         
200023c0  UART2Config                         
20000800  UARTA0Data                          
200019cc  UARTA0ReadIndex                     
200019d0  UARTA0WriteIndex                    
20001000  UARTA2Data                          
200019d4  UARTA2ReadIndex                     
200019d8  UARTA2WriteIndex                    
00003be9  UART_Flush                          
000015b1  UART_Printf                         
0000184d  UART_Read                           
00003e11  UART_Write                          
00003561  UART_getEnabledInterruptStatus      
0000443d  UART_getInterruptStatus             
00001d25  UART_initModule                     
00000b33  UsageFault_Handler                  
4000480c  WDTCTL_SYM                          
00000b33  WDT_A_IRQHandler                    
20001800  __CIOBUF_                           
20010000  __STACK_END                         
00000200  __STACK_SIZE                        
00000800  __SYSMEM_SIZE                       
000047f0  __TI_CINIT_Base                     
00004800  __TI_CINIT_Limit                    
000047d8  __TI_Handler_Table_Base             
000047e4  __TI_Handler_Table_Limit            
00003d49  __TI_auto_init_nobinit_nopinit      
00004059  __TI_cleanup                        
20002458  __TI_cleanup_ptr                    
000031f9  __TI_closefile                      
00003491  __TI_decompress_lzss                
00004547  __TI_decompress_none                
00003b09  __TI_doflush                        
2000245c  __TI_dtors_ptr                      
20002460  __TI_enable_exit_profile_output     
20002448  __TI_ft_end                         
000039c5  __TI_ltoa                           
ffffffff  __TI_pprof_out_hndl                 
000000e5  __TI_printfi                        
ffffffff  __TI_prof_data_size                 
ffffffff  __TI_prof_data_start                
0000408d  __TI_readmsg                        
00000000  __TI_static_base__                  
20001920  __TI_tmpnams                        
00003f11  __TI_writemsg                       
0000368d  __TI_wrt_ok                         
00004561  __TI_zero_init                      
00002d01  __aeabi_cdcmpeq                     
00002d01  __aeabi_cdcmple                     
00002d87  __aeabi_cdrcmple                    
00003c79  __aeabi_d2iz                        
000012a7  __aeabi_dadd                        
00001ac9  __aeabi_ddiv                        
0000226d  __aeabi_dmul                        
0000129d  __aeabi_dsub                        
00004581  __aeabi_errno_addr                  
00003f81  __aeabi_f2d                         
00004189  __aeabi_i2d                         
00001bff  __aeabi_idiv0                       
00001bff  __aeabi_ldiv0                       
00003091  __aeabi_memclr                      
00003091  __aeabi_memclr4                     
00003091  __aeabi_memclr8                     
0000288d  __aeabi_memcpy                      
0000288d  __aeabi_memcpy4                     
0000288d  __aeabi_memcpy8                     
00003093  __aeabi_memset                      
00003093  __aeabi_memset4                     
00003093  __aeabi_memset8                     
20002454  __aeabi_stderr                      
2000244c  __aeabi_stdin                       
20002450  __aeabi_stdout                      
00002929  __aeabi_uldivmod                    
ffffffff  __binit__                           
ffffffff  __c_args__                          
UNDEFED   __mpu_init                          
2000fe00  __stack                             
20000000  __start___llvm_prf_cnts             
20000000  __stop___llvm_prf_cnts              
000040c1  _c_int00_noargs                     
000045a0  _ctypes_                            
200022d0  _device                             
200021e0  _ftable                             
20002464  _lock                               
00001453  _nop                                
20002348  _stream                             
200019e0  _sys_memory                         
UNDEFED   _system_post_cinit                  
00004599  _system_pre_init                    
20002468  _unlock                             
0000459d  abort                               
0000216d  aligned_alloc                       
00003b55  atoi                                
ffffffff  binit                               
000037b1  close                               
00004409  copysign                            
00004409  copysignl                           
20002474  errno                               
00003c31  exit                                
00004159  finddevice                          
00002b65  fputc                               
00001e41  fputs                               
00002369  free                                
000035c5  frexp                               
000035c5  frexpl                              
00003629  fseek                               
00002e91  getData                             
00002bf1  getHCSR04Distance                   
00003d8d  getdevice                           
00000b35  initWifi                            
00000000  interruptVectors                    
00001f55  ldexp                               
00001f55  ldexpl                              
000042d9  lseek                               
0000334d  ltoa                                
00002c79  main                                
00004589  malloc                              
0000216d  memalign                            
000043ed  memccpy                             
00004393  memchr                              
0000288d  memcpy                              
00003099  memset                              
00003e51  motor_stop                          
200019c0  parmbuf                             
20002438  password                            
000034f9  printf                              
00002b65  putc                                
2000241c  pwmConfig                           
20002404  pwmConfig2                          
000041e5  remove                              
00001f55  scalbn                              
00001f55  scalbnl                             
0000244d  setvbuf                             
00003e91  sprintf                             
0000449b  strchr                              
0000446d  strcmp                              
000044ed  strcpy                              
00004501  strlen                              
00003fb9  strncpy                             
000040f5  strstr                              
000041e5  unlink                              
2000243c  url                                 
20002434  username                            
00004515  wcslen                              
00004301  write                               


GLOBAL SYMBOLS: SORTED BY Symbol Address 

address   name                                
-------   ----                                
00000000  __TI_static_base__                  
00000000  interruptVectors                    
000000e5  __TI_printfi                        
00000200  __STACK_SIZE                        
00000800  __SYSMEM_SIZE                       
00000b33  ADC14_IRQHandler                    
00000b33  AES256_IRQHandler                   
00000b33  BusFault_Handler                    
00000b33  COMP_E0_IRQHandler                  
00000b33  COMP_E1_IRQHandler                  
00000b33  CS_IRQHandler                       
00000b33  DMA_ERR_IRQHandler                  
00000b33  DMA_INT0_IRQHandler                 
00000b33  DMA_INT1_IRQHandler                 
00000b33  DMA_INT2_IRQHandler                 
00000b33  DMA_INT3_IRQHandler                 
00000b33  DebugMon_Handler                    
00000b33  Default_Handler                     
00000b33  EUSCIA1_IRQHandler                  
00000b33  EUSCIA3_IRQHandler                  
00000b33  EUSCIB0_IRQHandler                  
00000b33  EUSCIB1_IRQHandler                  
00000b33  EUSCIB2_IRQHandler                  
00000b33  EUSCIB3_IRQHandler                  
00000b33  FLCTL_IRQHandler                    
00000b33  FPU_IRQHandler                      
00000b33  HardFault_Handler                   
00000b33  MemManage_Handler                   
00000b33  NMI_Handler                         
00000b33  PCM_IRQHandler                      
00000b33  PORT1_IRQHandler                    
00000b33  PORT2_IRQHandler                    
00000b33  PORT3_IRQHandler                    
00000b33  PORT4_IRQHandler                    
00000b33  PORT6_IRQHandler                    
00000b33  PSS_IRQHandler                      
00000b33  PendSV_Handler                      
00000b33  RTC_C_IRQHandler                    
00000b33  SVC_Handler                         
00000b33  SysTick_Handler                     
00000b33  T32_INT1_IRQHandler                 
00000b33  T32_INT2_IRQHandler                 
00000b33  T32_INTC_IRQHandler                 
00000b33  TA0_N_IRQHandler                    
00000b33  TA1_0_IRQHandler                    
00000b33  TA1_N_IRQHandler                    
00000b33  TA2_0_IRQHandler                    
00000b33  TA2_N_IRQHandler                    
00000b33  TA3_0_IRQHandler                    
00000b33  TA3_N_IRQHandler                    
00000b33  UsageFault_Handler                  
00000b33  WDT_A_IRQHandler                    
00000b35  initWifi                            
0000129d  __aeabi_dsub                        
000012a7  __aeabi_dadd                        
00001453  _nop                                
000015b1  UART_Printf                         
0000184d  UART_Read                           
00001ac9  __aeabi_ddiv                        
00001bff  __aeabi_idiv0                       
00001bff  __aeabi_ldiv0                       
00001d25  UART_initModule                     
00001e41  fputs                               
00001f55  ldexp                               
00001f55  ldexpl                              
00001f55  scalbn                              
00001f55  scalbnl                             
0000216d  aligned_alloc                       
0000216d  memalign                            
0000226d  __aeabi_dmul                        
00002369  free                                
0000244d  setvbuf                             
00002529  MSPrintf                            
000025e5  EstablishConnection                 
0000274d  SendData                            
000027f1  EUSCIA0_IRQHandler                  
000027f1  EUSCIA0_IRQHandler                  
0000288d  __aeabi_memcpy                      
0000288d  __aeabi_memcpy4                     
0000288d  __aeabi_memcpy8                     
0000288d  memcpy                              
00002929  __aeabi_uldivmod                    
000029c1  ESP8266_WaitForAnswer               
00002a4d  EUSCIA2_IRQHandler                  
00002a4d  EUSCIA2_IRQHandler                  
00002ad9  PrintInteger                        
00002b65  fputc                               
00002b65  putc                                
00002bf1  getHCSR04Distance                   
00002c79  main                                
00002d01  __aeabi_cdcmpeq                     
00002d01  __aeabi_cdcmple                     
00002d87  __aeabi_cdrcmple                    
00002e0d  GPIO_getEnabledInterruptStatus      
00002e91  getData                             
00002f15  Interrupt_enableInterrupt           
00002f95  PORT5_IRQHandler                    
00002f95  PORT5_IRQHandler                    
00003015  ConnectToAP                         
00003091  __aeabi_memclr                      
00003091  __aeabi_memclr4                     
00003091  __aeabi_memclr8                     
00003093  __aeabi_memset                      
00003093  __aeabi_memset4                     
00003093  __aeabi_memset8                     
00003099  memset                              
0000310d  SystemInit                          
00003185  Timer_A_generatePWM                 
000031f9  __TI_closefile                      
0000334d  ltoa                                
000033bd  HOSTrename                          
00003429  HOSTlseek                           
00003491  __TI_decompress_lzss                
000034f9  printf                              
00003561  UART_getEnabledInterruptStatus      
000035c5  frexp                               
000035c5  frexpl                              
00003629  fseek                               
0000368d  __TI_wrt_ok                         
000036f1  HOSTopen                            
00003751  PCM_getCoreVoltageLevel             
000037b1  close                               
0000380d  PCM_getPowerMode                    
00003869  HOSTread                            
000038c1  HOSTwrite                           
00003971  ChangeMode                          
000039c5  __TI_ltoa                           
00003a6d  QueryIP                             
00003abd  Timer_A_getCounterValue             
00003b09  __TI_doflush                        
00003b55  atoi                                
00003ba1  FlashCtl_setWaitState               
00003be9  UART_Flush                          
00003c31  exit                                
00003c79  __aeabi_d2iz                        
00003cc1  HOSTclose                           
00003d05  HOSTunlink                          
00003d49  __TI_auto_init_nobinit_nopinit      
00003d8d  getdevice                           
00003dd1  GPIO_setAsOutputPin                 
00003e11  UART_Write                          
00003e51  motor_stop                          
00003e91  sprintf                             
00003f11  __TI_writemsg                       
00003f3f  C$$IO$$                             
00003f81  __aeabi_f2d                         
00003fb9  strncpy                             
00003ff1  CS_setDCOCenteredFrequency          
00004025  ESP8266_HardReset                   
00004059  __TI_cleanup                        
0000408d  __TI_readmsg                        
000040c1  _c_int00_noargs                     
000040f5  strstr                              
00004129  GPIO_getInputPinValue               
00004159  finddevice                          
00004189  __aeabi_i2d                         
000041b9  Timer_A_clearCaptureCompareInterrupt
000041e5  remove                              
000041e5  unlink                              
00004211  GPIO_clearInterruptFlag             
00004239  GPIO_enableInterrupt                
00004261  GPIO_setOutputHighOnPin             
00004289  GPIO_setOutputLowOnPin              
000042d9  lseek                               
00004301  write                               
0000434d  GPIO_getInterruptStatus             
00004371  PrintString                         
00004393  memchr                              
000043b5  TA0_0_IRQHandler                    
000043b5  TA0_0_IRQHandler                    
000043ed  memccpy                             
00004409  copysign                            
00004409  copysignl                           
00004425  Timer_A_clearTimer                  
0000443d  UART_getInterruptStatus             
0000446d  strcmp                              
00004485  Timer_A_startCounter                
0000449b  strchr                              
000044b1  PCM_getPowerState                   
000044c5  PrintChar                           
000044d9  Timer_A_stopTimer                   
000044ed  strcpy                              
00004501  strlen                              
00004515  wcslen                              
00004527  PCM_setCoreVoltageLevel             
00004537  PCM_setPowerMode                    
00004547  __TI_decompress_none                
00004555  Reset_Handler                       
00004561  __TI_zero_init                      
00004579  ESP8266_GetBuffer                   
00004581  __aeabi_errno_addr                  
00004589  malloc                              
00004599  _system_pre_init                    
0000459d  C$$EXIT                             
0000459d  abort                               
000045a0  _ctypes_                            
000047d8  __TI_Handler_Table_Base             
000047e4  __TI_Handler_Table_Limit            
000047f0  __TI_CINIT_Base                     
00004800  __TI_CINIT_Limit                    
20000000  ESP8266_Buffer                      
20000000  __start___llvm_prf_cnts             
20000000  __stop___llvm_prf_cnts              
20000800  UARTA0Data                          
20001000  UARTA2Data                          
20001800  __CIOBUF_                           
20001920  __TI_tmpnams                        
200019c0  parmbuf                             
200019c8  SR04IntTimes                        
200019cc  UARTA0ReadIndex                     
200019d0  UARTA0WriteIndex                    
200019d4  UARTA2ReadIndex                     
200019d8  UARTA2WriteIndex                    
200019e0  _sys_memory                         
200021e0  _ftable                             
200022d0  _device                             
20002348  _stream                             
20002398  UART0Config                         
200023c0  UART2Config                         
200023e8  HTTP_Request                        
20002404  pwmConfig2                          
2000241c  pwmConfig                           
20002434  username                            
20002438  password                            
2000243c  url                                 
20002440  PATTERN1                            
20002444  PATTERN2                            
20002448  __TI_ft_end                         
2000244c  __aeabi_stdin                       
20002450  __aeabi_stdout                      
20002454  __aeabi_stderr                      
20002458  __TI_cleanup_ptr                    
2000245c  __TI_dtors_ptr                      
20002460  __TI_enable_exit_profile_output     
20002464  _lock                               
20002468  _unlock                             
20002474  errno                               
2000fe00  __stack                             
20010000  __STACK_END                         
4000480c  WDTCTL_SYM                          
ffffffff  __TI_pprof_out_hndl                 
ffffffff  __TI_prof_data_size                 
ffffffff  __TI_prof_data_start                
ffffffff  __binit__                           
ffffffff  __c_args__                          
ffffffff  binit                               
UNDEFED   __mpu_init                          
UNDEFED   _system_post_cinit                  

[248 symbols]
