<?xml version="1.0" encoding="ISO-8859-1" ?>
<link_info>
   <banner>TI ARM Linker PC v20.2.5.LTS</banner>
   <copyright>Copyright (c) 1996-2018 Texas Instruments Incorporated</copyright>
   <link_time>0x61a0b3da</link_time>
   <link_errors>0x0</link_errors>
   <output_file>Project4.out</output_file>
   <entry_point>
      <name>_c_int00_noargs</name>
      <address>0x4a55</address>
   </entry_point>
   <input_file_list>
      <input_file id="fl-2">
         <path>.\</path>
         <kind>object</kind>
         <file>ESP8266.obj</file>
         <name>ESP8266.obj</name>
      </input_file>
      <input_file id="fl-3">
         <path>.\</path>
         <kind>object</kind>
         <file>MSPIO.obj</file>
         <name>MSPIO.obj</name>
      </input_file>
      <input_file id="fl-4">
         <path>.\</path>
         <kind>object</kind>
         <file>UART_Driver.obj</file>
         <name>UART_Driver.obj</name>
      </input_file>
      <input_file id="fl-5">
         <path>.\</path>
         <kind>object</kind>
         <file>main.obj</file>
         <name>main.obj</name>
      </input_file>
      <input_file id="fl-6">
         <path>.\</path>
         <kind>object</kind>
         <file>system_msp432p401r.obj</file>
         <name>system_msp432p401r.obj</name>
      </input_file>
      <input_file id="fl-7">
         <path>.\</path>
         <kind>object</kind>
         <file>wifi.obj</file>
         <name>wifi.obj</name>
      </input_file>
      <input_file id="fl-8">
         <path>.\ccs\</path>
         <kind>object</kind>
         <file>startup_msp432p401r_ccs.obj</file>
         <name>startup_msp432p401r_ccs.obj</name>
      </input_file>
      <input_file id="fl-9">
         <path>.\encoder\</path>
         <kind>object</kind>
         <file>encoder.obj</file>
         <name>encoder.obj</name>
      </input_file>
      <input_file id="fl-a">
         <path>.\motor\</path>
         <kind>object</kind>
         <file>motor.obj</file>
         <name>motor.obj</name>
      </input_file>
      <input_file id="fl-b">
         <path>.\ultrasonic\</path>
         <kind>object</kind>
         <file>ultrasonic.obj</file>
         <name>ultrasonic.obj</name>
      </input_file>
      <input_file id="fl-15">
         <kind>object</kind>
         <file>&lt;internal&gt;</file>
         <name>&lt;internal&gt;</name>
      </input_file>
      <input_file id="fl-16">
         <path>C:\ti\simplelink_msp432p4_sdk_3_40_01_02\source\ti\devices\msp432p4xx\driverlib\ccs\</path>
         <kind>archive</kind>
         <file>msp432p4xx_driverlib.lib</file>
         <name>cs.o</name>
      </input_file>
      <input_file id="fl-17">
         <path>C:\ti\simplelink_msp432p4_sdk_3_40_01_02\source\ti\devices\msp432p4xx\driverlib\ccs\</path>
         <kind>archive</kind>
         <file>msp432p4xx_driverlib.lib</file>
         <name>flash.o</name>
      </input_file>
      <input_file id="fl-18">
         <path>C:\ti\simplelink_msp432p4_sdk_3_40_01_02\source\ti\devices\msp432p4xx\driverlib\ccs\</path>
         <kind>archive</kind>
         <file>msp432p4xx_driverlib.lib</file>
         <name>gpio.o</name>
      </input_file>
      <input_file id="fl-19">
         <path>C:\ti\simplelink_msp432p4_sdk_3_40_01_02\source\ti\devices\msp432p4xx\driverlib\ccs\</path>
         <kind>archive</kind>
         <file>msp432p4xx_driverlib.lib</file>
         <name>interrupt.o</name>
      </input_file>
      <input_file id="fl-1a">
         <path>C:\ti\simplelink_msp432p4_sdk_3_40_01_02\source\ti\devices\msp432p4xx\driverlib\ccs\</path>
         <kind>archive</kind>
         <file>msp432p4xx_driverlib.lib</file>
         <name>pcm.o</name>
      </input_file>
      <input_file id="fl-1b">
         <path>C:\ti\simplelink_msp432p4_sdk_3_40_01_02\source\ti\devices\msp432p4xx\driverlib\ccs\</path>
         <kind>archive</kind>
         <file>msp432p4xx_driverlib.lib</file>
         <name>rtc_c.o</name>
      </input_file>
      <input_file id="fl-1c">
         <path>C:\ti\simplelink_msp432p4_sdk_3_40_01_02\source\ti\devices\msp432p4xx\driverlib\ccs\</path>
         <kind>archive</kind>
         <file>msp432p4xx_driverlib.lib</file>
         <name>sysctl.o</name>
      </input_file>
      <input_file id="fl-1d">
         <path>C:\ti\simplelink_msp432p4_sdk_3_40_01_02\source\ti\devices\msp432p4xx\driverlib\ccs\</path>
         <kind>archive</kind>
         <file>msp432p4xx_driverlib.lib</file>
         <name>sysctl_a.o</name>
      </input_file>
      <input_file id="fl-1e">
         <path>C:\ti\simplelink_msp432p4_sdk_3_40_01_02\source\ti\devices\msp432p4xx\driverlib\ccs\</path>
         <kind>archive</kind>
         <file>msp432p4xx_driverlib.lib</file>
         <name>timer_a.o</name>
      </input_file>
      <input_file id="fl-1f">
         <path>C:\ti\simplelink_msp432p4_sdk_3_40_01_02\source\ti\devices\msp432p4xx\driverlib\ccs\</path>
         <kind>archive</kind>
         <file>msp432p4xx_driverlib.lib</file>
         <name>uart.o</name>
      </input_file>
      <input_file id="fl-20">
         <path>C:\ti\simplelink_msp432p4_sdk_3_40_01_02\source\ti\devices\msp432p4xx\driverlib\ccs\</path>
         <kind>archive</kind>
         <file>msp432p4xx_driverlib.lib</file>
         <name>wdt_a.o</name>
      </input_file>
      <input_file id="fl-21">
         <path>C:\ti\simplelink_msp432p4_sdk_3_40_01_02\source\ti\devices\msp432p4xx\driverlib\ccs\</path>
         <kind>archive</kind>
         <file>msp432p4xx_driverlib.lib</file>
         <name>cpu.o</name>
      </input_file>
      <input_file id="fl-d7">
         <path>C:\ti\ccs1100\ccs\tools\compiler\ti-cgt-arm_20.2.5.LTS\lib\</path>
         <kind>archive</kind>
         <file>rtsv7M4_T_le_v4SPD16_eabi.lib</file>
         <name>printf.c.obj</name>
      </input_file>
      <input_file id="fl-d8">
         <path>C:\ti\ccs1100\ccs\tools\compiler\ti-cgt-arm_20.2.5.LTS\lib\</path>
         <kind>archive</kind>
         <file>rtsv7M4_T_le_v4SPD16_eabi.lib</file>
         <name>_printfi.c.obj</name>
      </input_file>
      <input_file id="fl-d9">
         <path>C:\ti\ccs1100\ccs\tools\compiler\ti-cgt-arm_20.2.5.LTS\lib\</path>
         <kind>archive</kind>
         <file>rtsv7M4_T_le_v4SPD16_eabi.lib</file>
         <name>sprintf.c.obj</name>
      </input_file>
      <input_file id="fl-da">
         <path>C:\ti\ccs1100\ccs\tools\compiler\ti-cgt-arm_20.2.5.LTS\lib\</path>
         <kind>archive</kind>
         <file>rtsv7M4_T_le_v4SPD16_eabi.lib</file>
         <name>fputc.c.obj</name>
      </input_file>
      <input_file id="fl-db">
         <path>C:\ti\ccs1100\ccs\tools\compiler\ti-cgt-arm_20.2.5.LTS\lib\</path>
         <kind>archive</kind>
         <file>rtsv7M4_T_le_v4SPD16_eabi.lib</file>
         <name>fputs.c.obj</name>
      </input_file>
      <input_file id="fl-dc">
         <path>C:\ti\ccs1100\ccs\tools\compiler\ti-cgt-arm_20.2.5.LTS\lib\</path>
         <kind>archive</kind>
         <file>rtsv7M4_T_le_v4SPD16_eabi.lib</file>
         <name>_io_perm.c.obj</name>
      </input_file>
      <input_file id="fl-dd">
         <path>C:\ti\ccs1100\ccs\tools\compiler\ti-cgt-arm_20.2.5.LTS\lib\</path>
         <kind>archive</kind>
         <file>rtsv7M4_T_le_v4SPD16_eabi.lib</file>
         <name>setvbuf.c.obj</name>
      </input_file>
      <input_file id="fl-de">
         <path>C:\ti\ccs1100\ccs\tools\compiler\ti-cgt-arm_20.2.5.LTS\lib\</path>
         <kind>archive</kind>
         <file>rtsv7M4_T_le_v4SPD16_eabi.lib</file>
         <name>s_frexp.c.obj</name>
      </input_file>
      <input_file id="fl-df">
         <path>C:\ti\ccs1100\ccs\tools\compiler\ti-cgt-arm_20.2.5.LTS\lib\</path>
         <kind>archive</kind>
         <file>rtsv7M4_T_le_v4SPD16_eabi.lib</file>
         <name>s_scalbn.c.obj</name>
      </input_file>
      <input_file id="fl-e0">
         <path>C:\ti\ccs1100\ccs\tools\compiler\ti-cgt-arm_20.2.5.LTS\lib\</path>
         <kind>archive</kind>
         <file>rtsv7M4_T_le_v4SPD16_eabi.lib</file>
         <name>wcslen.c.obj</name>
      </input_file>
      <input_file id="fl-e1">
         <path>C:\ti\ccs1100\ccs\tools\compiler\ti-cgt-arm_20.2.5.LTS\lib\</path>
         <kind>archive</kind>
         <file>rtsv7M4_T_le_v4SPD16_eabi.lib</file>
         <name>fd_add_t2.asm.obj</name>
      </input_file>
      <input_file id="fl-e2">
         <path>C:\ti\ccs1100\ccs\tools\compiler\ti-cgt-arm_20.2.5.LTS\lib\</path>
         <kind>archive</kind>
         <file>rtsv7M4_T_le_v4SPD16_eabi.lib</file>
         <name>fd_cmp_t2.asm.obj</name>
      </input_file>
      <input_file id="fl-e3">
         <path>C:\ti\ccs1100\ccs\tools\compiler\ti-cgt-arm_20.2.5.LTS\lib\</path>
         <kind>archive</kind>
         <file>rtsv7M4_T_le_v4SPD16_eabi.lib</file>
         <name>fd_div_t2.asm.obj</name>
      </input_file>
      <input_file id="fl-e4">
         <path>C:\ti\ccs1100\ccs\tools\compiler\ti-cgt-arm_20.2.5.LTS\lib\</path>
         <kind>archive</kind>
         <file>rtsv7M4_T_le_v4SPD16_eabi.lib</file>
         <name>fd_mul_t2.asm.obj</name>
      </input_file>
      <input_file id="fl-e5">
         <path>C:\ti\ccs1100\ccs\tools\compiler\ti-cgt-arm_20.2.5.LTS\lib\</path>
         <kind>archive</kind>
         <file>rtsv7M4_T_le_v4SPD16_eabi.lib</file>
         <name>fd_toi_t2.asm.obj</name>
      </input_file>
      <input_file id="fl-e6">
         <path>C:\ti\ccs1100\ccs\tools\compiler\ti-cgt-arm_20.2.5.LTS\lib\</path>
         <kind>archive</kind>
         <file>rtsv7M4_T_le_v4SPD16_eabi.lib</file>
         <name>fs_tod_t2.asm.obj</name>
      </input_file>
      <input_file id="fl-e7">
         <path>C:\ti\ccs1100\ccs\tools\compiler\ti-cgt-arm_20.2.5.LTS\lib\</path>
         <kind>archive</kind>
         <file>rtsv7M4_T_le_v4SPD16_eabi.lib</file>
         <name>i_tofd_t2.asm.obj</name>
      </input_file>
      <input_file id="fl-e8">
         <path>C:\ti\ccs1100\ccs\tools\compiler\ti-cgt-arm_20.2.5.LTS\lib\</path>
         <kind>archive</kind>
         <file>rtsv7M4_T_le_v4SPD16_eabi.lib</file>
         <name>memcpy_t2.asm.obj</name>
      </input_file>
      <input_file id="fl-e9">
         <path>C:\ti\ccs1100\ccs\tools\compiler\ti-cgt-arm_20.2.5.LTS\lib\</path>
         <kind>archive</kind>
         <file>rtsv7M4_T_le_v4SPD16_eabi.lib</file>
         <name>ull_div_t2.asm.obj</name>
      </input_file>
      <input_file id="fl-ea">
         <path>C:\ti\ccs1100\ccs\tools\compiler\ti-cgt-arm_20.2.5.LTS\lib\</path>
         <kind>archive</kind>
         <file>rtsv7M4_T_le_v4SPD16_eabi.lib</file>
         <name>memset_t2.asm.obj</name>
      </input_file>
      <input_file id="fl-eb">
         <path>C:\ti\ccs1100\ccs\tools\compiler\ti-cgt-arm_20.2.5.LTS\lib\</path>
         <kind>archive</kind>
         <file>rtsv7M4_T_le_v4SPD16_eabi.lib</file>
         <name>copy_zero_init.c.obj</name>
      </input_file>
      <input_file id="fl-ec">
         <path>C:\ti\ccs1100\ccs\tools\compiler\ti-cgt-arm_20.2.5.LTS\lib\</path>
         <kind>archive</kind>
         <file>rtsv7M4_T_le_v4SPD16_eabi.lib</file>
         <name>copy_decompress_none.c.obj</name>
      </input_file>
      <input_file id="fl-ed">
         <path>C:\ti\ccs1100\ccs\tools\compiler\ti-cgt-arm_20.2.5.LTS\lib\</path>
         <kind>archive</kind>
         <file>rtsv7M4_T_le_v4SPD16_eabi.lib</file>
         <name>copy_decompress_lzss.c.obj</name>
      </input_file>
      <input_file id="fl-ee">
         <path>C:\ti\ccs1100\ccs\tools\compiler\ti-cgt-arm_20.2.5.LTS\lib\</path>
         <kind>archive</kind>
         <file>rtsv7M4_T_le_v4SPD16_eabi.lib</file>
         <name>exit.c.obj</name>
      </input_file>
      <input_file id="fl-ef">
         <path>C:\ti\ccs1100\ccs\tools\compiler\ti-cgt-arm_20.2.5.LTS\lib\</path>
         <kind>archive</kind>
         <file>rtsv7M4_T_le_v4SPD16_eabi.lib</file>
         <name>_lock.c.obj</name>
      </input_file>
      <input_file id="fl-f0">
         <path>C:\ti\ccs1100\ccs\tools\compiler\ti-cgt-arm_20.2.5.LTS\lib\</path>
         <kind>archive</kind>
         <file>rtsv7M4_T_le_v4SPD16_eabi.lib</file>
         <name>_ltoa.c.obj</name>
      </input_file>
      <input_file id="fl-f1">
         <path>C:\ti\ccs1100\ccs\tools\compiler\ti-cgt-arm_20.2.5.LTS\lib\</path>
         <kind>archive</kind>
         <file>rtsv7M4_T_le_v4SPD16_eabi.lib</file>
         <name>atoi.c.obj</name>
      </input_file>
      <input_file id="fl-f2">
         <path>C:\ti\ccs1100\ccs\tools\compiler\ti-cgt-arm_20.2.5.LTS\lib\</path>
         <kind>archive</kind>
         <file>rtsv7M4_T_le_v4SPD16_eabi.lib</file>
         <name>ctype.c.obj</name>
      </input_file>
      <input_file id="fl-f3">
         <path>C:\ti\ccs1100\ccs\tools\compiler\ti-cgt-arm_20.2.5.LTS\lib\</path>
         <kind>archive</kind>
         <file>rtsv7M4_T_le_v4SPD16_eabi.lib</file>
         <name>defs.c.obj</name>
      </input_file>
      <input_file id="fl-f4">
         <path>C:\ti\ccs1100\ccs\tools\compiler\ti-cgt-arm_20.2.5.LTS\lib\</path>
         <kind>archive</kind>
         <file>rtsv7M4_T_le_v4SPD16_eabi.lib</file>
         <name>ltoa.c.obj</name>
      </input_file>
      <input_file id="fl-f5">
         <path>C:\ti\ccs1100\ccs\tools\compiler\ti-cgt-arm_20.2.5.LTS\lib\</path>
         <kind>archive</kind>
         <file>rtsv7M4_T_le_v4SPD16_eabi.lib</file>
         <name>memccpy.c.obj</name>
      </input_file>
      <input_file id="fl-f6">
         <path>C:\ti\ccs1100\ccs\tools\compiler\ti-cgt-arm_20.2.5.LTS\lib\</path>
         <kind>archive</kind>
         <file>rtsv7M4_T_le_v4SPD16_eabi.lib</file>
         <name>memchr.c.obj</name>
      </input_file>
      <input_file id="fl-f7">
         <path>C:\ti\ccs1100\ccs\tools\compiler\ti-cgt-arm_20.2.5.LTS\lib\</path>
         <kind>archive</kind>
         <file>rtsv7M4_T_le_v4SPD16_eabi.lib</file>
         <name>memory.c.obj</name>
      </input_file>
      <input_file id="fl-f8">
         <path>C:\ti\ccs1100\ccs\tools\compiler\ti-cgt-arm_20.2.5.LTS\lib\</path>
         <kind>archive</kind>
         <file>rtsv7M4_T_le_v4SPD16_eabi.lib</file>
         <name>strchr.c.obj</name>
      </input_file>
      <input_file id="fl-f9">
         <path>C:\ti\ccs1100\ccs\tools\compiler\ti-cgt-arm_20.2.5.LTS\lib\</path>
         <kind>archive</kind>
         <file>rtsv7M4_T_le_v4SPD16_eabi.lib</file>
         <name>strcpy.c.obj</name>
      </input_file>
      <input_file id="fl-fa">
         <path>C:\ti\ccs1100\ccs\tools\compiler\ti-cgt-arm_20.2.5.LTS\lib\</path>
         <kind>archive</kind>
         <file>rtsv7M4_T_le_v4SPD16_eabi.lib</file>
         <name>strlen.c.obj</name>
      </input_file>
      <input_file id="fl-fb">
         <path>C:\ti\ccs1100\ccs\tools\compiler\ti-cgt-arm_20.2.5.LTS\lib\</path>
         <kind>archive</kind>
         <file>rtsv7M4_T_le_v4SPD16_eabi.lib</file>
         <name>strstr.c.obj</name>
      </input_file>
      <input_file id="fl-fc">
         <path>C:\ti\ccs1100\ccs\tools\compiler\ti-cgt-arm_20.2.5.LTS\lib\</path>
         <kind>archive</kind>
         <file>rtsv7M4_T_le_v4SPD16_eabi.lib</file>
         <name>errno.c.obj</name>
      </input_file>
      <input_file id="fl-fd">
         <path>C:\ti\ccs1100\ccs\tools\compiler\ti-cgt-arm_20.2.5.LTS\lib\</path>
         <kind>archive</kind>
         <file>rtsv7M4_T_le_v4SPD16_eabi.lib</file>
         <name>boot_cortex_m.c.obj</name>
      </input_file>
      <input_file id="fl-fe">
         <path>C:\ti\ccs1100\ccs\tools\compiler\ti-cgt-arm_20.2.5.LTS\lib\</path>
         <kind>archive</kind>
         <file>rtsv7M4_T_le_v4SPD16_eabi.lib</file>
         <name>write.c.obj</name>
      </input_file>
      <input_file id="fl-ff">
         <path>C:\ti\ccs1100\ccs\tools\compiler\ti-cgt-arm_20.2.5.LTS\lib\</path>
         <kind>archive</kind>
         <file>rtsv7M4_T_le_v4SPD16_eabi.lib</file>
         <name>host_device.c.obj</name>
      </input_file>
      <input_file id="fl-100">
         <path>C:\ti\ccs1100\ccs\tools\compiler\ti-cgt-arm_20.2.5.LTS\lib\</path>
         <kind>archive</kind>
         <file>rtsv7M4_T_le_v4SPD16_eabi.lib</file>
         <name>fflush.c.obj</name>
      </input_file>
      <input_file id="fl-101">
         <path>C:\ti\ccs1100\ccs\tools\compiler\ti-cgt-arm_20.2.5.LTS\lib\</path>
         <kind>archive</kind>
         <file>rtsv7M4_T_le_v4SPD16_eabi.lib</file>
         <name>fopen.c.obj</name>
      </input_file>
      <input_file id="fl-102">
         <path>C:\ti\ccs1100\ccs\tools\compiler\ti-cgt-arm_20.2.5.LTS\lib\</path>
         <kind>archive</kind>
         <file>rtsv7M4_T_le_v4SPD16_eabi.lib</file>
         <name>fseek.c.obj</name>
      </input_file>
      <input_file id="fl-103">
         <path>C:\ti\ccs1100\ccs\tools\compiler\ti-cgt-arm_20.2.5.LTS\lib\</path>
         <kind>archive</kind>
         <file>rtsv7M4_T_le_v4SPD16_eabi.lib</file>
         <name>s_copysign.c.obj</name>
      </input_file>
      <input_file id="fl-104">
         <path>C:\ti\ccs1100\ccs\tools\compiler\ti-cgt-arm_20.2.5.LTS\lib\</path>
         <kind>archive</kind>
         <file>rtsv7M4_T_le_v4SPD16_eabi.lib</file>
         <name>div0.asm.obj</name>
      </input_file>
      <input_file id="fl-105">
         <path>C:\ti\ccs1100\ccs\tools\compiler\ti-cgt-arm_20.2.5.LTS\lib\</path>
         <kind>archive</kind>
         <file>rtsv7M4_T_le_v4SPD16_eabi.lib</file>
         <name>autoinit.c.obj</name>
      </input_file>
      <input_file id="fl-106">
         <path>C:\ti\ccs1100\ccs\tools\compiler\ti-cgt-arm_20.2.5.LTS\lib\</path>
         <kind>archive</kind>
         <file>rtsv7M4_T_le_v4SPD16_eabi.lib</file>
         <name>pre_init.c.obj</name>
      </input_file>
      <input_file id="fl-107">
         <path>C:\ti\ccs1100\ccs\tools\compiler\ti-cgt-arm_20.2.5.LTS\lib\</path>
         <kind>archive</kind>
         <file>rtsv7M4_T_le_v4SPD16_eabi.lib</file>
         <name>cpy_tbl.c.obj</name>
      </input_file>
      <input_file id="fl-108">
         <path>C:\ti\ccs1100\ccs\tools\compiler\ti-cgt-arm_20.2.5.LTS\lib\</path>
         <kind>archive</kind>
         <file>rtsv7M4_T_le_v4SPD16_eabi.lib</file>
         <name>args_main.c.obj</name>
      </input_file>
      <input_file id="fl-109">
         <path>C:\ti\ccs1100\ccs\tools\compiler\ti-cgt-arm_20.2.5.LTS\lib\</path>
         <kind>archive</kind>
         <file>rtsv7M4_T_le_v4SPD16_eabi.lib</file>
         <name>hostclose.c.obj</name>
      </input_file>
      <input_file id="fl-10a">
         <path>C:\ti\ccs1100\ccs\tools\compiler\ti-cgt-arm_20.2.5.LTS\lib\</path>
         <kind>archive</kind>
         <file>rtsv7M4_T_le_v4SPD16_eabi.lib</file>
         <name>hostlseek.c.obj</name>
      </input_file>
      <input_file id="fl-10b">
         <path>C:\ti\ccs1100\ccs\tools\compiler\ti-cgt-arm_20.2.5.LTS\lib\</path>
         <kind>archive</kind>
         <file>rtsv7M4_T_le_v4SPD16_eabi.lib</file>
         <name>hostopen.c.obj</name>
      </input_file>
      <input_file id="fl-10c">
         <path>C:\ti\ccs1100\ccs\tools\compiler\ti-cgt-arm_20.2.5.LTS\lib\</path>
         <kind>archive</kind>
         <file>rtsv7M4_T_le_v4SPD16_eabi.lib</file>
         <name>hostread.c.obj</name>
      </input_file>
      <input_file id="fl-10d">
         <path>C:\ti\ccs1100\ccs\tools\compiler\ti-cgt-arm_20.2.5.LTS\lib\</path>
         <kind>archive</kind>
         <file>rtsv7M4_T_le_v4SPD16_eabi.lib</file>
         <name>hostrename.c.obj</name>
      </input_file>
      <input_file id="fl-10e">
         <path>C:\ti\ccs1100\ccs\tools\compiler\ti-cgt-arm_20.2.5.LTS\lib\</path>
         <kind>archive</kind>
         <file>rtsv7M4_T_le_v4SPD16_eabi.lib</file>
         <name>hostunlink.c.obj</name>
      </input_file>
      <input_file id="fl-10f">
         <path>C:\ti\ccs1100\ccs\tools\compiler\ti-cgt-arm_20.2.5.LTS\lib\</path>
         <kind>archive</kind>
         <file>rtsv7M4_T_le_v4SPD16_eabi.lib</file>
         <name>hostwrite.c.obj</name>
      </input_file>
      <input_file id="fl-110">
         <path>C:\ti\ccs1100\ccs\tools\compiler\ti-cgt-arm_20.2.5.LTS\lib\</path>
         <kind>archive</kind>
         <file>rtsv7M4_T_le_v4SPD16_eabi.lib</file>
         <name>trgmsg.c.obj</name>
      </input_file>
      <input_file id="fl-111">
         <path>C:\ti\ccs1100\ccs\tools\compiler\ti-cgt-arm_20.2.5.LTS\lib\</path>
         <kind>archive</kind>
         <file>rtsv7M4_T_le_v4SPD16_eabi.lib</file>
         <name>open.c.obj</name>
      </input_file>
      <input_file id="fl-112">
         <path>C:\ti\ccs1100\ccs\tools\compiler\ti-cgt-arm_20.2.5.LTS\lib\</path>
         <kind>archive</kind>
         <file>rtsv7M4_T_le_v4SPD16_eabi.lib</file>
         <name>lseek.c.obj</name>
      </input_file>
      <input_file id="fl-113">
         <path>C:\ti\ccs1100\ccs\tools\compiler\ti-cgt-arm_20.2.5.LTS\lib\</path>
         <kind>archive</kind>
         <file>rtsv7M4_T_le_v4SPD16_eabi.lib</file>
         <name>fclose.c.obj</name>
      </input_file>
      <input_file id="fl-114">
         <path>C:\ti\ccs1100\ccs\tools\compiler\ti-cgt-arm_20.2.5.LTS\lib\</path>
         <kind>archive</kind>
         <file>rtsv7M4_T_le_v4SPD16_eabi.lib</file>
         <name>getdevice.c.obj</name>
      </input_file>
      <input_file id="fl-115">
         <path>C:\ti\ccs1100\ccs\tools\compiler\ti-cgt-arm_20.2.5.LTS\lib\</path>
         <kind>archive</kind>
         <file>rtsv7M4_T_le_v4SPD16_eabi.lib</file>
         <name>strcmp.c.obj</name>
      </input_file>
      <input_file id="fl-116">
         <path>C:\ti\ccs1100\ccs\tools\compiler\ti-cgt-arm_20.2.5.LTS\lib\</path>
         <kind>archive</kind>
         <file>rtsv7M4_T_le_v4SPD16_eabi.lib</file>
         <name>strncpy.c.obj</name>
      </input_file>
      <input_file id="fl-117">
         <path>C:\ti\ccs1100\ccs\tools\compiler\ti-cgt-arm_20.2.5.LTS\lib\</path>
         <kind>archive</kind>
         <file>rtsv7M4_T_le_v4SPD16_eabi.lib</file>
         <name>remove.c.obj</name>
      </input_file>
      <input_file id="fl-118">
         <path>C:\ti\ccs1100\ccs\tools\compiler\ti-cgt-arm_20.2.5.LTS\lib\</path>
         <kind>archive</kind>
         <file>rtsv7M4_T_le_v4SPD16_eabi.lib</file>
         <name>close.c.obj</name>
      </input_file>
      <input_file id="fl-119">
         <path>C:\ti\ccs1100\ccs\tools\compiler\ti-cgt-arm_20.2.5.LTS\lib\</path>
         <kind>archive</kind>
         <file>rtsv7M4_T_le_v4SPD16_eabi.lib</file>
         <name>unlink.c.obj</name>
      </input_file>
   </input_file_list>
   <object_component_list>
      <object_component id="oc-26">
         <name>.intvecs:retain</name>
         <load_address>0x0</load_address>
         <run_address>0x0</run_address>
         <size>0xe4</size>
         <input_file_ref idref="fl-8"/>
      </object_component>
      <object_component id="oc-210">
         <name>.text:__TI_printfi</name>
         <load_address>0xe4</load_address>
         <run_address>0xe4</run_address>
         <size>0xa4e</size>
         <input_file_ref idref="fl-d8"/>
      </object_component>
      <object_component id="oc-70">
         <name>.text:Default_Handler</name>
         <load_address>0xb32</load_address>
         <run_address>0xb32</run_address>
         <size>0x2</size>
         <input_file_ref idref="fl-8"/>
      </object_component>
      <object_component id="oc-163">
         <name>.text:initWifi</name>
         <load_address>0xb34</load_address>
         <run_address>0xb34</run_address>
         <size>0x348</size>
         <input_file_ref idref="fl-7"/>
      </object_component>
      <object_component id="oc-34a">
         <name>.text:_pconv_a</name>
         <load_address>0xe7c</load_address>
         <run_address>0xe7c</run_address>
         <size>0x270</size>
         <input_file_ref idref="fl-d8"/>
      </object_component>
      <object_component id="oc-2dd">
         <name>.text:runString</name>
         <load_address>0x10ec</load_address>
         <run_address>0x10ec</run_address>
         <size>0x200</size>
         <input_file_ref idref="fl-7"/>
      </object_component>
      <object_component id="oc-338">
         <name>.text:_pconv_g</name>
         <load_address>0x12ec</load_address>
         <run_address>0x12ec</run_address>
         <size>0x1d0</size>
         <input_file_ref idref="fl-d8"/>
      </object_component>
      <object_component id="oc-493">
         <name>.text</name>
         <load_address>0x14bc</load_address>
         <run_address>0x14bc</run_address>
         <size>0x1b6</size>
         <input_file_ref idref="fl-e1"/>
      </object_component>
      <object_component id="oc-36e">
         <name>.text:_nop</name>
         <load_address>0x1672</load_address>
         <run_address>0x1672</run_address>
         <size>0x2</size>
         <input_file_ref idref="fl-ef"/>
      </object_component>
      <object_component id="oc-60f">
         <name>.text:__PCM_setPowerModeAdvanced</name>
         <load_address>0x1674</load_address>
         <run_address>0x1674</run_address>
         <size>0x15c</size>
         <input_file_ref idref="fl-1a"/>
      </object_component>
      <object_component id="oc-3d7">
         <name>.text:UART_Printf</name>
         <load_address>0x17d0</load_address>
         <run_address>0x17d0</run_address>
         <size>0x158</size>
         <input_file_ref idref="fl-4"/>
      </object_component>
      <object_component id="oc-391">
         <name>.text:privateTimer_AProcessClockSourceDivider</name>
         <load_address>0x1928</load_address>
         <run_address>0x1928</run_address>
         <size>0x144</size>
         <input_file_ref idref="fl-1e"/>
      </object_component>
      <object_component id="oc-549">
         <name>.text:UART_Read</name>
         <load_address>0x1a6c</load_address>
         <run_address>0x1a6c</run_address>
         <size>0x140</size>
         <input_file_ref idref="fl-4"/>
      </object_component>
      <object_component id="oc-344">
         <name>.text:_pconv_e</name>
         <load_address>0x1bac</load_address>
         <run_address>0x1bac</run_address>
         <size>0x13c</size>
         <input_file_ref idref="fl-d8"/>
      </object_component>
      <object_component id="oc-479">
         <name>.text</name>
         <load_address>0x1ce8</load_address>
         <run_address>0x1ce8</run_address>
         <size>0x136</size>
         <input_file_ref idref="fl-e3"/>
      </object_component>
      <object_component id="oc-5ab">
         <name>.text</name>
         <load_address>0x1e1e</load_address>
         <run_address>0x1e1e</run_address>
         <size>0x2</size>
         <input_file_ref idref="fl-104"/>
      </object_component>
      <object_component id="oc-4a5">
         <name>.text:fcvt</name>
         <load_address>0x1e20</load_address>
         <run_address>0x1e20</run_address>
         <size>0x124</size>
         <input_file_ref idref="fl-d8"/>
      </object_component>
      <object_component id="oc-290">
         <name>.text:UART_initModule</name>
         <load_address>0x1f44</load_address>
         <run_address>0x1f44</run_address>
         <size>0x11c</size>
         <input_file_ref idref="fl-1f"/>
      </object_component>
      <object_component id="oc-37c">
         <name>.text:fputs</name>
         <load_address>0x2060</load_address>
         <run_address>0x2060</run_address>
         <size>0x114</size>
         <input_file_ref idref="fl-db"/>
      </object_component>
      <object_component id="oc-4b9">
         <name>.text:scalbn</name>
         <load_address>0x2174</load_address>
         <run_address>0x2174</run_address>
         <size>0x110</size>
         <input_file_ref idref="fl-df"/>
      </object_component>
      <object_component id="oc-3b0">
         <name>.text:__PCM_setCoreVoltageLevelAdvanced</name>
         <load_address>0x2284</load_address>
         <run_address>0x2284</run_address>
         <size>0x108</size>
         <input_file_ref idref="fl-1a"/>
      </object_component>
      <object_component id="oc-39d">
         <name>.text:_CSComputeCLKFrequency</name>
         <load_address>0x238c</load_address>
         <run_address>0x238c</run_address>
         <size>0x104</size>
         <input_file_ref idref="fl-16"/>
      </object_component>
      <object_component id="oc-55e">
         <name>.text:aligned_alloc</name>
         <load_address>0x2490</load_address>
         <run_address>0x2490</run_address>
         <size>0x100</size>
         <input_file_ref idref="fl-f7"/>
      </object_component>
      <object_component id="oc-474">
         <name>.text</name>
         <load_address>0x2590</load_address>
         <run_address>0x2590</run_address>
         <size>0xfc</size>
         <input_file_ref idref="fl-e4"/>
      </object_component>
      <object_component id="oc-51a">
         <name>.text:CS_getDCOFrequency</name>
         <load_address>0x268c</load_address>
         <run_address>0x268c</run_address>
         <size>0xf8</size>
         <input_file_ref idref="fl-16"/>
      </object_component>
      <object_component id="oc-409">
         <name>.text:free</name>
         <load_address>0x2784</load_address>
         <run_address>0x2784</run_address>
         <size>0xe4</size>
         <input_file_ref idref="fl-f7"/>
      </object_component>
      <object_component id="oc-5e6">
         <name>.text:setvbuf</name>
         <load_address>0x2868</load_address>
         <run_address>0x2868</run_address>
         <size>0xdc</size>
         <input_file_ref idref="fl-dd"/>
      </object_component>
      <object_component id="oc-2a2">
         <name>.text:MSPrintf</name>
         <load_address>0x2944</load_address>
         <run_address>0x2944</run_address>
         <size>0xba</size>
         <input_file_ref idref="fl-3"/>
      </object_component>
      <object_component id="oc-2c0">
         <name>.text:EstablishConnection</name>
         <load_address>0x2a00</load_address>
         <run_address>0x2a00</run_address>
         <size>0xb4</size>
         <input_file_ref idref="fl-2"/>
      </object_component>
      <object_component id="oc-32d">
         <name>.text:_ltostr</name>
         <load_address>0x2ab4</load_address>
         <run_address>0x2ab4</run_address>
         <size>0xb1</size>
         <input_file_ref idref="fl-d8"/>
      </object_component>
      <object_component id="oc-2d7">
         <name>.text:getData</name>
         <load_address>0x2b68</load_address>
         <run_address>0x2b68</run_address>
         <size>0xb0</size>
         <input_file_ref idref="fl-7"/>
      </object_component>
      <object_component id="oc-2d1">
         <name>.text:SendData</name>
         <load_address>0x2c18</load_address>
         <run_address>0x2c18</run_address>
         <size>0xa4</size>
         <input_file_ref idref="fl-2"/>
      </object_component>
      <object_component id="oc-7c">
         <name>.text:EUSCIA0_IRQHandler</name>
         <load_address>0x2cbc</load_address>
         <run_address>0x2cbc</run_address>
         <size>0x9c</size>
         <input_file_ref idref="fl-4"/>
      </object_component>
      <object_component id="oc-3a">
         <name>.text</name>
         <load_address>0x2d58</load_address>
         <run_address>0x2d58</run_address>
         <size>0x9c</size>
         <input_file_ref idref="fl-e8"/>
      </object_component>
      <object_component id="oc-46d">
         <name>.text</name>
         <load_address>0x2df4</load_address>
         <run_address>0x2df4</run_address>
         <size>0x96</size>
         <input_file_ref idref="fl-e9"/>
      </object_component>
      <object_component id="oc-5fd">
         <name>.text:SysCtl_A_getTLVInfo</name>
         <load_address>0x2e8c</load_address>
         <run_address>0x2e8c</run_address>
         <size>0x94</size>
         <input_file_ref idref="fl-1d"/>
      </object_component>
      <object_component id="oc-3dd">
         <name>.text:ESP8266_WaitForAnswer</name>
         <load_address>0x2f20</load_address>
         <run_address>0x2f20</run_address>
         <size>0x8c</size>
         <input_file_ref idref="fl-2"/>
      </object_component>
      <object_component id="oc-82">
         <name>.text:EUSCIA2_IRQHandler</name>
         <load_address>0x2fac</load_address>
         <run_address>0x2fac</run_address>
         <size>0x8c</size>
         <input_file_ref idref="fl-4"/>
      </object_component>
      <object_component id="oc-3ce">
         <name>.text:PrintInteger</name>
         <load_address>0x3038</load_address>
         <run_address>0x3038</run_address>
         <size>0x8c</size>
         <input_file_ref idref="fl-3"/>
      </object_component>
      <object_component id="oc-383">
         <name>.text:fputc</name>
         <load_address>0x30c4</load_address>
         <run_address>0x30c4</run_address>
         <size>0x8c</size>
         <input_file_ref idref="fl-da"/>
      </object_component>
      <object_component id="oc-26a">
         <name>.text:GPIO_setAsPeripheralModuleFunctionOutputPin</name>
         <load_address>0x3150</load_address>
         <run_address>0x3150</run_address>
         <size>0x88</size>
         <input_file_ref idref="fl-18"/>
      </object_component>
      <object_component id="oc-410">
         <name>.text:getHCSR04Distance</name>
         <load_address>0x31d8</load_address>
         <run_address>0x31d8</run_address>
         <size>0x88</size>
         <input_file_ref idref="fl-b"/>
      </object_component>
      <object_component id="oc-333">
         <name>.text:__aeabi_cdcmple</name>
         <load_address>0x3260</load_address>
         <run_address>0x3260</run_address>
         <size>0x86</size>
         <input_file_ref idref="fl-e2"/>
      </object_component>
      <object_component id="oc-47e">
         <name>.text:__aeabi_cdrcmple</name>
         <load_address>0x32e6</load_address>
         <run_address>0x32e6</run_address>
         <size>0x86</size>
         <input_file_ref idref="fl-e2"/>
      </object_component>
      <object_component id="oc-10a">
         <name>.text:GPIO_getEnabledInterruptStatus</name>
         <load_address>0x336c</load_address>
         <run_address>0x336c</run_address>
         <size>0x84</size>
         <input_file_ref idref="fl-18"/>
      </object_component>
      <object_component id="oc-16f">
         <name>.text:Interrupt_enableInterrupt</name>
         <load_address>0x33f0</load_address>
         <run_address>0x33f0</run_address>
         <size>0x80</size>
         <input_file_ref idref="fl-19"/>
      </object_component>
      <object_component id="oc-94">
         <name>.text:PORT5_IRQHandler</name>
         <load_address>0x3470</load_address>
         <run_address>0x3470</run_address>
         <size>0x80</size>
         <input_file_ref idref="fl-5"/>
      </object_component>
      <object_component id="oc-2b4">
         <name>.text:ConnectToAP</name>
         <load_address>0x34f0</load_address>
         <run_address>0x34f0</run_address>
         <size>0x7c</size>
         <input_file_ref idref="fl-2"/>
      </object_component>
      <object_component id="oc-603">
         <name>.text:_CSGetDOCFrequency</name>
         <load_address>0x356c</load_address>
         <run_address>0x356c</run_address>
         <size>0x7c</size>
         <input_file_ref idref="fl-16"/>
      </object_component>
      <object_component id="oc-b8">
         <name>.text</name>
         <load_address>0x35e8</load_address>
         <run_address>0x35e8</run_address>
         <size>0x7a</size>
         <input_file_ref idref="fl-ea"/>
      </object_component>
      <object_component id="oc-d6">
         <name>.text:SystemInit</name>
         <load_address>0x3664</load_address>
         <run_address>0x3664</run_address>
         <size>0x78</size>
         <input_file_ref idref="fl-6"/>
      </object_component>
      <object_component id="oc-22f">
         <name>.text:Timer_A_generatePWM</name>
         <load_address>0x36dc</load_address>
         <run_address>0x36dc</run_address>
         <size>0x74</size>
         <input_file_ref idref="fl-1e"/>
      </object_component>
      <object_component id="oc-67f">
         <name>.text:__TI_closefile</name>
         <load_address>0x3750</load_address>
         <run_address>0x3750</run_address>
         <size>0x74</size>
         <input_file_ref idref="fl-113"/>
      </object_component>
      <object_component id="oc-157">
         <name>.text:initMotor</name>
         <load_address>0x37c4</load_address>
         <run_address>0x37c4</run_address>
         <size>0x74</size>
         <input_file_ref idref="fl-a"/>
      </object_component>
      <object_component id="oc-15d">
         <name>.text:initEncoder</name>
         <load_address>0x3838</load_address>
         <run_address>0x3838</run_address>
         <size>0x70</size>
         <input_file_ref idref="fl-9"/>
      </object_component>
      <object_component id="oc-61d">
         <name>.text:split</name>
         <load_address>0x38a8</load_address>
         <run_address>0x38a8</run_address>
         <size>0x70</size>
         <input_file_ref idref="fl-f7"/>
      </object_component>
      <object_component id="oc-49e">
         <name>.text:_mcpy</name>
         <load_address>0x3918</load_address>
         <run_address>0x3918</run_address>
         <size>0x6e</size>
         <input_file_ref idref="fl-d8"/>
      </object_component>
      <object_component id="oc-3fc">
         <name>.text:ltoa</name>
         <load_address>0x3988</load_address>
         <run_address>0x3988</run_address>
         <size>0x6e</size>
         <input_file_ref idref="fl-f4"/>
      </object_component>
      <object_component id="oc-6af">
         <name>.text:HOSTrename</name>
         <load_address>0x39f8</load_address>
         <run_address>0x39f8</run_address>
         <size>0x6c</size>
         <input_file_ref idref="fl-10d"/>
      </object_component>
      <object_component id="oc-6a3">
         <name>.text:HOSTlseek</name>
         <load_address>0x3a64</load_address>
         <run_address>0x3a64</run_address>
         <size>0x68</size>
         <input_file_ref idref="fl-10a"/>
      </object_component>
      <object_component id="oc-254">
         <name>.text:Timer_A_configureUpMode</name>
         <load_address>0x3acc</load_address>
         <run_address>0x3acc</run_address>
         <size>0x68</size>
         <input_file_ref idref="fl-1e"/>
      </object_component>
      <object_component id="oc-17">
         <name>.text:decompress:lzss:__TI_decompress_lzss</name>
         <load_address>0x3b34</load_address>
         <run_address>0x3b34</run_address>
         <size>0x68</size>
         <input_file_ref idref="fl-ed"/>
      </object_component>
      <object_component id="oc-121">
         <name>.text:printf</name>
         <load_address>0x3b9c</load_address>
         <run_address>0x3b9c</run_address>
         <size>0x68</size>
         <input_file_ref idref="fl-d7"/>
      </object_component>
      <object_component id="oc-ec">
         <name>.text:UART_getEnabledInterruptStatus</name>
         <load_address>0x3c04</load_address>
         <run_address>0x3c04</run_address>
         <size>0x64</size>
         <input_file_ref idref="fl-1f"/>
      </object_component>
      <object_component id="oc-4b3">
         <name>.text:frexp</name>
         <load_address>0x3c68</load_address>
         <run_address>0x3c68</run_address>
         <size>0x64</size>
         <input_file_ref idref="fl-de"/>
      </object_component>
      <object_component id="oc-5e0">
         <name>.text:fseek</name>
         <load_address>0x3ccc</load_address>
         <run_address>0x3ccc</run_address>
         <size>0x64</size>
         <input_file_ref idref="fl-102"/>
      </object_component>
      <object_component id="oc-50e">
         <name>.text:_CSGetDividerValue</name>
         <load_address>0x3d30</load_address>
         <run_address>0x3d30</run_address>
         <size>0x62</size>
         <input_file_ref idref="fl-16"/>
      </object_component>
      <object_component id="oc-4ea">
         <name>.text:__TI_wrt_ok</name>
         <load_address>0x3d92</load_address>
         <run_address>0x3d92</run_address>
         <size>0x62</size>
         <input_file_ref idref="fl-dc"/>
      </object_component>
      <object_component id="oc-68b">
         <name>.text:HOSTopen</name>
         <load_address>0x3df4</load_address>
         <run_address>0x3df4</run_address>
         <size>0x60</size>
         <input_file_ref idref="fl-10b"/>
      </object_component>
      <object_component id="oc-52a">
         <name>.text:PCM_getCoreVoltageLevel</name>
         <load_address>0x3e54</load_address>
         <run_address>0x3e54</run_address>
         <size>0x5e</size>
         <input_file_ref idref="fl-1a"/>
      </object_component>
      <object_component id="oc-6bd">
         <name>.text:close</name>
         <load_address>0x3eb4</load_address>
         <run_address>0x3eb4</run_address>
         <size>0x5c</size>
         <input_file_ref idref="fl-118"/>
      </object_component>
      <object_component id="oc-151">
         <name>.text:init_HCSR04</name>
         <load_address>0x3f10</load_address>
         <run_address>0x3f10</run_address>
         <size>0x5c</size>
         <input_file_ref idref="fl-b"/>
      </object_component>
      <object_component id="oc-524">
         <name>.text:PCM_getPowerMode</name>
         <load_address>0x3f6c</load_address>
         <run_address>0x3f6c</run_address>
         <size>0x5a</size>
         <input_file_ref idref="fl-1a"/>
      </object_component>
      <object_component id="oc-24e">
         <name>.text:GPIO_setAsInputPinWithPullDownResistor</name>
         <load_address>0x3fc8</load_address>
         <run_address>0x3fc8</run_address>
         <size>0x58</size>
         <input_file_ref idref="fl-18"/>
      </object_component>
      <object_component id="oc-277">
         <name>.text:GPIO_setAsInputPinWithPullUpResistor</name>
         <load_address>0x4020</load_address>
         <run_address>0x4020</run_address>
         <size>0x58</size>
         <input_file_ref idref="fl-18"/>
      </object_component>
      <object_component id="oc-697">
         <name>.text:HOSTread</name>
         <load_address>0x4078</load_address>
         <run_address>0x4078</run_address>
         <size>0x58</size>
         <input_file_ref idref="fl-10c"/>
      </object_component>
      <object_component id="oc-69d">
         <name>.text:HOSTwrite</name>
         <load_address>0x40d0</load_address>
         <run_address>0x40d0</run_address>
         <size>0x58</size>
         <input_file_ref idref="fl-10f"/>
      </object_component>
      <object_component id="oc-33e">
         <name>.text:_pconv_f</name>
         <load_address>0x4128</load_address>
         <run_address>0x4128</run_address>
         <size>0x56</size>
         <input_file_ref idref="fl-d8"/>
      </object_component>
      <object_component id="oc-2ae">
         <name>.text:ChangeMode</name>
         <load_address>0x4180</load_address>
         <run_address>0x4180</run_address>
         <size>0x54</size>
         <input_file_ref idref="fl-2"/>
      </object_component>
      <object_component id="oc-488">
         <name>.text:__TI_ltoa</name>
         <load_address>0x41d4</load_address>
         <run_address>0x41d4</run_address>
         <size>0x54</size>
         <input_file_ref idref="fl-f0"/>
      </object_component>
      <object_component id="oc-498">
         <name>.text:_ecpy</name>
         <load_address>0x4228</load_address>
         <run_address>0x4228</run_address>
         <size>0x52</size>
         <input_file_ref idref="fl-d8"/>
      </object_component>
      <object_component id="oc-2ba">
         <name>.text:QueryIP</name>
         <load_address>0x427c</load_address>
         <run_address>0x427c</run_address>
         <size>0x50</size>
         <input_file_ref idref="fl-2"/>
      </object_component>
      <object_component id="oc-271">
         <name>.text:GPIO_setAsInputPin</name>
         <load_address>0x42cc</load_address>
         <run_address>0x42cc</run_address>
         <size>0x4c</size>
         <input_file_ref idref="fl-18"/>
      </object_component>
      <object_component id="oc-62c">
         <name>.text:Timer_A_getCounterValue</name>
         <load_address>0x4318</load_address>
         <run_address>0x4318</run_address>
         <size>0x4c</size>
         <input_file_ref idref="fl-1e"/>
      </object_component>
      <object_component id="oc-4f6">
         <name>.text:__TI_doflush</name>
         <load_address>0x4364</load_address>
         <run_address>0x4364</run_address>
         <size>0x4c</size>
         <input_file_ref idref="fl-100"/>
      </object_component>
      <object_component id="oc-327">
         <name>.text:atoi</name>
         <load_address>0x43b0</load_address>
         <run_address>0x43b0</run_address>
         <size>0x4c</size>
         <input_file_ref idref="fl-f1"/>
      </object_component>
      <object_component id="oc-27e">
         <name>.text:FlashCtl_setWaitState</name>
         <load_address>0x43fc</load_address>
         <run_address>0x43fc</run_address>
         <size>0x48</size>
         <input_file_ref idref="fl-17"/>
      </object_component>
      <object_component id="oc-29c">
         <name>.text:UART_Flush</name>
         <load_address>0x4444</load_address>
         <run_address>0x4444</run_address>
         <size>0x48</size>
         <input_file_ref idref="fl-4"/>
      </object_component>
      <object_component id="oc-17c">
         <name>.text:exit</name>
         <load_address>0x448c</load_address>
         <run_address>0x448c</run_address>
         <size>0x48</size>
         <input_file_ref idref="fl-ee"/>
      </object_component>
      <object_component id="oc-416">
         <name>.text:motor_start</name>
         <load_address>0x44d4</load_address>
         <run_address>0x44d4</run_address>
         <size>0x48</size>
         <input_file_ref idref="fl-a"/>
      </object_component>
      <object_component id="oc-483">
         <name>.text</name>
         <load_address>0x451c</load_address>
         <run_address>0x451c</run_address>
         <size>0x48</size>
         <input_file_ref idref="fl-e5"/>
      </object_component>
      <object_component id="oc-691">
         <name>.text:HOSTclose</name>
         <load_address>0x4564</load_address>
         <run_address>0x4564</run_address>
         <size>0x44</size>
         <input_file_ref idref="fl-109"/>
      </object_component>
      <object_component id="oc-6a9">
         <name>.text:HOSTunlink</name>
         <load_address>0x45a8</load_address>
         <run_address>0x45a8</run_address>
         <size>0x44</size>
         <input_file_ref idref="fl-10e"/>
      </object_component>
      <object_component id="oc-182">
         <name>.text:__TI_auto_init_nobinit_nopinit:__TI_auto_init_nobinit_nopinit</name>
         <load_address>0x45ec</load_address>
         <run_address>0x45ec</run_address>
         <size>0x44</size>
         <input_file_ref idref="fl-105"/>
      </object_component>
      <object_component id="oc-6ec">
         <name>.text:getdevice</name>
         <load_address>0x4630</load_address>
         <run_address>0x4630</run_address>
         <size>0x44</size>
         <input_file_ref idref="fl-114"/>
      </object_component>
      <object_component id="oc-242">
         <name>.text:GPIO_setAsOutputPin</name>
         <load_address>0x4674</load_address>
         <run_address>0x4674</run_address>
         <size>0x40</size>
         <input_file_ref idref="fl-18"/>
      </object_component>
      <object_component id="oc-3bc">
         <name>.text:UART_Write</name>
         <load_address>0x46b4</load_address>
         <run_address>0x46b4</run_address>
         <size>0x40</size>
         <input_file_ref idref="fl-4"/>
      </object_component>
      <object_component id="oc-422">
         <name>.text:motor_left</name>
         <load_address>0x46f4</load_address>
         <run_address>0x46f4</run_address>
         <size>0x40</size>
         <input_file_ref idref="fl-a"/>
      </object_component>
      <object_component id="oc-428">
         <name>.text:motor_right</name>
         <load_address>0x4734</load_address>
         <run_address>0x4734</run_address>
         <size>0x40</size>
         <input_file_ref idref="fl-a"/>
      </object_component>
      <object_component id="oc-127">
         <name>.text:motor_stop</name>
         <load_address>0x4774</load_address>
         <run_address>0x4774</run_address>
         <size>0x40</size>
         <input_file_ref idref="fl-a"/>
      </object_component>
      <object_component id="oc-2cb">
         <name>.text:sprintf</name>
         <load_address>0x47b4</load_address>
         <run_address>0x47b4</run_address>
         <size>0x40</size>
         <input_file_ref idref="fl-d9"/>
      </object_component>
      <object_component id="oc-4ab">
         <name>.text:_fcpy</name>
         <load_address>0x47f4</load_address>
         <run_address>0x47f4</run_address>
         <size>0x3e</size>
         <input_file_ref idref="fl-d8"/>
      </object_component>
      <object_component id="oc-6ce">
         <name>.text:__TI_writemsg</name>
         <load_address>0x4834</load_address>
         <run_address>0x4834</run_address>
         <size>0x38</size>
         <input_file_ref idref="fl-110"/>
      </object_component>
      <object_component id="oc-41c">
         <name>.text:counter</name>
         <load_address>0x486c</load_address>
         <run_address>0x486c</run_address>
         <size>0x38</size>
         <input_file_ref idref="fl-7"/>
      </object_component>
      <object_component id="oc-584">
         <name>.text:getHCSR04Time</name>
         <load_address>0x48a4</load_address>
         <run_address>0x48a4</run_address>
         <size>0x38</size>
         <input_file_ref idref="fl-b"/>
      </object_component>
      <object_component id="oc-c4">
         <name>.text:main</name>
         <load_address>0x48dc</load_address>
         <run_address>0x48dc</run_address>
         <size>0x38</size>
         <input_file_ref idref="fl-5"/>
      </object_component>
      <object_component id="oc-2c6">
         <name>.text</name>
         <load_address>0x4914</load_address>
         <run_address>0x4914</run_address>
         <size>0x38</size>
         <input_file_ref idref="fl-e6"/>
      </object_component>
      <object_component id="oc-70c">
         <name>.text:strncpy</name>
         <load_address>0x494c</load_address>
         <run_address>0x494c</run_address>
         <size>0x36</size>
         <input_file_ref idref="fl-116"/>
      </object_component>
      <object_component id="oc-28a">
         <name>.text:CS_setDCOCenteredFrequency</name>
         <load_address>0x4984</load_address>
         <run_address>0x4984</run_address>
         <size>0x34</size>
         <input_file_ref idref="fl-16"/>
      </object_component>
      <object_component id="oc-296">
         <name>.text:ESP8266_HardReset</name>
         <load_address>0x49b8</load_address>
         <run_address>0x49b8</run_address>
         <size>0x34</size>
         <input_file_ref idref="fl-2"/>
      </object_component>
      <object_component id="oc-64c">
         <name>.text:__TI_cleanup</name>
         <load_address>0x49ec</load_address>
         <run_address>0x49ec</run_address>
         <size>0x34</size>
         <input_file_ref idref="fl-101"/>
      </object_component>
      <object_component id="oc-6d4">
         <name>.text:__TI_readmsg</name>
         <load_address>0x4a20</load_address>
         <run_address>0x4a20</run_address>
         <size>0x34</size>
         <input_file_ref idref="fl-110"/>
      </object_component>
      <object_component id="oc-58">
         <name>.text:_c_int00_noargs:_c_int00_noargs</name>
         <load_address>0x4a54</load_address>
         <run_address>0x4a54</run_address>
         <size>0x34</size>
         <input_file_ref idref="fl-fd"/>
      </object_component>
      <object_component id="oc-3e3">
         <name>.text:strstr</name>
         <load_address>0x4a88</load_address>
         <run_address>0x4a88</run_address>
         <size>0x34</size>
         <input_file_ref idref="fl-fb"/>
      </object_component>
      <object_component id="oc-514">
         <name>.text:CS_clearInterruptFlag</name>
         <load_address>0x4abc</load_address>
         <run_address>0x4abc</run_address>
         <size>0x30</size>
         <input_file_ref idref="fl-16"/>
      </object_component>
      <object_component id="oc-11b">
         <name>.text:GPIO_getInputPinValue</name>
         <load_address>0x4aec</load_address>
         <run_address>0x4aec</run_address>
         <size>0x30</size>
         <input_file_ref idref="fl-18"/>
      </object_component>
      <object_component id="oc-712">
         <name>.text:finddevice</name>
         <load_address>0x4b1c</load_address>
         <run_address>0x4b1c</run_address>
         <size>0x30</size>
         <input_file_ref idref="fl-114"/>
      </object_component>
      <object_component id="oc-48e">
         <name>.text</name>
         <load_address>0x4b4c</load_address>
         <run_address>0x4b4c</run_address>
         <size>0x2e</size>
         <input_file_ref idref="fl-e7"/>
      </object_component>
      <object_component id="oc-de">
         <name>.text:Timer_A_clearCaptureCompareInterrupt</name>
         <load_address>0x4b7c</load_address>
         <run_address>0x4b7c</run_address>
         <size>0x2c</size>
         <input_file_ref idref="fl-1e"/>
      </object_component>
      <object_component id="oc-6c3">
         <name>.text:unlink</name>
         <load_address>0x4ba8</load_address>
         <run_address>0x4ba8</run_address>
         <size>0x2c</size>
         <input_file_ref idref="fl-119"/>
      </object_component>
      <object_component id="oc-23c">
         <name>.text:CS_getSMCLK</name>
         <load_address>0x4bd4</load_address>
         <run_address>0x4bd4</run_address>
         <size>0x28</size>
         <input_file_ref idref="fl-16"/>
      </object_component>
      <object_component id="oc-110">
         <name>.text:GPIO_clearInterruptFlag</name>
         <load_address>0x4bfc</load_address>
         <run_address>0x4bfc</run_address>
         <size>0x28</size>
         <input_file_ref idref="fl-18"/>
      </object_component>
      <object_component id="oc-169">
         <name>.text:GPIO_enableInterrupt</name>
         <load_address>0x4c24</load_address>
         <run_address>0x4c24</run_address>
         <size>0x28</size>
         <input_file_ref idref="fl-18"/>
      </object_component>
      <object_component id="oc-264">
         <name>.text:GPIO_setOutputHighOnPin</name>
         <load_address>0x4c4c</load_address>
         <run_address>0x4c4c</run_address>
         <size>0x28</size>
         <input_file_ref idref="fl-18"/>
      </object_component>
      <object_component id="oc-248">
         <name>.text:GPIO_setOutputLowOnPin</name>
         <load_address>0x4c74</load_address>
         <run_address>0x4c74</run_address>
         <size>0x28</size>
         <input_file_ref idref="fl-18"/>
      </object_component>
      <object_component id="oc-88">
         <name>.text:PORT2_IRQHandler</name>
         <load_address>0x4c9c</load_address>
         <run_address>0x4c9c</run_address>
         <size>0x28</size>
         <input_file_ref idref="fl-9"/>
      </object_component>
      <object_component id="oc-8e">
         <name>.text:PORT3_IRQHandler</name>
         <load_address>0x4cc4</load_address>
         <run_address>0x4cc4</run_address>
         <size>0x28</size>
         <input_file_ref idref="fl-9"/>
      </object_component>
      <object_component id="oc-56b">
         <name>.text:free_list_insert</name>
         <load_address>0x4cec</load_address>
         <run_address>0x4cec</run_address>
         <size>0x28</size>
         <input_file_ref idref="fl-f7"/>
      </object_component>
      <object_component id="oc-644">
         <name>.text:lseek</name>
         <load_address>0x4d14</load_address>
         <run_address>0x4d14</run_address>
         <size>0x28</size>
         <input_file_ref idref="fl-112"/>
      </object_component>
      <object_component id="oc-4fc">
         <name>.text:write</name>
         <load_address>0x4d3c</load_address>
         <run_address>0x4d3c</run_address>
         <size>0x28</size>
         <input_file_ref idref="fl-fe"/>
      </object_component>
      <object_component id="oc-572">
         <name>.text:Delay</name>
         <load_address>0x4d64</load_address>
         <run_address>0x4d64</run_address>
         <size>0x24</size>
         <input_file_ref idref="fl-b"/>
      </object_component>
      <object_component id="oc-200">
         <name>.text:GPIO_getInterruptStatus</name>
         <load_address>0x4d88</load_address>
         <run_address>0x4d88</run_address>
         <size>0x24</size>
         <input_file_ref idref="fl-18"/>
      </object_component>
      <object_component id="oc-3c8">
         <name>.text:PrintString</name>
         <load_address>0x4dac</load_address>
         <run_address>0x4dac</run_address>
         <size>0x22</size>
         <input_file_ref idref="fl-3"/>
      </object_component>
      <object_component id="oc-4f0">
         <name>.text:memchr</name>
         <load_address>0x4dce</load_address>
         <run_address>0x4dce</run_address>
         <size>0x20</size>
         <input_file_ref idref="fl-f6"/>
      </object_component>
      <object_component id="oc-76">
         <name>.text:TA0_0_IRQHandler</name>
         <load_address>0x4df0</load_address>
         <run_address>0x4df0</run_address>
         <size>0x1c</size>
         <input_file_ref idref="fl-b"/>
      </object_component>
      <object_component id="oc-565">
         <name>.text:free_list_remove</name>
         <load_address>0x4e0c</load_address>
         <run_address>0x4e0c</run_address>
         <size>0x1c</size>
         <input_file_ref idref="fl-f7"/>
      </object_component>
      <object_component id="oc-350">
         <name>.text:memccpy</name>
         <load_address>0x4e28</load_address>
         <run_address>0x4e28</run_address>
         <size>0x1c</size>
         <input_file_ref idref="fl-f5"/>
      </object_component>
      <object_component id="oc-5c4">
         <name>.text:copysign</name>
         <load_address>0x4e44</load_address>
         <run_address>0x4e44</run_address>
         <size>0x1a</size>
         <input_file_ref idref="fl-103"/>
      </object_component>
      <object_component id="oc-25a">
         <name>.text:Timer_A_clearTimer</name>
         <load_address>0x4e60</load_address>
         <run_address>0x4e60</run_address>
         <size>0x18</size>
         <input_file_ref idref="fl-1e"/>
      </object_component>
      <object_component id="oc-1ee">
         <name>.text:UART_getInterruptStatus</name>
         <load_address>0x4e78</load_address>
         <run_address>0x4e78</run_address>
         <size>0x18</size>
         <input_file_ref idref="fl-1f"/>
      </object_component>
      <object_component id="oc-3ee">
         <name>.text:_outs</name>
         <load_address>0x4e90</load_address>
         <run_address>0x4e90</run_address>
         <size>0x18</size>
         <input_file_ref idref="fl-d9"/>
      </object_component>
      <object_component id="oc-727">
         <name>.text:strcmp</name>
         <load_address>0x4ea8</load_address>
         <run_address>0x4ea8</run_address>
         <size>0x18</size>
         <input_file_ref idref="fl-115"/>
      </object_component>
      <object_component id="oc-578">
         <name>.text:Timer_A_startCounter</name>
         <load_address>0x4ec0</load_address>
         <run_address>0x4ec0</run_address>
         <size>0x16</size>
         <input_file_ref idref="fl-1e"/>
      </object_component>
      <object_component id="oc-4bf">
         <name>.text:strchr</name>
         <load_address>0x4ed6</load_address>
         <run_address>0x4ed6</run_address>
         <size>0x16</size>
         <input_file_ref idref="fl-f8"/>
      </object_component>
      <object_component id="oc-530">
         <name>.text:PCM_getPowerState</name>
         <load_address>0x4eec</load_address>
         <run_address>0x4eec</run_address>
         <size>0x14</size>
         <input_file_ref idref="fl-1a"/>
      </object_component>
      <object_component id="oc-3c2">
         <name>.text:PrintChar</name>
         <load_address>0x4f00</load_address>
         <run_address>0x4f00</run_address>
         <size>0x14</size>
         <input_file_ref idref="fl-3"/>
      </object_component>
      <object_component id="oc-57e">
         <name>.text:Timer_A_stopTimer</name>
         <load_address>0x4f14</load_address>
         <run_address>0x4f14</run_address>
         <size>0x14</size>
         <input_file_ref idref="fl-1e"/>
      </object_component>
      <object_component id="oc-556">
         <name>.text:strcpy</name>
         <load_address>0x4f28</load_address>
         <run_address>0x4f28</run_address>
         <size>0x14</size>
         <input_file_ref idref="fl-f9"/>
      </object_component>
      <object_component id="oc-321">
         <name>.text:strlen</name>
         <load_address>0x4f3c</load_address>
         <run_address>0x4f3c</run_address>
         <size>0x14</size>
         <input_file_ref idref="fl-fa"/>
      </object_component>
      <object_component id="oc-356">
         <name>.text:wcslen</name>
         <load_address>0x4f50</load_address>
         <run_address>0x4f50</run_address>
         <size>0x12</size>
         <input_file_ref idref="fl-e0"/>
      </object_component>
      <object_component id="oc-284">
         <name>.text:PCM_setCoreVoltageLevel</name>
         <load_address>0x4f62</load_address>
         <run_address>0x4f62</run_address>
         <size>0x10</size>
         <input_file_ref idref="fl-1a"/>
      </object_component>
      <object_component id="oc-536">
         <name>.text:PCM_setPowerMode</name>
         <load_address>0x4f72</load_address>
         <run_address>0x4f72</run_address>
         <size>0x10</size>
         <input_file_ref idref="fl-1a"/>
      </object_component>
      <object_component id="oc-1d">
         <name>.text:decompress:none:__TI_decompress_none</name>
         <load_address>0x4f82</load_address>
         <run_address>0x4f82</run_address>
         <size>0xe</size>
         <input_file_ref idref="fl-ec"/>
      </object_component>
      <object_component id="oc-6a">
         <name>.text:Reset_Handler</name>
         <load_address>0x4f90</load_address>
         <run_address>0x4f90</run_address>
         <size>0xc</size>
         <input_file_ref idref="fl-8"/>
      </object_component>
      <object_component id="oc-4c">
         <name>.text:decompress:ZI:__TI_zero_init</name>
         <load_address>0x4f9c</load_address>
         <run_address>0x4f9c</run_address>
         <size>0xc</size>
         <input_file_ref idref="fl-eb"/>
      </object_component>
      <object_component id="oc-3f4">
         <name>.text:_outc</name>
         <load_address>0x4fa8</load_address>
         <run_address>0x4fa8</run_address>
         <size>0xa</size>
         <input_file_ref idref="fl-d9"/>
      </object_component>
      <object_component id="oc-2a8">
         <name>.text:ESP8266_GetBuffer</name>
         <load_address>0x4fb4</load_address>
         <run_address>0x4fb4</run_address>
         <size>0x8</size>
         <input_file_ref idref="fl-2"/>
      </object_component>
      <object_component id="oc-35c">
         <name>.text:__aeabi_errno_addr</name>
         <load_address>0x4fbc</load_address>
         <run_address>0x4fbc</run_address>
         <size>0x8</size>
         <input_file_ref idref="fl-fc"/>
      </object_component>
      <object_component id="oc-403">
         <name>.text:malloc</name>
         <load_address>0x4fc4</load_address>
         <run_address>0x4fc4</run_address>
         <size>0x8</size>
         <input_file_ref idref="fl-f7"/>
      </object_component>
      <object_component id="oc-222">
         <name>.text:_outc</name>
         <load_address>0x4fcc</load_address>
         <run_address>0x4fcc</run_address>
         <size>0x4</size>
         <input_file_ref idref="fl-d7"/>
      </object_component>
      <object_component id="oc-21c">
         <name>.text:_outs</name>
         <load_address>0x4fd0</load_address>
         <run_address>0x4fd0</run_address>
         <size>0x4</size>
         <input_file_ref idref="fl-d7"/>
      </object_component>
      <object_component id="oc-be">
         <name>.text:_system_pre_init</name>
         <load_address>0x4fd4</load_address>
         <run_address>0x4fd4</run_address>
         <size>0x4</size>
         <input_file_ref idref="fl-106"/>
      </object_component>
      <object_component id="oc-176">
         <name>.text:abort:abort</name>
         <load_address>0x4fd8</load_address>
         <run_address>0x4fd8</run_address>
         <size>0x4</size>
         <input_file_ref idref="fl-ee"/>
      </object_component>
      <object_component id="oc-468">
         <name>.const:.string:_ctypes_</name>
         <load_address>0x4fdc</load_address>
         <run_address>0x4fdc</run_address>
         <size>0x101</size>
         <input_file_ref idref="fl-f2"/>
      </object_component>
      <object_component id="oc-433">
         <name>.const:.string</name>
         <load_address>0x50e0</load_address>
         <run_address>0x50e0</run_address>
         <size>0x3e</size>
         <input_file_ref idref="fl-7"/>
      </object_component>
      <object_component id="oc-206">
         <name>.const:GPIO_PORT_TO_BASE</name>
         <load_address>0x5120</load_address>
         <run_address>0x5120</run_address>
         <size>0x30</size>
         <input_file_ref idref="fl-18"/>
      </object_component>
      <object_component id="oc-260">
         <name>.const:$P$T0$1</name>
         <load_address>0x5150</load_address>
         <run_address>0x5150</run_address>
         <size>0x18</size>
         <input_file_ref idref="fl-b"/>
      </object_component>
      <object_component id="oc-2f4">
         <name>.const:g_pulEnRegs</name>
         <load_address>0x5168</load_address>
         <run_address>0x5168</run_address>
         <size>0x8</size>
         <input_file_ref idref="fl-19"/>
      </object_component>
      <object_component id="oc-767">
         <name>.cinit..data.load</name>
         <load_address>0x5170</load_address>
         <run_address>0x5170</run_address>
         <size>0xc3</size>
      </object_component>
      <object_component id="oc-765">
         <name>__TI_handler_table</name>
         <load_address>0x5234</load_address>
         <run_address>0x5234</run_address>
         <size>0xc</size>
      </object_component>
      <object_component id="oc-768">
         <name>.cinit..bss.load</name>
         <load_address>0x5240</load_address>
         <run_address>0x5240</run_address>
         <size>0x8</size>
      </object_component>
      <object_component id="oc-766">
         <name>__TI_cinit_table</name>
         <load_address>0x5248</load_address>
         <run_address>0x5248</run_address>
         <size>0x10</size>
      </object_component>
      <object_component id="oc-739">
         <name>.binit</name>
         <load_address>0x0</load_address>
         <run_address>0x0</run_address>
         <size>0x0</size>
      </object_component>
      <object_component id="oc-2e9">
         <name>.data</name>
         <load_address>0x2000240c</load_address>
         <run_address>0x2000240c</run_address>
         <size>0x19</size>
         <input_file_ref idref="fl-7"/>
      </object_component>
      <object_component id="oc-2ef">
         <name>.data:cmdString</name>
         <load_address>0x20002458</load_address>
         <run_address>0x20002458</run_address>
         <size>0x14</size>
         <input_file_ref idref="fl-7"/>
      </object_component>
      <object_component id="oc-2ec">
         <name>.data:HTTP_Request</name>
         <load_address>0x200023f0</load_address>
         <run_address>0x200023f0</run_address>
         <size>0x1b</size>
         <input_file_ref idref="fl-7"/>
      </object_component>
      <object_component id="oc-2e3">
         <name>.data:UART0Config</name>
         <load_address>0x200023a0</load_address>
         <run_address>0x200023a0</run_address>
         <size>0x28</size>
         <input_file_ref idref="fl-7"/>
      </object_component>
      <object_component id="oc-2e6">
         <name>.data:UART2Config</name>
         <load_address>0x200023c8</load_address>
         <run_address>0x200023c8</run_address>
         <size>0x28</size>
         <input_file_ref idref="fl-7"/>
      </object_component>
      <object_component id="oc-116">
         <name>.data</name>
         <load_address>0x2000246c</load_address>
         <run_address>0x2000246c</run_address>
         <size>0x10</size>
         <input_file_ref idref="fl-9"/>
      </object_component>
      <object_component id="oc-235">
         <name>.data:pwmConfig</name>
         <load_address>0x20002440</load_address>
         <run_address>0x20002440</run_address>
         <size>0x18</size>
         <input_file_ref idref="fl-a"/>
      </object_component>
      <object_component id="oc-238">
         <name>.data:pwmConfig2</name>
         <load_address>0x20002428</load_address>
         <run_address>0x20002428</run_address>
         <size>0x18</size>
         <input_file_ref idref="fl-a"/>
      </object_component>
      <object_component id="oc-2f9">
         <name>.data:$O1$$</name>
         <load_address>0x2000248c</load_address>
         <run_address>0x2000248c</run_address>
         <size>0xc</size>
         <input_file_ref idref="fl-ee"/>
      </object_component>
      <object_component id="oc-216">
         <name>.data:$O1$$</name>
         <load_address>0x20002498</load_address>
         <run_address>0x20002498</run_address>
         <size>0x8</size>
         <input_file_ref idref="fl-ef"/>
      </object_component>
      <object_component id="oc-219">
         <name>.data:_ftable</name>
         <load_address>0x200021e8</load_address>
         <run_address>0x200021e8</run_address>
         <size>0xf0</size>
         <input_file_ref idref="fl-f3"/>
      </object_component>
      <object_component id="oc-685">
         <name>.data</name>
         <load_address>0x2000247c</load_address>
         <run_address>0x2000247c</run_address>
         <size>0x10</size>
         <input_file_ref idref="fl-f3"/>
      </object_component>
      <object_component id="oc-623">
         <name>.data:$O1$$</name>
         <load_address>0x200024a0</load_address>
         <run_address>0x200024a0</run_address>
         <size>0x8</size>
         <input_file_ref idref="fl-f7"/>
      </object_component>
      <object_component id="oc-4cf">
         <name>.data</name>
         <load_address>0x200024a8</load_address>
         <run_address>0x200024a8</run_address>
         <size>0x4</size>
         <input_file_ref idref="fl-fc"/>
      </object_component>
      <object_component id="oc-65f">
         <name>.data:_device</name>
         <load_address>0x200022d8</load_address>
         <run_address>0x200022d8</run_address>
         <size>0x78</size>
         <input_file_ref idref="fl-ff"/>
      </object_component>
      <object_component id="oc-5f2">
         <name>.data:_stream</name>
         <load_address>0x20002350</load_address>
         <run_address>0x20002350</run_address>
         <size>0x50</size>
         <input_file_ref idref="fl-ff"/>
      </object_component>
      <object_component id="oc-520">
         <name>.bss</name>
         <uninitialized>true</uninitialized>
         <run_address>0x200019c0</run_address>
         <size>0x8</size>
         <input_file_ref idref="fl-16"/>
      </object_component>
      <object_component id="oc-6f6">
         <name>.bss:_CIOBUF_</name>
         <uninitialized>true</uninitialized>
         <run_address>0x20001800</run_address>
         <size>0x120</size>
         <input_file_ref idref="fl-110"/>
      </object_component>
      <object_component id="oc-fa">
         <name>.common:UARTA0Data</name>
         <uninitialized>true</uninitialized>
         <run_address>0x20000800</run_address>
         <size>0x800</size>
      </object_component>
      <object_component id="oc-f9">
         <name>.common:UARTA0ReadIndex</name>
         <uninitialized>true</uninitialized>
         <run_address>0x200019d4</run_address>
         <size>0x4</size>
      </object_component>
      <object_component id="oc-f2">
         <name>.common:UARTA0WriteIndex</name>
         <uninitialized>true</uninitialized>
         <run_address>0x200019d8</run_address>
         <size>0x4</size>
      </object_component>
      <object_component id="oc-108">
         <name>.common:UARTA2Data</name>
         <uninitialized>true</uninitialized>
         <run_address>0x20001000</run_address>
         <size>0x800</size>
      </object_component>
      <object_component id="oc-107">
         <name>.common:UARTA2ReadIndex</name>
         <uninitialized>true</uninitialized>
         <run_address>0x200019dc</run_address>
         <size>0x4</size>
      </object_component>
      <object_component id="oc-106">
         <name>.common:UARTA2WriteIndex</name>
         <uninitialized>true</uninitialized>
         <run_address>0x200019e0</run_address>
         <size>0x4</size>
      </object_component>
      <object_component id="oc-3d5">
         <name>.common:ESP8266_Buffer</name>
         <uninitialized>true</uninitialized>
         <run_address>0x20000000</run_address>
         <size>0x800</size>
      </object_component>
      <object_component id="oc-e4">
         <name>.common:SR04IntTimes</name>
         <uninitialized>true</uninitialized>
         <run_address>0x200019d0</run_address>
         <size>0x4</size>
      </object_component>
      <object_component id="oc-6c9">
         <name>.common:__TI_tmpnams</name>
         <uninitialized>true</uninitialized>
         <run_address>0x20001920</run_address>
         <size>0xa0</size>
      </object_component>
      <object_component id="oc-6da">
         <name>.common:parmbuf</name>
         <uninitialized>true</uninitialized>
         <run_address>0x200019c8</run_address>
         <size>0x8</size>
      </object_component>
      <object_component id="oc-29">
         <name>.sysmem</name>
         <uninitialized>true</uninitialized>
         <run_address>0x200019e8</run_address>
         <size>0x10</size>
         <input_file_ref idref="fl-f7"/>
      </object_component>
      <object_component id="oc-76b">
         <name>.sysmem</name>
         <uninitialized>true</uninitialized>
         <run_address>0x200019e8</run_address>
         <size>0x0</size>
      </object_component>
      <object_component id="oc-2c">
         <name>.stack</name>
         <uninitialized>true</uninitialized>
         <run_address>0x2000fe00</run_address>
         <size>0x4</size>
         <input_file_ref idref="fl-fd"/>
      </object_component>
      <object_component id="oc-76a">
         <name>.stack</name>
         <uninitialized>true</uninitialized>
         <run_address>0x2000fe00</run_address>
         <size>0x0</size>
      </object_component>
      <object_component id="oc-f3">
         <name>.debug_info</name>
         <load_address>0x0</load_address>
         <run_address>0x0</run_address>
         <size>0x7f3</size>
         <input_file_ref idref="fl-2"/>
      </object_component>
      <object_component id="oc-3de">
         <name>.debug_info</name>
         <load_address>0x7f3</load_address>
         <run_address>0x7f3</run_address>
         <size>0x16c</size>
         <input_file_ref idref="fl-2"/>
      </object_component>
      <object_component id="oc-2b0">
         <name>.debug_info</name>
         <load_address>0x95f</load_address>
         <run_address>0x95f</run_address>
         <size>0x142</size>
         <input_file_ref idref="fl-2"/>
      </object_component>
      <object_component id="oc-2bb">
         <name>.debug_info</name>
         <load_address>0xaa1</load_address>
         <run_address>0xaa1</run_address>
         <size>0x13c</size>
         <input_file_ref idref="fl-2"/>
      </object_component>
      <object_component id="oc-2b6">
         <name>.debug_info</name>
         <load_address>0xbdd</load_address>
         <run_address>0xbdd</run_address>
         <size>0x19a</size>
         <input_file_ref idref="fl-2"/>
      </object_component>
      <object_component id="oc-2c1">
         <name>.debug_info</name>
         <load_address>0xd77</load_address>
         <run_address>0xd77</run_address>
         <size>0x1d7</size>
         <input_file_ref idref="fl-2"/>
      </object_component>
      <object_component id="oc-2d2">
         <name>.debug_info</name>
         <load_address>0xf4e</load_address>
         <run_address>0xf4e</run_address>
         <size>0x1ef</size>
         <input_file_ref idref="fl-2"/>
      </object_component>
      <object_component id="oc-2a9">
         <name>.debug_info</name>
         <load_address>0x113d</load_address>
         <run_address>0x113d</run_address>
         <size>0x118</size>
         <input_file_ref idref="fl-2"/>
      </object_component>
      <object_component id="oc-298">
         <name>.debug_info</name>
         <load_address>0x1255</load_address>
         <run_address>0x1255</run_address>
         <size>0x122</size>
         <input_file_ref idref="fl-2"/>
      </object_component>
      <object_component id="oc-130">
         <name>.debug_info</name>
         <load_address>0x1377</load_address>
         <run_address>0x1377</run_address>
         <size>0x26b</size>
         <input_file_ref idref="fl-2"/>
      </object_component>
      <object_component id="oc-1c7">
         <name>.debug_info</name>
         <load_address>0x15e2</load_address>
         <run_address>0x15e2</run_address>
         <size>0x1028</size>
         <input_file_ref idref="fl-2"/>
      </object_component>
      <object_component id="oc-1c2">
         <name>.debug_info</name>
         <load_address>0x260a</load_address>
         <run_address>0x260a</run_address>
         <size>0x37e2</size>
         <input_file_ref idref="fl-2"/>
      </object_component>
      <object_component id="oc-1e9">
         <name>.debug_info</name>
         <load_address>0x5dec</load_address>
         <run_address>0x5dec</run_address>
         <size>0x341</size>
         <input_file_ref idref="fl-2"/>
      </object_component>
      <object_component id="oc-101">
         <name>.debug_info</name>
         <load_address>0x612d</load_address>
         <run_address>0x612d</run_address>
         <size>0x8b</size>
         <input_file_ref idref="fl-2"/>
      </object_component>
      <object_component id="oc-1fb">
         <name>.debug_info</name>
         <load_address>0x61b8</load_address>
         <run_address>0x61b8</run_address>
         <size>0x2a4</size>
         <input_file_ref idref="fl-2"/>
      </object_component>
      <object_component id="oc-1d1">
         <name>.debug_info</name>
         <load_address>0x645c</load_address>
         <run_address>0x645c</run_address>
         <size>0xef</size>
         <input_file_ref idref="fl-2"/>
      </object_component>
      <object_component id="oc-fc">
         <name>.debug_info</name>
         <load_address>0x654b</load_address>
         <run_address>0x654b</run_address>
         <size>0xbb</size>
         <input_file_ref idref="fl-2"/>
      </object_component>
      <object_component id="oc-148">
         <name>.debug_info</name>
         <load_address>0x6606</load_address>
         <run_address>0x6606</run_address>
         <size>0x2c</size>
         <input_file_ref idref="fl-2"/>
      </object_component>
      <object_component id="oc-22a">
         <name>.debug_info</name>
         <load_address>0x6632</load_address>
         <run_address>0x6632</run_address>
         <size>0x2c</size>
         <input_file_ref idref="fl-2"/>
      </object_component>
      <object_component id="oc-1d8">
[...]
         <object_component_ref idref="oc-493"/>
      </symbol>
      <symbol id="sm-92d">
         <name>__aeabi_cdcmpeq</name>
         <value>0x3261</value>
         <object_component_ref idref="oc-333"/>
      </symbol>
      <symbol id="sm-92e">
         <name>__aeabi_cdcmple</name>
         <value>0x3261</value>
         <object_component_ref idref="oc-333"/>
      </symbol>
      <symbol id="sm-92f">
         <name>__aeabi_cdrcmple</name>
         <value>0x32e7</value>
         <object_component_ref idref="oc-47e"/>
      </symbol>
      <symbol id="sm-943">
         <name>__aeabi_ddiv</name>
         <value>0x1ce9</value>
         <object_component_ref idref="oc-479"/>
      </symbol>
      <symbol id="sm-94e">
         <name>__aeabi_dmul</name>
         <value>0x2591</value>
         <object_component_ref idref="oc-474"/>
      </symbol>
      <symbol id="sm-958">
         <name>__aeabi_d2iz</name>
         <value>0x451d</value>
         <object_component_ref idref="oc-483"/>
      </symbol>
      <symbol id="sm-963">
         <name>__aeabi_f2d</name>
         <value>0x4915</value>
         <object_component_ref idref="oc-2c6"/>
      </symbol>
      <symbol id="sm-96d">
         <name>__aeabi_i2d</name>
         <value>0x4b4d</value>
         <object_component_ref idref="oc-48e"/>
      </symbol>
      <symbol id="sm-988">
         <name>memcpy</name>
         <value>0x2d59</value>
         <object_component_ref idref="oc-3a"/>
      </symbol>
      <symbol id="sm-989">
         <name>__aeabi_memcpy</name>
         <value>0x2d59</value>
         <object_component_ref idref="oc-3a"/>
      </symbol>
      <symbol id="sm-98a">
         <name>__aeabi_memcpy8</name>
         <value>0x2d59</value>
         <object_component_ref idref="oc-3a"/>
      </symbol>
      <symbol id="sm-98b">
         <name>__aeabi_memcpy4</name>
         <value>0x2d59</value>
         <object_component_ref idref="oc-3a"/>
      </symbol>
      <symbol id="sm-998">
         <name>__aeabi_uldivmod</name>
         <value>0x2df5</value>
         <object_component_ref idref="oc-46d"/>
      </symbol>
      <symbol id="sm-9a7">
         <name>__aeabi_memset</name>
         <value>0x35eb</value>
         <object_component_ref idref="oc-b8"/>
      </symbol>
      <symbol id="sm-9a8">
         <name>memset</name>
         <value>0x35f1</value>
         <object_component_ref idref="oc-b8"/>
      </symbol>
      <symbol id="sm-9a9">
         <name>__aeabi_memset8</name>
         <value>0x35eb</value>
         <object_component_ref idref="oc-b8"/>
      </symbol>
      <symbol id="sm-9aa">
         <name>__aeabi_memset4</name>
         <value>0x35eb</value>
         <object_component_ref idref="oc-b8"/>
      </symbol>
      <symbol id="sm-9ab">
         <name>__aeabi_memclr8</name>
         <value>0x35e9</value>
         <object_component_ref idref="oc-b8"/>
      </symbol>
      <symbol id="sm-9ac">
         <name>__aeabi_memclr4</name>
         <value>0x35e9</value>
         <object_component_ref idref="oc-b8"/>
      </symbol>
      <symbol id="sm-9ad">
         <name>__aeabi_memclr</name>
         <value>0x35e9</value>
         <object_component_ref idref="oc-b8"/>
      </symbol>
      <symbol id="sm-9bf">
         <name>__TI_zero_init</name>
         <value>0x4f9d</value>
         <object_component_ref idref="oc-4c"/>
      </symbol>
      <symbol id="sm-9d6">
         <name>__TI_decompress_none</name>
         <value>0x4f83</value>
         <object_component_ref idref="oc-1d"/>
      </symbol>
      <symbol id="sm-9f9">
         <name>__TI_decompress_lzss</name>
         <value>0x3b35</value>
         <object_component_ref idref="oc-17"/>
      </symbol>
      <symbol id="sm-a1f">
         <name>C$$EXIT</name>
         <value>0x4fd9</value>
         <object_component_ref idref="oc-176"/>
      </symbol>
      <symbol id="sm-a20">
         <name>abort</name>
         <value>0x4fd9</value>
         <object_component_ref idref="oc-176"/>
      </symbol>
      <symbol id="sm-a21">
         <name>__TI_dtors_ptr</name>
         <value>0x20002490</value>
         <object_component_ref idref="oc-2f9"/>
      </symbol>
      <symbol id="sm-a22">
         <name>__TI_cleanup_ptr</name>
         <value>0x2000248c</value>
         <object_component_ref idref="oc-2f9"/>
      </symbol>
      <symbol id="sm-a23">
         <name>__TI_enable_exit_profile_output</name>
         <value>0x20002494</value>
         <object_component_ref idref="oc-2f9"/>
      </symbol>
      <symbol id="sm-a24">
         <name>exit</name>
         <value>0x448d</value>
         <object_component_ref idref="oc-17c"/>
      </symbol>
      <symbol id="sm-a39">
         <name>_nop</name>
         <value>0x1673</value>
         <object_component_ref idref="oc-36e"/>
      </symbol>
      <symbol id="sm-a3a">
         <name>_lock</name>
         <value>0x20002498</value>
         <object_component_ref idref="oc-216"/>
      </symbol>
      <symbol id="sm-a3b">
         <name>_unlock</name>
         <value>0x2000249c</value>
         <object_component_ref idref="oc-216"/>
      </symbol>
      <symbol id="sm-a4a">
         <name>__TI_ltoa</name>
         <value>0x41d5</value>
         <object_component_ref idref="oc-488"/>
      </symbol>
      <symbol id="sm-a60">
         <name>atoi</name>
         <value>0x43b1</value>
         <object_component_ref idref="oc-327"/>
      </symbol>
      <symbol id="sm-a6b">
         <name>_ctypes_</name>
         <value>0x4fdc</value>
         <object_component_ref idref="oc-468"/>
      </symbol>
      <symbol id="sm-a80">
         <name>__TI_tmpnams</name>
         <value>0x20001920</value>
      </symbol>
      <symbol id="sm-a81">
         <name>__aeabi_stdout</name>
         <value>0x20002484</value>
         <object_component_ref idref="oc-685"/>
      </symbol>
      <symbol id="sm-a82">
         <name>__aeabi_stderr</name>
         <value>0x20002488</value>
         <object_component_ref idref="oc-685"/>
      </symbol>
      <symbol id="sm-a83">
         <name>__aeabi_stdin</name>
         <value>0x20002480</value>
         <object_component_ref idref="oc-685"/>
      </symbol>
      <symbol id="sm-a84">
         <name>_ftable</name>
         <value>0x200021e8</value>
         <object_component_ref idref="oc-219"/>
      </symbol>
      <symbol id="sm-a85">
         <name>__TI_ft_end</name>
         <value>0x2000247c</value>
         <object_component_ref idref="oc-685"/>
      </symbol>
      <symbol id="sm-a96">
         <name>ltoa</name>
         <value>0x3989</value>
         <object_component_ref idref="oc-3fc"/>
      </symbol>
      <symbol id="sm-aa6">
         <name>memccpy</name>
         <value>0x4e29</value>
         <object_component_ref idref="oc-350"/>
      </symbol>
      <symbol id="sm-ab6">
         <name>memchr</name>
         <value>0x4dcf</value>
         <object_component_ref idref="oc-4f0"/>
      </symbol>
      <symbol id="sm-b3f">
         <name>_sys_memory</name>
         <value>0x200019e8</value>
         <object_component_ref idref="oc-29"/>
      </symbol>
      <symbol id="sm-b40">
         <name>free</name>
         <value>0x2785</value>
         <object_component_ref idref="oc-409"/>
      </symbol>
      <symbol id="sm-b41">
         <name>memalign</name>
         <value>0x2491</value>
         <object_component_ref idref="oc-55e"/>
      </symbol>
      <symbol id="sm-b42">
         <name>malloc</name>
         <value>0x4fc5</value>
         <object_component_ref idref="oc-403"/>
      </symbol>
      <symbol id="sm-b43">
         <name>aligned_alloc</name>
         <value>0x2491</value>
         <object_component_ref idref="oc-55e"/>
      </symbol>
      <symbol id="sm-b53">
         <name>strchr</name>
         <value>0x4ed7</value>
         <object_component_ref idref="oc-4bf"/>
      </symbol>
      <symbol id="sm-b61">
         <name>strcpy</name>
         <value>0x4f29</value>
         <object_component_ref idref="oc-556"/>
      </symbol>
      <symbol id="sm-b6f">
         <name>strlen</name>
         <value>0x4f3d</value>
         <object_component_ref idref="oc-321"/>
      </symbol>
      <symbol id="sm-b82">
         <name>strstr</name>
         <value>0x4a89</value>
         <object_component_ref idref="oc-3e3"/>
      </symbol>
      <symbol id="sm-b98">
         <name>__aeabi_errno_addr</name>
         <value>0x4fbd</value>
         <object_component_ref idref="oc-35c"/>
      </symbol>
      <symbol id="sm-b99">
         <name>errno</name>
         <value>0x200024a8</value>
         <object_component_ref idref="oc-4cf"/>
      </symbol>
      <symbol id="sm-bac">
         <name>__stack</name>
         <value>0x2000fe00</value>
         <object_component_ref idref="oc-2c"/>
      </symbol>
      <symbol id="sm-bad">
         <name>_c_int00_noargs</name>
         <value>0x4a55</value>
         <object_component_ref idref="oc-58"/>
      </symbol>
      <symbol id="sm-bc7">
         <name>write</name>
         <value>0x4d3d</value>
         <object_component_ref idref="oc-4fc"/>
      </symbol>
      <symbol id="sm-bd8">
         <name>_stream</name>
         <value>0x20002350</value>
         <object_component_ref idref="oc-5f2"/>
      </symbol>
      <symbol id="sm-bd9">
         <name>_device</name>
         <value>0x200022d8</value>
         <object_component_ref idref="oc-65f"/>
      </symbol>
      <symbol id="sm-be9">
         <name>__TI_doflush</name>
         <value>0x4365</value>
         <object_component_ref idref="oc-4f6"/>
      </symbol>
      <symbol id="sm-bf9">
         <name>__TI_cleanup</name>
         <value>0x49ed</value>
         <object_component_ref idref="oc-64c"/>
      </symbol>
      <symbol id="sm-c0b">
         <name>fseek</name>
         <value>0x3ccd</value>
         <object_component_ref idref="oc-5e0"/>
      </symbol>
      <symbol id="sm-c15">
         <name>copysign</name>
         <value>0x4e45</value>
         <object_component_ref idref="oc-5c4"/>
      </symbol>
      <symbol id="sm-c16">
         <name>copysignl</name>
         <value>0x4e45</value>
         <object_component_ref idref="oc-5c4"/>
      </symbol>
      <symbol id="sm-c20">
         <name>__aeabi_idiv0</name>
         <value>0x1e1f</value>
         <object_component_ref idref="oc-5ab"/>
      </symbol>
      <symbol id="sm-c21">
         <name>__aeabi_ldiv0</name>
         <value>0x1e1f</value>
         <object_component_ref idref="oc-5ab"/>
      </symbol>
      <symbol id="sm-c49">
         <name>__TI_auto_init_nobinit_nopinit</name>
         <value>0x45ed</value>
         <object_component_ref idref="oc-182"/>
      </symbol>
      <symbol id="sm-c53">
         <name>_system_pre_init</name>
         <value>0x4fd5</value>
         <object_component_ref idref="oc-be"/>
      </symbol>
      <symbol id="sm-c66">
         <name>HOSTclose</name>
         <value>0x4565</value>
         <object_component_ref idref="oc-691"/>
      </symbol>
      <symbol id="sm-c77">
         <name>HOSTlseek</name>
         <value>0x3a65</value>
         <object_component_ref idref="oc-6a3"/>
      </symbol>
      <symbol id="sm-c89">
         <name>parmbuf</name>
         <value>0x200019c8</value>
      </symbol>
      <symbol id="sm-c8a">
         <name>HOSTopen</name>
         <value>0x3df5</value>
         <object_component_ref idref="oc-68b"/>
      </symbol>
      <symbol id="sm-c9b">
         <name>HOSTread</name>
         <value>0x4079</value>
         <object_component_ref idref="oc-697"/>
      </symbol>
      <symbol id="sm-cac">
         <name>HOSTrename</name>
         <value>0x39f9</value>
         <object_component_ref idref="oc-6af"/>
      </symbol>
      <symbol id="sm-cbd">
         <name>HOSTunlink</name>
         <value>0x45a9</value>
         <object_component_ref idref="oc-6a9"/>
      </symbol>
      <symbol id="sm-cce">
         <name>HOSTwrite</name>
         <value>0x40d1</value>
         <object_component_ref idref="oc-69d"/>
      </symbol>
      <symbol id="sm-cf2">
         <name>__TI_readmsg</name>
         <value>0x4a21</value>
         <object_component_ref idref="oc-6d4"/>
      </symbol>
      <symbol id="sm-cf3">
         <name>C$$IO$$</name>
         <value>0x4863</value>
         <object_component_ref idref="oc-6ce"/>
      </symbol>
      <symbol id="sm-cf4">
         <name>__CIOBUF_</name>
         <value>0x20001800</value>
         <object_component_ref idref="oc-6f6"/>
      </symbol>
      <symbol id="sm-cf5">
         <name>__TI_writemsg</name>
         <value>0x4835</value>
         <object_component_ref idref="oc-6ce"/>
      </symbol>
      <symbol id="sm-d06">
         <name>lseek</name>
         <value>0x4d15</value>
         <object_component_ref idref="oc-644"/>
      </symbol>
      <symbol id="sm-d1b">
         <name>__TI_closefile</name>
         <value>0x3751</value>
         <object_component_ref idref="oc-67f"/>
      </symbol>
      <symbol id="sm-d3e">
         <name>finddevice</name>
         <value>0x4b1d</value>
         <object_component_ref idref="oc-712"/>
      </symbol>
      <symbol id="sm-d3f">
         <name>getdevice</name>
         <value>0x4631</value>
         <object_component_ref idref="oc-6ec"/>
      </symbol>
      <symbol id="sm-d4e">
         <name>strcmp</name>
         <value>0x4ea9</value>
         <object_component_ref idref="oc-727"/>
      </symbol>
      <symbol id="sm-d5e">
         <name>strncpy</name>
         <value>0x494d</value>
         <object_component_ref idref="oc-70c"/>
      </symbol>
      <symbol id="sm-d73">
         <name>close</name>
         <value>0x3eb5</value>
         <object_component_ref idref="oc-6bd"/>
      </symbol>
      <symbol id="sm-d83">
         <name>unlink</name>
         <value>0x4ba9</value>
         <object_component_ref idref="oc-6c3"/>
      </symbol>
      <symbol id="sm-d84">
         <name>__TI_static_base__</name>
         <value>0x0</value>
      </symbol>
      <symbol id="sm-d87">
         <name>__mpu_init</name>
         <value>0x0</value>
      </symbol>
      <symbol id="sm-d88">
         <name>_system_post_cinit</name>
         <value>0x0</value>
      </symbol>
      <symbol id="sm-d89">
         <name>NMI_Handler</name>
         <value>0xb33</value>
      </symbol>
      <symbol id="sm-d8a">
         <name>HardFault_Handler</name>
         <value>0xb33</value>
      </symbol>
      <symbol id="sm-d8b">
         <name>MemManage_Handler</name>
         <value>0xb33</value>
      </symbol>
      <symbol id="sm-d8c">
         <name>BusFault_Handler</name>
         <value>0xb33</value>
      </symbol>
      <symbol id="sm-d8d">
         <name>UsageFault_Handler</name>
         <value>0xb33</value>
      </symbol>
      <symbol id="sm-d8e">
         <name>SVC_Handler</name>
         <value>0xb33</value>
      </symbol>
      <symbol id="sm-d8f">
         <name>DebugMon_Handler</name>
         <value>0xb33</value>
      </symbol>
      <symbol id="sm-d90">
         <name>PendSV_Handler</name>
         <value>0xb33</value>
      </symbol>
      <symbol id="sm-d91">
         <name>SysTick_Handler</name>
         <value>0xb33</value>
      </symbol>
      <symbol id="sm-d92">
         <name>PSS_IRQHandler</name>
         <value>0xb33</value>
      </symbol>
      <symbol id="sm-d93">
         <name>CS_IRQHandler</name>
         <value>0xb33</value>
      </symbol>
      <symbol id="sm-d94">
         <name>PCM_IRQHandler</name>
         <value>0xb33</value>
      </symbol>
      <symbol id="sm-d95">
         <name>WDT_A_IRQHandler</name>
         <value>0xb33</value>
      </symbol>
      <symbol id="sm-d96">
         <name>FPU_IRQHandler</name>
         <value>0xb33</value>
      </symbol>
      <symbol id="sm-d97">
         <name>FLCTL_IRQHandler</name>
         <value>0xb33</value>
      </symbol>
      <symbol id="sm-d98">
         <name>COMP_E0_IRQHandler</name>
         <value>0xb33</value>
      </symbol>
      <symbol id="sm-d99">
         <name>COMP_E1_IRQHandler</name>
         <value>0xb33</value>
      </symbol>
      <symbol id="sm-d9a">
         <name>TA0_0_IRQHandler</name>
         <value>0x4df1</value>
      </symbol>
      <symbol id="sm-d9b">
         <name>TA0_N_IRQHandler</name>
         <value>0xb33</value>
      </symbol>
      <symbol id="sm-d9c">
         <name>TA1_0_IRQHandler</name>
         <value>0xb33</value>
      </symbol>
      <symbol id="sm-d9d">
         <name>TA1_N_IRQHandler</name>
         <value>0xb33</value>
      </symbol>
      <symbol id="sm-d9e">
         <name>TA2_0_IRQHandler</name>
         <value>0xb33</value>
      </symbol>
      <symbol id="sm-d9f">
         <name>TA2_N_IRQHandler</name>
         <value>0xb33</value>
      </symbol>
      <symbol id="sm-da0">
         <name>TA3_0_IRQHandler</name>
         <value>0xb33</value>
      </symbol>
      <symbol id="sm-da1">
         <name>TA3_N_IRQHandler</name>
         <value>0xb33</value>
      </symbol>
      <symbol id="sm-da2">
         <name>EUSCIA0_IRQHandler</name>
         <value>0x2cbd</value>
      </symbol>
      <symbol id="sm-da3">
         <name>EUSCIA1_IRQHandler</name>
         <value>0xb33</value>
      </symbol>
      <symbol id="sm-da4">
         <name>EUSCIA2_IRQHandler</name>
         <value>0x2fad</value>
      </symbol>
      <symbol id="sm-da5">
         <name>EUSCIA3_IRQHandler</name>
         <value>0xb33</value>
      </symbol>
      <symbol id="sm-da6">
         <name>EUSCIB0_IRQHandler</name>
         <value>0xb33</value>
      </symbol>
      <symbol id="sm-da7">
         <name>EUSCIB1_IRQHandler</name>
         <value>0xb33</value>
      </symbol>
      <symbol id="sm-da8">
         <name>EUSCIB2_IRQHandler</name>
         <value>0xb33</value>
      </symbol>
      <symbol id="sm-da9">
         <name>EUSCIB3_IRQHandler</name>
         <value>0xb33</value>
      </symbol>
      <symbol id="sm-daa">
         <name>ADC14_IRQHandler</name>
         <value>0xb33</value>
      </symbol>
      <symbol id="sm-dab">
         <name>T32_INT1_IRQHandler</name>
         <value>0xb33</value>
      </symbol>
      <symbol id="sm-dac">
         <name>T32_INT2_IRQHandler</name>
         <value>0xb33</value>
      </symbol>
      <symbol id="sm-dad">
         <name>T32_INTC_IRQHandler</name>
         <value>0xb33</value>
      </symbol>
      <symbol id="sm-dae">
         <name>AES256_IRQHandler</name>
         <value>0xb33</value>
      </symbol>
      <symbol id="sm-daf">
         <name>RTC_C_IRQHandler</name>
         <value>0xb33</value>
      </symbol>
      <symbol id="sm-db0">
         <name>DMA_ERR_IRQHandler</name>
         <value>0xb33</value>
      </symbol>
      <symbol id="sm-db1">
         <name>DMA_INT3_IRQHandler</name>
         <value>0xb33</value>
      </symbol>
      <symbol id="sm-db2">
         <name>DMA_INT2_IRQHandler</name>
         <value>0xb33</value>
      </symbol>
      <symbol id="sm-db3">
         <name>DMA_INT1_IRQHandler</name>
         <value>0xb33</value>
      </symbol>
      <symbol id="sm-db4">
         <name>DMA_INT0_IRQHandler</name>
         <value>0xb33</value>
      </symbol>
      <symbol id="sm-db5">
         <name>PORT1_IRQHandler</name>
         <value>0xb33</value>
      </symbol>
      <symbol id="sm-db6">
         <name>PORT2_IRQHandler</name>
         <value>0x4c9d</value>
      </symbol>
      <symbol id="sm-db7">
         <name>PORT3_IRQHandler</name>
         <value>0x4cc5</value>
      </symbol>
      <symbol id="sm-db8">
         <name>PORT4_IRQHandler</name>
         <value>0xb33</value>
      </symbol>
      <symbol id="sm-db9">
         <name>PORT5_IRQHandler</name>
         <value>0x3471</value>
      </symbol>
      <symbol id="sm-dba">
         <name>PORT6_IRQHandler</name>
         <value>0xb33</value>
      </symbol>
      <symbol id="sm-dbb">
         <name>remove</name>
         <value>0x4ba9</value>
      </symbol>
   </symbol_table>
   <title>Link successful</title>
</link_info>
