******************************************************************************
                  TI ARM Linker PC v20.2.5                     
******************************************************************************
>> Linked Tue Nov 30 01:34:45 2021

OUTPUT FILE NAME:   <Project4.out>
ENTRY POINT SYMBOL: "_c_int00_noargs"  address: 0000502d


MEMORY CONFIGURATION

         name            origin    length      used     unused   attr    fill
----------------------  --------  ---------  --------  --------  ----  --------
  MAIN                  00000000   00040000  00005894  0003a76c  R  X
  INFO                  00200000   00004000  00000000  00004000  R  X
  SRAM_CODE             01000000   00010000  000026c0  0000d940  RW X
  SRAM_DATA             20000000   00010000  000026c0  0000d940  RW  


SEGMENT ALLOCATION MAP

run origin  load origin   length   init length attrs members
----------  ----------- ---------- ----------- ----- -------
00000000    00000000    00005898   00005898    r-x
  00000000    00000000    000000e4   000000e4    r-- .intvecs
  000000e4    000000e4    0000552c   0000552c    r-x .text
  00005610    00005610    00000194   00000194    r-- .const
  000057a8    000057a8    000000f0   000000f0    r-- .cinit
20000000    20000000    000024c4   00000000    rw-
  20000000    20000000    000019e4   00000000    rw- .bss
  200019e8    200019e8    00000800   00000000    rw- .sysmem
  200021e8    200021e8    000002dc   00000000    rw- .data
2000fe00    2000fe00    00000200   00000000    rw-
  2000fe00    2000fe00    00000200   00000000    rw- .stack


SECTION ALLOCATION MAP

 output                                  attributes/
section   page    origin      length       input sections
--------  ----  ----------  ----------   ----------------
.intvecs   0    00000000    000000e4     
                  00000000    000000e4     startup_msp432p401r_ccs.obj (.intvecs:retain)

.text      0    000000e4    0000552c     
                  000000e4    00000a4e     rtsv7M4_T_le_v4SPD16_eabi.lib : _printfi.c.obj (.text:__TI_printfi)
                  00000b32    00000002     startup_msp432p401r_ccs.obj (.text:Default_Handler)
                  00000b34    0000056c     wifi.obj (.text:runString)
                  000010a0    0000035c     wifi.obj (.text:initWifi)
                  000013fc    00000270     rtsv7M4_T_le_v4SPD16_eabi.lib : _printfi.c.obj (.text:_pconv_a)
                  0000166c    000001d0                                   : _printfi.c.obj (.text:_pconv_g)
                  0000183c    000001b6                                   : fd_add_t2.asm.obj (.text)
                  000019f2    00000002                                   : _lock.c.obj (.text:_nop)
                  000019f4    0000015c     msp432p4xx_driverlib.lib : pcm.o (.text:__PCM_setPowerModeAdvanced)
                  00001b50    00000158     UART_Driver.obj (.text:UART_Printf)
                  00001ca8    00000144     msp432p4xx_driverlib.lib : timer_a.o (.text:privateTimer_AProcessClockSourceDivider)
                  00001dec    00000140     UART_Driver.obj (.text:UART_Read)
                  00001f2c    0000013c     rtsv7M4_T_le_v4SPD16_eabi.lib : _printfi.c.obj (.text:_pconv_e)
                  00002068    00000136                                   : fd_div_t2.asm.obj (.text)
                  0000219e    00000002                                   : div0.asm.obj (.text)
                  000021a0    00000124                                   : _printfi.c.obj (.text:fcvt)
                  000022c4    0000011c     msp432p4xx_driverlib.lib : uart.o (.text:UART_initModule)
                  000023e0    00000114     rtsv7M4_T_le_v4SPD16_eabi.lib : fputs.c.obj (.text:fputs)
                  000024f4    00000110                                   : s_scalbn.c.obj (.text:scalbn)
                  00002604    00000108     msp432p4xx_driverlib.lib : pcm.o (.text:__PCM_setCoreVoltageLevelAdvanced)
                  0000270c    00000104                              : cs.o (.text:_CSComputeCLKFrequency)
                  00002810    00000100     rtsv7M4_T_le_v4SPD16_eabi.lib : memory.c.obj (.text:aligned_alloc)
                  00002910    000000fc                                   : fd_mul_t2.asm.obj (.text)
                  00002a0c    000000f8     msp432p4xx_driverlib.lib : cs.o (.text:CS_getDCOFrequency)
                  00002b04    000000e4     rtsv7M4_T_le_v4SPD16_eabi.lib : memory.c.obj (.text:free)
                  00002be8    000000e0     motor.obj (.text:oneEighty)
                  00002cc8    000000dc     rtsv7M4_T_le_v4SPD16_eabi.lib : setvbuf.c.obj (.text:setvbuf)
                  00002da4    000000c8     wifi.obj (.text:getData)
                  00002e6c    000000ba     MSPIO.obj (.text:MSPrintf)
                  00002f26    00000002     --HOLE-- [fill = 0]
                  00002f28    000000b4     ESP8266.obj (.text:EstablishConnection)
                  00002fdc    000000b1     rtsv7M4_T_le_v4SPD16_eabi.lib : _printfi.c.obj (.text:_ltostr)
                  0000308d    00000003     --HOLE-- [fill = 0]
                  00003090    000000a4     ESP8266.obj (.text:SendData)
                  00003134    0000009c     UART_Driver.obj (.text:EUSCIA0_IRQHandler)
                  000031d0    0000009c     rtsv7M4_T_le_v4SPD16_eabi.lib : memcpy_t2.asm.obj (.text)
                  0000326c    00000096                                   : ull_div_t2.asm.obj (.text)
                  00003302    00000002     --HOLE-- [fill = 0]
                  00003304    00000094     msp432p4xx_driverlib.lib : sysctl_a.o (.text:SysCtl_A_getTLVInfo)
                  00003398    00000094     motor.obj (.text:motor_stop)
                  0000342c    0000008c     ESP8266.obj (.text:ESP8266_WaitForAnswer)
                  000034b8    0000008c     UART_Driver.obj (.text:EUSCIA2_IRQHandler)
                  00003544    0000008c     MSPIO.obj (.text:PrintInteger)
                  000035d0    0000008c     rtsv7M4_T_le_v4SPD16_eabi.lib : fputc.c.obj (.text:fputc)
                  0000365c    00000088     msp432p4xx_driverlib.lib : gpio.o (.text:GPIO_setAsPeripheralModuleFunctionOutputPin)
                  000036e4    00000088     ultrasonic.obj (.text:getHCSR04Distance)
                  0000376c    00000088     motor.obj (.text:motor_back)
                  000037f4    00000086     rtsv7M4_T_le_v4SPD16_eabi.lib : fd_cmp_t2.asm.obj (.text:__aeabi_cdcmple)
                  0000387a    00000086                                   : fd_cmp_t2.asm.obj (.text:__aeabi_cdrcmple)
                  00003900    00000084     msp432p4xx_driverlib.lib : gpio.o (.text:GPIO_getEnabledInterruptStatus)
                  00003984    00000084     motor.obj (.text:motor_start)
                  00003a08    00000080     msp432p4xx_driverlib.lib : interrupt.o (.text:Interrupt_enableInterrupt)
                  00003a88    00000080     motor.obj (.text:motor_left)
                  00003b08    00000080     motor.obj (.text:motor_right)
                  00003b88    0000007c     ESP8266.obj (.text:ConnectToAP)
                  00003c04    0000007c     msp432p4xx_driverlib.lib : cs.o (.text:_CSGetDOCFrequency)
                  00003c80    0000007a     rtsv7M4_T_le_v4SPD16_eabi.lib : memset_t2.asm.obj (.text)
                  00003cfa    00000002     --HOLE-- [fill = 0]
                  00003cfc    00000078     system_msp432p401r.obj (.text:SystemInit)
                  00003d74    00000074     msp432p4xx_driverlib.lib : timer_a.o (.text:Timer_A_generatePWM)
                  00003de8    00000074     rtsv7M4_T_le_v4SPD16_eabi.lib : fclose.c.obj (.text:__TI_closefile)
                  00003e5c    00000070                                   : memory.c.obj (.text:split)
                  00003ecc    0000006e                                   : _printfi.c.obj (.text:_mcpy)
                  00003f3a    00000002     --HOLE-- [fill = 0]
                  00003f3c    0000006e                                   : ltoa.c.obj (.text:ltoa)
                  00003faa    00000002     --HOLE-- [fill = 0]
                  00003fac    0000006c                                   : hostrename.c.obj (.text:HOSTrename)
                  00004018    00000068                                   : hostlseek.c.obj (.text:HOSTlseek)
                  00004080    00000068     main.obj (.text:PORT5_IRQHandler)
                  000040e8    00000068     msp432p4xx_driverlib.lib : timer_a.o (.text:Timer_A_configureUpMode)
                  00004150    00000068     rtsv7M4_T_le_v4SPD16_eabi.lib : copy_decompress_lzss.c.obj (.text:decompress:lzss:__TI_decompress_lzss)
                  000041b8    00000068                                   : printf.c.obj (.text:printf)
                  00004220    00000064     msp432p4xx_driverlib.lib : uart.o (.text:UART_getEnabledInterruptStatus)
                  00004284    00000064     rtsv7M4_T_le_v4SPD16_eabi.lib : s_frexp.c.obj (.text:frexp)
                  000042e8    00000064                                   : fseek.c.obj (.text:fseek)
                  0000434c    00000062     msp432p4xx_driverlib.lib : cs.o (.text:_CSGetDividerValue)
                  000043ae    00000062     rtsv7M4_T_le_v4SPD16_eabi.lib : _io_perm.c.obj (.text:__TI_wrt_ok)
                  00004410    00000060                                   : hostopen.c.obj (.text:HOSTopen)
                  00004470    0000005e     msp432p4xx_driverlib.lib : pcm.o (.text:PCM_getCoreVoltageLevel)
                  000044ce    00000002     --HOLE-- [fill = 0]
                  000044d0    0000005c     rtsv7M4_T_le_v4SPD16_eabi.lib : close.c.obj (.text:close)
                  0000452c    0000005c     ultrasonic.obj (.text:init_HCSR04)
                  00004588    0000005a     msp432p4xx_driverlib.lib : pcm.o (.text:PCM_getPowerMode)
                  000045e2    00000002     --HOLE-- [fill = 0]
                  000045e4    00000058                              : gpio.o (.text:GPIO_setAsInputPinWithPullDownResistor)
                  0000463c    00000058                              : gpio.o (.text:GPIO_setAsInputPinWithPullUpResistor)
                  00004694    00000058     rtsv7M4_T_le_v4SPD16_eabi.lib : hostread.c.obj (.text:HOSTread)
                  000046ec    00000058                                   : hostwrite.c.obj (.text:HOSTwrite)
                  00004744    00000058     encoder.obj (.text:initEncoder)
                  0000479c    00000056     rtsv7M4_T_le_v4SPD16_eabi.lib : _printfi.c.obj (.text:_pconv_f)
                  000047f2    00000054                                   : _ltoa.c.obj (.text:__TI_ltoa)
                  00004846    00000052                                   : _printfi.c.obj (.text:_ecpy)
                  00004898    00000050     ESP8266.obj (.text:QueryIP)
                  000048e8    0000004c     msp432p4xx_driverlib.lib : gpio.o (.text:GPIO_setAsInputPin)
                  00004934    0000004c                              : timer_a.o (.text:Timer_A_getCounterValue)
                  00004980    0000004c     rtsv7M4_T_le_v4SPD16_eabi.lib : fflush.c.obj (.text:__TI_doflush)
                  000049cc    0000004c                                   : atoi.c.obj (.text:atoi)
                  00004a18    00000048     msp432p4xx_driverlib.lib : flash.o (.text:FlashCtl_setWaitState)
                  00004a60    00000048     UART_Driver.obj (.text:UART_Flush)
                  00004aa8    00000048     rtsv7M4_T_le_v4SPD16_eabi.lib : exit.c.obj (.text:exit)
                  00004af0    00000048     main.obj (.text:main)
                  00004b38    00000048     rtsv7M4_T_le_v4SPD16_eabi.lib : fd_toi_t2.asm.obj (.text)
                  00004b80    00000044                                   : hostclose.c.obj (.text:HOSTclose)
                  00004bc4    00000044                                   : hostunlink.c.obj (.text:HOSTunlink)
                  00004c08    00000044                                   : autoinit.c.obj (.text:__TI_auto_init_nobinit_nopinit:__TI_auto_init_nobinit_nopinit)
                  00004c4c    00000044     wifi.obj (.text:checkObstacle)
                  00004c90    00000044     rtsv7M4_T_le_v4SPD16_eabi.lib : getdevice.c.obj (.text:getdevice)
                  00004cd4    00000040     msp432p4xx_driverlib.lib : gpio.o (.text:GPIO_setAsOutputPin)
                  00004d14    00000040     UART_Driver.obj (.text:UART_Write)
                  00004d54    00000040     rtsv7M4_T_le_v4SPD16_eabi.lib : sprintf.c.obj (.text:sprintf)
                  00004d94    0000003e                                   : _printfi.c.obj (.text:_fcpy)
                  00004dd2    00000002     --HOLE-- [fill = 0]
                  00004dd4    00000038                                   : trgmsg.c.obj (.text:__TI_writemsg)
                  00004e0c    00000038     motor.obj (.text:adjustLeft)
                  00004e44    00000038     motor.obj (.text:adjustRight)
                  00004e7c    00000038     wifi.obj (.text:counter)
                  00004eb4    00000038     ultrasonic.obj (.text:getHCSR04Time)
                  00004eec    00000038     rtsv7M4_T_le_v4SPD16_eabi.lib : fs_tod_t2.asm.obj (.text)
                  00004f24    00000036                                   : strncpy.c.obj (.text:strncpy)
                  00004f5a    00000002     --HOLE-- [fill = 0]
                  00004f5c    00000034     msp432p4xx_driverlib.lib : cs.o (.text:CS_setDCOCenteredFrequency)
                  00004f90    00000034     ESP8266.obj (.text:ESP8266_HardReset)
                  00004fc4    00000034     rtsv7M4_T_le_v4SPD16_eabi.lib : fopen.c.obj (.text:__TI_cleanup)
                  00004ff8    00000034                                   : trgmsg.c.obj (.text:__TI_readmsg)
                  0000502c    00000034                                   : boot_cortex_m.c.obj (.text:_c_int00_noargs:_c_int00_noargs)
                  00005060    00000034     motor.obj (.text:initMotor)
                  00005094    00000034     rtsv7M4_T_le_v4SPD16_eabi.lib : strstr.c.obj (.text:strstr)
                  000050c8    00000030     msp432p4xx_driverlib.lib : cs.o (.text:CS_clearInterruptFlag)
                  000050f8    00000030                              : gpio.o (.text:GPIO_getInputPinValue)
                  00005128    00000030     rtsv7M4_T_le_v4SPD16_eabi.lib : getdevice.c.obj (.text:finddevice)
                  00005158    0000002e                                   : i_tofd_t2.asm.obj (.text)
                  00005186    00000002     --HOLE-- [fill = 0]
                  00005188    0000002c     msp432p4xx_driverlib.lib : timer_a.o (.text:Timer_A_clearCaptureCompareInterrupt)
                  000051b4    0000002c     rtsv7M4_T_le_v4SPD16_eabi.lib : unlink.c.obj (.text:unlink)
                  000051e0    00000028     msp432p4xx_driverlib.lib : cs.o (.text:CS_getSMCLK)
                  00005208    00000028                              : gpio.o (.text:GPIO_clearInterruptFlag)
                  00005230    00000028                              : gpio.o (.text:GPIO_enableInterrupt)
                  00005258    00000028                              : gpio.o (.text:GPIO_setOutputHighOnPin)
                  00005280    00000028                              : gpio.o (.text:GPIO_setOutputLowOnPin)
                  000052a8    00000028     encoder.obj (.text:PORT2_IRQHandler)
                  000052d0    00000028     encoder.obj (.text:PORT3_IRQHandler)
                  000052f8    00000028     rtsv7M4_T_le_v4SPD16_eabi.lib : memory.c.obj (.text:free_list_insert)
                  00005320    00000028                                   : lseek.c.obj (.text:lseek)
                  00005348    00000028                                   : write.c.obj (.text:write)
                  00005370    00000024     ultrasonic.obj (.text:Delay)
                  00005394    00000024     msp432p4xx_driverlib.lib : gpio.o (.text:GPIO_getInterruptStatus)
                  000053b8    00000022     MSPIO.obj (.text:PrintString)
                  000053da    00000020     rtsv7M4_T_le_v4SPD16_eabi.lib : memchr.c.obj (.text:memchr)
                  000053fa    00000002     --HOLE-- [fill = 0]
                  000053fc    0000001c     ultrasonic.obj (.text:TA0_0_IRQHandler)
                  00005418    0000001c     rtsv7M4_T_le_v4SPD16_eabi.lib : memory.c.obj (.text:free_list_remove)
                  00005434    0000001c                                   : memccpy.c.obj (.text:memccpy)
                  00005450    0000001a                                   : s_copysign.c.obj (.text:copysign)
                  0000546a    00000002     --HOLE-- [fill = 0]
                  0000546c    00000018     msp432p4xx_driverlib.lib : timer_a.o (.text:Timer_A_clearTimer)
                  00005484    00000018                              : uart.o (.text:UART_getInterruptStatus)
                  0000549c    00000018     rtsv7M4_T_le_v4SPD16_eabi.lib : sprintf.c.obj (.text:_outs)
                  000054b4    00000018                                   : strcmp.c.obj (.text:strcmp)
                  000054cc    00000016     msp432p4xx_driverlib.lib : timer_a.o (.text:Timer_A_startCounter)
                  000054e2    00000016     rtsv7M4_T_le_v4SPD16_eabi.lib : strchr.c.obj (.text:strchr)
                  000054f8    00000014     msp432p4xx_driverlib.lib : pcm.o (.text:PCM_getPowerState)
                  0000550c    00000014     MSPIO.obj (.text:PrintChar)
                  00005520    00000014     msp432p4xx_driverlib.lib : timer_a.o (.text:Timer_A_stopTimer)
                  00005534    00000014     encoder.obj (.text:getLeft)
                  00005548    00000014     encoder.obj (.text:getRight)
                  0000555c    00000014     rtsv7M4_T_le_v4SPD16_eabi.lib : strcpy.c.obj (.text:strcpy)
                  00005570    00000014                                   : strlen.c.obj (.text:strlen)
                  00005584    00000012                                   : wcslen.c.obj (.text:wcslen)
                  00005596    00000010     msp432p4xx_driverlib.lib : pcm.o (.text:PCM_setCoreVoltageLevel)
                  000055a6    00000010                              : pcm.o (.text:PCM_setPowerMode)
                  000055b6    0000000e     rtsv7M4_T_le_v4SPD16_eabi.lib : copy_decompress_none.c.obj (.text:decompress:none:__TI_decompress_none)
                  000055c4    0000000c     startup_msp432p401r_ccs.obj (.text:Reset_Handler)
                  000055d0    0000000c     rtsv7M4_T_le_v4SPD16_eabi.lib : copy_zero_init.c.obj (.text:decompress:ZI:__TI_zero_init)
                  000055dc    0000000a                                   : sprintf.c.obj (.text:_outc)
                  000055e6    00000002     --HOLE-- [fill = 0]
                  000055e8    00000008     ESP8266.obj (.text:ESP8266_GetBuffer)
                  000055f0    00000008     rtsv7M4_T_le_v4SPD16_eabi.lib : errno.c.obj (.text:__aeabi_errno_addr)
                  000055f8    00000008                                   : memory.c.obj (.text:malloc)
                  00005600    00000004                                   : printf.c.obj (.text:_outc)
                  00005604    00000004                                   : printf.c.obj (.text:_outs)
                  00005608    00000004                                   : pre_init.c.obj (.text:_system_pre_init)
                  0000560c    00000004                                   : exit.c.obj (.text:abort:abort)

.const     0    00005610    00000194     
                  00005610    00000101     rtsv7M4_T_le_v4SPD16_eabi.lib : ctype.c.obj (.const:.string:_ctypes_)
                  00005711    00000003     --HOLE-- [fill = 0]
                  00005714    0000003e     wifi.obj (.const:.string)
                  00005752    00000002     --HOLE-- [fill = 0]
                  00005754    00000030     msp432p4xx_driverlib.lib : gpio.o (.const:GPIO_PORT_TO_BASE)
                  00005784    00000018     ultrasonic.obj (.const:$P$T0$1)
                  0000579c    00000008     msp432p4xx_driverlib.lib : interrupt.o (.const:g_pulEnRegs)

.cinit     0    000057a8    000000f0     
                  000057a8    000000c6     (.cinit..data.load) [load image, compression = lzss]
                  0000586e    00000002     --HOLE-- [fill = 0]
                  00005870    0000000c     (__TI_handler_table)
                  0000587c    00000004     --HOLE-- [fill = 0]
                  00005880    00000008     (.cinit..bss.load) [load image, compression = zero_init]
                  00005888    00000010     (__TI_cinit_table)

.init_array 
*          0    00000000    00000000     UNINITIALIZED

.binit     0    00000000    00000000     

.bss       0    20000000    000019e4     UNINITIALIZED
                  20000000    00000800     (.common:ESP8266_Buffer)
                  20000800    00000800     (.common:UARTA0Data)
                  20001000    00000800     (.common:UARTA2Data)
                  20001800    00000120     rtsv7M4_T_le_v4SPD16_eabi.lib : trgmsg.c.obj (.bss:_CIOBUF_)
                  20001920    000000a0     (.common:__TI_tmpnams)
                  200019c0    00000008     msp432p4xx_driverlib.lib : cs.o (.bss)
                  200019c8    00000008     (.common:parmbuf)
                  200019d0    00000004     (.common:SR04IntTimes)
                  200019d4    00000004     (.common:UARTA0ReadIndex)
                  200019d8    00000004     (.common:UARTA0WriteIndex)
                  200019dc    00000004     (.common:UARTA2ReadIndex)
                  200019e0    00000004     (.common:UARTA2WriteIndex)

.sysmem    0    200019e8    00000800     UNINITIALIZED
                  200019e8    00000010     rtsv7M4_T_le_v4SPD16_eabi.lib : memory.c.obj (.sysmem)
                  200019f8    000007f0     --HOLE--

.data      0    200021e8    000002dc     UNINITIALIZED
                  200021e8    000000f0     rtsv7M4_T_le_v4SPD16_eabi.lib : defs.c.obj (.data:_ftable)
                  200022d8    00000078                                   : host_device.c.obj (.data:_device)
                  20002350    00000050                                   : host_device.c.obj (.data:_stream)
                  200023a0    00000030     wifi.obj (.data)
                  200023d0    00000028     wifi.obj (.data:UART0Config)
                  200023f8    00000028     wifi.obj (.data:UART2Config)
                  20002420    0000001b     wifi.obj (.data:HTTP_Request)
                  2000243b    00000001     --HOLE--
                  2000243c    00000018     motor.obj (.data:pwmConfig2)
                  20002454    00000018     motor.obj (.data:pwmConfig)
                  2000246c    00000014     wifi.obj (.data:cmdString)
                  20002480    00000010     encoder.obj (.data)
                  20002490    00000010     rtsv7M4_T_le_v4SPD16_eabi.lib : defs.c.obj (.data)
                  200024a0    0000000c                                   : exit.c.obj (.data:$O1$$)
                  200024ac    00000008                                   : _lock.c.obj (.data:$O1$$)
                  200024b4    00000008                                   : memory.c.obj (.data:$O1$$)
                  200024bc    00000004     motor.obj (.data)
                  200024c0    00000004     rtsv7M4_T_le_v4SPD16_eabi.lib : errno.c.obj (.data)

.stack     0    2000fe00    00000200     UNINITIALIZED
                  2000fe00    00000004     rtsv7M4_T_le_v4SPD16_eabi.lib : boot_cortex_m.c.obj (.stack)
                  2000fe04    000001fc     --HOLE--

__llvm_prf_cnts 
*          0    20000000    00000000     UNINITIALIZED

MODULE SUMMARY

       Module                        code    ro data   rw data
       ------                        ----    -------   -------
    .\
       ESP8266.obj                   748     0         12320  
       UART_Driver.obj               1096    0         0      
       MSPIO.obj                     380     0         0      
       main.obj                      176     0         8      
       system_msp432p401r.obj        120     0         0      
    +--+-----------------------------+-------+---------+---------+
       Total:                        2520    0         12328  
                                                              
    .\ccs\
       startup_msp432p401r_ccs.obj   14      228       0      
    +--+-----------------------------+-------+---------+---------+
       Total:                        14      228       0      
                                                              
    .\encoder\
       encoder.obj                   208     0         32     
    +--+-----------------------------+-------+---------+---------+
       Total:                        208     0         32     
                                                              
    .\motor\
       motor.obj                     1060    0         104    
    +--+-----------------------------+-------+---------+---------+
       Total:                        1060    0         104    
                                                              
    .\ultrasonic\
       ultrasonic.obj                348     24        0      
    +--+-----------------------------+-------+---------+---------+
       Total:                        348     24        0      
                                                              
    .\wifi\
       wifi.obj                      2572    62        350    
    +--+-----------------------------+-------+---------+---------+
       Total:                        2572    62        350    
                                                              
    C:/ti/simplelink_msp432p4_sdk_3_40_01_02/source/ti/devices/msp432p4xx/driverlib/ccs/msp432p4xx_driverlib.lib
       cs.o                          870     0         16     
       gpio.o                        828     48        0      
       pcm.o                         848     0         0      
       timer_a.o                     730     0         0      
       uart.o                        408     0         0      
       sysctl_a.o                    148     0         0      
       interrupt.o                   128     8         0      
       flash.o                       72      0         0      
    +--+-----------------------------+-------+---------+---------+
       Total:                        4032    56        16     
                                                              
    C:\ti\ccs1100\ccs\tools\compiler\ti-cgt-arm_20.2.5.LTS\lib\rtsv7M4_T_le_v4SPD16_eabi.lib
       _printfi.c.obj                4851    0         0      
       defs.c.obj                    0       0         832    
       memory.c.obj                  672     0         16     
       trgmsg.c.obj                  108     0         576    
       fd_add_t2.asm.obj             438     0         0      
       host_device.c.obj             0       0         400    
       fd_div_t2.asm.obj             310     0         0      
       fputs.c.obj                   276     0         0      
       s_scalbn.c.obj                272     0         0      
       fd_cmp_t2.asm.obj             268     0         0      
       ctype.c.obj                   0       257       0      
       fd_mul_t2.asm.obj             252     0         0      
       setvbuf.c.obj                 220     0         0      
       memcpy_t2.asm.obj             156     0         0      
       ull_div_t2.asm.obj            150     0         0      
       fputc.c.obj                   140     0         0      
       memset_t2.asm.obj             122     0         0      
       fclose.c.obj                  116     0         0      
       getdevice.c.obj               116     0         0      
       hostopen.c.obj                96      0         16     
       printf.c.obj                  112     0         0      
       ltoa.c.obj                    110     0         0      
       hostrename.c.obj              108     0         0      
       copy_decompress_lzss.c.obj    104     0         0      
       hostlseek.c.obj               104     0         0      
       exit.c.obj                    76      0         24     
       fseek.c.obj                   100     0         0      
       s_frexp.c.obj                 100     0         0      
       _io_perm.c.obj                98      0         0      
       sprintf.c.obj                 98      0         0      
       close.c.obj                   92      0         0      
       hostread.c.obj                88      0         0      
       hostwrite.c.obj               88      0         0      
       _ltoa.c.obj                   84      0         0      
       atoi.c.obj                    76      0         0      
       fflush.c.obj                  76      0         0      
       fd_toi_t2.asm.obj             72      0         0      
       autoinit.c.obj                68      0         0      
       hostclose.c.obj               68      0         0      
       hostunlink.c.obj              68      0         0      
       fs_tod_t2.asm.obj             56      0         0      
       strncpy.c.obj                 54      0         0      
       boot_cortex_m.c.obj           52      0         0      
       fopen.c.obj                   52      0         0      
       strstr.c.obj                  52      0         0      
       i_tofd_t2.asm.obj             46      0         0      
       unlink.c.obj                  44      0         0      
       lseek.c.obj                   40      0         0      
       write.c.obj                   40      0         0      
       memchr.c.obj                  32      0         0      
       memccpy.c.obj                 28      0         0      
       s_copysign.c.obj              26      0         0      
       strcmp.c.obj                  24      0         0      
       strchr.c.obj                  22      0         0      
       strcpy.c.obj                  20      0         0      
       strlen.c.obj                  20      0         0      
       _lock.c.obj                   2       0         16     
       wcslen.c.obj                  18      0         0      
       errno.c.obj                   8       0         8      
       copy_decompress_none.c.obj    14      0         0      
       copy_zero_init.c.obj          12      0         0      
       pre_init.c.obj                4       0         0      
       div0.asm.obj                  2       0         0      
    +--+-----------------------------+-------+---------+---------+
       Total:                        11021   257       1888   
                                                              
       Heap:                         0       0         4096   
       Stack:                        0       0         1024   
       Linker Generated:             0       234       0      
    +--+-----------------------------+-------+---------+---------+
       Grand Total:                  21775   861       19838  


LINKER GENERATED COPY TABLES

__TI_cinit_table @ 00005888 records: 2, size/record: 8, table size: 16
	.data: load addr=000057a8, load size=000000c6 bytes, run addr=200021e8, run size=000002dc bytes, compression=lzss
	.bss: load addr=00005880, load size=00000008 bytes, run addr=20000000, run size=000019e4 bytes, compression=zero_init


LINKER GENERATED HANDLER TABLE

__TI_handler_table @ 00005870 records: 3, size/record: 4, table size: 12
	index: 0, handler: __TI_decompress_lzss
	index: 1, handler: __TI_decompress_none
	index: 2, handler: __TI_zero_init


GLOBAL SYMBOLS: SORTED ALPHABETICALLY BY Name 

address   name                                       
-------   ----                                       
00000b33  ADC14_IRQHandler                           
00000b33  AES256_IRQHandler                          
00000b33  BusFault_Handler                           
0000560d  C$$EXIT                                    
00004e03  C$$IO$$                                    
00000b33  COMP_E0_IRQHandler                         
00000b33  COMP_E1_IRQHandler                         
00000b33  CS_IRQHandler                              
000050c9  CS_clearInterruptFlag                      
00002a0d  CS_getDCOFrequency                         
000051e1  CS_getSMCLK                                
00004f5d  CS_setDCOCenteredFrequency                 
00003b89  ConnectToAP                                
00000b33  DMA_ERR_IRQHandler                         
00000b33  DMA_INT0_IRQHandler                        
00000b33  DMA_INT1_IRQHandler                        
00000b33  DMA_INT2_IRQHandler                        
00000b33  DMA_INT3_IRQHandler                        
00000b33  DebugMon_Handler                           
00000b33  Default_Handler                            
20000000  ESP8266_Buffer                             
000055e9  ESP8266_GetBuffer                          
00004f91  ESP8266_HardReset                          
0000342d  ESP8266_WaitForAnswer                      
00003135  EUSCIA0_IRQHandler                         
00003135  EUSCIA0_IRQHandler                         
00000b33  EUSCIA1_IRQHandler                         
000034b9  EUSCIA2_IRQHandler                         
000034b9  EUSCIA2_IRQHandler                         
00000b33  EUSCIA3_IRQHandler                         
00000b33  EUSCIB0_IRQHandler                         
00000b33  EUSCIB1_IRQHandler                         
00000b33  EUSCIB2_IRQHandler                         
00000b33  EUSCIB3_IRQHandler                         
00002f29  EstablishConnection                        
00000b33  FLCTL_IRQHandler                           
00000b33  FPU_IRQHandler                             
00004a19  FlashCtl_setWaitState                      
00005209  GPIO_clearInterruptFlag                    
00005231  GPIO_enableInterrupt                       
00003901  GPIO_getEnabledInterruptStatus             
000050f9  GPIO_getInputPinValue                      
00005395  GPIO_getInterruptStatus                    
000048e9  GPIO_setAsInputPin                         
000045e5  GPIO_setAsInputPinWithPullDownResistor     
0000463d  GPIO_setAsInputPinWithPullUpResistor       
00004cd5  GPIO_setAsOutputPin                        
0000365d  GPIO_setAsPeripheralModuleFunctionOutputPin
00005259  GPIO_setOutputHighOnPin                    
00005281  GPIO_setOutputLowOnPin                     
00004b81  HOSTclose                                  
00004019  HOSTlseek                                  
00004411  HOSTopen                                   
00004695  HOSTread                                   
00003fad  HOSTrename                                 
00004bc5  HOSTunlink                                 
000046ed  HOSTwrite                                  
20002420  HTTP_Request                               
00000b33  HardFault_Handler                          
00003a09  Interrupt_enableInterrupt                  
00002e6d  MSPrintf                                   
00000b33  MemManage_Handler                          
00000b33  NMI_Handler                                
200023ac  PATTERN1                                   
200023b0  PATTERN2                                   
00000b33  PCM_IRQHandler                             
00004471  PCM_getCoreVoltageLevel                    
00004589  PCM_getPowerMode                           
000054f9  PCM_getPowerState                          
00005597  PCM_setCoreVoltageLevel                    
000055a7  PCM_setPowerMode                           
00000b33  PORT1_IRQHandler                           
000052a9  PORT2_IRQHandler                           
000052a9  PORT2_IRQHandler                           
000052d1  PORT3_IRQHandler                           
000052d1  PORT3_IRQHandler                           
00000b33  PORT4_IRQHandler                           
00004081  PORT5_IRQHandler                           
00004081  PORT5_IRQHandler                           
00000b33  PORT6_IRQHandler                           
00000b33  PSS_IRQHandler                             
00000b33  PendSV_Handler                             
0000550d  PrintChar                                  
00003545  PrintInteger                               
000053b9  PrintString                                
00004899  QueryIP                                    
00000b33  RTC_C_IRQHandler                           
000055c5  Reset_Handler                              
200019d0  SR04IntTimes                               
00000b33  SVC_Handler                                
00003091  SendData                                   
00003305  SysCtl_A_getTLVInfo                        
00000b33  SysTick_Handler                            
00003cfd  SystemInit                                 
00000b33  T32_INT1_IRQHandler                        
00000b33  T32_INT2_IRQHandler                        
00000b33  T32_INTC_IRQHandler                        
000053fd  TA0_0_IRQHandler                           
000053fd  TA0_0_IRQHandler                           
00000b33  TA0_N_IRQHandler                           
00000b33  TA1_0_IRQHandler                           
00000b33  TA1_N_IRQHandler                           
00000b33  TA2_0_IRQHandler                           
00000b33  TA2_N_IRQHandler                           
00000b33  TA3_0_IRQHandler                           
00000b33  TA3_N_IRQHandler                           
00005189  Timer_A_clearCaptureCompareInterrupt       
0000546d  Timer_A_clearTimer                         
000040e9  Timer_A_configureUpMode                    
00003d75  Timer_A_generatePWM                        
00004935  Timer_A_getCounterValue                    
000054cd  Timer_A_startCounter                       
00005521  Timer_A_stopTimer                          
200023d0  UART0Config                                
200023f8  UART2Config                                
20000800  UARTA0Data                                 
200019d4  UARTA0ReadIndex                            
200019d8  UARTA0WriteIndex                           
20001000  UARTA2Data                                 
200019dc  UARTA2ReadIndex                            
200019e0  UARTA2WriteIndex                           
00004a61  UART_Flush                                 
00001b51  UART_Printf                                
00001ded  UART_Read                                  
00004d15  UART_Write                                 
00004221  UART_getEnabledInterruptStatus             
00005485  UART_getInterruptStatus                    
000022c5  UART_initModule                            
00000b33  UsageFault_Handler                         
4000480c  WDTCTL_SYM                                 
00000b33  WDT_A_IRQHandler                           
20001800  __CIOBUF_                                  
20010000  __STACK_END                                
00000200  __STACK_SIZE                               
00000800  __SYSMEM_SIZE                              
00005888  __TI_CINIT_Base                            
00005898  __TI_CINIT_Limit                           
00005870  __TI_Handler_Table_Base                    
0000587c  __TI_Handler_Table_Limit                   
00004c09  __TI_auto_init_nobinit_nopinit             
00004fc5  __TI_cleanup                               
200024a0  __TI_cleanup_ptr                           
00003de9  __TI_closefile                             
00004151  __TI_decompress_lzss                       
000055b7  __TI_decompress_none                       
00004981  __TI_doflush                               
200024a4  __TI_dtors_ptr                             
200024a8  __TI_enable_exit_profile_output            
20002490  __TI_ft_end                                
000047f3  __TI_ltoa                                  
ffffffff  __TI_pprof_out_hndl                        
000000e5  __TI_printfi                               
ffffffff  __TI_prof_data_size                        
ffffffff  __TI_prof_data_start                       
00004ff9  __TI_readmsg                               
00000000  __TI_static_base__                         
20001920  __TI_tmpnams                               
00004dd5  __TI_writemsg                              
000043af  __TI_wrt_ok                                
000055d1  __TI_zero_init                             
000037f5  __aeabi_cdcmpeq                            
000037f5  __aeabi_cdcmple                            
0000387b  __aeabi_cdrcmple                           
00004b39  __aeabi_d2iz                               
00001847  __aeabi_dadd                               
00002069  __aeabi_ddiv                               
00002911  __aeabi_dmul                               
0000183d  __aeabi_dsub                               
000055f1  __aeabi_errno_addr                         
00004eed  __aeabi_f2d                                
00005159  __aeabi_i2d                                
0000219f  __aeabi_idiv0                              
0000219f  __aeabi_ldiv0                              
00003c81  __aeabi_memclr                             
00003c81  __aeabi_memclr4                            
00003c81  __aeabi_memclr8                            
000031d1  __aeabi_memcpy                             
000031d1  __aeabi_memcpy4                            
000031d1  __aeabi_memcpy8                            
00003c83  __aeabi_memset                             
00003c83  __aeabi_memset4                            
00003c83  __aeabi_memset8                            
2000249c  __aeabi_stderr                             
20002494  __aeabi_stdin                              
20002498  __aeabi_stdout                             
0000326d  __aeabi_uldivmod                           
ffffffff  __binit__                                  
ffffffff  __c_args__                                 
UNDEFED   __mpu_init                                 
2000fe00  __stack                                    
20000000  __start___llvm_prf_cnts                    
20000000  __stop___llvm_prf_cnts                     
0000502d  _c_int00_noargs                            
00005610  _ctypes_                                   
200022d8  _device                                    
200021e8  _ftable                                    
200024ac  _lock                                      
000019f3  _nop                                       
20002350  _stream                                    
200019e8  _sys_memory                                
UNDEFED   _system_post_cinit                         
00005609  _system_pre_init                           
200024b0  _unlock                                    
0000560d  abort                                      
00004e0d  adjustLeft                                 
00004e45  adjustRight                                
00002811  aligned_alloc                              
000049cd  atoi                                       
ffffffff  binit                                      
00004c4d  checkObstacle                              
000044d1  close                                      
2000246c  cmdString                                  
00005451  copysign                                   
00005451  copysignl                                  
00004e7d  counter                                    
200024c0  errno                                      
00004aa9  exit                                       
00005129  finddevice                                 
000035d1  fputc                                      
000023e1  fputs                                      
00002b05  free                                       
00004285  frexp                                      
00004285  frexpl                                     
000042e9  fseek                                      
00002da5  getData                                    
000036e5  getHCSR04Distance                          
00005535  getLeft                                    
00005549  getRight                                   
00004c91  getdevice                                  
00004745  initEncoder                                
00005061  initMotor                                  
000010a1  initWifi                                   
0000452d  init_HCSR04                                
00000000  interruptVectors                           
000024f5  ldexp                                      
000024f5  ldexpl                                     
00005321  lseek                                      
00003f3d  ltoa                                       
00004af1  main                                       
000055f9  malloc                                     
00002811  memalign                                   
00005435  memccpy                                    
000053db  memchr                                     
000031d1  memcpy                                     
00003c89  memset                                     
0000376d  motor_back                                 
00003a89  motor_left                                 
00003b09  motor_right                                
00003985  motor_start                                
00003399  motor_stop                                 
200023b8  obstacle                                   
00002be9  oneEighty                                  
200019c8  parmbuf                                    
200023a4  password                                   
000041b9  printf                                     
000035d1  putc                                       
20002454  pwmConfig                                  
2000243c  pwmConfig2                                 
000051b5  remove                                     
20002488  rotationLeft                               
2000248c  rotationRight                              
200023c4  rotations                                  
200023c0  rpm                                        
200023c8  rpmL                                       
200023cc  rpmR                                       
00000b35  runString                                  
000024f5  scalbn                                     
000024f5  scalbnl                                    
00002cc9  setvbuf                                    
00004d55  sprintf                                    
000054e3  strchr                                     
000054b5  strcmp                                     
0000555d  strcpy                                     
00005571  strlen                                     
00004f25  strncpy                                    
00005095  strstr                                     
200023bc  timer                                      
000051b5  unlink                                     
200023a8  url                                        
200023a0  username                                   
00005585  wcslen                                     
00005349  write                                      


GLOBAL SYMBOLS: SORTED BY Symbol Address 

address   name                                       
-------   ----                                       
00000000  __TI_static_base__                         
00000000  interruptVectors                           
000000e5  __TI_printfi                               
00000200  __STACK_SIZE                               
00000800  __SYSMEM_SIZE                              
00000b33  ADC14_IRQHandler                           
00000b33  AES256_IRQHandler                          
00000b33  BusFault_Handler                           
00000b33  COMP_E0_IRQHandler                         
00000b33  COMP_E1_IRQHandler                         
00000b33  CS_IRQHandler                              
00000b33  DMA_ERR_IRQHandler                         
00000b33  DMA_INT0_IRQHandler                        
00000b33  DMA_INT1_IRQHandler                        
00000b33  DMA_INT2_IRQHandler                        
00000b33  DMA_INT3_IRQHandler                        
00000b33  DebugMon_Handler                           
00000b33  Default_Handler                            
00000b33  EUSCIA1_IRQHandler                         
00000b33  EUSCIA3_IRQHandler                         
00000b33  EUSCIB0_IRQHandler                         
00000b33  EUSCIB1_IRQHandler                         
00000b33  EUSCIB2_IRQHandler                         
00000b33  EUSCIB3_IRQHandler                         
00000b33  FLCTL_IRQHandler                           
00000b33  FPU_IRQHandler                             
00000b33  HardFault_Handler                          
00000b33  MemManage_Handler                          
00000b33  NMI_Handler                                
00000b33  PCM_IRQHandler                             
00000b33  PORT1_IRQHandler                           
00000b33  PORT4_IRQHandler                           
00000b33  PORT6_IRQHandler                           
00000b33  PSS_IRQHandler                             
00000b33  PendSV_Handler                             
00000b33  RTC_C_IRQHandler                           
00000b33  SVC_Handler                                
00000b33  SysTick_Handler                            
00000b33  T32_INT1_IRQHandler                        
00000b33  T32_INT2_IRQHandler                        
00000b33  T32_INTC_IRQHandler                        
00000b33  TA0_N_IRQHandler                           
00000b33  TA1_0_IRQHandler                           
00000b33  TA1_N_IRQHandler                           
00000b33  TA2_0_IRQHandler                           
00000b33  TA2_N_IRQHandler                           
00000b33  TA3_0_IRQHandler                           
00000b33  TA3_N_IRQHandler                           
00000b33  UsageFault_Handler                         
00000b33  WDT_A_IRQHandler                           
00000b35  runString                                  
000010a1  initWifi                                   
0000183d  __aeabi_dsub                               
00001847  __aeabi_dadd                               
000019f3  _nop                                       
00001b51  UART_Printf                                
00001ded  UART_Read                                  
00002069  __aeabi_ddiv                               
0000219f  __aeabi_idiv0                              
0000219f  __aeabi_ldiv0                              
000022c5  UART_initModule                            
000023e1  fputs                                      
000024f5  ldexp                                      
000024f5  ldexpl                                     
000024f5  scalbn                                     
000024f5  scalbnl                                    
00002811  aligned_alloc                              
00002811  memalign                                   
00002911  __aeabi_dmul                               
00002a0d  CS_getDCOFrequency                         
00002b05  free                                       
00002be9  oneEighty                                  
00002cc9  setvbuf                                    
00002da5  getData                                    
00002e6d  MSPrintf                                   
00002f29  EstablishConnection                        
00003091  SendData                                   
00003135  EUSCIA0_IRQHandler                         
00003135  EUSCIA0_IRQHandler                         
000031d1  __aeabi_memcpy                             
000031d1  __aeabi_memcpy4                            
000031d1  __aeabi_memcpy8                            
000031d1  memcpy                                     
0000326d  __aeabi_uldivmod                           
00003305  SysCtl_A_getTLVInfo                        
00003399  motor_stop                                 
0000342d  ESP8266_WaitForAnswer                      
000034b9  EUSCIA2_IRQHandler                         
000034b9  EUSCIA2_IRQHandler                         
00003545  PrintInteger                               
000035d1  fputc                                      
000035d1  putc                                       
0000365d  GPIO_setAsPeripheralModuleFunctionOutputPin
000036e5  getHCSR04Distance                          
0000376d  motor_back                                 
000037f5  __aeabi_cdcmpeq                            
000037f5  __aeabi_cdcmple                            
0000387b  __aeabi_cdrcmple                           
00003901  GPIO_getEnabledInterruptStatus             
00003985  motor_start                                
00003a09  Interrupt_enableInterrupt                  
00003a89  motor_left                                 
00003b09  motor_right                                
00003b89  ConnectToAP                                
00003c81  __aeabi_memclr                             
00003c81  __aeabi_memclr4                            
00003c81  __aeabi_memclr8                            
00003c83  __aeabi_memset                             
00003c83  __aeabi_memset4                            
00003c83  __aeabi_memset8                            
00003c89  memset                                     
00003cfd  SystemInit                                 
00003d75  Timer_A_generatePWM                        
00003de9  __TI_closefile                             
00003f3d  ltoa                                       
00003fad  HOSTrename                                 
00004019  HOSTlseek                                  
00004081  PORT5_IRQHandler                           
00004081  PORT5_IRQHandler                           
000040e9  Timer_A_configureUpMode                    
00004151  __TI_decompress_lzss                       
000041b9  printf                                     
00004221  UART_getEnabledInterruptStatus             
00004285  frexp                                      
00004285  frexpl                                     
000042e9  fseek                                      
000043af  __TI_wrt_ok                                
00004411  HOSTopen                                   
00004471  PCM_getCoreVoltageLevel                    
000044d1  close                                      
0000452d  init_HCSR04                                
00004589  PCM_getPowerMode                           
000045e5  GPIO_setAsInputPinWithPullDownResistor     
0000463d  GPIO_setAsInputPinWithPullUpResistor       
00004695  HOSTread                                   
000046ed  HOSTwrite                                  
00004745  initEncoder                                
000047f3  __TI_ltoa                                  
00004899  QueryIP                                    
000048e9  GPIO_setAsInputPin                         
00004935  Timer_A_getCounterValue                    
00004981  __TI_doflush                               
000049cd  atoi                                       
00004a19  FlashCtl_setWaitState                      
00004a61  UART_Flush                                 
00004aa9  exit                                       
00004af1  main                                       
00004b39  __aeabi_d2iz                               
00004b81  HOSTclose                                  
00004bc5  HOSTunlink                                 
00004c09  __TI_auto_init_nobinit_nopinit             
00004c4d  checkObstacle                              
00004c91  getdevice                                  
00004cd5  GPIO_setAsOutputPin                        
00004d15  UART_Write                                 
00004d55  sprintf                                    
00004dd5  __TI_writemsg                              
00004e03  C$$IO$$                                    
00004e0d  adjustLeft                                 
00004e45  adjustRight                                
00004e7d  counter                                    
00004eed  __aeabi_f2d                                
00004f25  strncpy                                    
00004f5d  CS_setDCOCenteredFrequency                 
00004f91  ESP8266_HardReset                          
00004fc5  __TI_cleanup                               
00004ff9  __TI_readmsg                               
0000502d  _c_int00_noargs                            
00005061  initMotor                                  
00005095  strstr                                     
000050c9  CS_clearInterruptFlag                      
000050f9  GPIO_getInputPinValue                      
00005129  finddevice                                 
00005159  __aeabi_i2d                                
00005189  Timer_A_clearCaptureCompareInterrupt       
000051b5  remove                                     
000051b5  unlink                                     
000051e1  CS_getSMCLK                                
00005209  GPIO_clearInterruptFlag                    
00005231  GPIO_enableInterrupt                       
00005259  GPIO_setOutputHighOnPin                    
00005281  GPIO_setOutputLowOnPin                     
000052a9  PORT2_IRQHandler                           
000052a9  PORT2_IRQHandler                           
000052d1  PORT3_IRQHandler                           
000052d1  PORT3_IRQHandler                           
00005321  lseek                                      
00005349  write                                      
00005395  GPIO_getInterruptStatus                    
000053b9  PrintString                                
000053db  memchr                                     
000053fd  TA0_0_IRQHandler                           
000053fd  TA0_0_IRQHandler                           
00005435  memccpy                                    
00005451  copysign                                   
00005451  copysignl                                  
0000546d  Timer_A_clearTimer                         
00005485  UART_getInterruptStatus                    
000054b5  strcmp                                     
000054cd  Timer_A_startCounter                       
000054e3  strchr                                     
000054f9  PCM_getPowerState                          
0000550d  PrintChar                                  
00005521  Timer_A_stopTimer                          
00005535  getLeft                                    
00005549  getRight                                   
0000555d  strcpy                                     
00005571  strlen                                     
00005585  wcslen                                     
00005597  PCM_setCoreVoltageLevel                    
000055a7  PCM_setPowerMode                           
000055b7  __TI_decompress_none                       
000055c5  Reset_Handler                              
000055d1  __TI_zero_init                             
000055e9  ESP8266_GetBuffer                          
000055f1  __aeabi_errno_addr                         
000055f9  malloc                                     
00005609  _system_pre_init                           
0000560d  C$$EXIT                                    
0000560d  abort                                      
00005610  _ctypes_                                   
00005870  __TI_Handler_Table_Base                    
0000587c  __TI_Handler_Table_Limit                   
00005888  __TI_CINIT_Base                            
00005898  __TI_CINIT_Limit                           
20000000  ESP8266_Buffer                             
20000000  __start___llvm_prf_cnts                    
20000000  __stop___llvm_prf_cnts                     
20000800  UARTA0Data                                 
20001000  UARTA2Data                                 
20001800  __CIOBUF_                                  
20001920  __TI_tmpnams                               
200019c8  parmbuf                                    
200019d0  SR04IntTimes                               
200019d4  UARTA0ReadIndex                            
200019d8  UARTA0WriteIndex                           
200019dc  UARTA2ReadIndex                            
200019e0  UARTA2WriteIndex                           
200019e8  _sys_memory                                
200021e8  _ftable                                    
200022d8  _device                                    
20002350  _stream                                    
200023a0  username                                   
200023a4  password                                   
200023a8  url                                        
200023ac  PATTERN1                                   
200023b0  PATTERN2                                   
200023b8  obstacle                                   
200023bc  timer                                      
200023c0  rpm                                        
200023c4  rotations                                  
200023c8  rpmL                                       
200023cc  rpmR                                       
200023d0  UART0Config                                
200023f8  UART2Config                                
20002420  HTTP_Request                               
2000243c  pwmConfig2                                 
20002454  pwmConfig                                  
2000246c  cmdString                                  
20002488  rotationLeft                               
2000248c  rotationRight                              
20002490  __TI_ft_end                                
20002494  __aeabi_stdin                              
20002498  __aeabi_stdout                             
2000249c  __aeabi_stderr                             
200024a0  __TI_cleanup_ptr                           
200024a4  __TI_dtors_ptr                             
200024a8  __TI_enable_exit_profile_output            
200024ac  _lock                                      
200024b0  _unlock                                    
200024c0  errno                                      
2000fe00  __stack                                    
20010000  __STACK_END                                
4000480c  WDTCTL_SYM                                 
ffffffff  __TI_pprof_out_hndl                        
ffffffff  __TI_prof_data_size                        
ffffffff  __TI_prof_data_start                       
ffffffff  __binit__                                  
ffffffff  __c_args__                                 
ffffffff  binit                                      
UNDEFED   __mpu_init                                 
UNDEFED   _system_post_cinit                         

[282 symbols]
