******************************************************************************
                  TI ARM Linker PC v20.2.5                     
******************************************************************************
>> Linked Mon Dec  6 15:15:58 2021

OUTPUT FILE NAME:   <Project4.out>
ENTRY POINT SYMBOL: "_c_int00_noargs"  address: 000052c5


MEMORY CONFIGURATION

         name            origin    length      used     unused   attr    fill
----------------------  --------  ---------  --------  --------  ----  --------
  MAIN                  00000000   00040000  00005bd0  0003a430  R  X
  INFO                  00200000   00004000  00000000  00004000  R  X
  SRAM_CODE             01000000   00010000  000026d8  0000d928  RW X
  SRAM_DATA             20000000   00010000  000026d8  0000d928  RW  


SEGMENT ALLOCATION MAP

run origin  load origin   length   init length attrs members
----------  ----------- ---------- ----------- ----- -------
00000000    00000000    00005bd0   00005bd0    r-x
  00000000    00000000    000000e4   000000e4    r-- .intvecs
  000000e4    000000e4    00005870   00005870    r-x .text
  00005954    00005954    0000018c   0000018c    r-- .const
  00005ae0    00005ae0    000000f0   000000f0    r-- .cinit
20000000    20000000    000024d8   00000000    rw-
  20000000    20000000    000019f0   00000000    rw- .bss
  200019f0    200019f0    00000800   00000000    rw- .sysmem
  200021f0    200021f0    000002e8   00000000    rw- .data
2000fe00    2000fe00    00000200   00000000    rw-
  2000fe00    2000fe00    00000200   00000000    rw- .stack


SECTION ALLOCATION MAP

 output                                  attributes/
section   page    origin      length       input sections
--------  ----  ----------  ----------   ----------------
.intvecs   0    00000000    000000e4     
                  00000000    000000e4     startup_msp432p401r_ccs.obj (.intvecs:retain)

.text      0    000000e4    00005870     
                  000000e4    00000a4e     rtsv7M4_T_le_v4SPD16_eabi.lib : _printfi.c.obj (.text:__TI_printfi)
                  00000b32    00000002     startup_msp432p401r_ccs.obj (.text:Default_Handler)
                  00000b34    00000788     wifi.obj (.text:runString)
                  000012bc    00000270     rtsv7M4_T_le_v4SPD16_eabi.lib : _printfi.c.obj (.text:_pconv_a)
                  0000152c    000001e4     wifi.obj (.text:connectWifi)
                  00001710    000001d0     rtsv7M4_T_le_v4SPD16_eabi.lib : _printfi.c.obj (.text:_pconv_g)
                  000018e0    000001b6                                   : fd_add_t2.asm.obj (.text)
                  00001a96    00000002                                   : _lock.c.obj (.text:_nop)
                  00001a98    0000017c     wifi.obj (.text:sendWifi)
                  00001c14    0000015c     msp432p4xx_driverlib.lib : pcm.o (.text:__PCM_setPowerModeAdvanced)
                  00001d70    00000158     UART_Driver.obj (.text:UART_Printf)
                  00001ec8    00000144     msp432p4xx_driverlib.lib : timer_a.o (.text:privateTimer_AProcessClockSourceDivider)
                  0000200c    00000140     UART_Driver.obj (.text:UART_Read)
                  0000214c    0000013c     rtsv7M4_T_le_v4SPD16_eabi.lib : _printfi.c.obj (.text:_pconv_e)
                  00002288    00000136                                   : fd_div_t2.asm.obj (.text)
                  000023be    00000002                                   : div0.asm.obj (.text)
                  000023c0    00000124                                   : _printfi.c.obj (.text:fcvt)
                  000024e4    0000011c     msp432p4xx_driverlib.lib : uart.o (.text:UART_initModule)
                  00002600    00000114     rtsv7M4_T_le_v4SPD16_eabi.lib : fputs.c.obj (.text:fputs)
                  00002714    00000110                                   : s_scalbn.c.obj (.text:scalbn)
                  00002824    00000108     msp432p4xx_driverlib.lib : pcm.o (.text:__PCM_setCoreVoltageLevelAdvanced)
                  0000292c    00000104                              : cs.o (.text:_CSComputeCLKFrequency)
                  00002a30    00000100     rtsv7M4_T_le_v4SPD16_eabi.lib : memory.c.obj (.text:aligned_alloc)
                  00002b30    000000fc                                   : fd_mul_t2.asm.obj (.text)
                  00002c2c    000000f8     msp432p4xx_driverlib.lib : cs.o (.text:CS_getDCOFrequency)
                  00002d24    000000e4     rtsv7M4_T_le_v4SPD16_eabi.lib : memory.c.obj (.text:free)
                  00002e08    000000dc                                   : setvbuf.c.obj (.text:setvbuf)
                  00002ee4    000000ba     MSPIO.obj (.text:MSPrintf)
                  00002f9e    00000002     --HOLE-- [fill = 0]
                  00002fa0    000000b4     ESP8266.obj (.text:EstablishConnection)
                  00003054    000000b4     wifi.obj (.text:checkObstacle)
                  00003108    000000b1     rtsv7M4_T_le_v4SPD16_eabi.lib : _printfi.c.obj (.text:_ltostr)
                  000031b9    00000003     --HOLE-- [fill = 0]
                  000031bc    000000b0     ESP8266.obj (.text:SendData)
                  0000326c    000000a8     wifi.obj (.text:getData)
                  00003314    000000a4     wifi.obj (.text:initWifi)
                  000033b8    0000009c     UART_Driver.obj (.text:EUSCIA0_IRQHandler)
                  00003454    0000009c     rtsv7M4_T_le_v4SPD16_eabi.lib : memcpy_t2.asm.obj (.text)
                  000034f0    00000096                                   : ull_div_t2.asm.obj (.text)
                  00003586    00000002     --HOLE-- [fill = 0]
                  00003588    00000094     msp432p4xx_driverlib.lib : sysctl_a.o (.text:SysCtl_A_getTLVInfo)
                  0000361c    00000094     motor.obj (.text:motor_stop)
                  000036b0    0000008c     ESP8266.obj (.text:ESP8266_WaitForAnswer)
                  0000373c    0000008c     UART_Driver.obj (.text:EUSCIA2_IRQHandler)
                  000037c8    0000008c     MSPIO.obj (.text:PrintInteger)
                  00003854    0000008c     rtsv7M4_T_le_v4SPD16_eabi.lib : fputc.c.obj (.text:fputc)
                  000038e0    0000008c     motor.obj (.text:motor_start)
                  0000396c    00000088     msp432p4xx_driverlib.lib : gpio.o (.text:GPIO_setAsPeripheralModuleFunctionOutputPin)
                  000039f4    00000088     ultrasonic.obj (.text:getHCSR04Distance)
                  00003a7c    00000088     motor.obj (.text:motor_back)
                  00003b04    00000086     rtsv7M4_T_le_v4SPD16_eabi.lib : fd_cmp_t2.asm.obj (.text:__aeabi_cdcmple)
                  00003b8a    00000086                                   : fd_cmp_t2.asm.obj (.text:__aeabi_cdrcmple)
                  00003c10    00000084     msp432p4xx_driverlib.lib : gpio.o (.text:GPIO_getEnabledInterruptStatus)
                  00003c94    00000080                              : interrupt.o (.text:Interrupt_enableInterrupt)
                  00003d14    00000080     motor.obj (.text:motor_left)
                  00003d94    00000080     motor.obj (.text:motor_right)
                  00003e14    0000007c     ESP8266.obj (.text:ConnectToAP)
                  00003e90    0000007c     msp432p4xx_driverlib.lib : cs.o (.text:_CSGetDOCFrequency)
                  00003f0c    0000007a     rtsv7M4_T_le_v4SPD16_eabi.lib : memset_t2.asm.obj (.text)
                  00003f86    00000002     --HOLE-- [fill = 0]
                  00003f88    00000078     system_msp432p401r.obj (.text:SystemInit)
                  00004000    00000074     msp432p4xx_driverlib.lib : timer_a.o (.text:Timer_A_generatePWM)
                  00004074    00000074     rtsv7M4_T_le_v4SPD16_eabi.lib : fclose.c.obj (.text:__TI_closefile)
                  000040e8    00000074     motor.obj (.text:adjustLeft)
                  0000415c    00000074     motor.obj (.text:adjustRight)
                  000041d0    00000070     rtsv7M4_T_le_v4SPD16_eabi.lib : memory.c.obj (.text:split)
                  00004240    0000006e                                   : _printfi.c.obj (.text:_mcpy)
                  000042ae    00000002     --HOLE-- [fill = 0]
                  000042b0    0000006e                                   : ltoa.c.obj (.text:ltoa)
                  0000431e    00000002     --HOLE-- [fill = 0]
                  00004320    0000006c                                   : hostrename.c.obj (.text:HOSTrename)
                  0000438c    00000068                                   : hostlseek.c.obj (.text:HOSTlseek)
                  000043f4    00000068     msp432p4xx_driverlib.lib : timer_a.o (.text:Timer_A_configureUpMode)
                  0000445c    00000068     rtsv7M4_T_le_v4SPD16_eabi.lib : copy_decompress_lzss.c.obj (.text:decompress:lzss:__TI_decompress_lzss)
                  000044c4    00000068     main.obj (.text:main)
                  0000452c    00000068     rtsv7M4_T_le_v4SPD16_eabi.lib : printf.c.obj (.text:printf)
                  00004594    00000064     msp432p4xx_driverlib.lib : uart.o (.text:UART_getEnabledInterruptStatus)
                  000045f8    00000064     rtsv7M4_T_le_v4SPD16_eabi.lib : s_frexp.c.obj (.text:frexp)
                  0000465c    00000064                                   : fseek.c.obj (.text:fseek)
                  000046c0    00000062     msp432p4xx_driverlib.lib : cs.o (.text:_CSGetDividerValue)
                  00004722    00000062     rtsv7M4_T_le_v4SPD16_eabi.lib : _io_perm.c.obj (.text:__TI_wrt_ok)
                  00004784    00000060                                   : hostopen.c.obj (.text:HOSTopen)
                  000047e4    0000005e     msp432p4xx_driverlib.lib : pcm.o (.text:PCM_getCoreVoltageLevel)
                  00004842    00000002     --HOLE-- [fill = 0]
                  00004844    0000005c     rtsv7M4_T_le_v4SPD16_eabi.lib : close.c.obj (.text:close)
                  000048a0    0000005c     ultrasonic.obj (.text:init_HCSR04)
                  000048fc    0000005a     msp432p4xx_driverlib.lib : pcm.o (.text:PCM_getPowerMode)
                  00004956    00000002     --HOLE-- [fill = 0]
                  00004958    00000058                              : gpio.o (.text:GPIO_setAsInputPinWithPullDownResistor)
                  000049b0    00000058                              : gpio.o (.text:GPIO_setAsInputPinWithPullUpResistor)
                  00004a08    00000058     rtsv7M4_T_le_v4SPD16_eabi.lib : hostread.c.obj (.text:HOSTread)
                  00004a60    00000058                                   : hostwrite.c.obj (.text:HOSTwrite)
                  00004ab8    00000058     encoder.obj (.text:initEncoder)
                  00004b10    00000056     rtsv7M4_T_le_v4SPD16_eabi.lib : _printfi.c.obj (.text:_pconv_f)
                  00004b66    00000002     --HOLE-- [fill = 0]
                  00004b68    00000054     ESP8266.obj (.text:ChangeMode)
                  00004bbc    00000054     rtsv7M4_T_le_v4SPD16_eabi.lib : _ltoa.c.obj (.text:__TI_ltoa)
                  00004c10    00000052                                   : _printfi.c.obj (.text:_ecpy)
                  00004c62    00000002     --HOLE-- [fill = 0]
                  00004c64    00000050     ESP8266.obj (.text:QueryIP)
                  00004cb4    0000004c     msp432p4xx_driverlib.lib : gpio.o (.text:GPIO_setAsInputPin)
                  00004d00    0000004c                              : timer_a.o (.text:Timer_A_getCounterValue)
                  00004d4c    0000004c     rtsv7M4_T_le_v4SPD16_eabi.lib : fflush.c.obj (.text:__TI_doflush)
                  00004d98    0000004c                                   : atoi.c.obj (.text:atoi)
                  00004de4    00000048     msp432p4xx_driverlib.lib : flash.o (.text:FlashCtl_setWaitState)
                  00004e2c    00000048     UART_Driver.obj (.text:UART_Flush)
                  00004e74    00000048     rtsv7M4_T_le_v4SPD16_eabi.lib : exit.c.obj (.text:exit)
                  00004ebc    00000048                                   : fd_toi_t2.asm.obj (.text)
                  00004f04    00000044                                   : hostclose.c.obj (.text:HOSTclose)
                  00004f48    00000044                                   : hostunlink.c.obj (.text:HOSTunlink)
                  00004f8c    00000044                                   : autoinit.c.obj (.text:__TI_auto_init_nobinit_nopinit:__TI_auto_init_nobinit_nopinit)
                  00004fd0    00000044                                   : getdevice.c.obj (.text:getdevice)
                  00005014    00000040     msp432p4xx_driverlib.lib : gpio.o (.text:GPIO_setAsOutputPin)
                  00005054    00000040     UART_Driver.obj (.text:UART_Write)
                  00005094    00000040     rtsv7M4_T_le_v4SPD16_eabi.lib : sprintf.c.obj (.text:sprintf)
                  000050d4    0000003e                                   : _printfi.c.obj (.text:_fcpy)
                  00005112    00000002     --HOLE-- [fill = 0]
                  00005114    00000038                                   : trgmsg.c.obj (.text:__TI_writemsg)
                  0000514c    00000038     ultrasonic.obj (.text:getHCSR04Time)
                  00005184    00000038     rtsv7M4_T_le_v4SPD16_eabi.lib : fs_tod_t2.asm.obj (.text)
                  000051bc    00000036                                   : strncpy.c.obj (.text:strncpy)
                  000051f2    00000002     --HOLE-- [fill = 0]
                  000051f4    00000034     msp432p4xx_driverlib.lib : cs.o (.text:CS_setDCOCenteredFrequency)
                  00005228    00000034     ESP8266.obj (.text:ESP8266_HardReset)
                  0000525c    00000034     rtsv7M4_T_le_v4SPD16_eabi.lib : fopen.c.obj (.text:__TI_cleanup)
                  00005290    00000034                                   : trgmsg.c.obj (.text:__TI_readmsg)
                  000052c4    00000034                                   : boot_cortex_m.c.obj (.text:_c_int00_noargs:_c_int00_noargs)
                  000052f8    00000034     motor.obj (.text:initMotor)
                  0000532c    00000034     rtsv7M4_T_le_v4SPD16_eabi.lib : rand.c.obj (.text:rand)
                  00005360    00000034                                   : strstr.c.obj (.text:strstr)
                  00005394    00000030     msp432p4xx_driverlib.lib : cs.o (.text:CS_clearInterruptFlag)
                  000053c4    00000030                              : gpio.o (.text:GPIO_getInputPinValue)
                  000053f4    00000030     rtsv7M4_T_le_v4SPD16_eabi.lib : getdevice.c.obj (.text:finddevice)
                  00005424    0000002e                                   : i_tofd_t2.asm.obj (.text)
                  00005452    00000002     --HOLE-- [fill = 0]
                  00005454    0000002c     encoder.obj (.text:PORT2_IRQHandler)
                  00005480    0000002c     encoder.obj (.text:PORT3_IRQHandler)
                  000054ac    0000002c     msp432p4xx_driverlib.lib : timer_a.o (.text:Timer_A_clearCaptureCompareInterrupt)
                  000054d8    0000002c     rtsv7M4_T_le_v4SPD16_eabi.lib : unlink.c.obj (.text:unlink)
                  00005504    00000028     msp432p4xx_driverlib.lib : cs.o (.text:CS_getSMCLK)
                  0000552c    00000028                              : gpio.o (.text:GPIO_clearInterruptFlag)
                  00005554    00000028                              : gpio.o (.text:GPIO_enableInterrupt)
                  0000557c    00000028                              : gpio.o (.text:GPIO_setOutputHighOnPin)
                  000055a4    00000028                              : gpio.o (.text:GPIO_setOutputLowOnPin)
                  000055cc    00000028     wifi.obj (.text:counter)
                  000055f4    00000028     rtsv7M4_T_le_v4SPD16_eabi.lib : memory.c.obj (.text:free_list_insert)
                  0000561c    00000028                                   : lseek.c.obj (.text:lseek)
                  00005644    00000028                                   : write.c.obj (.text:write)
                  0000566c    00000024     main.obj (.text:Delay)
                  00005690    00000024     motor.obj (.text:Delay)
                  000056b4    00000024     ultrasonic.obj (.text:Delay)
                  000056d8    00000024     msp432p4xx_driverlib.lib : gpio.o (.text:GPIO_getInterruptStatus)
                  000056fc    00000022     MSPIO.obj (.text:PrintString)
                  0000571e    00000020     rtsv7M4_T_le_v4SPD16_eabi.lib : memchr.c.obj (.text:memchr)
                  0000573e    00000002     --HOLE-- [fill = 0]
                  00005740    0000001c     ultrasonic.obj (.text:TA0_0_IRQHandler)
                  0000575c    0000001c     rtsv7M4_T_le_v4SPD16_eabi.lib : memory.c.obj (.text:free_list_remove)
                  00005778    0000001c                                   : memccpy.c.obj (.text:memccpy)
                  00005794    0000001a                                   : s_copysign.c.obj (.text:copysign)
                  000057ae    00000002     --HOLE-- [fill = 0]
                  000057b0    00000018     msp432p4xx_driverlib.lib : timer_a.o (.text:Timer_A_clearTimer)
                  000057c8    00000018                              : uart.o (.text:UART_getInterruptStatus)
                  000057e0    00000018     rtsv7M4_T_le_v4SPD16_eabi.lib : sprintf.c.obj (.text:_outs)
                  000057f8    00000018                                   : strcmp.c.obj (.text:strcmp)
                  00005810    00000016     msp432p4xx_driverlib.lib : timer_a.o (.text:Timer_A_startCounter)
                  00005826    00000016     rtsv7M4_T_le_v4SPD16_eabi.lib : strchr.c.obj (.text:strchr)
                  0000583c    00000014     msp432p4xx_driverlib.lib : pcm.o (.text:PCM_getPowerState)
                  00005850    00000014     MSPIO.obj (.text:PrintChar)
                  00005864    00000014     msp432p4xx_driverlib.lib : timer_a.o (.text:Timer_A_stopTimer)
                  00005878    00000014     encoder.obj (.text:getLeft)
                  0000588c    00000014     encoder.obj (.text:getRight)
                  000058a0    00000014     rtsv7M4_T_le_v4SPD16_eabi.lib : strcpy.c.obj (.text:strcpy)
                  000058b4    00000014                                   : strlen.c.obj (.text:strlen)
                  000058c8    00000012                                   : wcslen.c.obj (.text:wcslen)
                  000058da    00000010     msp432p4xx_driverlib.lib : pcm.o (.text:PCM_setCoreVoltageLevel)
                  000058ea    00000010                              : pcm.o (.text:PCM_setPowerMode)
                  000058fa    0000000e     rtsv7M4_T_le_v4SPD16_eabi.lib : copy_decompress_none.c.obj (.text:decompress:none:__TI_decompress_none)
                  00005908    0000000c     startup_msp432p401r_ccs.obj (.text:Reset_Handler)
                  00005914    0000000c     rtsv7M4_T_le_v4SPD16_eabi.lib : copy_zero_init.c.obj (.text:decompress:ZI:__TI_zero_init)
                  00005920    0000000a                                   : sprintf.c.obj (.text:_outc)
                  0000592a    00000002     --HOLE-- [fill = 0]
                  0000592c    00000008     ESP8266.obj (.text:ESP8266_GetBuffer)
                  00005934    00000008     rtsv7M4_T_le_v4SPD16_eabi.lib : errno.c.obj (.text:__aeabi_errno_addr)
                  0000593c    00000008                                   : memory.c.obj (.text:malloc)
                  00005944    00000004                                   : printf.c.obj (.text:_outc)
                  00005948    00000004                                   : printf.c.obj (.text:_outs)
                  0000594c    00000004                                   : pre_init.c.obj (.text:_system_pre_init)
                  00005950    00000004                                   : exit.c.obj (.text:abort:abort)

.const     0    00005954    0000018c     
                  00005954    00000101     rtsv7M4_T_le_v4SPD16_eabi.lib : ctype.c.obj (.const:.string:_ctypes_)
                  00005a55    00000002     wifi.obj (.const:.string:PATTERN2)
                  00005a57    00000001     --HOLE-- [fill = 0]
                  00005a58    00000030     msp432p4xx_driverlib.lib : gpio.o (.const:GPIO_PORT_TO_BASE)
                  00005a88    0000001a     wifi.obj (.const:.string)
                  00005aa2    00000002     --HOLE-- [fill = 0]
                  00005aa4    00000018     ultrasonic.obj (.const:$P$T0$1)
                  00005abc    00000010     wifi.obj (.const:.string:url)
                  00005acc    0000000c     wifi.obj (.const:.string:PATTERN1)
                  00005ad8    00000008     msp432p4xx_driverlib.lib : interrupt.o (.const:g_pulEnRegs)

.cinit     0    00005ae0    000000f0     
                  00005ae0    000000c8     (.cinit..data.load) [load image, compression = lzss]
                  00005ba8    0000000c     (__TI_handler_table)
                  00005bb4    00000004     --HOLE-- [fill = 0]
                  00005bb8    00000008     (.cinit..bss.load) [load image, compression = zero_init]
                  00005bc0    00000010     (__TI_cinit_table)

.init_array 
*          0    00000000    00000000     UNINITIALIZED

.binit     0    00000000    00000000     

.bss       0    20000000    000019f0     UNINITIALIZED
                  20000000    00000800     (.common:ESP8266_Buffer)
                  20000800    00000800     (.common:UARTA0Data)
                  20001000    00000800     (.common:UARTA2Data)
                  20001800    00000120     rtsv7M4_T_le_v4SPD16_eabi.lib : trgmsg.c.obj (.bss:_CIOBUF_)
                  20001920    000000a0     (.common:__TI_tmpnams)
                  200019c0    00000008     msp432p4xx_driverlib.lib : cs.o (.bss)
                  200019c8    00000008     (.common:parmbuf)
                  200019d0    00000004     (.common:SR04IntTimes)
                  200019d4    00000004     (.common:UARTA0ReadIndex)
                  200019d8    00000004     (.common:UARTA0WriteIndex)
                  200019dc    00000004     (.common:UARTA2ReadIndex)
                  200019e0    00000004     (.common:UARTA2WriteIndex)
                  200019e4    00000004     (.common:distanceReading)
                  200019e8    00000004     (.common:speedReading)
                  200019ec    00000004     (.common:temperatureReading)

.sysmem    0    200019f0    00000800     UNINITIALIZED
                  200019f0    00000010     rtsv7M4_T_le_v4SPD16_eabi.lib : memory.c.obj (.sysmem)
                  20001a00    000007f0     --HOLE--

.data      0    200021f0    000002e8     UNINITIALIZED
                  200021f0    000000f0     rtsv7M4_T_le_v4SPD16_eabi.lib : defs.c.obj (.data:_ftable)
                  200022e0    00000078                                   : host_device.c.obj (.data:_device)
                  20002358    00000050                                   : host_device.c.obj (.data:_stream)
                  200023a8    00000028     wifi.obj (.data:UART0Config)
                  200023d0    00000028     wifi.obj (.data:UART2Config)
                  200023f8    00000028     wifi.obj (.data)
                  20002420    00000026     wifi.obj (.data:HTTP_Request)
                  20002446    00000001     main.obj (.data)
                  20002447    00000001     --HOLE--
                  20002448    00000018     encoder.obj (.data)
                  20002460    00000018     motor.obj (.data:pwmConfigLeft)
                  20002478    00000018     motor.obj (.data:pwmConfigRight)
                  20002490    00000014     wifi.obj (.data:cmdString)
                  200024a4    00000010     rtsv7M4_T_le_v4SPD16_eabi.lib : defs.c.obj (.data)
                  200024b4    0000000c                                   : exit.c.obj (.data:$O1$$)
                  200024c0    00000008                                   : _lock.c.obj (.data:$O1$$)
                  200024c8    00000008                                   : memory.c.obj (.data:$O1$$)
                  200024d0    00000004                                   : errno.c.obj (.data)
                  200024d4    00000004                                   : rand.c.obj (.data)

.stack     0    2000fe00    00000200     UNINITIALIZED
                  2000fe00    00000004     rtsv7M4_T_le_v4SPD16_eabi.lib : boot_cortex_m.c.obj (.stack)
                  2000fe04    000001fc     --HOLE--

__llvm_prf_cnts 
*          0    20000000    00000000     UNINITIALIZED

MODULE SUMMARY

       Module                        code    ro data   rw data
       ------                        ----    -------   -------
    .\
       ESP8266.obj                   844     0         12320  
       UART_Driver.obj               1096    0         0      
       MSPIO.obj                     380     0         0      
       main.obj                      140     0         10     
       system_msp432p401r.obj        120     0         0      
    +--+-----------------------------+-------+---------+---------+
       Total:                        2580    0         12330  
                                                              
    .\ccs\
       startup_msp432p401r_ccs.obj   14      228       0      
    +--+-----------------------------+-------+---------+---------+
       Total:                        14      228       0      
                                                              
    .\encoder\
       encoder.obj                   216     0         48     
    +--+-----------------------------+-------+---------+---------+
       Total:                        216     0         48     
                                                              
    .\motor\
       motor.obj                     1000    0         96     
    +--+-----------------------------+-------+---------+---------+
       Total:                        1000    0         96     
                                                              
    .\ultrasonic\
       ultrasonic.obj                348     24        0      
    +--+-----------------------------+-------+---------+---------+
       Total:                        348     24        0      
                                                              
    .\wifi\
       wifi.obj                      3344    56        380    
    +--+-----------------------------+-------+---------+---------+
       Total:                        3344    56        380    
                                                              
    C:/ti/simplelink_msp432p4_sdk_3_40_01_02/source/ti/devices/msp432p4xx/driverlib/ccs/msp432p4xx_driverlib.lib
       cs.o                          870     0         16     
       gpio.o                        828     48        0      
       pcm.o                         848     0         0      
       timer_a.o                     730     0         0      
       uart.o                        408     0         0      
       sysctl_a.o                    148     0         0      
       interrupt.o                   128     8         0      
       flash.o                       72      0         0      
    +--+-----------------------------+-------+---------+---------+
       Total:                        4032    56        16     
                                                              
    C:\ti\ccs1100\ccs\tools\compiler\ti-cgt-arm_20.2.5.LTS\lib\rtsv7M4_T_le_v4SPD16_eabi.lib
       _printfi.c.obj                4851    0         0      
       defs.c.obj                    0       0         832    
       memory.c.obj                  672     0         16     
       trgmsg.c.obj                  108     0         576    
       fd_add_t2.asm.obj             438     0         0      
       host_device.c.obj             0       0         400    
       fd_div_t2.asm.obj             310     0         0      
       fputs.c.obj                   276     0         0      
       s_scalbn.c.obj                272     0         0      
       fd_cmp_t2.asm.obj             268     0         0      
       ctype.c.obj                   0       257       0      
       fd_mul_t2.asm.obj             252     0         0      
       setvbuf.c.obj                 220     0         0      
       memcpy_t2.asm.obj             156     0         0      
       ull_div_t2.asm.obj            150     0         0      
       fputc.c.obj                   140     0         0      
       memset_t2.asm.obj             122     0         0      
       fclose.c.obj                  116     0         0      
       getdevice.c.obj               116     0         0      
       hostopen.c.obj                96      0         16     
       printf.c.obj                  112     0         0      
       ltoa.c.obj                    110     0         0      
       hostrename.c.obj              108     0         0      
       copy_decompress_lzss.c.obj    104     0         0      
       hostlseek.c.obj               104     0         0      
       exit.c.obj                    76      0         24     
       fseek.c.obj                   100     0         0      
       s_frexp.c.obj                 100     0         0      
       _io_perm.c.obj                98      0         0      
       sprintf.c.obj                 98      0         0      
       close.c.obj                   92      0         0      
       hostread.c.obj                88      0         0      
       hostwrite.c.obj               88      0         0      
       _ltoa.c.obj                   84      0         0      
       atoi.c.obj                    76      0         0      
       fflush.c.obj                  76      0         0      
       fd_toi_t2.asm.obj             72      0         0      
       autoinit.c.obj                68      0         0      
       hostclose.c.obj               68      0         0      
       hostunlink.c.obj              68      0         0      
       rand.c.obj                    52      0         8      
       fs_tod_t2.asm.obj             56      0         0      
       strncpy.c.obj                 54      0         0      
       boot_cortex_m.c.obj           52      0         0      
       fopen.c.obj                   52      0         0      
       strstr.c.obj                  52      0         0      
       i_tofd_t2.asm.obj             46      0         0      
       unlink.c.obj                  44      0         0      
       lseek.c.obj                   40      0         0      
       write.c.obj                   40      0         0      
       memchr.c.obj                  32      0         0      
       memccpy.c.obj                 28      0         0      
       s_copysign.c.obj              26      0         0      
       strcmp.c.obj                  24      0         0      
       strchr.c.obj                  22      0         0      
       strcpy.c.obj                  20      0         0      
       strlen.c.obj                  20      0         0      
       _lock.c.obj                   2       0         16     
       wcslen.c.obj                  18      0         0      
       errno.c.obj                   8       0         8      
       copy_decompress_none.c.obj    14      0         0      
       copy_zero_init.c.obj          12      0         0      
       pre_init.c.obj                4       0         0      
       div0.asm.obj                  2       0         0      
    +--+-----------------------------+-------+---------+---------+
       Total:                        11073   257       1896   
                                                              
       Heap:                         0       0         4096   
       Stack:                        0       0         1024   
       Linker Generated:             0       236       0      
    +--+-----------------------------+-------+---------+---------+
       Grand Total:                  22607   857       19886  


LINKER GENERATED COPY TABLES

__TI_cinit_table @ 00005bc0 records: 2, size/record: 8, table size: 16
	.data: load addr=00005ae0, load size=000000c8 bytes, run addr=200021f0, run size=000002e8 bytes, compression=lzss
	.bss: load addr=00005bb8, load size=00000008 bytes, run addr=20000000, run size=000019f0 bytes, compression=zero_init


LINKER GENERATED HANDLER TABLE

__TI_handler_table @ 00005ba8 records: 3, size/record: 4, table size: 12
	index: 0, handler: __TI_decompress_lzss
	index: 1, handler: __TI_decompress_none
	index: 2, handler: __TI_zero_init


GLOBAL SYMBOLS: SORTED ALPHABETICALLY BY Name 

address   name                                       
-------   ----                                       
00000b33  ADC14_IRQHandler                           
00000b33  AES256_IRQHandler                          
00000b33  BusFault_Handler                           
00005951  C$$EXIT                                    
00005143  C$$IO$$                                    
00000b33  COMP_E0_IRQHandler                         
00000b33  COMP_E1_IRQHandler                         
00000b33  CS_IRQHandler                              
00005395  CS_clearInterruptFlag                      
00002c2d  CS_getDCOFrequency                         
00005505  CS_getSMCLK                                
000051f5  CS_setDCOCenteredFrequency                 
00004b69  ChangeMode                                 
00003e15  ConnectToAP                                
00000b33  DMA_ERR_IRQHandler                         
00000b33  DMA_INT0_IRQHandler                        
00000b33  DMA_INT1_IRQHandler                        
00000b33  DMA_INT2_IRQHandler                        
00000b33  DMA_INT3_IRQHandler                        
00000b33  DebugMon_Handler                           
00000b33  Default_Handler                            
20000000  ESP8266_Buffer                             
0000592d  ESP8266_GetBuffer                          
00005229  ESP8266_HardReset                          
000036b1  ESP8266_WaitForAnswer                      
000033b9  EUSCIA0_IRQHandler                         
000033b9  EUSCIA0_IRQHandler                         
00000b33  EUSCIA1_IRQHandler                         
0000373d  EUSCIA2_IRQHandler                         
0000373d  EUSCIA2_IRQHandler                         
00000b33  EUSCIA3_IRQHandler                         
00000b33  EUSCIB0_IRQHandler                         
00000b33  EUSCIB1_IRQHandler                         
00000b33  EUSCIB2_IRQHandler                         
00000b33  EUSCIB3_IRQHandler                         
00002fa1  EstablishConnection                        
00000b33  FLCTL_IRQHandler                           
00000b33  FPU_IRQHandler                             
00004de5  FlashCtl_setWaitState                      
0000552d  GPIO_clearInterruptFlag                    
00005555  GPIO_enableInterrupt                       
00003c11  GPIO_getEnabledInterruptStatus             
000053c5  GPIO_getInputPinValue                      
000056d9  GPIO_getInterruptStatus                    
00004cb5  GPIO_setAsInputPin                         
00004959  GPIO_setAsInputPinWithPullDownResistor     
000049b1  GPIO_setAsInputPinWithPullUpResistor       
00005015  GPIO_setAsOutputPin                        
0000396d  GPIO_setAsPeripheralModuleFunctionOutputPin
0000557d  GPIO_setOutputHighOnPin                    
000055a5  GPIO_setOutputLowOnPin                     
00004f05  HOSTclose                                  
0000438d  HOSTlseek                                  
00004785  HOSTopen                                   
00004a09  HOSTread                                   
00004321  HOSTrename                                 
00004f49  HOSTunlink                                 
00004a61  HOSTwrite                                  
20002420  HTTP_Request                               
00000b33  HardFault_Handler                          
00003c95  Interrupt_enableInterrupt                  
00002ee5  MSPrintf                                   
00000b33  MemManage_Handler                          
00000b33  NMI_Handler                                
00005acc  PATTERN1                                   
00005a55  PATTERN2                                   
00000b33  PCM_IRQHandler                             
000047e5  PCM_getCoreVoltageLevel                    
000048fd  PCM_getPowerMode                           
0000583d  PCM_getPowerState                          
000058db  PCM_setCoreVoltageLevel                    
000058eb  PCM_setPowerMode                           
00000b33  PORT1_IRQHandler                           
00005455  PORT2_IRQHandler                           
00005455  PORT2_IRQHandler                           
00005481  PORT3_IRQHandler                           
00005481  PORT3_IRQHandler                           
00000b33  PORT4_IRQHandler                           
00000b33  PORT5_IRQHandler                           
00000b33  PORT6_IRQHandler                           
00000b33  PSS_IRQHandler                             
00000b33  PendSV_Handler                             
00005851  PrintChar                                  
000037c9  PrintInteger                               
000056fd  PrintString                                
00004c65  QueryIP                                    
00000b33  RTC_C_IRQHandler                           
00005909  Reset_Handler                              
200019d0  SR04IntTimes                               
00000b33  SVC_Handler                                
000031bd  SendData                                   
00003589  SysCtl_A_getTLVInfo                        
00000b33  SysTick_Handler                            
00003f89  SystemInit                                 
00000b33  T32_INT1_IRQHandler                        
00000b33  T32_INT2_IRQHandler                        
00000b33  T32_INTC_IRQHandler                        
00005741  TA0_0_IRQHandler                           
00005741  TA0_0_IRQHandler                           
00000b33  TA0_N_IRQHandler                           
00000b33  TA1_0_IRQHandler                           
00000b33  TA1_N_IRQHandler                           
00000b33  TA2_0_IRQHandler                           
00000b33  TA2_N_IRQHandler                           
00000b33  TA3_0_IRQHandler                           
00000b33  TA3_N_IRQHandler                           
000054ad  Timer_A_clearCaptureCompareInterrupt       
000057b1  Timer_A_clearTimer                         
000043f5  Timer_A_configureUpMode                    
00004001  Timer_A_generatePWM                        
00004d01  Timer_A_getCounterValue                    
00005811  Timer_A_startCounter                       
00005865  Timer_A_stopTimer                          
200023a8  UART0Config                                
200023d0  UART2Config                                
20000800  UARTA0Data                                 
200019d4  UARTA0ReadIndex                            
200019d8  UARTA0WriteIndex                           
20001000  UARTA2Data                                 
200019dc  UARTA2ReadIndex                            
200019e0  UARTA2WriteIndex                           
00004e2d  UART_Flush                                 
00001d71  UART_Printf                                
0000200d  UART_Read                                  
00005055  UART_Write                                 
00004595  UART_getEnabledInterruptStatus             
000057c9  UART_getInterruptStatus                    
000024e5  UART_initModule                            
00000b33  UsageFault_Handler                         
4000480c  WDTCTL_SYM                                 
00000b33  WDT_A_IRQHandler                           
20001800  __CIOBUF_                                  
20010000  __STACK_END                                
00000200  __STACK_SIZE                               
00000800  __SYSMEM_SIZE                              
00005bc0  __TI_CINIT_Base                            
00005bd0  __TI_CINIT_Limit                           
00005ba8  __TI_Handler_Table_Base                    
00005bb4  __TI_Handler_Table_Limit                   
00004f8d  __TI_auto_init_nobinit_nopinit             
0000525d  __TI_cleanup                               
200024b4  __TI_cleanup_ptr                           
00004075  __TI_closefile                             
0000445d  __TI_decompress_lzss                       
000058fb  __TI_decompress_none                       
00004d4d  __TI_doflush                               
200024b8  __TI_dtors_ptr                             
200024bc  __TI_enable_exit_profile_output            
200024a4  __TI_ft_end                                
00004bbd  __TI_ltoa                                  
ffffffff  __TI_pprof_out_hndl                        
000000e5  __TI_printfi                               
ffffffff  __TI_prof_data_size                        
ffffffff  __TI_prof_data_start                       
00005291  __TI_readmsg                               
00000000  __TI_static_base__                         
20001920  __TI_tmpnams                               
00005115  __TI_writemsg                              
00004723  __TI_wrt_ok                                
00005915  __TI_zero_init                             
00003b05  __aeabi_cdcmpeq                            
00003b05  __aeabi_cdcmple                            
00003b8b  __aeabi_cdrcmple                           
00004ebd  __aeabi_d2iz                               
000018eb  __aeabi_dadd                               
00002289  __aeabi_ddiv                               
00002b31  __aeabi_dmul                               
000018e1  __aeabi_dsub                               
00005935  __aeabi_errno_addr                         
00005185  __aeabi_f2d                                
00005425  __aeabi_i2d                                
000023bf  __aeabi_idiv0                              
000023bf  __aeabi_ldiv0                              
00003f0d  __aeabi_memclr                             
00003f0d  __aeabi_memclr4                            
00003f0d  __aeabi_memclr8                            
00003455  __aeabi_memcpy                             
00003455  __aeabi_memcpy4                            
00003455  __aeabi_memcpy8                            
00003f0f  __aeabi_memset                             
00003f0f  __aeabi_memset4                            
00003f0f  __aeabi_memset8                            
200024b0  __aeabi_stderr                             
200024a8  __aeabi_stdin                              
200024ac  __aeabi_stdout                             
000034f1  __aeabi_uldivmod                           
ffffffff  __binit__                                  
ffffffff  __c_args__                                 
UNDEFED   __mpu_init                                 
2000fe00  __stack                                    
20000000  __start___llvm_prf_cnts                    
20000000  __stop___llvm_prf_cnts                     
000052c5  _c_int00_noargs                            
00005954  _ctypes_                                   
200022e0  _device                                    
200021f0  _ftable                                    
200024c0  _lock                                      
00001a97  _nop                                       
20002358  _stream                                    
200019f0  _sys_memory                                
UNDEFED   _system_post_cinit                         
0000594d  _system_pre_init                           
200024c4  _unlock                                    
00005951  abort                                      
000040e9  adjustLeft                                 
0000415d  adjustRight                                
00002a31  aligned_alloc                              
00004d99  atoi                                       
ffffffff  binit                                      
00003055  checkObstacle                              
00004845  close                                      
20002490  cmdString                                  
0000152d  connectWifi                                
00005795  copysign                                   
00005795  copysignl                                  
000055cd  counter                                    
200019e4  distanceReading                            
200024d0  errno                                      
00004e75  exit                                       
000053f5  finddevice                                 
00003855  fputc                                      
00002601  fputs                                      
00002d25  free                                       
000045f9  frexp                                      
000045f9  frexpl                                     
0000465d  fseek                                      
0000326d  getData                                    
000039f5  getHCSR04Distance                          
00005879  getLeft                                    
0000588d  getRight                                   
00004fd1  getdevice                                  
00004ab9  initEncoder                                
000052f9  initMotor                                  
00003315  initWifi                                   
000048a1  init_HCSR04                                
00000000  interruptVectors                           
00002715  ldexp                                      
00002715  ldexpl                                     
20002400  lineReading                                
0000561d  lseek                                      
000042b1  ltoa                                       
000044c5  main                                       
0000593d  malloc                                     
00002a31  memalign                                   
00005779  memccpy                                    
0000571f  memchr                                     
00003455  memcpy                                     
00003f15  memset                                     
00003a7d  motor_back                                 
00003d15  motor_left                                 
00003d95  motor_right                                
000038e1  motor_start                                
0000361d  motor_stop                                 
20002404  obstacle                                   
200019c8  parmbuf                                    
200023fc  password                                   
0000452d  printf                                     
00003855  putc                                       
20002460  pwmConfigLeft                              
20002478  pwmConfigRight                             
0000532d  rand                                       
000054d9  remove                                     
20002450  rotationLeft                               
20002454  rotationRight                              
20002410  rotations                                  
20002414  rpm                                        
20002418  rpmL                                       
2000241c  rpmR                                       
00000b35  runString                                  
00002715  scalbn                                     
00002715  scalbnl                                    
00001a99  sendWifi                                   
00002e09  setvbuf                                    
200019e8  speedReading                               
00005095  sprintf                                    
20002458  status                                     
2000245c  status2                                    
00005827  strchr                                     
000057f9  strcmp                                     
000058a1  strcpy                                     
000058b5  strlen                                     
000051bd  strncpy                                    
00005361  strstr                                     
200019ec  temperatureReading                         
2000240c  timer                                      
20002446  transferdata                               
000054d9  unlink                                     
00005abc  url                                        
200023f8  username                                   
000058c9  wcslen                                     
00005645  write                                      


GLOBAL SYMBOLS: SORTED BY Symbol Address 

address   name                                       
-------   ----                                       
00000000  __TI_static_base__                         
00000000  interruptVectors                           
000000e5  __TI_printfi                               
00000200  __STACK_SIZE                               
00000800  __SYSMEM_SIZE                              
00000b33  ADC14_IRQHandler                           
00000b33  AES256_IRQHandler                          
00000b33  BusFault_Handler                           
00000b33  COMP_E0_IRQHandler                         
00000b33  COMP_E1_IRQHandler                         
00000b33  CS_IRQHandler                              
00000b33  DMA_ERR_IRQHandler                         
00000b33  DMA_INT0_IRQHandler                        
00000b33  DMA_INT1_IRQHandler                        
00000b33  DMA_INT2_IRQHandler                        
00000b33  DMA_INT3_IRQHandler                        
00000b33  DebugMon_Handler                           
00000b33  Default_Handler                            
00000b33  EUSCIA1_IRQHandler                         
00000b33  EUSCIA3_IRQHandler                         
00000b33  EUSCIB0_IRQHandler                         
00000b33  EUSCIB1_IRQHandler                         
00000b33  EUSCIB2_IRQHandler                         
00000b33  EUSCIB3_IRQHandler                         
00000b33  FLCTL_IRQHandler                           
00000b33  FPU_IRQHandler                             
00000b33  HardFault_Handler                          
00000b33  MemManage_Handler                          
00000b33  NMI_Handler                                
00000b33  PCM_IRQHandler                             
00000b33  PORT1_IRQHandler                           
00000b33  PORT4_IRQHandler                           
00000b33  PORT5_IRQHandler                           
00000b33  PORT6_IRQHandler                           
00000b33  PSS_IRQHandler                             
00000b33  PendSV_Handler                             
00000b33  RTC_C_IRQHandler                           
00000b33  SVC_Handler                                
00000b33  SysTick_Handler                            
00000b33  T32_INT1_IRQHandler                        
00000b33  T32_INT2_IRQHandler                        
00000b33  T32_INTC_IRQHandler                        
00000b33  TA0_N_IRQHandler                           
00000b33  TA1_0_IRQHandler                           
00000b33  TA1_N_IRQHandler                           
00000b33  TA2_0_IRQHandler                           
00000b33  TA2_N_IRQHandler                           
00000b33  TA3_0_IRQHandler                           
00000b33  TA3_N_IRQHandler                           
00000b33  UsageFault_Handler                         
00000b33  WDT_A_IRQHandler                           
00000b35  runString                                  
0000152d  connectWifi                                
000018e1  __aeabi_dsub                               
000018eb  __aeabi_dadd                               
00001a97  _nop                                       
00001a99  sendWifi                                   
00001d71  UART_Printf                                
0000200d  UART_Read                                  
00002289  __aeabi_ddiv                               
000023bf  __aeabi_idiv0                              
000023bf  __aeabi_ldiv0                              
000024e5  UART_initModule                            
00002601  fputs                                      
00002715  ldexp                                      
00002715  ldexpl                                     
00002715  scalbn                                     
00002715  scalbnl                                    
00002a31  aligned_alloc                              
00002a31  memalign                                   
00002b31  __aeabi_dmul                               
00002c2d  CS_getDCOFrequency                         
00002d25  free                                       
00002e09  setvbuf                                    
00002ee5  MSPrintf                                   
00002fa1  EstablishConnection                        
00003055  checkObstacle                              
000031bd  SendData                                   
0000326d  getData                                    
00003315  initWifi                                   
000033b9  EUSCIA0_IRQHandler                         
000033b9  EUSCIA0_IRQHandler                         
00003455  __aeabi_memcpy                             
00003455  __aeabi_memcpy4                            
00003455  __aeabi_memcpy8                            
00003455  memcpy                                     
000034f1  __aeabi_uldivmod                           
00003589  SysCtl_A_getTLVInfo                        
0000361d  motor_stop                                 
000036b1  ESP8266_WaitForAnswer                      
0000373d  EUSCIA2_IRQHandler                         
0000373d  EUSCIA2_IRQHandler                         
000037c9  PrintInteger                               
00003855  fputc                                      
00003855  putc                                       
000038e1  motor_start                                
0000396d  GPIO_setAsPeripheralModuleFunctionOutputPin
000039f5  getHCSR04Distance                          
00003a7d  motor_back                                 
00003b05  __aeabi_cdcmpeq                            
00003b05  __aeabi_cdcmple                            
00003b8b  __aeabi_cdrcmple                           
00003c11  GPIO_getEnabledInterruptStatus             
00003c95  Interrupt_enableInterrupt                  
00003d15  motor_left                                 
00003d95  motor_right                                
00003e15  ConnectToAP                                
00003f0d  __aeabi_memclr                             
00003f0d  __aeabi_memclr4                            
00003f0d  __aeabi_memclr8                            
00003f0f  __aeabi_memset                             
00003f0f  __aeabi_memset4                            
00003f0f  __aeabi_memset8                            
00003f15  memset                                     
00003f89  SystemInit                                 
00004001  Timer_A_generatePWM                        
00004075  __TI_closefile                             
000040e9  adjustLeft                                 
0000415d  adjustRight                                
000042b1  ltoa                                       
00004321  HOSTrename                                 
0000438d  HOSTlseek                                  
000043f5  Timer_A_configureUpMode                    
0000445d  __TI_decompress_lzss                       
000044c5  main                                       
0000452d  printf                                     
00004595  UART_getEnabledInterruptStatus             
000045f9  frexp                                      
000045f9  frexpl                                     
0000465d  fseek                                      
00004723  __TI_wrt_ok                                
00004785  HOSTopen                                   
000047e5  PCM_getCoreVoltageLevel                    
00004845  close                                      
000048a1  init_HCSR04                                
000048fd  PCM_getPowerMode                           
00004959  GPIO_setAsInputPinWithPullDownResistor     
000049b1  GPIO_setAsInputPinWithPullUpResistor       
00004a09  HOSTread                                   
00004a61  HOSTwrite                                  
00004ab9  initEncoder                                
00004b69  ChangeMode                                 
00004bbd  __TI_ltoa                                  
00004c65  QueryIP                                    
00004cb5  GPIO_setAsInputPin                         
00004d01  Timer_A_getCounterValue                    
00004d4d  __TI_doflush                               
00004d99  atoi                                       
00004de5  FlashCtl_setWaitState                      
00004e2d  UART_Flush                                 
00004e75  exit                                       
00004ebd  __aeabi_d2iz                               
00004f05  HOSTclose                                  
00004f49  HOSTunlink                                 
00004f8d  __TI_auto_init_nobinit_nopinit             
00004fd1  getdevice                                  
00005015  GPIO_setAsOutputPin                        
00005055  UART_Write                                 
00005095  sprintf                                    
00005115  __TI_writemsg                              
00005143  C$$IO$$                                    
00005185  __aeabi_f2d                                
000051bd  strncpy                                    
000051f5  CS_setDCOCenteredFrequency                 
00005229  ESP8266_HardReset                          
0000525d  __TI_cleanup                               
00005291  __TI_readmsg                               
000052c5  _c_int00_noargs                            
000052f9  initMotor                                  
0000532d  rand                                       
00005361  strstr                                     
00005395  CS_clearInterruptFlag                      
000053c5  GPIO_getInputPinValue                      
000053f5  finddevice                                 
00005425  __aeabi_i2d                                
00005455  PORT2_IRQHandler                           
00005455  PORT2_IRQHandler                           
00005481  PORT3_IRQHandler                           
00005481  PORT3_IRQHandler                           
000054ad  Timer_A_clearCaptureCompareInterrupt       
000054d9  remove                                     
000054d9  unlink                                     
00005505  CS_getSMCLK                                
0000552d  GPIO_clearInterruptFlag                    
00005555  GPIO_enableInterrupt                       
0000557d  GPIO_setOutputHighOnPin                    
000055a5  GPIO_setOutputLowOnPin                     
000055cd  counter                                    
0000561d  lseek                                      
00005645  write                                      
000056d9  GPIO_getInterruptStatus                    
000056fd  PrintString                                
0000571f  memchr                                     
00005741  TA0_0_IRQHandler                           
00005741  TA0_0_IRQHandler                           
00005779  memccpy                                    
00005795  copysign                                   
00005795  copysignl                                  
000057b1  Timer_A_clearTimer                         
000057c9  UART_getInterruptStatus                    
000057f9  strcmp                                     
00005811  Timer_A_startCounter                       
00005827  strchr                                     
0000583d  PCM_getPowerState                          
00005851  PrintChar                                  
00005865  Timer_A_stopTimer                          
00005879  getLeft                                    
0000588d  getRight                                   
000058a1  strcpy                                     
000058b5  strlen                                     
000058c9  wcslen                                     
000058db  PCM_setCoreVoltageLevel                    
000058eb  PCM_setPowerMode                           
000058fb  __TI_decompress_none                       
00005909  Reset_Handler                              
00005915  __TI_zero_init                             
0000592d  ESP8266_GetBuffer                          
00005935  __aeabi_errno_addr                         
0000593d  malloc                                     
0000594d  _system_pre_init                           
00005951  C$$EXIT                                    
00005951  abort                                      
00005954  _ctypes_                                   
00005a55  PATTERN2                                   
00005abc  url                                        
00005acc  PATTERN1                                   
00005ba8  __TI_Handler_Table_Base                    
00005bb4  __TI_Handler_Table_Limit                   
00005bc0  __TI_CINIT_Base                            
00005bd0  __TI_CINIT_Limit                           
20000000  ESP8266_Buffer                             
20000000  __start___llvm_prf_cnts                    
20000000  __stop___llvm_prf_cnts                     
20000800  UARTA0Data                                 
20001000  UARTA2Data                                 
20001800  __CIOBUF_                                  
20001920  __TI_tmpnams                               
200019c8  parmbuf                                    
200019d0  SR04IntTimes                               
200019d4  UARTA0ReadIndex                            
200019d8  UARTA0WriteIndex                           
200019dc  UARTA2ReadIndex                            
200019e0  UARTA2WriteIndex                           
200019e4  distanceReading                            
200019e8  speedReading                               
200019ec  temperatureReading                         
200019f0  _sys_memory                                
200021f0  _ftable                                    
200022e0  _device                                    
20002358  _stream                                    
200023a8  UART0Config                                
200023d0  UART2Config                                
200023f8  username                                   
200023fc  password                                   
20002400  lineReading                                
20002404  obstacle                                   
2000240c  timer                                      
20002410  rotations                                  
20002414  rpm                                        
20002418  rpmL                                       
2000241c  rpmR                                       
20002420  HTTP_Request                               
20002446  transferdata                               
20002450  rotationLeft                               
20002454  rotationRight                              
20002458  status                                     
2000245c  status2                                    
20002460  pwmConfigLeft                              
20002478  pwmConfigRight                             
20002490  cmdString                                  
200024a4  __TI_ft_end                                
200024a8  __aeabi_stdin                              
200024ac  __aeabi_stdout                             
200024b0  __aeabi_stderr                             
200024b4  __TI_cleanup_ptr                           
200024b8  __TI_dtors_ptr                             
200024bc  __TI_enable_exit_profile_output            
200024c0  _lock                                      
200024c4  _unlock                                    
200024d0  errno                                      
2000fe00  __stack                                    
20010000  __STACK_END                                
4000480c  WDTCTL_SYM                                 
ffffffff  __TI_pprof_out_hndl                        
ffffffff  __TI_prof_data_size                        
ffffffff  __TI_prof_data_start                       
ffffffff  __binit__                                  
ffffffff  __c_args__                                 
ffffffff  binit                                      
UNDEFED   __mpu_init                                 
UNDEFED   _system_post_cinit                         

[291 symbols]
