<?xml version="1.0" encoding="ISO-8859-1" ?>
<link_info>
   <banner>TI ARM Linker PC v20.2.5.LTS</banner>
   <copyright>Copyright (c) 1996-2018 Texas Instruments Incorporated</copyright>
   <link_time>0x61a22583</link_time>
   <link_errors>0x0</link_errors>
   <output_file>Project4.out</output_file>
   <entry_point>
      <name>_c_int00_noargs</name>
      <address>0x4dd9</address>
   </entry_point>
   <input_file_list>
      <input_file id="fl-2">
         <path>.\</path>
         <kind>object</kind>
         <file>ESP8266.obj</file>
         <name>ESP8266.obj</name>
      </input_file>
      <input_file id="fl-3">
         <path>.\</path>
         <kind>object</kind>
         <file>MSPIO.obj</file>
         <name>MSPIO.obj</name>
      </input_file>
      <input_file id="fl-4">
         <path>.\</path>
         <kind>object</kind>
         <file>UART_Driver.obj</file>
         <name>UART_Driver.obj</name>
      </input_file>
      <input_file id="fl-5">
         <path>.\</path>
         <kind>object</kind>
         <file>main.obj</file>
         <name>main.obj</name>
      </input_file>
      <input_file id="fl-6">
         <path>.\</path>
         <kind>object</kind>
         <file>system_msp432p401r.obj</file>
         <name>system_msp432p401r.obj</name>
      </input_file>
      <input_file id="fl-7">
         <path>.\ccs\</path>
         <kind>object</kind>
         <file>startup_msp432p401r_ccs.obj</file>
         <name>startup_msp432p401r_ccs.obj</name>
      </input_file>
      <input_file id="fl-8">
         <path>.\encoder\</path>
         <kind>object</kind>
         <file>encoder.obj</file>
         <name>encoder.obj</name>
      </input_file>
      <input_file id="fl-9">
         <path>.\motor\</path>
         <kind>object</kind>
         <file>motor.obj</file>
         <name>motor.obj</name>
      </input_file>
      <input_file id="fl-a">
         <path>.\temperature\</path>
         <kind>object</kind>
         <file>temperature.obj</file>
         <name>temperature.obj</name>
      </input_file>
      <input_file id="fl-b">
         <path>.\ultrasonic\</path>
         <kind>object</kind>
         <file>ultrasonic.obj</file>
         <name>ultrasonic.obj</name>
      </input_file>
      <input_file id="fl-c">
         <path>.\wifi\</path>
         <kind>object</kind>
         <file>wifi.obj</file>
         <name>wifi.obj</name>
      </input_file>
      <input_file id="fl-16">
         <kind>object</kind>
         <file>&lt;internal&gt;</file>
         <name>&lt;internal&gt;</name>
      </input_file>
      <input_file id="fl-17">
         <path>C:\ti\simplelink_msp432p4_sdk_3_40_01_02\source\ti\devices\msp432p4xx\driverlib\ccs\</path>
         <kind>archive</kind>
         <file>msp432p4xx_driverlib.lib</file>
         <name>adc14.o</name>
      </input_file>
      <input_file id="fl-18">
         <path>C:\ti\simplelink_msp432p4_sdk_3_40_01_02\source\ti\devices\msp432p4xx\driverlib\ccs\</path>
         <kind>archive</kind>
         <file>msp432p4xx_driverlib.lib</file>
         <name>cs.o</name>
      </input_file>
      <input_file id="fl-19">
         <path>C:\ti\simplelink_msp432p4_sdk_3_40_01_02\source\ti\devices\msp432p4xx\driverlib\ccs\</path>
         <kind>archive</kind>
         <file>msp432p4xx_driverlib.lib</file>
         <name>flash.o</name>
      </input_file>
      <input_file id="fl-1a">
         <path>C:\ti\simplelink_msp432p4_sdk_3_40_01_02\source\ti\devices\msp432p4xx\driverlib\ccs\</path>
         <kind>archive</kind>
         <file>msp432p4xx_driverlib.lib</file>
         <name>fpu.o</name>
      </input_file>
      <input_file id="fl-1b">
         <path>C:\ti\simplelink_msp432p4_sdk_3_40_01_02\source\ti\devices\msp432p4xx\driverlib\ccs\</path>
         <kind>archive</kind>
         <file>msp432p4xx_driverlib.lib</file>
         <name>gpio.o</name>
      </input_file>
      <input_file id="fl-1c">
         <path>C:\ti\simplelink_msp432p4_sdk_3_40_01_02\source\ti\devices\msp432p4xx\driverlib\ccs\</path>
         <kind>archive</kind>
         <file>msp432p4xx_driverlib.lib</file>
         <name>interrupt.o</name>
      </input_file>
      <input_file id="fl-1d">
         <path>C:\ti\simplelink_msp432p4_sdk_3_40_01_02\source\ti\devices\msp432p4xx\driverlib\ccs\</path>
         <kind>archive</kind>
         <file>msp432p4xx_driverlib.lib</file>
         <name>pcm.o</name>
      </input_file>
      <input_file id="fl-1e">
         <path>C:\ti\simplelink_msp432p4_sdk_3_40_01_02\source\ti\devices\msp432p4xx\driverlib\ccs\</path>
         <kind>archive</kind>
         <file>msp432p4xx_driverlib.lib</file>
         <name>ref_a.o</name>
      </input_file>
      <input_file id="fl-1f">
         <path>C:\ti\simplelink_msp432p4_sdk_3_40_01_02\source\ti\devices\msp432p4xx\driverlib\ccs\</path>
         <kind>archive</kind>
         <file>msp432p4xx_driverlib.lib</file>
         <name>rtc_c.o</name>
      </input_file>
      <input_file id="fl-20">
         <path>C:\ti\simplelink_msp432p4_sdk_3_40_01_02\source\ti\devices\msp432p4xx\driverlib\ccs\</path>
         <kind>archive</kind>
         <file>msp432p4xx_driverlib.lib</file>
         <name>sysctl.o</name>
      </input_file>
      <input_file id="fl-21">
         <path>C:\ti\simplelink_msp432p4_sdk_3_40_01_02\source\ti\devices\msp432p4xx\driverlib\ccs\</path>
         <kind>archive</kind>
         <file>msp432p4xx_driverlib.lib</file>
         <name>sysctl_a.o</name>
      </input_file>
      <input_file id="fl-22">
         <path>C:\ti\simplelink_msp432p4_sdk_3_40_01_02\source\ti\devices\msp432p4xx\driverlib\ccs\</path>
         <kind>archive</kind>
         <file>msp432p4xx_driverlib.lib</file>
         <name>timer_a.o</name>
      </input_file>
      <input_file id="fl-23">
         <path>C:\ti\simplelink_msp432p4_sdk_3_40_01_02\source\ti\devices\msp432p4xx\driverlib\ccs\</path>
         <kind>archive</kind>
         <file>msp432p4xx_driverlib.lib</file>
         <name>uart.o</name>
      </input_file>
      <input_file id="fl-24">
         <path>C:\ti\simplelink_msp432p4_sdk_3_40_01_02\source\ti\devices\msp432p4xx\driverlib\ccs\</path>
         <kind>archive</kind>
         <file>msp432p4xx_driverlib.lib</file>
         <name>wdt_a.o</name>
      </input_file>
      <input_file id="fl-25">
         <path>C:\ti\simplelink_msp432p4_sdk_3_40_01_02\source\ti\devices\msp432p4xx\driverlib\ccs\</path>
         <kind>archive</kind>
         <file>msp432p4xx_driverlib.lib</file>
         <name>cpu.o</name>
      </input_file>
      <input_file id="fl-db">
         <path>C:\ti\ccs1100\ccs\tools\compiler\ti-cgt-arm_20.2.5.LTS\lib\</path>
         <kind>archive</kind>
         <file>rtsv7M4_T_le_v4SPD16_eabi.lib</file>
         <name>printf.c.obj</name>
      </input_file>
      <input_file id="fl-dc">
         <path>C:\ti\ccs1100\ccs\tools\compiler\ti-cgt-arm_20.2.5.LTS\lib\</path>
         <kind>archive</kind>
         <file>rtsv7M4_T_le_v4SPD16_eabi.lib</file>
         <name>_printfi.c.obj</name>
      </input_file>
      <input_file id="fl-dd">
         <path>C:\ti\ccs1100\ccs\tools\compiler\ti-cgt-arm_20.2.5.LTS\lib\</path>
         <kind>archive</kind>
         <file>rtsv7M4_T_le_v4SPD16_eabi.lib</file>
         <name>sprintf.c.obj</name>
      </input_file>
      <input_file id="fl-de">
         <path>C:\ti\ccs1100\ccs\tools\compiler\ti-cgt-arm_20.2.5.LTS\lib\</path>
         <kind>archive</kind>
         <file>rtsv7M4_T_le_v4SPD16_eabi.lib</file>
         <name>vsnprintf.c.obj</name>
      </input_file>
      <input_file id="fl-df">
         <path>C:\ti\ccs1100\ccs\tools\compiler\ti-cgt-arm_20.2.5.LTS\lib\</path>
         <kind>archive</kind>
         <file>rtsv7M4_T_le_v4SPD16_eabi.lib</file>
         <name>fputc.c.obj</name>
      </input_file>
      <input_file id="fl-e0">
         <path>C:\ti\ccs1100\ccs\tools\compiler\ti-cgt-arm_20.2.5.LTS\lib\</path>
         <kind>archive</kind>
         <file>rtsv7M4_T_le_v4SPD16_eabi.lib</file>
         <name>fputs.c.obj</name>
      </input_file>
      <input_file id="fl-e1">
         <path>C:\ti\ccs1100\ccs\tools\compiler\ti-cgt-arm_20.2.5.LTS\lib\</path>
         <kind>archive</kind>
         <file>rtsv7M4_T_le_v4SPD16_eabi.lib</file>
         <name>_io_perm.c.obj</name>
      </input_file>
      <input_file id="fl-e2">
         <path>C:\ti\ccs1100\ccs\tools\compiler\ti-cgt-arm_20.2.5.LTS\lib\</path>
         <kind>archive</kind>
         <file>rtsv7M4_T_le_v4SPD16_eabi.lib</file>
         <name>setvbuf.c.obj</name>
      </input_file>
      <input_file id="fl-e3">
         <path>C:\ti\ccs1100\ccs\tools\compiler\ti-cgt-arm_20.2.5.LTS\lib\</path>
         <kind>archive</kind>
         <file>rtsv7M4_T_le_v4SPD16_eabi.lib</file>
         <name>s_frexp.c.obj</name>
      </input_file>
      <input_file id="fl-e4">
         <path>C:\ti\ccs1100\ccs\tools\compiler\ti-cgt-arm_20.2.5.LTS\lib\</path>
         <kind>archive</kind>
         <file>rtsv7M4_T_le_v4SPD16_eabi.lib</file>
         <name>s_scalbn.c.obj</name>
      </input_file>
      <input_file id="fl-e5">
         <path>C:\ti\ccs1100\ccs\tools\compiler\ti-cgt-arm_20.2.5.LTS\lib\</path>
         <kind>archive</kind>
         <file>rtsv7M4_T_le_v4SPD16_eabi.lib</file>
         <name>wcslen.c.obj</name>
      </input_file>
      <input_file id="fl-e6">
         <path>C:\ti\ccs1100\ccs\tools\compiler\ti-cgt-arm_20.2.5.LTS\lib\</path>
         <kind>archive</kind>
         <file>rtsv7M4_T_le_v4SPD16_eabi.lib</file>
         <name>fd_add_t2.asm.obj</name>
      </input_file>
      <input_file id="fl-e7">
         <path>C:\ti\ccs1100\ccs\tools\compiler\ti-cgt-arm_20.2.5.LTS\lib\</path>
         <kind>archive</kind>
         <file>rtsv7M4_T_le_v4SPD16_eabi.lib</file>
         <name>fd_cmp_t2.asm.obj</name>
      </input_file>
      <input_file id="fl-e8">
         <path>C:\ti\ccs1100\ccs\tools\compiler\ti-cgt-arm_20.2.5.LTS\lib\</path>
         <kind>archive</kind>
         <file>rtsv7M4_T_le_v4SPD16_eabi.lib</file>
         <name>fd_div_t2.asm.obj</name>
      </input_file>
      <input_file id="fl-e9">
         <path>C:\ti\ccs1100\ccs\tools\compiler\ti-cgt-arm_20.2.5.LTS\lib\</path>
         <kind>archive</kind>
         <file>rtsv7M4_T_le_v4SPD16_eabi.lib</file>
         <name>fd_mul_t2.asm.obj</name>
      </input_file>
      <input_file id="fl-ea">
         <path>C:\ti\ccs1100\ccs\tools\compiler\ti-cgt-arm_20.2.5.LTS\lib\</path>
         <kind>archive</kind>
         <file>rtsv7M4_T_le_v4SPD16_eabi.lib</file>
         <name>fd_toi_t2.asm.obj</name>
      </input_file>
      <input_file id="fl-eb">
         <path>C:\ti\ccs1100\ccs\tools\compiler\ti-cgt-arm_20.2.5.LTS\lib\</path>
         <kind>archive</kind>
         <file>rtsv7M4_T_le_v4SPD16_eabi.lib</file>
         <name>fs_tod_t2.asm.obj</name>
      </input_file>
      <input_file id="fl-ec">
         <path>C:\ti\ccs1100\ccs\tools\compiler\ti-cgt-arm_20.2.5.LTS\lib\</path>
         <kind>archive</kind>
         <file>rtsv7M4_T_le_v4SPD16_eabi.lib</file>
         <name>i_tofd_t2.asm.obj</name>
      </input_file>
      <input_file id="fl-ed">
         <path>C:\ti\ccs1100\ccs\tools\compiler\ti-cgt-arm_20.2.5.LTS\lib\</path>
         <kind>archive</kind>
         <file>rtsv7M4_T_le_v4SPD16_eabi.lib</file>
         <name>memcpy_t2.asm.obj</name>
      </input_file>
      <input_file id="fl-ee">
         <path>C:\ti\ccs1100\ccs\tools\compiler\ti-cgt-arm_20.2.5.LTS\lib\</path>
         <kind>archive</kind>
         <file>rtsv7M4_T_le_v4SPD16_eabi.lib</file>
         <name>ull_div_t2.asm.obj</name>
      </input_file>
      <input_file id="fl-ef">
         <path>C:\ti\ccs1100\ccs\tools\compiler\ti-cgt-arm_20.2.5.LTS\lib\</path>
         <kind>archive</kind>
         <file>rtsv7M4_T_le_v4SPD16_eabi.lib</file>
         <name>memset_t2.asm.obj</name>
      </input_file>
      <input_file id="fl-f0">
         <path>C:\ti\ccs1100\ccs\tools\compiler\ti-cgt-arm_20.2.5.LTS\lib\</path>
         <kind>archive</kind>
         <file>rtsv7M4_T_le_v4SPD16_eabi.lib</file>
         <name>copy_zero_init.c.obj</name>
      </input_file>
      <input_file id="fl-f1">
         <path>C:\ti\ccs1100\ccs\tools\compiler\ti-cgt-arm_20.2.5.LTS\lib\</path>
         <kind>archive</kind>
         <file>rtsv7M4_T_le_v4SPD16_eabi.lib</file>
         <name>copy_decompress_none.c.obj</name>
      </input_file>
      <input_file id="fl-f2">
         <path>C:\ti\ccs1100\ccs\tools\compiler\ti-cgt-arm_20.2.5.LTS\lib\</path>
         <kind>archive</kind>
         <file>rtsv7M4_T_le_v4SPD16_eabi.lib</file>
         <name>copy_decompress_lzss.c.obj</name>
      </input_file>
      <input_file id="fl-f3">
         <path>C:\ti\ccs1100\ccs\tools\compiler\ti-cgt-arm_20.2.5.LTS\lib\</path>
         <kind>archive</kind>
         <file>rtsv7M4_T_le_v4SPD16_eabi.lib</file>
         <name>exit.c.obj</name>
      </input_file>
      <input_file id="fl-f4">
         <path>C:\ti\ccs1100\ccs\tools\compiler\ti-cgt-arm_20.2.5.LTS\lib\</path>
         <kind>archive</kind>
         <file>rtsv7M4_T_le_v4SPD16_eabi.lib</file>
         <name>_lock.c.obj</name>
      </input_file>
      <input_file id="fl-f5">
         <path>C:\ti\ccs1100\ccs\tools\compiler\ti-cgt-arm_20.2.5.LTS\lib\</path>
         <kind>archive</kind>
         <file>rtsv7M4_T_le_v4SPD16_eabi.lib</file>
         <name>_ltoa.c.obj</name>
      </input_file>
      <input_file id="fl-f6">
         <path>C:\ti\ccs1100\ccs\tools\compiler\ti-cgt-arm_20.2.5.LTS\lib\</path>
         <kind>archive</kind>
         <file>rtsv7M4_T_le_v4SPD16_eabi.lib</file>
         <name>atoi.c.obj</name>
      </input_file>
      <input_file id="fl-f7">
         <path>C:\ti\ccs1100\ccs\tools\compiler\ti-cgt-arm_20.2.5.LTS\lib\</path>
         <kind>archive</kind>
         <file>rtsv7M4_T_le_v4SPD16_eabi.lib</file>
         <name>ctype.c.obj</name>
      </input_file>
      <input_file id="fl-f8">
         <path>C:\ti\ccs1100\ccs\tools\compiler\ti-cgt-arm_20.2.5.LTS\lib\</path>
         <kind>archive</kind>
         <file>rtsv7M4_T_le_v4SPD16_eabi.lib</file>
         <name>defs.c.obj</name>
      </input_file>
      <input_file id="fl-f9">
         <path>C:\ti\ccs1100\ccs\tools\compiler\ti-cgt-arm_20.2.5.LTS\lib\</path>
         <kind>archive</kind>
         <file>rtsv7M4_T_le_v4SPD16_eabi.lib</file>
         <name>ltoa.c.obj</name>
      </input_file>
      <input_file id="fl-fa">
         <path>C:\ti\ccs1100\ccs\tools\compiler\ti-cgt-arm_20.2.5.LTS\lib\</path>
         <kind>archive</kind>
         <file>rtsv7M4_T_le_v4SPD16_eabi.lib</file>
         <name>memccpy.c.obj</name>
      </input_file>
      <input_file id="fl-fb">
         <path>C:\ti\ccs1100\ccs\tools\compiler\ti-cgt-arm_20.2.5.LTS\lib\</path>
         <kind>archive</kind>
         <file>rtsv7M4_T_le_v4SPD16_eabi.lib</file>
         <name>memchr.c.obj</name>
      </input_file>
      <input_file id="fl-fc">
         <path>C:\ti\ccs1100\ccs\tools\compiler\ti-cgt-arm_20.2.5.LTS\lib\</path>
         <kind>archive</kind>
         <file>rtsv7M4_T_le_v4SPD16_eabi.lib</file>
         <name>memory.c.obj</name>
      </input_file>
      <input_file id="fl-fd">
         <path>C:\ti\ccs1100\ccs\tools\compiler\ti-cgt-arm_20.2.5.LTS\lib\</path>
         <kind>archive</kind>
         <file>rtsv7M4_T_le_v4SPD16_eabi.lib</file>
         <name>strchr.c.obj</name>
      </input_file>
      <input_file id="fl-fe">
         <path>C:\ti\ccs1100\ccs\tools\compiler\ti-cgt-arm_20.2.5.LTS\lib\</path>
         <kind>archive</kind>
         <file>rtsv7M4_T_le_v4SPD16_eabi.lib</file>
         <name>strcpy.c.obj</name>
      </input_file>
      <input_file id="fl-ff">
         <path>C:\ti\ccs1100\ccs\tools\compiler\ti-cgt-arm_20.2.5.LTS\lib\</path>
         <kind>archive</kind>
         <file>rtsv7M4_T_le_v4SPD16_eabi.lib</file>
         <name>strlen.c.obj</name>
      </input_file>
      <input_file id="fl-100">
         <path>C:\ti\ccs1100\ccs\tools\compiler\ti-cgt-arm_20.2.5.LTS\lib\</path>
         <kind>archive</kind>
         <file>rtsv7M4_T_le_v4SPD16_eabi.lib</file>
         <name>strstr.c.obj</name>
      </input_file>
      <input_file id="fl-101">
         <path>C:\ti\ccs1100\ccs\tools\compiler\ti-cgt-arm_20.2.5.LTS\lib\</path>
         <kind>archive</kind>
         <file>rtsv7M4_T_le_v4SPD16_eabi.lib</file>
         <name>errno.c.obj</name>
      </input_file>
      <input_file id="fl-102">
         <path>C:\ti\ccs1100\ccs\tools\compiler\ti-cgt-arm_20.2.5.LTS\lib\</path>
         <kind>archive</kind>
         <file>rtsv7M4_T_le_v4SPD16_eabi.lib</file>
         <name>boot_cortex_m.c.obj</name>
      </input_file>
      <input_file id="fl-103">
         <path>C:\ti\ccs1100\ccs\tools\compiler\ti-cgt-arm_20.2.5.LTS\lib\</path>
         <kind>archive</kind>
         <file>rtsv7M4_T_le_v4SPD16_eabi.lib</file>
         <name>write.c.obj</name>
      </input_file>
      <input_file id="fl-104">
         <path>C:\ti\ccs1100\ccs\tools\compiler\ti-cgt-arm_20.2.5.LTS\lib\</path>
         <kind>archive</kind>
         <file>rtsv7M4_T_le_v4SPD16_eabi.lib</file>
         <name>host_device.c.obj</name>
      </input_file>
      <input_file id="fl-105">
         <path>C:\ti\ccs1100\ccs\tools\compiler\ti-cgt-arm_20.2.5.LTS\lib\</path>
         <kind>archive</kind>
         <file>rtsv7M4_T_le_v4SPD16_eabi.lib</file>
         <name>fflush.c.obj</name>
      </input_file>
      <input_file id="fl-106">
         <path>C:\ti\ccs1100\ccs\tools\compiler\ti-cgt-arm_20.2.5.LTS\lib\</path>
         <kind>archive</kind>
         <file>rtsv7M4_T_le_v4SPD16_eabi.lib</file>
         <name>fopen.c.obj</name>
      </input_file>
      <input_file id="fl-107">
         <path>C:\ti\ccs1100\ccs\tools\compiler\ti-cgt-arm_20.2.5.LTS\lib\</path>
         <kind>archive</kind>
         <file>rtsv7M4_T_le_v4SPD16_eabi.lib</file>
         <name>fseek.c.obj</name>
      </input_file>
      <input_file id="fl-108">
         <path>C:\ti\ccs1100\ccs\tools\compiler\ti-cgt-arm_20.2.5.LTS\lib\</path>
         <kind>archive</kind>
         <file>rtsv7M4_T_le_v4SPD16_eabi.lib</file>
         <name>s_copysign.c.obj</name>
      </input_file>
      <input_file id="fl-109">
         <path>C:\ti\ccs1100\ccs\tools\compiler\ti-cgt-arm_20.2.5.LTS\lib\</path>
         <kind>archive</kind>
         <file>rtsv7M4_T_le_v4SPD16_eabi.lib</file>
         <name>div0.asm.obj</name>
      </input_file>
      <input_file id="fl-10a">
         <path>C:\ti\ccs1100\ccs\tools\compiler\ti-cgt-arm_20.2.5.LTS\lib\</path>
         <kind>archive</kind>
         <file>rtsv7M4_T_le_v4SPD16_eabi.lib</file>
         <name>autoinit.c.obj</name>
      </input_file>
      <input_file id="fl-10b">
         <path>C:\ti\ccs1100\ccs\tools\compiler\ti-cgt-arm_20.2.5.LTS\lib\</path>
         <kind>archive</kind>
         <file>rtsv7M4_T_le_v4SPD16_eabi.lib</file>
         <name>pre_init.c.obj</name>
      </input_file>
      <input_file id="fl-10c">
         <path>C:\ti\ccs1100\ccs\tools\compiler\ti-cgt-arm_20.2.5.LTS\lib\</path>
         <kind>archive</kind>
         <file>rtsv7M4_T_le_v4SPD16_eabi.lib</file>
         <name>cpy_tbl.c.obj</name>
      </input_file>
      <input_file id="fl-10d">
         <path>C:\ti\ccs1100\ccs\tools\compiler\ti-cgt-arm_20.2.5.LTS\lib\</path>
         <kind>archive</kind>
         <file>rtsv7M4_T_le_v4SPD16_eabi.lib</file>
         <name>args_main.c.obj</name>
      </input_file>
      <input_file id="fl-10e">
         <path>C:\ti\ccs1100\ccs\tools\compiler\ti-cgt-arm_20.2.5.LTS\lib\</path>
         <kind>archive</kind>
         <file>rtsv7M4_T_le_v4SPD16_eabi.lib</file>
         <name>hostclose.c.obj</name>
      </input_file>
      <input_file id="fl-10f">
         <path>C:\ti\ccs1100\ccs\tools\compiler\ti-cgt-arm_20.2.5.LTS\lib\</path>
         <kind>archive</kind>
         <file>rtsv7M4_T_le_v4SPD16_eabi.lib</file>
         <name>hostlseek.c.obj</name>
      </input_file>
      <input_file id="fl-110">
         <path>C:\ti\ccs1100\ccs\tools\compiler\ti-cgt-arm_20.2.5.LTS\lib\</path>
         <kind>archive</kind>
         <file>rtsv7M4_T_le_v4SPD16_eabi.lib</file>
         <name>hostopen.c.obj</name>
      </input_file>
      <input_file id="fl-111">
         <path>C:\ti\ccs1100\ccs\tools\compiler\ti-cgt-arm_20.2.5.LTS\lib\</path>
         <kind>archive</kind>
         <file>rtsv7M4_T_le_v4SPD16_eabi.lib</file>
         <name>hostread.c.obj</name>
      </input_file>
      <input_file id="fl-112">
         <path>C:\ti\ccs1100\ccs\tools\compiler\ti-cgt-arm_20.2.5.LTS\lib\</path>
         <kind>archive</kind>
         <file>rtsv7M4_T_le_v4SPD16_eabi.lib</file>
         <name>hostrename.c.obj</name>
      </input_file>
      <input_file id="fl-113">
         <path>C:\ti\ccs1100\ccs\tools\compiler\ti-cgt-arm_20.2.5.LTS\lib\</path>
         <kind>archive</kind>
         <file>rtsv7M4_T_le_v4SPD16_eabi.lib</file>
         <name>hostunlink.c.obj</name>
      </input_file>
      <input_file id="fl-114">
         <path>C:\ti\ccs1100\ccs\tools\compiler\ti-cgt-arm_20.2.5.LTS\lib\</path>
         <kind>archive</kind>
         <file>rtsv7M4_T_le_v4SPD16_eabi.lib</file>
         <name>hostwrite.c.obj</name>
      </input_file>
      <input_file id="fl-115">
         <path>C:\ti\ccs1100\ccs\tools\compiler\ti-cgt-arm_20.2.5.LTS\lib\</path>
         <kind>archive</kind>
         <file>rtsv7M4_T_le_v4SPD16_eabi.lib</file>
         <name>trgmsg.c.obj</name>
      </input_file>
      <input_file id="fl-116">
         <path>C:\ti\ccs1100\ccs\tools\compiler\ti-cgt-arm_20.2.5.LTS\lib\</path>
         <kind>archive</kind>
         <file>rtsv7M4_T_le_v4SPD16_eabi.lib</file>
         <name>open.c.obj</name>
      </input_file>
      <input_file id="fl-117">
         <path>C:\ti\ccs1100\ccs\tools\compiler\ti-cgt-arm_20.2.5.LTS\lib\</path>
         <kind>archive</kind>
         <file>rtsv7M4_T_le_v4SPD16_eabi.lib</file>
         <name>lseek.c.obj</name>
      </input_file>
      <input_file id="fl-118">
         <path>C:\ti\ccs1100\ccs\tools\compiler\ti-cgt-arm_20.2.5.LTS\lib\</path>
         <kind>archive</kind>
         <file>rtsv7M4_T_le_v4SPD16_eabi.lib</file>
         <name>fclose.c.obj</name>
      </input_file>
      <input_file id="fl-119">
         <path>C:\ti\ccs1100\ccs\tools\compiler\ti-cgt-arm_20.2.5.LTS\lib\</path>
         <kind>archive</kind>
         <file>rtsv7M4_T_le_v4SPD16_eabi.lib</file>
         <name>getdevice.c.obj</name>
      </input_file>
      <input_file id="fl-11a">
         <path>C:\ti\ccs1100\ccs\tools\compiler\ti-cgt-arm_20.2.5.LTS\lib\</path>
         <kind>archive</kind>
         <file>rtsv7M4_T_le_v4SPD16_eabi.lib</file>
         <name>strcmp.c.obj</name>
      </input_file>
      <input_file id="fl-11b">
         <path>C:\ti\ccs1100\ccs\tools\compiler\ti-cgt-arm_20.2.5.LTS\lib\</path>
         <kind>archive</kind>
         <file>rtsv7M4_T_le_v4SPD16_eabi.lib</file>
         <name>strncpy.c.obj</name>
      </input_file>
      <input_file id="fl-11c">
         <path>C:\ti\ccs1100\ccs\tools\compiler\ti-cgt-arm_20.2.5.LTS\lib\</path>
         <kind>archive</kind>
         <file>rtsv7M4_T_le_v4SPD16_eabi.lib</file>
         <name>remove.c.obj</name>
      </input_file>
      <input_file id="fl-11d">
         <path>C:\ti\ccs1100\ccs\tools\compiler\ti-cgt-arm_20.2.5.LTS\lib\</path>
         <kind>archive</kind>
         <file>rtsv7M4_T_le_v4SPD16_eabi.lib</file>
         <name>close.c.obj</name>
      </input_file>
      <input_file id="fl-11e">
         <path>C:\ti\ccs1100\ccs\tools\compiler\ti-cgt-arm_20.2.5.LTS\lib\</path>
         <kind>archive</kind>
         <file>rtsv7M4_T_le_v4SPD16_eabi.lib</file>
         <name>unlink.c.obj</name>
      </input_file>
   </input_file_list>
   <object_component_list>
      <object_component id="oc-26">
         <name>.intvecs:retain</name>
         <load_address>0x0</load_address>
         <run_address>0x0</run_address>
         <size>0xe4</size>
         <input_file_ref idref="fl-7"/>
      </object_component>
      <object_component id="oc-250">
         <name>.text:__TI_printfi</name>
         <load_address>0xe4</load_address>
         <run_address>0xe4</run_address>
         <size>0xa4e</size>
         <input_file_ref idref="fl-dc"/>
      </object_component>
      <object_component id="oc-70">
         <name>.text:Default_Handler</name>
         <load_address>0xb32</load_address>
         <run_address>0xb32</run_address>
         <size>0x2</size>
         <input_file_ref idref="fl-7"/>
      </object_component>
      <object_component id="oc-1a6">
         <name>.text:initWifi</name>
         <load_address>0xb34</load_address>
         <run_address>0xb34</run_address>
         <size>0x344</size>
         <input_file_ref idref="fl-c"/>
      </object_component>
      <object_component id="oc-31e">
         <name>.text:runString</name>
         <load_address>0xe78</load_address>
         <run_address>0xe78</run_address>
         <size>0x330</size>
         <input_file_ref idref="fl-c"/>
      </object_component>
      <object_component id="oc-382">
         <name>.text:_pconv_a</name>
         <load_address>0x11a8</load_address>
         <run_address>0x11a8</run_address>
         <size>0x270</size>
         <input_file_ref idref="fl-dc"/>
      </object_component>
      <object_component id="oc-370">
         <name>.text:_pconv_g</name>
         <load_address>0x1418</load_address>
         <run_address>0x1418</run_address>
         <size>0x1d0</size>
         <input_file_ref idref="fl-dc"/>
      </object_component>
      <object_component id="oc-4da">
         <name>.text</name>
         <load_address>0x15e8</load_address>
         <run_address>0x15e8</run_address>
         <size>0x1b6</size>
         <input_file_ref idref="fl-e6"/>
      </object_component>
      <object_component id="oc-3a6">
         <name>.text:_nop</name>
         <load_address>0x179e</load_address>
         <run_address>0x179e</run_address>
         <size>0x2</size>
         <input_file_ref idref="fl-f4"/>
      </object_component>
      <object_component id="oc-246">
         <name>.text:_getIndexForMemRegister</name>
         <load_address>0x17a0</load_address>
         <run_address>0x17a0</run_address>
         <size>0x160</size>
         <input_file_ref idref="fl-17"/>
      </object_component>
      <object_component id="oc-656">
         <name>.text:__PCM_setPowerModeAdvanced</name>
         <load_address>0x1900</load_address>
         <run_address>0x1900</run_address>
         <size>0x15c</size>
         <input_file_ref idref="fl-1d"/>
      </object_component>
      <object_component id="oc-416">
         <name>.text:UART_Printf</name>
         <load_address>0x1a5c</load_address>
         <run_address>0x1a5c</run_address>
         <size>0x158</size>
         <input_file_ref idref="fl-4"/>
      </object_component>
      <object_component id="oc-3c9">
         <name>.text:privateTimer_AProcessClockSourceDivider</name>
         <load_address>0x1bb4</load_address>
         <run_address>0x1bb4</run_address>
         <size>0x144</size>
         <input_file_ref idref="fl-22"/>
      </object_component>
      <object_component id="oc-594">
         <name>.text:UART_Read</name>
         <load_address>0x1cf8</load_address>
         <run_address>0x1cf8</run_address>
         <size>0x140</size>
         <input_file_ref idref="fl-4"/>
      </object_component>
      <object_component id="oc-37c">
         <name>.text:_pconv_e</name>
         <load_address>0x1e38</load_address>
         <run_address>0x1e38</run_address>
         <size>0x13c</size>
         <input_file_ref idref="fl-dc"/>
      </object_component>
      <object_component id="oc-4c0">
         <name>.text</name>
         <load_address>0x1f74</load_address>
         <run_address>0x1f74</run_address>
         <size>0x136</size>
         <input_file_ref idref="fl-e8"/>
      </object_component>
      <object_component id="oc-5f1">
         <name>.text</name>
         <load_address>0x20aa</load_address>
         <run_address>0x20aa</run_address>
         <size>0x2</size>
         <input_file_ref idref="fl-109"/>
      </object_component>
      <object_component id="oc-4ec">
         <name>.text:fcvt</name>
         <load_address>0x20ac</load_address>
         <run_address>0x20ac</run_address>
         <size>0x124</size>
         <input_file_ref idref="fl-dc"/>
      </object_component>
      <object_component id="oc-2d7">
         <name>.text:UART_initModule</name>
         <load_address>0x21d0</load_address>
         <run_address>0x21d0</run_address>
         <size>0x11c</size>
         <input_file_ref idref="fl-23"/>
      </object_component>
      <object_component id="oc-3b4">
         <name>.text:fputs</name>
         <load_address>0x22ec</load_address>
         <run_address>0x22ec</run_address>
         <size>0x114</size>
         <input_file_ref idref="fl-e0"/>
      </object_component>
      <object_component id="oc-500">
         <name>.text:scalbn</name>
         <load_address>0x2400</load_address>
         <run_address>0x2400</run_address>
         <size>0x110</size>
         <input_file_ref idref="fl-e4"/>
      </object_component>
      <object_component id="oc-3ef">
         <name>.text:__PCM_setCoreVoltageLevelAdvanced</name>
         <load_address>0x2510</load_address>
         <run_address>0x2510</run_address>
         <size>0x108</size>
         <input_file_ref idref="fl-1d"/>
      </object_component>
      <object_component id="oc-3db">
         <name>.text:_CSComputeCLKFrequency</name>
         <load_address>0x2618</load_address>
         <run_address>0x2618</run_address>
         <size>0x104</size>
         <input_file_ref idref="fl-18"/>
      </object_component>
      <object_component id="oc-5a9">
         <name>.text:aligned_alloc</name>
         <load_address>0x271c</load_address>
         <run_address>0x271c</run_address>
         <size>0x100</size>
         <input_file_ref idref="fl-fc"/>
      </object_component>
      <object_component id="oc-4bb">
         <name>.text</name>
         <load_address>0x281c</load_address>
         <run_address>0x281c</run_address>
         <size>0xfc</size>
         <input_file_ref idref="fl-e9"/>
      </object_component>
      <object_component id="oc-563">
         <name>.text:CS_getDCOFrequency</name>
         <load_address>0x2918</load_address>
         <run_address>0x2918</run_address>
         <size>0xf8</size>
         <input_file_ref idref="fl-18"/>
      </object_component>
      <object_component id="oc-447">
         <name>.text:free</name>
         <load_address>0x2a10</load_address>
         <run_address>0x2a10</run_address>
         <size>0xe4</size>
         <input_file_ref idref="fl-fc"/>
      </object_component>
      <object_component id="oc-62c">
         <name>.text:setvbuf</name>
         <load_address>0x2af4</load_address>
         <run_address>0x2af4</run_address>
         <size>0xdc</size>
         <input_file_ref idref="fl-e2"/>
      </object_component>
      <object_component id="oc-2e9">
         <name>.text:MSPrintf</name>
         <load_address>0x2bd0</load_address>
         <run_address>0x2bd0</run_address>
         <size>0xba</size>
         <input_file_ref idref="fl-3"/>
      </object_component>
      <object_component id="oc-301">
         <name>.text:EstablishConnection</name>
         <load_address>0x2c8c</load_address>
         <run_address>0x2c8c</run_address>
         <size>0xb4</size>
         <input_file_ref idref="fl-2"/>
      </object_component>
      <object_component id="oc-365">
         <name>.text:_ltostr</name>
         <load_address>0x2d40</load_address>
         <run_address>0x2d40</run_address>
         <size>0xb1</size>
         <input_file_ref idref="fl-dc"/>
      </object_component>
      <object_component id="oc-318">
         <name>.text:getData</name>
         <load_address>0x2df4</load_address>
         <run_address>0x2df4</run_address>
         <size>0xb0</size>
         <input_file_ref idref="fl-c"/>
      </object_component>
      <object_component id="oc-312">
         <name>.text:SendData</name>
         <load_address>0x2ea4</load_address>
         <run_address>0x2ea4</run_address>
         <size>0xa4</size>
         <input_file_ref idref="fl-2"/>
      </object_component>
      <object_component id="oc-7c">
         <name>.text:EUSCIA0_IRQHandler</name>
         <load_address>0x2f48</load_address>
         <run_address>0x2f48</run_address>
         <size>0x9c</size>
         <input_file_ref idref="fl-4"/>
      </object_component>
      <object_component id="oc-3a">
         <name>.text</name>
         <load_address>0x2fe4</load_address>
         <run_address>0x2fe4</run_address>
         <size>0x9c</size>
         <input_file_ref idref="fl-ed"/>
      </object_component>
      <object_component id="oc-4b4">
         <name>.text</name>
         <load_address>0x3080</load_address>
         <run_address>0x3080</run_address>
         <size>0x96</size>
         <input_file_ref idref="fl-ee"/>
      </object_component>
      <object_component id="oc-643">
         <name>.text:SysCtl_A_getTLVInfo</name>
         <load_address>0x3118</load_address>
         <run_address>0x3118</run_address>
         <size>0x94</size>
         <input_file_ref idref="fl-21"/>
      </object_component>
      <object_component id="oc-41c">
         <name>.text:ESP8266_WaitForAnswer</name>
         <load_address>0x31ac</load_address>
         <run_address>0x31ac</run_address>
         <size>0x8c</size>
         <input_file_ref idref="fl-2"/>
      </object_component>
      <object_component id="oc-82">
         <name>.text:EUSCIA2_IRQHandler</name>
         <load_address>0x3238</load_address>
         <run_address>0x3238</run_address>
         <size>0x8c</size>
         <input_file_ref idref="fl-4"/>
      </object_component>
      <object_component id="oc-40d">
         <name>.text:PrintInteger</name>
         <load_address>0x32c4</load_address>
         <run_address>0x32c4</run_address>
         <size>0x8c</size>
         <input_file_ref idref="fl-3"/>
      </object_component>
      <object_component id="oc-3bb">
         <name>.text:fputc</name>
         <load_address>0x3350</load_address>
         <run_address>0x3350</run_address>
         <size>0x8c</size>
         <input_file_ref idref="fl-df"/>
      </object_component>
      <object_component id="oc-2ac">
         <name>.text:GPIO_setAsPeripheralModuleFunctionOutputPin</name>
         <load_address>0x33dc</load_address>
         <run_address>0x33dc</run_address>
         <size>0x88</size>
         <input_file_ref idref="fl-1b"/>
      </object_component>
      <object_component id="oc-451">
         <name>.text:getHCSR04Distance</name>
         <load_address>0x3464</load_address>
         <run_address>0x3464</run_address>
         <size>0x88</size>
         <input_file_ref idref="fl-b"/>
      </object_component>
      <object_component id="oc-36b">
         <name>.text:__aeabi_cdcmple</name>
         <load_address>0x34ec</load_address>
         <run_address>0x34ec</run_address>
         <size>0x86</size>
         <input_file_ref idref="fl-e7"/>
      </object_component>
      <object_component id="oc-4c5">
         <name>.text:__aeabi_cdrcmple</name>
         <load_address>0x3572</load_address>
         <run_address>0x3572</run_address>
         <size>0x86</size>
         <input_file_ref idref="fl-e7"/>
      </object_component>
      <object_component id="oc-147">
         <name>.text:GPIO_getEnabledInterruptStatus</name>
         <load_address>0x35f8</load_address>
         <run_address>0x35f8</run_address>
         <size>0x84</size>
         <input_file_ref idref="fl-1b"/>
      </object_component>
      <object_component id="oc-a0">
         <name>.text:PORT5_IRQHandler</name>
         <load_address>0x367c</load_address>
         <run_address>0x367c</run_address>
         <size>0x83</size>
         <input_file_ref idref="fl-5"/>
      </object_component>
      <object_component id="oc-1a0">
         <name>.text:Interrupt_enableInterrupt</name>
         <load_address>0x3700</load_address>
         <run_address>0x3700</run_address>
         <size>0x80</size>
         <input_file_ref idref="fl-1c"/>
      </object_component>
      <object_component id="oc-2f5">
         <name>.text:ConnectToAP</name>
         <load_address>0x3780</load_address>
         <run_address>0x3780</run_address>
         <size>0x7c</size>
         <input_file_ref idref="fl-2"/>
      </object_component>
      <object_component id="oc-649">
         <name>.text:_CSGetDOCFrequency</name>
         <load_address>0x37fc</load_address>
         <run_address>0x37fc</run_address>
         <size>0x7c</size>
         <input_file_ref idref="fl-18"/>
      </object_component>
      <object_component id="oc-c4">
         <name>.text</name>
         <load_address>0x3878</load_address>
         <run_address>0x3878</run_address>
         <size>0x7a</size>
         <input_file_ref idref="fl-ef"/>
      </object_component>
      <object_component id="oc-e2">
         <name>.text:SystemInit</name>
         <load_address>0x38f4</load_address>
         <run_address>0x38f4</run_address>
         <size>0x78</size>
         <input_file_ref idref="fl-6"/>
      </object_component>
      <object_component id="oc-8e">
         <name>.text:PORT1_IRQHandler</name>
         <load_address>0x396c</load_address>
         <run_address>0x396c</run_address>
         <size>0x74</size>
         <input_file_ref idref="fl-5"/>
      </object_component>
      <object_component id="oc-26a">
         <name>.text:Timer_A_generatePWM</name>
         <load_address>0x39e0</load_address>
         <run_address>0x39e0</run_address>
         <size>0x74</size>
         <input_file_ref idref="fl-22"/>
      </object_component>
      <object_component id="oc-6cd">
         <name>.text:__TI_closefile</name>
         <load_address>0x3a54</load_address>
         <run_address>0x3a54</run_address>
         <size>0x74</size>
         <input_file_ref idref="fl-118"/>
      </object_component>
      <object_component id="oc-18e">
         <name>.text:initMotor</name>
         <load_address>0x3ac8</load_address>
         <run_address>0x3ac8</run_address>
         <size>0x74</size>
         <input_file_ref idref="fl-9"/>
      </object_component>
      <object_component id="oc-664">
         <name>.text:split</name>
         <load_address>0x3b3c</load_address>
         <run_address>0x3b3c</run_address>
         <size>0x70</size>
         <input_file_ref idref="fl-fc"/>
      </object_component>
      <object_component id="oc-4e5">
         <name>.text:_mcpy</name>
         <load_address>0x3bac</load_address>
         <run_address>0x3bac</run_address>
         <size>0x6e</size>
         <input_file_ref idref="fl-dc"/>
      </object_component>
      <object_component id="oc-43a">
         <name>.text:ltoa</name>
         <load_address>0x3c1c</load_address>
         <run_address>0x3c1c</run_address>
         <size>0x6e</size>
         <input_file_ref idref="fl-f9"/>
      </object_component>
      <object_component id="oc-88">
         <name>.text:ADC14_IRQHandler</name>
         <load_address>0x3c8c</load_address>
         <run_address>0x3c8c</run_address>
         <size>0x6c</size>
         <input_file_ref idref="fl-a"/>
      </object_component>
      <object_component id="oc-6fd">
         <name>.text:HOSTrename</name>
         <load_address>0x3cf8</load_address>
         <run_address>0x3cf8</run_address>
         <size>0x6c</size>
         <input_file_ref idref="fl-112"/>
      </object_component>
      <object_component id="oc-6f1">
         <name>.text:HOSTlseek</name>
         <load_address>0x3d64</load_address>
         <run_address>0x3d64</run_address>
         <size>0x68</size>
         <input_file_ref idref="fl-10f"/>
      </object_component>
      <object_component id="oc-296">
         <name>.text:Timer_A_configureUpMode</name>
         <load_address>0x3dcc</load_address>
         <run_address>0x3dcc</run_address>
         <size>0x68</size>
         <input_file_ref idref="fl-22"/>
      </object_component>
      <object_component id="oc-17">
         <name>.text:decompress:lzss:__TI_decompress_lzss</name>
         <load_address>0x3e34</load_address>
         <run_address>0x3e34</run_address>
         <size>0x68</size>
         <input_file_ref idref="fl-f2"/>
      </object_component>
      <object_component id="oc-12e">
         <name>.text:printf</name>
         <load_address>0x3e9c</load_address>
         <run_address>0x3e9c</run_address>
         <size>0x68</size>
         <input_file_ref idref="fl-db"/>
      </object_component>
      <object_component id="oc-f8">
         <name>.text:UART_getEnabledInterruptStatus</name>
         <load_address>0x3f04</load_address>
         <run_address>0x3f04</run_address>
         <size>0x64</size>
         <input_file_ref idref="fl-23"/>
      </object_component>
      <object_component id="oc-4fa">
         <name>.text:frexp</name>
         <load_address>0x3f68</load_address>
         <run_address>0x3f68</run_address>
         <size>0x64</size>
         <input_file_ref idref="fl-e3"/>
      </object_component>
      <object_component id="oc-626">
         <name>.text:fseek</name>
         <load_address>0x3fcc</load_address>
         <run_address>0x3fcc</run_address>
         <size>0x64</size>
         <input_file_ref idref="fl-107"/>
      </object_component>
      <object_component id="oc-557">
         <name>.text:_CSGetDividerValue</name>
         <load_address>0x4030</load_address>
         <run_address>0x4030</run_address>
         <size>0x62</size>
         <input_file_ref idref="fl-18"/>
      </object_component>
      <object_component id="oc-531">
         <name>.text:__TI_wrt_ok</name>
         <load_address>0x4092</load_address>
         <run_address>0x4092</run_address>
         <size>0x62</size>
         <input_file_ref idref="fl-e1"/>
      </object_component>
      <object_component id="oc-6d9">
         <name>.text:HOSTopen</name>
         <load_address>0x40f4</load_address>
         <run_address>0x40f4</run_address>
         <size>0x60</size>
         <input_file_ref idref="fl-110"/>
      </object_component>
      <object_component id="oc-575">
         <name>.text:PCM_getCoreVoltageLevel</name>
         <load_address>0x4154</load_address>
         <run_address>0x4154</run_address>
         <size>0x5e</size>
         <input_file_ref idref="fl-1d"/>
      </object_component>
      <object_component id="oc-70b">
         <name>.text:close</name>
         <load_address>0x41b4</load_address>
         <run_address>0x41b4</run_address>
         <size>0x5c</size>
         <input_file_ref idref="fl-11d"/>
      </object_component>
      <object_component id="oc-188">
         <name>.text:init_HCSR04</name>
         <load_address>0x4210</load_address>
         <run_address>0x4210</run_address>
         <size>0x5c</size>
         <input_file_ref idref="fl-b"/>
      </object_component>
      <object_component id="oc-56f">
         <name>.text:PCM_getPowerMode</name>
         <load_address>0x426c</load_address>
         <run_address>0x426c</run_address>
         <size>0x5a</size>
         <input_file_ref idref="fl-1d"/>
      </object_component>
      <object_component id="oc-290">
         <name>.text:GPIO_setAsInputPinWithPullDownResistor</name>
         <load_address>0x42c8</load_address>
         <run_address>0x42c8</run_address>
         <size>0x58</size>
         <input_file_ref idref="fl-1b"/>
      </object_component>
      <object_component id="oc-2b9">
         <name>.text:GPIO_setAsInputPinWithPullUpResistor</name>
         <load_address>0x4320</load_address>
         <run_address>0x4320</run_address>
         <size>0x58</size>
         <input_file_ref idref="fl-1b"/>
      </object_component>
      <object_component id="oc-6e5">
         <name>.text:HOSTread</name>
         <load_address>0x4378</load_address>
         <run_address>0x4378</run_address>
         <size>0x58</size>
         <input_file_ref idref="fl-111"/>
      </object_component>
      <object_component id="oc-6eb">
         <name>.text:HOSTwrite</name>
         <load_address>0x43d0</load_address>
         <run_address>0x43d0</run_address>
         <size>0x58</size>
         <input_file_ref idref="fl-114"/>
      </object_component>
      <object_component id="oc-194">
         <name>.text:initEncoder</name>
         <load_address>0x4428</load_address>
         <run_address>0x4428</run_address>
         <size>0x58</size>
         <input_file_ref idref="fl-8"/>
      </object_component>
      <object_component id="oc-376">
         <name>.text:_pconv_f</name>
         <load_address>0x4480</load_address>
         <run_address>0x4480</run_address>
         <size>0x56</size>
         <input_file_ref idref="fl-dc"/>
      </object_component>
      <object_component id="oc-4cf">
         <name>.text:__TI_ltoa</name>
         <load_address>0x44d6</load_address>
         <run_address>0x44d6</run_address>
         <size>0x54</size>
         <input_file_ref idref="fl-f5"/>
      </object_component>
      <object_component id="oc-4df">
         <name>.text:_ecpy</name>
         <load_address>0x452a</load_address>
         <run_address>0x452a</run_address>
         <size>0x52</size>
         <input_file_ref idref="fl-dc"/>
      </object_component>
      <object_component id="oc-2fb">
         <name>.text:QueryIP</name>
         <load_address>0x457c</load_address>
         <run_address>0x457c</run_address>
         <size>0x50</size>
         <input_file_ref idref="fl-2"/>
      </object_component>
      <object_component id="oc-2b3">
         <name>.text:GPIO_setAsInputPin</name>
         <load_address>0x45cc</load_address>
         <run_address>0x45cc</run_address>
         <size>0x4c</size>
         <input_file_ref idref="fl-1b"/>
      </object_component>
      <object_component id="oc-673">
         <name>.text:Timer_A_getCounterValue</name>
         <load_address>0x4618</load_address>
         <run_address>0x4618</run_address>
         <size>0x4c</size>
         <input_file_ref idref="fl-22"/>
      </object_component>
      <object_component id="oc-53d">
         <name>.text:__TI_doflush</name>
         <load_address>0x4664</load_address>
         <run_address>0x4664</run_address>
         <size>0x4c</size>
         <input_file_ref idref="fl-105"/>
      </object_component>
      <object_component id="oc-35f">
         <name>.text:atoi</name>
         <load_address>0x46b0</load_address>
         <run_address>0x46b0</run_address>
         <size>0x4c</size>
         <input_file_ref idref="fl-f6"/>
      </object_component>
      <object_component id="oc-d0">
         <name>.text:main</name>
         <load_address>0x46fc</load_address>
         <run_address>0x46fc</run_address>
         <size>0x4c</size>
         <input_file_ref idref="fl-5"/>
      </object_component>
      <object_component id="oc-2c5">
         <name>.text:FlashCtl_setWaitState</name>
         <load_address>0x4748</load_address>
         <run_address>0x4748</run_address>
         <size>0x48</size>
         <input_file_ref idref="fl-19"/>
      </object_component>
      <object_component id="oc-2e3">
         <name>.text:UART_Flush</name>
         <load_address>0x4790</load_address>
         <run_address>0x4790</run_address>
         <size>0x48</size>
         <input_file_ref idref="fl-4"/>
      </object_component>
      <object_component id="oc-1b3">
         <name>.text:exit</name>
         <load_address>0x47d8</load_address>
         <run_address>0x47d8</run_address>
         <size>0x48</size>
         <input_file_ref idref="fl-f3"/>
      </object_component>
      <object_component id="oc-4ca">
         <name>.text</name>
         <load_address>0x4820</load_address>
         <run_address>0x4820</run_address>
         <size>0x48</size>
         <input_file_ref idref="fl-ea"/>
      </object_component>
      <object_component id="oc-6df">
         <name>.text:HOSTclose</name>
         <load_address>0x4868</load_address>
         <run_address>0x4868</run_address>
         <size>0x44</size>
         <input_file_ref idref="fl-10e"/>
      </object_component>
      <object_component id="oc-6f7">
         <name>.text:HOSTunlink</name>
         <load_address>0x48ac</load_address>
         <run_address>0x48ac</run_address>
         <size>0x44</size>
         <input_file_ref idref="fl-113"/>
      </object_component>
      <object_component id="oc-1b9">
         <name>.text:__TI_auto_init_nobinit_nopinit:__TI_auto_init_nobinit_nopinit</name>
         <load_address>0x48f0</load_address>
         <run_address>0x48f0</run_address>
         <size>0x44</size>
         <input_file_ref idref="fl-10a"/>
      </object_component>
      <object_component id="oc-73a">
         <name>.text:getdevice</name>
         <load_address>0x4934</load_address>
         <run_address>0x4934</run_address>
         <size>0x44</size>
         <input_file_ref idref="fl-119"/>
      </object_component>
      <object_component id="oc-134">
         <name>.text:motor_start</name>
         <load_address>0x4978</load_address>
         <run_address>0x4978</run_address>
         <size>0x44</size>
         <input_file_ref idref="fl-9"/>
      </object_component>
      <object_component id="oc-17c">
         <name>.text:GPIO_setAsOutputPin</name>
         <load_address>0x49bc</load_address>
         <run_address>0x49bc</run_address>
         <size>0x40</size>
         <input_file_ref idref="fl-1b"/>
      </object_component>
      <object_component id="oc-3fb">
         <name>.text:UART_Write</name>
         <load_address>0x49fc</load_address>
         <run_address>0x49fc</run_address>
         <size>0x40</size>
         <input_file_ref idref="fl-4"/>
      </object_component>
      <object_component id="oc-46f">
         <name>.text:motor_left</name>
         <load_address>0x4a3c</load_address>
         <run_address>0x4a3c</run_address>
         <size>0x40</size>
         <input_file_ref idref="fl-9"/>
      </object_component>
      <object_component id="oc-475">
         <name>.text:motor_right</name>
         <load_address>0x4a7c</load_address>
         <run_address>0x4a7c</run_address>
         <size>0x40</size>
         <input_file_ref idref="fl-9"/>
      </object_component>
      <object_component id="oc-13a">
         <name>.text:motor_stop</name>
         <load_address>0x4abc</load_address>
         <run_address>0x4abc</run_address>
         <size>0x40</size>
         <input_file_ref idref="fl-9"/>
      </object_component>
      <object_component id="oc-30c">
         <name>.text:sprintf</name>
         <load_address>0x4afc</load_address>
         <run_address>0x4afc</run_address>
         <size>0x40</size>
         <input_file_ref idref="fl-dd"/>
      </object_component>
      <object_component id="oc-4f2">
         <name>.text:_fcpy</name>
         <load_address>0x4b3c</load_address>
         <run_address>0x4b3c</run_address>
         <size>0x3e</size>
         <input_file_ref idref="fl-dc"/>
      </object_component>
      <object_component id="oc-463">
         <name>.text:checkObstacle</name>
         <load_address>0x4b7c</load_address>
         <run_address>0x4b7c</run_address>
         <size>0x3c</size>
         <input_file_ref idref="fl-c"/>
      </object_component>
      <object_component id="oc-118">
         <name>.text:ADC14_getEnabledInterruptStatus</name>
         <load_address>0x4bb8</load_address>
         <run_address>0x4bb8</run_address>
         <size>0x38</size>
         <input_file_ref idref="fl-17"/>
      </object_component>
      <object_component id="oc-71c">
         <name>.text:__TI_writemsg</name>
         <load_address>0x4bf0</load_address>
         <run_address>0x4bf0</run_address>
         <size>0x38</size>
         <input_file_ref idref="fl-115"/>
      </object_component>
      <object_component id="oc-469">
         <name>.text:counter</name>
         <load_address>0x4c28</load_address>
         <run_address>0x4c28</run_address>
         <size>0x38</size>
         <input_file_ref idref="fl-c"/>
      </object_component>
      <object_component id="oc-5d1">
         <name>.text:getHCSR04Time</name>
         <load_address>0x4c60</load_address>
         <run_address>0x4c60</run_address>
         <size>0x38</size>
         <input_file_ref idref="fl-b"/>
      </object_component>
      <object_component id="oc-307">
         <name>.text</name>
         <load_address>0x4c98</load_address>
         <run_address>0x4c98</run_address>
         <size>0x38</size>
         <input_file_ref idref="fl-eb"/>
      </object_component>
      <object_component id="oc-75a">
         <name>.text:strncpy</name>
         <load_address>0x4cd0</load_address>
         <run_address>0x4cd0</run_address>
         <size>0x36</size>
         <input_file_ref idref="fl-11b"/>
      </object_component>
      <object_component id="oc-2d1">
         <name>.text:CS_setDCOCenteredFrequency</name>
         <load_address>0x4d08</load_address>
         <run_address>0x4d08</run_address>
         <size>0x34</size>
         <input_file_ref idref="fl-18"/>
      </object_component>
      <object_component id="oc-2dd">
         <name>.text:ESP8266_HardReset</name>
         <load_address>0x4d3c</load_address>
         <run_address>0x4d3c</run_address>
         <size>0x34</size>
         <input_file_ref idref="fl-2"/>
      </object_component>
      <object_component id="oc-693">
         <name>.text:__TI_cleanup</name>
         <load_address>0x4d70</load_address>
         <run_address>0x4d70</run_address>
         <size>0x34</size>
         <input_file_ref idref="fl-106"/>
      </object_component>
      <object_component id="oc-722">
         <name>.text:__TI_readmsg</name>
         <load_address>0x4da4</load_address>
         <run_address>0x4da4</run_address>
         <size>0x34</size>
         <input_file_ref idref="fl-115"/>
      </object_component>
      <object_component id="oc-58">
         <name>.text:_c_int00_noargs:_c_int00_noargs</name>
         <load_address>0x4dd8</load_address>
         <run_address>0x4dd8</run_address>
         <size>0x34</size>
         <input_file_ref idref="fl-102"/>
      </object_component>
      <object_component id="oc-422">
         <name>.text:strstr</name>
         <load_address>0x4e0c</load_address>
         <run_address>0x4e0c</run_address>
         <size>0x34</size>
         <input_file_ref idref="fl-100"/>
      </object_component>
      <object_component id="oc-11e">
         <name>.text:ADC14_clearInterruptFlag</name>
         <load_address>0x4e40</load_address>
         <run_address>0x4e40</run_address>
         <size>0x30</size>
         <input_file_ref idref="fl-17"/>
      </object_component>
      <object_component id="oc-55d">
         <name>.text:CS_clearInterruptFlag</name>
         <load_address>0x4e70</load_address>
         <run_address>0x4e70</run_address>
         <size>0x30</size>
         <input_file_ref idref="fl-18"/>
      </object_component>
      <object_component id="oc-152">
         <name>.text:GPIO_getInputPinValue</name>
         <load_address>0x4ea0</load_address>
         <run_address>0x4ea0</run_address>
         <size>0x30</size>
         <input_file_ref idref="fl-1b"/>
      </object_component>
      <object_component id="oc-760">
         <name>.text:finddevice</name>
         <load_address>0x4ed0</load_address>
         <run_address>0x4ed0</run_address>
         <size>0x30</size>
         <input_file_ref idref="fl-119"/>
      </object_component>
      <object_component id="oc-4d5">
         <name>.text</name>
         <load_address>0x4f00</load_address>
         <run_address>0x4f00</run_address>
         <size>0x2e</size>
         <input_file_ref idref="fl-ec"/>
      </object_component>
      <object_component id="oc-23e">
         <name>.text:ADC14_getInterruptStatus</name>
         <load_address>0x4f30</load_address>
         <run_address>0x4f30</run_address>
         <size>0x2c</size>
         <input_file_ref idref="fl-17"/>
      </object_component>
      <object_component id="oc-ea">
         <name>.text:Timer_A_clearCaptureCompareInterrupt</name>
         <load_address>0x4f5c</load_address>
         <run_address>0x4f5c</run_address>
         <size>0x2c</size>
         <input_file_ref idref="fl-22"/>
      </object_component>
      <object_component id="oc-711">
         <name>.text:unlink</name>
         <load_address>0x4f88</load_address>
         <run_address>0x4f88</run_address>
         <size>0x2c</size>
         <input_file_ref idref="fl-11e"/>
      </object_component>
      <object_component id="oc-124">
         <name>.text:ADC14_getResult</name>
         <load_address>0x4fb4</load_address>
         <run_address>0x4fb4</run_address>
         <size>0x28</size>
         <input_file_ref idref="fl-17"/>
      </object_component>
      <object_component id="oc-28a">
         <name>.text:CS_getSMCLK</name>
         <load_address>0x4fdc</load_address>
         <run_address>0x4fdc</run_address>
         <size>0x28</size>
         <input_file_ref idref="fl-18"/>
      </object_component>
      <object_component id="oc-140">
         <name>.text:GPIO_clearInterruptFlag</name>
         <load_address>0x5004</load_address>
         <run_address>0x5004</run_address>
         <size>0x28</size>
         <input_file_ref idref="fl-1b"/>
      </object_component>
      <object_component id="oc-19a">
         <name>.text:GPIO_enableInterrupt</name>
         <load_address>0x502c</load_address>
         <run_address>0x502c</run_address>
         <size>0x28</size>
         <input_file_ref idref="fl-1b"/>
      </object_component>
      <object_component id="oc-2a6">
         <name>.text:GPIO_setOutputHighOnPin</name>
         <load_address>0x5054</load_address>
         <run_address>0x5054</run_address>
         <size>0x28</size>
         <input_file_ref idref="fl-1b"/>
      </object_component>
      <object_component id="oc-182">
         <name>.text:GPIO_setOutputLowOnPin</name>
         <load_address>0x507c</load_address>
         <run_address>0x507c</run_address>
         <size>0x28</size>
         <input_file_ref idref="fl-1b"/>
      </object_component>
      <object_component id="oc-94">
         <name>.text:PORT2_IRQHandler</name>
         <load_address>0x50a4</load_address>
         <run_address>0x50a4</run_address>
         <size>0x28</size>
         <input_file_ref idref="fl-8"/>
      </object_component>
      <object_component id="oc-9a">
         <name>.text:PORT3_IRQHandler</name>
         <load_address>0x50cc</load_address>
         <run_address>0x50cc</run_address>
         <size>0x28</size>
         <input_file_ref idref="fl-8"/>
      </object_component>
      <object_component id="oc-5b6">
         <name>.text:free_list_insert</name>
         <load_address>0x50f4</load_address>
         <run_address>0x50f4</run_address>
         <size>0x28</size>
         <input_file_ref idref="fl-fc"/>
      </object_component>
      <object_component id="oc-68b">
         <name>.text:lseek</name>
         <load_address>0x511c</load_address>
         <run_address>0x511c</run_address>
         <size>0x28</size>
         <input_file_ref idref="fl-117"/>
      </object_component>
      <object_component id="oc-543">
         <name>.text:write</name>
         <load_address>0x5144</load_address>
         <run_address>0x5144</run_address>
         <size>0x28</size>
         <input_file_ref idref="fl-103"/>
      </object_component>
      <object_component id="oc-5bf">
         <name>.text:Delay</name>
         <load_address>0x516c</load_address>
         <run_address>0x516c</run_address>
         <size>0x24</size>
         <input_file_ref idref="fl-b"/>
      </object_component>
      <object_component id="oc-27c">
         <name>.text:GPIO_getInterruptStatus</name>
         <load_address>0x5190</load_address>
         <run_address>0x5190</run_address>
         <size>0x24</size>
         <input_file_ref idref="fl-1b"/>
      </object_component>
      <object_component id="oc-407">
         <name>.text:PrintString</name>
         <load_address>0x51b4</load_address>
         <run_address>0x51b4</run_address>
         <size>0x22</size>
         <input_file_ref idref="fl-3"/>
      </object_component>
      <object_component id="oc-537">
         <name>.text:memchr</name>
         <load_address>0x51d6</load_address>
         <run_address>0x51d6</run_address>
         <size>0x20</size>
         <input_file_ref idref="fl-fb"/>
      </object_component>
      <object_component id="oc-76">
         <name>.text:TA0_0_IRQHandler</name>
         <load_address>0x51f8</load_address>
         <run_address>0x51f8</run_address>
         <size>0x1c</size>
         <input_file_ref idref="fl-b"/>
      </object_component>
      <object_component id="oc-5b0">
         <name>.text:free_list_remove</name>
         <load_address>0x5214</load_address>
         <run_address>0x5214</run_address>
         <size>0x1c</size>
         <input_file_ref idref="fl-fc"/>
      </object_component>
      <object_component id="oc-388">
         <name>.text:memccpy</name>
         <load_address>0x5230</load_address>
         <run_address>0x5230</run_address>
         <size>0x1c</size>
         <input_file_ref idref="fl-fa"/>
      </object_component>
      <object_component id="oc-60a">
         <name>.text:copysign</name>
         <load_address>0x524c</load_address>
         <run_address>0x524c</run_address>
         <size>0x1a</size>
         <input_file_ref idref="fl-108"/>
      </object_component>
      <object_component id="oc-29c">
         <name>.text:Timer_A_clearTimer</name>
         <load_address>0x5268</load_address>
         <run_address>0x5268</run_address>
         <size>0x18</size>
         <input_file_ref idref="fl-22"/>
      </object_component>
      <object_component id="oc-22a">
         <name>.text:UART_getInterruptStatus</name>
         <load_address>0x5280</load_address>
         <run_address>0x5280</run_address>
         <size>0x18</size>
         <input_file_ref idref="fl-23"/>
      </object_component>
      <object_component id="oc-42c">
         <name>.text:_outs</name>
         <load_address>0x5298</load_address>
         <run_address>0x5298</run_address>
         <size>0x18</size>
         <input_file_ref idref="fl-dd"/>
      </object_component>
      <object_component id="oc-775">
         <name>.text:strcmp</name>
         <load_address>0x52b0</load_address>
         <run_address>0x52b0</run_address>
         <size>0x18</size>
         <input_file_ref idref="fl-11a"/>
      </object_component>
      <object_component id="oc-5c5">
         <name>.text:Timer_A_startCounter</name>
         <load_address>0x52c8</load_address>
         <run_address>0x52c8</run_address>
         <size>0x16</size>
         <input_file_ref idref="fl-22"/>
      </object_component>
      <object_component id="oc-506">
         <name>.text:strchr</name>
         <load_address>0x52de</load_address>
         <run_address>0x52de</run_address>
         <size>0x16</size>
         <input_file_ref idref="fl-fd"/>
      </object_component>
      <object_component id="oc-57b">
         <name>.text:PCM_getPowerState</name>
         <load_address>0x52f4</load_address>
         <run_address>0x52f4</run_address>
         <size>0x14</size>
         <input_file_ref idref="fl-1d"/>
      </object_component>
      <object_component id="oc-401">
         <name>.text:PrintChar</name>
         <load_address>0x5308</load_address>
         <run_address>0x5308</run_address>
         <size>0x14</size>
         <input_file_ref idref="fl-3"/>
      </object_component>
      <object_component id="oc-5cb">
         <name>.text:Timer_A_stopTimer</name>
         <load_address>0x531c</load_address>
         <run_address>0x531c</run_address>
         <size>0x14</size>
         <input_file_ref idref="fl-22"/>
      </object_component>
      <object_component id="oc-45d">
         <name>.text:getLeft</name>
         <load_address>0x5330</load_address>
         <run_address>0x5330</run_address>
         <size>0x14</size>
         <input_file_ref idref="fl-8"/>
      </object_component>
      <object_component id="oc-457">
         <name>.text:getRight</name>
         <load_address>0x5344</load_address>
         <run_address>0x5344</run_address>
         <size>0x14</size>
         <input_file_ref idref="fl-8"/>
      </object_component>
      <object_component id="oc-5a1">
         <name>.text:strcpy</name>
         <load_address>0x5358</load_address>
         <run_address>0x5358</run_address>
         <size>0x14</size>
         <input_file_ref idref="fl-fe"/>
      </object_component>
      <object_component id="oc-359">
         <name>.text:strlen</name>
         <load_address>0x536c</load_address>
         <run_address>0x536c</run_address>
         <size>0x14</size>
         <input_file_ref idref="fl-ff"/>
      </object_component>
      <object_component id="oc-38e">
         <name>.text:wcslen</name>
         <load_address>0x5380</load_address>
         <run_address>0x5380</run_address>
         <size>0x12</size>
         <input_file_ref idref="fl-e5"/>
      </object_component>
      <object_component id="oc-2cb">
         <name>.text:PCM_setCoreVoltageLevel</name>
         <load_address>0x5392</load_address>
         <run_address>0x5392</run_address>
         <size>0x10</size>
         <input_file_ref idref="fl-1d"/>
      </object_component>
      <object_component id="oc-581">
         <name>.text:PCM_setPowerMode</name>
         <load_address>0x53a2</load_address>
         <run_address>0x53a2</run_address>
         <size>0x10</size>
         <input_file_ref idref="fl-1d"/>
      </object_component>
      <object_component id="oc-1d">
         <name>.text:decompress:none:__TI_decompress_none</name>
         <load_address>0x53b2</load_address>
         <run_address>0x53b2</run_address>
         <size>0xe</size>
         <input_file_ref idref="fl-f1"/>
      </object_component>
      <object_component id="oc-6a">
         <name>.text:Reset_Handler</name>
         <load_address>0x53c0</load_address>
         <run_address>0x53c0</run_address>
         <size>0xc</size>
         <input_file_ref idref="fl-7"/>
      </object_component>
      <object_component id="oc-4c">
         <name>.text:decompress:ZI:__TI_zero_init</name>
         <load_address>0x53cc</load_address>
         <run_address>0x53cc</run_address>
         <size>0xc</size>
         <input_file_ref idref="fl-f0"/>
      </object_component>
      <object_component id="oc-432">
         <name>.text:_outc</name>
         <load_address>0x53d8</load_address>
         <run_address>0x53d8</run_address>
         <size>0xa</size>
         <input_file_ref idref="fl-dd"/>
      </object_component>
      <object_component id="oc-2ef">
         <name>.text:ESP8266_GetBuffer</name>
         <load_address>0x53e4</load_address>
         <run_address>0x53e4</run_address>
         <size>0x8</size>
         <input_file_ref idref="fl-2"/>
      </object_component>
      <object_component id="oc-394">
         <name>.text:__aeabi_errno_addr</name>
         <load_address>0x53ec</load_address>
         <run_address>0x53ec</run_address>
         <size>0x8</size>
         <input_file_ref idref="fl-101"/>
      </object_component>
      <object_component id="oc-441">
         <name>.text:malloc</name>
         <load_address>0x53f4</load_address>
         <run_address>0x53f4</run_address>
         <size>0x8</size>
         <input_file_ref idref="fl-fc"/>
      </object_component>
      <object_component id="oc-262">
         <name>.text:_outc</name>
         <load_address>0x53fc</load_address>
         <run_address>0x53fc</run_address>
         <size>0x4</size>
         <input_file_ref idref="fl-db"/>
      </object_component>
      <object_component id="oc-25c">
         <name>.text:_outs</name>
         <load_address>0x5400</load_address>
         <run_address>0x5400</run_address>
         <size>0x4</size>
         <input_file_ref idref="fl-db"/>
      </object_component>
      <object_component id="oc-ca">
         <name>.text:_system_pre_init</name>
         <load_address>0x5404</load_address>
         <run_address>0x5404</run_address>
         <size>0x4</size>
         <input_file_ref idref="fl-10b"/>
      </object_component>
      <object_component id="oc-1ad">
         <name>.text:abort:abort</name>
         <load_address>0x5408</load_address>
         <run_address>0x5408</run_address>
         <size>0x4</size>
         <input_file_ref idref="fl-f3"/>
      </object_component>
      <object_component id="oc-4af">
         <name>.const:.string:_ctypes_</name>
         <load_address>0x540c</load_address>
         <run_address>0x540c</run_address>
         <size>0x101</size>
         <input_file_ref idref="fl-f7"/>
      </object_component>
      <object_component id="oc-24c">
         <name>.const:_ctlRegs</name>
         <load_address>0x5510</load_address>
         <run_address>0x5510</run_address>
         <size>0x80</size>
         <input_file_ref idref="fl-17"/>
      </object_component>
      <object_component id="oc-480">
         <name>.const:.string</name>
         <load_address>0x5590</load_address>
         <run_address>0x5590</run_address>
         <size>0x3e</size>
         <input_file_ref idref="fl-c"/>
      </object_component>
      <object_component id="oc-278">
         <name>.const:GPIO_PORT_TO_BASE</name>
         <load_address>0x55d0</load_address>
         <run_address>0x55d0</run_address>
         <size>0x30</size>
         <input_file_ref idref="fl-1b"/>
      </object_component>
      <object_component id="oc-2a2">
         <name>.const:$P$T0$1</name>
         <load_address>0x5600</load_address>
         <run_address>0x5600</run_address>
         <size>0x18</size>
         <input_file_ref idref="fl-b"/>
      </object_component>
      <object_component id="oc-2c1">
         <name>.const:g_pulEnRegs</name>
         <load_address>0x5618</load_address>
         <run_address>0x5618</run_address>
         <size>0x8</size>
         <input_file_ref idref="fl-1c"/>
      </object_component>
      <object_component id="oc-7b5">
         <name>.cinit..data.load</name>
         <load_address>0x5620</load_address>
         <run_address>0x5620</run_address>
         <size>0xc7</size>
      </object_component>
      <object_component id="oc-7b3">
         <name>__TI_handler_table</name>
         <load_address>0x56e8</load_address>
         <run_address>0x56e8</run_address>
         <size>0xc</size>
      </object_component>
      <object_component id="oc-7b6">
         <name>.cinit..bss.load</name>
         <load_address>0x56f8</load_address>
         <run_address>0x56f8</run_address>
         <size>0x8</size>
      </object_component>
      <object_component id="oc-7b4">
         <name>__TI_cinit_table</name>
         <load_address>0x5700</load_address>
         <run_address>0x5700</run_address>
         <size>0x10</size>
      </object_component>
      <object_component id="oc-787">
         <name>.binit</name>
         <load_address>0x0</load_address>
         <run_address>0x0</run_address>
         <size>0x0</size>
      </object_component>
      <object_component id="oc-14d">
         <name>.data</name>
         <load_address>0x20002480</load_address>
         <run_address>0x20002480</run_address>
         <size>0x10</size>
         <input_file_ref idref="fl-8"/>
      </object_component>
      <object_component id="oc-270">
         <name>.data:pwmConfig</name>
         <load_address>0x20002454</load_address>
         <run_address>0x20002454</run_address>
         <size>0x18</size>
         <input_file_ref idref="fl-9"/>
      </object_component>
      <object_component id="oc-273">
         <name>.data:pwmConfig2</name>
         <load_address>0x2000243c</load_address>
         <run_address>0x2000243c</run_address>
         <size>0x18</size>
         <input_file_ref idref="fl-9"/>
      </object_component>
      <object_component id="oc-32a">
         <name>.data</name>
         <load_address>0x200023f8</load_address>
         <run_address>0x200023f8</run_address>
         <size>0x28</size>
         <input_file_ref idref="fl-c"/>
      </object_component>
      <object_component id="oc-44d">
         <name>.data:cmdString</name>
         <load_address>0x2000246c</load_address>
         <run_address>0x2000246c</run_address>
         <size>0x14</size>
         <input_file_ref idref="fl-c"/>
      </object_component>
      <object_component id="oc-32d">
         <name>.data:HTTP_Request</name>
         <load_address>0x20002420</load_address>
         <run_address>0x20002420</run_address>
         <size>0x1b</size>
         <input_file_ref idref="fl-c"/>
      </object_component>
      <object_component id="oc-324">
         <name>.data:UART0Config</name>
         <load_address>0x200023a8</load_address>
         <run_address>0x200023a8</run_address>
         <size>0x28</size>
         <input_file_ref idref="fl-c"/>
      </object_component>
      <object_component id="oc-327">
         <name>.data:UART2Config</name>
         <load_address>0x200023d0</load_address>
         <run_address>0x200023d0</run_address>
         <size>0x28</size>
         <input_file_ref idref="fl-c"/>
      </object_component>
      <object_component id="oc-332">
         <name>.data:$O1$$</name>
         <load_address>0x200024a0</load_address>
         <run_address>0x200024a0</run_address>
         <size>0xc</size>
         <input_file_ref idref="fl-f3"/>
      </object_component>
      <object_component id="oc-256">
         <name>.data:$O1$$</name>
         <load_address>0x200024ac</load_address>
         <run_address>0x200024ac</run_address>
         <size>0x8</size>
         <input_file_ref idref="fl-f4"/>
      </object_component>
      <object_component id="oc-259">
         <name>.data:_ftable</name>
         <load_address>0x200021f0</load_address>
         <run_address>0x200021f0</run_address>
         <size>0xf0</size>
         <input_file_ref idref="fl-f8"/>
      </object_component>
      <object_component id="oc-6d3">
         <name>.data</name>
         <load_address>0x20002490</load_address>
         <run_address>0x20002490</run_address>
         <size>0x10</size>
         <input_file_ref idref="fl-f8"/>
      </object_component>
      <object_component id="oc-66a">
         <name>.data:$O1$$</name>
         <load_address>0x200024b4</load_address>
         <run_address>0x200024b4</run_address>
         <size>0x8</size>
         <input_file_ref idref="fl-fc"/>
      </object_component>
      <object_component id="oc-516">
         <name>.data</name>
         <load_address>0x200024bc</load_address>
         <run_address>0x200024bc</run_address>
         <size>0x4</size>
         <input_file_ref idref="fl-101"/>
      </object_component>
      <object_component id="oc-6a6">
         <name>.data:_device</name>
         <load_address>0x200022e0</load_address>
         <run_address>0x200022e0</run_address>
         <size>0x78</size>
         <input_file_ref idref="fl-104"/>
      </object_component>
      <object_component id="oc-638">
         <name>.data:_stream</name>
         <load_address>0x20002358</load_address>
         <run_address>0x20002358</run_address>
         <size>0x50</size>
         <input_file_ref idref="fl-104"/>
      </object_component>
      <object_component id="oc-569">
         <name>.bss</name>
         <uninitialized>true</uninitialized>
         <run_address>0x200019c0</run_address>
         <size>0x8</size>
         <input_file_ref idref="fl-18"/>
      </object_component>
      <object_component id="oc-744">
         <name>.bss:_CIOBUF_</name>
         <uninitialized>true</uninitialized>
         <run_address>0x20001800</run_address>
         <size>0x120</size>
         <input_file_ref idref="fl-115"/>
      </object_component>
      <object_component id="oc-108">
         <name>.common:UARTA0Data</name>
         <uninitialized>true</uninitialized>
         <run_address>0x20000800</run_address>
         <size>0x800</size>
      </object_component>
      <object_component id="oc-107">
         <name>.common:UARTA0ReadIndex</name>
         <uninitialized>true</uninitialized>
         <run_address>0x200019d4</run_address>
         <size>0x4</size>
      </object_component>
      <object_component id="oc-fe">
         <name>.common:UARTA0WriteIndex</name>
         <uninitialized>true</uninitialized>
         <run_address>0x200019d8</run_address>
         <size>0x4</size>
      </object_component>
      <object_component id="oc-116">
         <name>.common:UARTA2Data</name>
         <uninitialized>true</uninitialized>
         <run_address>0x20001000</run_address>
         <size>0x800</size>
      </object_component>
      <object_component id="oc-115">
         <name>.common:UARTA2ReadIndex</name>
         <uninitialized>true</uninitialized>
         <run_address>0x200019dc</run_address>
         <size>0x4</size>
      </object_component>
      <object_component id="oc-114">
         <name>.common:UARTA2WriteIndex</name>
         <uninitialized>true</uninitialized>
         <run_address>0x200019e0</run_address>
         <size>0x4</size>
      </object_component>
      <object_component id="oc-414">
         <name>.common:ESP8266_Buffer</name>
         <uninitialized>true</uninitialized>
         <run_address>0x20000000</run_address>
         <size>0x800</size>
      </object_component>
      <object_component id="oc-f0">
         <name>.common:SR04IntTimes</name>
         <uninitialized>true</uninitialized>
         <run_address>0x200019d0</run_address>
         <size>0x4</size>
      </object_component>
      <object_component id="oc-12a">
         <name>.common:cal30</name>
         <uninitialized>true</uninitialized>
         <run_address>0x200019e4</run_address>
         <size>0x4</size>
      </object_component>
      <object_component id="oc-12c">
         <name>.common:calDifference</name>
         <uninitialized>true</uninitialized>
         <run_address>0x200019e8</run_address>
         <size>0x4</size>
      </object_component>
      <object_component id="oc-12b">
         <name>.common:tempC</name>
         <uninitialized>true</uninitialized>
         <run_address>0x200019ec</run_address>
         <size>0x4</size>
      </object_component>
      <object_component id="oc-717">
         <name>.common:__TI_tmpnams</name>
         <uninitialized>true</uninitialized>
         <run_address>0x20001920</run_address>
         <size>0xa0</size>
      </object_component>
      <object_component id="oc-728">
         <name>.common:parmbuf</name>
         <uninitialized>true</uninitialized>
         <run_address>0x200019c8</run_address>
         <size>0x8</size>
      </object_component>
      <object_component id="oc-29">
         <name>.sysmem</name>
         <uninitialized>true</uninitialized>
         <run_address>0x200019f0</run_address>
         <size>0x10</size>
         <input_file_ref idref="fl-fc"/>
      </object_component>
      <object_component id="oc-7b9">
         <name>.sysmem</name>
         <uninitialized>true</uninitialized>
         <run_address>0x200019f0</run_address>
         <size>0x0</size>
      </object_component>
      <object_component id="oc-2c">
         <name>.stack</name>
         <uninitialized>true</uninitialized>
         <run_address>0x2000fe00</run_address>
         <size>0x4</size>
         <input_file_ref idref="fl-102"/>
      </object_component>
      <object_component id="oc-7b8">
         <name>.stack</name>
         <uninitialized>true</uninitialized>
         <run_address>0x2000fe00</run_address>
         <size>0x0</size>
      </object_component>
      <object_component id="oc-ff">
         <name>.debug_info</name>
         <load_address>0x0</load_address>
         <run_address>0x0</run_address>
         <size>0x7f8</size>
         <input_file_ref idref="fl-2"/>
      </object_component>
[...]
         <object_component_ref idref="oc-4da"/>
      </symbol>
      <symbol id="sm-9e0">
         <name>__aeabi_cdcmpeq</name>
         <value>0x34ed</value>
         <object_component_ref idref="oc-36b"/>
      </symbol>
      <symbol id="sm-9e1">
         <name>__aeabi_cdcmple</name>
         <value>0x34ed</value>
         <object_component_ref idref="oc-36b"/>
      </symbol>
      <symbol id="sm-9e2">
         <name>__aeabi_cdrcmple</name>
         <value>0x3573</value>
         <object_component_ref idref="oc-4c5"/>
      </symbol>
      <symbol id="sm-9f6">
         <name>__aeabi_ddiv</name>
         <value>0x1f75</value>
         <object_component_ref idref="oc-4c0"/>
      </symbol>
      <symbol id="sm-a01">
         <name>__aeabi_dmul</name>
         <value>0x281d</value>
         <object_component_ref idref="oc-4bb"/>
      </symbol>
      <symbol id="sm-a0b">
         <name>__aeabi_d2iz</name>
         <value>0x4821</value>
         <object_component_ref idref="oc-4ca"/>
      </symbol>
      <symbol id="sm-a16">
         <name>__aeabi_f2d</name>
         <value>0x4c99</value>
         <object_component_ref idref="oc-307"/>
      </symbol>
      <symbol id="sm-a20">
         <name>__aeabi_i2d</name>
         <value>0x4f01</value>
         <object_component_ref idref="oc-4d5"/>
      </symbol>
      <symbol id="sm-a3b">
         <name>memcpy</name>
         <value>0x2fe5</value>
         <object_component_ref idref="oc-3a"/>
      </symbol>
      <symbol id="sm-a3c">
         <name>__aeabi_memcpy</name>
         <value>0x2fe5</value>
         <object_component_ref idref="oc-3a"/>
      </symbol>
      <symbol id="sm-a3d">
         <name>__aeabi_memcpy8</name>
         <value>0x2fe5</value>
         <object_component_ref idref="oc-3a"/>
      </symbol>
      <symbol id="sm-a3e">
         <name>__aeabi_memcpy4</name>
         <value>0x2fe5</value>
         <object_component_ref idref="oc-3a"/>
      </symbol>
      <symbol id="sm-a4b">
         <name>__aeabi_uldivmod</name>
         <value>0x3081</value>
         <object_component_ref idref="oc-4b4"/>
      </symbol>
      <symbol id="sm-a5a">
         <name>__aeabi_memset</name>
         <value>0x387b</value>
         <object_component_ref idref="oc-c4"/>
      </symbol>
      <symbol id="sm-a5b">
         <name>memset</name>
         <value>0x3881</value>
         <object_component_ref idref="oc-c4"/>
      </symbol>
      <symbol id="sm-a5c">
         <name>__aeabi_memset8</name>
         <value>0x387b</value>
         <object_component_ref idref="oc-c4"/>
      </symbol>
      <symbol id="sm-a5d">
         <name>__aeabi_memset4</name>
         <value>0x387b</value>
         <object_component_ref idref="oc-c4"/>
      </symbol>
      <symbol id="sm-a5e">
         <name>__aeabi_memclr8</name>
         <value>0x3879</value>
         <object_component_ref idref="oc-c4"/>
      </symbol>
      <symbol id="sm-a5f">
         <name>__aeabi_memclr4</name>
         <value>0x3879</value>
         <object_component_ref idref="oc-c4"/>
      </symbol>
      <symbol id="sm-a60">
         <name>__aeabi_memclr</name>
         <value>0x3879</value>
         <object_component_ref idref="oc-c4"/>
      </symbol>
      <symbol id="sm-a72">
         <name>__TI_zero_init</name>
         <value>0x53cd</value>
         <object_component_ref idref="oc-4c"/>
      </symbol>
      <symbol id="sm-a89">
         <name>__TI_decompress_none</name>
         <value>0x53b3</value>
         <object_component_ref idref="oc-1d"/>
      </symbol>
      <symbol id="sm-aac">
         <name>__TI_decompress_lzss</name>
         <value>0x3e35</value>
         <object_component_ref idref="oc-17"/>
      </symbol>
      <symbol id="sm-ad2">
         <name>C$$EXIT</name>
         <value>0x5409</value>
         <object_component_ref idref="oc-1ad"/>
      </symbol>
      <symbol id="sm-ad3">
         <name>abort</name>
         <value>0x5409</value>
         <object_component_ref idref="oc-1ad"/>
      </symbol>
      <symbol id="sm-ad4">
         <name>__TI_dtors_ptr</name>
         <value>0x200024a4</value>
         <object_component_ref idref="oc-332"/>
      </symbol>
      <symbol id="sm-ad5">
         <name>__TI_cleanup_ptr</name>
         <value>0x200024a0</value>
         <object_component_ref idref="oc-332"/>
      </symbol>
      <symbol id="sm-ad6">
         <name>__TI_enable_exit_profile_output</name>
         <value>0x200024a8</value>
         <object_component_ref idref="oc-332"/>
      </symbol>
      <symbol id="sm-ad7">
         <name>exit</name>
         <value>0x47d9</value>
         <object_component_ref idref="oc-1b3"/>
      </symbol>
      <symbol id="sm-aec">
         <name>_nop</name>
         <value>0x179f</value>
         <object_component_ref idref="oc-3a6"/>
      </symbol>
      <symbol id="sm-aed">
         <name>_lock</name>
         <value>0x200024ac</value>
         <object_component_ref idref="oc-256"/>
      </symbol>
      <symbol id="sm-aee">
         <name>_unlock</name>
         <value>0x200024b0</value>
         <object_component_ref idref="oc-256"/>
      </symbol>
      <symbol id="sm-afd">
         <name>__TI_ltoa</name>
         <value>0x44d7</value>
         <object_component_ref idref="oc-4cf"/>
      </symbol>
      <symbol id="sm-b13">
         <name>atoi</name>
         <value>0x46b1</value>
         <object_component_ref idref="oc-35f"/>
      </symbol>
      <symbol id="sm-b1e">
         <name>_ctypes_</name>
         <value>0x540c</value>
         <object_component_ref idref="oc-4af"/>
      </symbol>
      <symbol id="sm-b33">
         <name>__TI_tmpnams</name>
         <value>0x20001920</value>
      </symbol>
      <symbol id="sm-b34">
         <name>__aeabi_stdout</name>
         <value>0x20002498</value>
         <object_component_ref idref="oc-6d3"/>
      </symbol>
      <symbol id="sm-b35">
         <name>__aeabi_stderr</name>
         <value>0x2000249c</value>
         <object_component_ref idref="oc-6d3"/>
      </symbol>
      <symbol id="sm-b36">
         <name>__aeabi_stdin</name>
         <value>0x20002494</value>
         <object_component_ref idref="oc-6d3"/>
      </symbol>
      <symbol id="sm-b37">
         <name>_ftable</name>
         <value>0x200021f0</value>
         <object_component_ref idref="oc-259"/>
      </symbol>
      <symbol id="sm-b38">
         <name>__TI_ft_end</name>
         <value>0x20002490</value>
         <object_component_ref idref="oc-6d3"/>
      </symbol>
      <symbol id="sm-b49">
         <name>ltoa</name>
         <value>0x3c1d</value>
         <object_component_ref idref="oc-43a"/>
      </symbol>
      <symbol id="sm-b59">
         <name>memccpy</name>
         <value>0x5231</value>
         <object_component_ref idref="oc-388"/>
      </symbol>
      <symbol id="sm-b69">
         <name>memchr</name>
         <value>0x51d7</value>
         <object_component_ref idref="oc-537"/>
      </symbol>
      <symbol id="sm-bf2">
         <name>_sys_memory</name>
         <value>0x200019f0</value>
         <object_component_ref idref="oc-29"/>
      </symbol>
      <symbol id="sm-bf3">
         <name>free</name>
         <value>0x2a11</value>
         <object_component_ref idref="oc-447"/>
      </symbol>
      <symbol id="sm-bf4">
         <name>memalign</name>
         <value>0x271d</value>
         <object_component_ref idref="oc-5a9"/>
      </symbol>
      <symbol id="sm-bf5">
         <name>malloc</name>
         <value>0x53f5</value>
         <object_component_ref idref="oc-441"/>
      </symbol>
      <symbol id="sm-bf6">
         <name>aligned_alloc</name>
         <value>0x271d</value>
         <object_component_ref idref="oc-5a9"/>
      </symbol>
      <symbol id="sm-c06">
         <name>strchr</name>
         <value>0x52df</value>
         <object_component_ref idref="oc-506"/>
      </symbol>
      <symbol id="sm-c14">
         <name>strcpy</name>
         <value>0x5359</value>
         <object_component_ref idref="oc-5a1"/>
      </symbol>
      <symbol id="sm-c22">
         <name>strlen</name>
         <value>0x536d</value>
         <object_component_ref idref="oc-359"/>
      </symbol>
      <symbol id="sm-c35">
         <name>strstr</name>
         <value>0x4e0d</value>
         <object_component_ref idref="oc-422"/>
      </symbol>
      <symbol id="sm-c4b">
         <name>__aeabi_errno_addr</name>
         <value>0x53ed</value>
         <object_component_ref idref="oc-394"/>
      </symbol>
      <symbol id="sm-c4c">
         <name>errno</name>
         <value>0x200024bc</value>
         <object_component_ref idref="oc-516"/>
      </symbol>
      <symbol id="sm-c5f">
         <name>__stack</name>
         <value>0x2000fe00</value>
         <object_component_ref idref="oc-2c"/>
      </symbol>
      <symbol id="sm-c60">
         <name>_c_int00_noargs</name>
         <value>0x4dd9</value>
         <object_component_ref idref="oc-58"/>
      </symbol>
      <symbol id="sm-c7a">
         <name>write</name>
         <value>0x5145</value>
         <object_component_ref idref="oc-543"/>
      </symbol>
      <symbol id="sm-c8b">
         <name>_stream</name>
         <value>0x20002358</value>
         <object_component_ref idref="oc-638"/>
      </symbol>
      <symbol id="sm-c8c">
         <name>_device</name>
         <value>0x200022e0</value>
         <object_component_ref idref="oc-6a6"/>
      </symbol>
      <symbol id="sm-c9c">
         <name>__TI_doflush</name>
         <value>0x4665</value>
         <object_component_ref idref="oc-53d"/>
      </symbol>
      <symbol id="sm-cac">
         <name>__TI_cleanup</name>
         <value>0x4d71</value>
         <object_component_ref idref="oc-693"/>
      </symbol>
      <symbol id="sm-cbe">
         <name>fseek</name>
         <value>0x3fcd</value>
         <object_component_ref idref="oc-626"/>
      </symbol>
      <symbol id="sm-cc8">
         <name>copysign</name>
         <value>0x524d</value>
         <object_component_ref idref="oc-60a"/>
      </symbol>
      <symbol id="sm-cc9">
         <name>copysignl</name>
         <value>0x524d</value>
         <object_component_ref idref="oc-60a"/>
      </symbol>
      <symbol id="sm-cd3">
         <name>__aeabi_idiv0</name>
         <value>0x20ab</value>
         <object_component_ref idref="oc-5f1"/>
      </symbol>
      <symbol id="sm-cd4">
         <name>__aeabi_ldiv0</name>
         <value>0x20ab</value>
         <object_component_ref idref="oc-5f1"/>
      </symbol>
      <symbol id="sm-cfc">
         <name>__TI_auto_init_nobinit_nopinit</name>
         <value>0x48f1</value>
         <object_component_ref idref="oc-1b9"/>
      </symbol>
      <symbol id="sm-d06">
         <name>_system_pre_init</name>
         <value>0x5405</value>
         <object_component_ref idref="oc-ca"/>
      </symbol>
      <symbol id="sm-d19">
         <name>HOSTclose</name>
         <value>0x4869</value>
         <object_component_ref idref="oc-6df"/>
      </symbol>
      <symbol id="sm-d2a">
         <name>HOSTlseek</name>
         <value>0x3d65</value>
         <object_component_ref idref="oc-6f1"/>
      </symbol>
      <symbol id="sm-d3c">
         <name>parmbuf</name>
         <value>0x200019c8</value>
      </symbol>
      <symbol id="sm-d3d">
         <name>HOSTopen</name>
         <value>0x40f5</value>
         <object_component_ref idref="oc-6d9"/>
      </symbol>
      <symbol id="sm-d4e">
         <name>HOSTread</name>
         <value>0x4379</value>
         <object_component_ref idref="oc-6e5"/>
      </symbol>
      <symbol id="sm-d5f">
         <name>HOSTrename</name>
         <value>0x3cf9</value>
         <object_component_ref idref="oc-6fd"/>
      </symbol>
      <symbol id="sm-d70">
         <name>HOSTunlink</name>
         <value>0x48ad</value>
         <object_component_ref idref="oc-6f7"/>
      </symbol>
      <symbol id="sm-d81">
         <name>HOSTwrite</name>
         <value>0x43d1</value>
         <object_component_ref idref="oc-6eb"/>
      </symbol>
      <symbol id="sm-da5">
         <name>__TI_readmsg</name>
         <value>0x4da5</value>
         <object_component_ref idref="oc-722"/>
      </symbol>
      <symbol id="sm-da6">
         <name>C$$IO$$</name>
         <value>0x4c1f</value>
         <object_component_ref idref="oc-71c"/>
      </symbol>
      <symbol id="sm-da7">
         <name>__CIOBUF_</name>
         <value>0x20001800</value>
         <object_component_ref idref="oc-744"/>
      </symbol>
      <symbol id="sm-da8">
         <name>__TI_writemsg</name>
         <value>0x4bf1</value>
         <object_component_ref idref="oc-71c"/>
      </symbol>
      <symbol id="sm-db9">
         <name>lseek</name>
         <value>0x511d</value>
         <object_component_ref idref="oc-68b"/>
      </symbol>
      <symbol id="sm-dce">
         <name>__TI_closefile</name>
         <value>0x3a55</value>
         <object_component_ref idref="oc-6cd"/>
      </symbol>
      <symbol id="sm-df1">
         <name>finddevice</name>
         <value>0x4ed1</value>
         <object_component_ref idref="oc-760"/>
      </symbol>
      <symbol id="sm-df2">
         <name>getdevice</name>
         <value>0x4935</value>
         <object_component_ref idref="oc-73a"/>
      </symbol>
      <symbol id="sm-e01">
         <name>strcmp</name>
         <value>0x52b1</value>
         <object_component_ref idref="oc-775"/>
      </symbol>
      <symbol id="sm-e11">
         <name>strncpy</name>
         <value>0x4cd1</value>
         <object_component_ref idref="oc-75a"/>
      </symbol>
      <symbol id="sm-e26">
         <name>close</name>
         <value>0x41b5</value>
         <object_component_ref idref="oc-70b"/>
      </symbol>
      <symbol id="sm-e36">
         <name>unlink</name>
         <value>0x4f89</value>
         <object_component_ref idref="oc-711"/>
      </symbol>
      <symbol id="sm-e37">
         <name>__TI_static_base__</name>
         <value>0x0</value>
      </symbol>
      <symbol id="sm-e3a">
         <name>__mpu_init</name>
         <value>0x0</value>
      </symbol>
      <symbol id="sm-e3b">
         <name>_system_post_cinit</name>
         <value>0x0</value>
      </symbol>
      <symbol id="sm-e3c">
         <name>NMI_Handler</name>
         <value>0xb33</value>
      </symbol>
      <symbol id="sm-e3d">
         <name>HardFault_Handler</name>
         <value>0xb33</value>
      </symbol>
      <symbol id="sm-e3e">
         <name>MemManage_Handler</name>
         <value>0xb33</value>
      </symbol>
      <symbol id="sm-e3f">
         <name>BusFault_Handler</name>
         <value>0xb33</value>
      </symbol>
      <symbol id="sm-e40">
         <name>UsageFault_Handler</name>
         <value>0xb33</value>
      </symbol>
      <symbol id="sm-e41">
         <name>SVC_Handler</name>
         <value>0xb33</value>
      </symbol>
      <symbol id="sm-e42">
         <name>DebugMon_Handler</name>
         <value>0xb33</value>
      </symbol>
      <symbol id="sm-e43">
         <name>PendSV_Handler</name>
         <value>0xb33</value>
      </symbol>
      <symbol id="sm-e44">
         <name>SysTick_Handler</name>
         <value>0xb33</value>
      </symbol>
      <symbol id="sm-e45">
         <name>PSS_IRQHandler</name>
         <value>0xb33</value>
      </symbol>
      <symbol id="sm-e46">
         <name>CS_IRQHandler</name>
         <value>0xb33</value>
      </symbol>
      <symbol id="sm-e47">
         <name>PCM_IRQHandler</name>
         <value>0xb33</value>
      </symbol>
      <symbol id="sm-e48">
         <name>WDT_A_IRQHandler</name>
         <value>0xb33</value>
      </symbol>
      <symbol id="sm-e49">
         <name>FPU_IRQHandler</name>
         <value>0xb33</value>
      </symbol>
      <symbol id="sm-e4a">
         <name>FLCTL_IRQHandler</name>
         <value>0xb33</value>
      </symbol>
      <symbol id="sm-e4b">
         <name>COMP_E0_IRQHandler</name>
         <value>0xb33</value>
      </symbol>
      <symbol id="sm-e4c">
         <name>COMP_E1_IRQHandler</name>
         <value>0xb33</value>
      </symbol>
      <symbol id="sm-e4d">
         <name>TA0_0_IRQHandler</name>
         <value>0x51f9</value>
      </symbol>
      <symbol id="sm-e4e">
         <name>TA0_N_IRQHandler</name>
         <value>0xb33</value>
      </symbol>
      <symbol id="sm-e4f">
         <name>TA1_0_IRQHandler</name>
         <value>0xb33</value>
      </symbol>
      <symbol id="sm-e50">
         <name>TA1_N_IRQHandler</name>
         <value>0xb33</value>
      </symbol>
      <symbol id="sm-e51">
         <name>TA2_0_IRQHandler</name>
         <value>0xb33</value>
      </symbol>
      <symbol id="sm-e52">
         <name>TA2_N_IRQHandler</name>
         <value>0xb33</value>
      </symbol>
      <symbol id="sm-e53">
         <name>TA3_0_IRQHandler</name>
         <value>0xb33</value>
      </symbol>
      <symbol id="sm-e54">
         <name>TA3_N_IRQHandler</name>
         <value>0xb33</value>
      </symbol>
      <symbol id="sm-e55">
         <name>EUSCIA0_IRQHandler</name>
         <value>0x2f49</value>
      </symbol>
      <symbol id="sm-e56">
         <name>EUSCIA1_IRQHandler</name>
         <value>0xb33</value>
      </symbol>
      <symbol id="sm-e57">
         <name>EUSCIA2_IRQHandler</name>
         <value>0x3239</value>
      </symbol>
      <symbol id="sm-e58">
         <name>EUSCIA3_IRQHandler</name>
         <value>0xb33</value>
      </symbol>
      <symbol id="sm-e59">
         <name>EUSCIB0_IRQHandler</name>
         <value>0xb33</value>
      </symbol>
      <symbol id="sm-e5a">
         <name>EUSCIB1_IRQHandler</name>
         <value>0xb33</value>
      </symbol>
      <symbol id="sm-e5b">
         <name>EUSCIB2_IRQHandler</name>
         <value>0xb33</value>
      </symbol>
      <symbol id="sm-e5c">
         <name>EUSCIB3_IRQHandler</name>
         <value>0xb33</value>
      </symbol>
      <symbol id="sm-e5d">
         <name>ADC14_IRQHandler</name>
         <value>0x3c8d</value>
      </symbol>
      <symbol id="sm-e5e">
         <name>T32_INT1_IRQHandler</name>
         <value>0xb33</value>
      </symbol>
      <symbol id="sm-e5f">
         <name>T32_INT2_IRQHandler</name>
         <value>0xb33</value>
      </symbol>
      <symbol id="sm-e60">
         <name>T32_INTC_IRQHandler</name>
         <value>0xb33</value>
      </symbol>
      <symbol id="sm-e61">
         <name>AES256_IRQHandler</name>
         <value>0xb33</value>
      </symbol>
      <symbol id="sm-e62">
         <name>RTC_C_IRQHandler</name>
         <value>0xb33</value>
      </symbol>
      <symbol id="sm-e63">
         <name>DMA_ERR_IRQHandler</name>
         <value>0xb33</value>
      </symbol>
      <symbol id="sm-e64">
         <name>DMA_INT3_IRQHandler</name>
         <value>0xb33</value>
      </symbol>
      <symbol id="sm-e65">
         <name>DMA_INT2_IRQHandler</name>
         <value>0xb33</value>
      </symbol>
      <symbol id="sm-e66">
         <name>DMA_INT1_IRQHandler</name>
         <value>0xb33</value>
      </symbol>
      <symbol id="sm-e67">
         <name>DMA_INT0_IRQHandler</name>
         <value>0xb33</value>
      </symbol>
      <symbol id="sm-e68">
         <name>PORT1_IRQHandler</name>
         <value>0x396d</value>
      </symbol>
      <symbol id="sm-e69">
         <name>PORT2_IRQHandler</name>
         <value>0x50a5</value>
      </symbol>
      <symbol id="sm-e6a">
         <name>PORT3_IRQHandler</name>
         <value>0x50cd</value>
      </symbol>
      <symbol id="sm-e6b">
         <name>PORT4_IRQHandler</name>
         <value>0xb33</value>
      </symbol>
      <symbol id="sm-e6c">
         <name>PORT5_IRQHandler</name>
         <value>0x367d</value>
      </symbol>
      <symbol id="sm-e6d">
         <name>PORT6_IRQHandler</name>
         <value>0xb33</value>
      </symbol>
      <symbol id="sm-e6e">
         <name>remove</name>
         <value>0x4f89</value>
      </symbol>
   </symbol_table>
   <title>Link successful</title>
</link_info>
