******************************************************************************
                  TI ARM Linker PC v20.2.5                     
******************************************************************************
>> Linked Sat Nov 27 20:33:07 2021

OUTPUT FILE NAME:   <Project4.out>
ENTRY POINT SYMBOL: "_c_int00_noargs"  address: 00004dd9


MEMORY CONFIGURATION

         name            origin    length      used     unused   attr    fill
----------------------  --------  ---------  --------  --------  ----  --------
  MAIN                  00000000   00040000  00005710  0003a8f0  R  X
  INFO                  00200000   00004000  00000000  00004000  R  X
  SRAM_CODE             01000000   00010000  000026c0  0000d940  RW X
  SRAM_DATA             20000000   00010000  000026c0  0000d940  RW  


SEGMENT ALLOCATION MAP

run origin  load origin   length   init length attrs members
----------  ----------- ---------- ----------- ----- -------
00000000    00000000    00005710   00005710    r-x
  00000000    00000000    000000e4   000000e4    r-- .intvecs
  000000e4    000000e4    00005328   00005328    r-x .text
  0000540c    0000540c    00000214   00000214    r-- .const
  00005620    00005620    000000f0   000000f0    r-- .cinit
20000000    20000000    000024c0   00000000    rw-
  20000000    20000000    000019f0   00000000    rw- .bss
  200019f0    200019f0    00000800   00000000    rw- .sysmem
  200021f0    200021f0    000002d0   00000000    rw- .data
2000fe00    2000fe00    00000200   00000000    rw-
  2000fe00    2000fe00    00000200   00000000    rw- .stack


SECTION ALLOCATION MAP

 output                                  attributes/
section   page    origin      length       input sections
--------  ----  ----------  ----------   ----------------
.intvecs   0    00000000    000000e4     
                  00000000    000000e4     startup_msp432p401r_ccs.obj (.intvecs:retain)

.text      0    000000e4    00005328     
                  000000e4    00000a4e     rtsv7M4_T_le_v4SPD16_eabi.lib : _printfi.c.obj (.text:__TI_printfi)
                  00000b32    00000002     startup_msp432p401r_ccs.obj (.text:Default_Handler)
                  00000b34    00000344     wifi.obj (.text:initWifi)
                  00000e78    00000330     wifi.obj (.text:runString)
                  000011a8    00000270     rtsv7M4_T_le_v4SPD16_eabi.lib : _printfi.c.obj (.text:_pconv_a)
                  00001418    000001d0                                   : _printfi.c.obj (.text:_pconv_g)
                  000015e8    000001b6                                   : fd_add_t2.asm.obj (.text)
                  0000179e    00000002                                   : _lock.c.obj (.text:_nop)
                  000017a0    00000160     msp432p4xx_driverlib.lib : adc14.o (.text:_getIndexForMemRegister)
                  00001900    0000015c                              : pcm.o (.text:__PCM_setPowerModeAdvanced)
                  00001a5c    00000158     UART_Driver.obj (.text:UART_Printf)
                  00001bb4    00000144     msp432p4xx_driverlib.lib : timer_a.o (.text:privateTimer_AProcessClockSourceDivider)
                  00001cf8    00000140     UART_Driver.obj (.text:UART_Read)
                  00001e38    0000013c     rtsv7M4_T_le_v4SPD16_eabi.lib : _printfi.c.obj (.text:_pconv_e)
                  00001f74    00000136                                   : fd_div_t2.asm.obj (.text)
                  000020aa    00000002                                   : div0.asm.obj (.text)
                  000020ac    00000124                                   : _printfi.c.obj (.text:fcvt)
                  000021d0    0000011c     msp432p4xx_driverlib.lib : uart.o (.text:UART_initModule)
                  000022ec    00000114     rtsv7M4_T_le_v4SPD16_eabi.lib : fputs.c.obj (.text:fputs)
                  00002400    00000110                                   : s_scalbn.c.obj (.text:scalbn)
                  00002510    00000108     msp432p4xx_driverlib.lib : pcm.o (.text:__PCM_setCoreVoltageLevelAdvanced)
                  00002618    00000104                              : cs.o (.text:_CSComputeCLKFrequency)
                  0000271c    00000100     rtsv7M4_T_le_v4SPD16_eabi.lib : memory.c.obj (.text:aligned_alloc)
                  0000281c    000000fc                                   : fd_mul_t2.asm.obj (.text)
                  00002918    000000f8     msp432p4xx_driverlib.lib : cs.o (.text:CS_getDCOFrequency)
                  00002a10    000000e4     rtsv7M4_T_le_v4SPD16_eabi.lib : memory.c.obj (.text:free)
                  00002af4    000000dc                                   : setvbuf.c.obj (.text:setvbuf)
                  00002bd0    000000ba     MSPIO.obj (.text:MSPrintf)
                  00002c8a    00000002     --HOLE-- [fill = 0]
                  00002c8c    000000b4     ESP8266.obj (.text:EstablishConnection)
                  00002d40    000000b1     rtsv7M4_T_le_v4SPD16_eabi.lib : _printfi.c.obj (.text:_ltostr)
                  00002df1    00000003     --HOLE-- [fill = 0]
                  00002df4    000000b0     wifi.obj (.text:getData)
                  00002ea4    000000a4     ESP8266.obj (.text:SendData)
                  00002f48    0000009c     UART_Driver.obj (.text:EUSCIA0_IRQHandler)
                  00002fe4    0000009c     rtsv7M4_T_le_v4SPD16_eabi.lib : memcpy_t2.asm.obj (.text)
                  00003080    00000096                                   : ull_div_t2.asm.obj (.text)
                  00003116    00000002     --HOLE-- [fill = 0]
                  00003118    00000094     msp432p4xx_driverlib.lib : sysctl_a.o (.text:SysCtl_A_getTLVInfo)
                  000031ac    0000008c     ESP8266.obj (.text:ESP8266_WaitForAnswer)
                  00003238    0000008c     UART_Driver.obj (.text:EUSCIA2_IRQHandler)
                  000032c4    0000008c     MSPIO.obj (.text:PrintInteger)
                  00003350    0000008c     rtsv7M4_T_le_v4SPD16_eabi.lib : fputc.c.obj (.text:fputc)
                  000033dc    00000088     msp432p4xx_driverlib.lib : gpio.o (.text:GPIO_setAsPeripheralModuleFunctionOutputPin)
                  00003464    00000088     ultrasonic.obj (.text:getHCSR04Distance)
                  000034ec    00000086     rtsv7M4_T_le_v4SPD16_eabi.lib : fd_cmp_t2.asm.obj (.text:__aeabi_cdcmple)
                  00003572    00000086                                   : fd_cmp_t2.asm.obj (.text:__aeabi_cdrcmple)
                  000035f8    00000084     msp432p4xx_driverlib.lib : gpio.o (.text:GPIO_getEnabledInterruptStatus)
                  0000367c    00000083     main.obj (.text:PORT5_IRQHandler)
                  000036ff    00000001     --HOLE-- [fill = 0]
                  00003700    00000080     msp432p4xx_driverlib.lib : interrupt.o (.text:Interrupt_enableInterrupt)
                  00003780    0000007c     ESP8266.obj (.text:ConnectToAP)
                  000037fc    0000007c     msp432p4xx_driverlib.lib : cs.o (.text:_CSGetDOCFrequency)
                  00003878    0000007a     rtsv7M4_T_le_v4SPD16_eabi.lib : memset_t2.asm.obj (.text)
                  000038f2    00000002     --HOLE-- [fill = 0]
                  000038f4    00000078     system_msp432p401r.obj (.text:SystemInit)
                  0000396c    00000074     main.obj (.text:PORT1_IRQHandler)
                  000039e0    00000074     msp432p4xx_driverlib.lib : timer_a.o (.text:Timer_A_generatePWM)
                  00003a54    00000074     rtsv7M4_T_le_v4SPD16_eabi.lib : fclose.c.obj (.text:__TI_closefile)
                  00003ac8    00000074     motor.obj (.text:initMotor)
                  00003b3c    00000070     rtsv7M4_T_le_v4SPD16_eabi.lib : memory.c.obj (.text:split)
                  00003bac    0000006e                                   : _printfi.c.obj (.text:_mcpy)
                  00003c1a    00000002     --HOLE-- [fill = 0]
                  00003c1c    0000006e                                   : ltoa.c.obj (.text:ltoa)
                  00003c8a    00000002     --HOLE-- [fill = 0]
                  00003c8c    0000006c     temperature.obj (.text:ADC14_IRQHandler)
                  00003cf8    0000006c     rtsv7M4_T_le_v4SPD16_eabi.lib : hostrename.c.obj (.text:HOSTrename)
                  00003d64    00000068                                   : hostlseek.c.obj (.text:HOSTlseek)
                  00003dcc    00000068     msp432p4xx_driverlib.lib : timer_a.o (.text:Timer_A_configureUpMode)
                  00003e34    00000068     rtsv7M4_T_le_v4SPD16_eabi.lib : copy_decompress_lzss.c.obj (.text:decompress:lzss:__TI_decompress_lzss)
                  00003e9c    00000068                                   : printf.c.obj (.text:printf)
                  00003f04    00000064     msp432p4xx_driverlib.lib : uart.o (.text:UART_getEnabledInterruptStatus)
                  00003f68    00000064     rtsv7M4_T_le_v4SPD16_eabi.lib : s_frexp.c.obj (.text:frexp)
                  00003fcc    00000064                                   : fseek.c.obj (.text:fseek)
                  00004030    00000062     msp432p4xx_driverlib.lib : cs.o (.text:_CSGetDividerValue)
                  00004092    00000062     rtsv7M4_T_le_v4SPD16_eabi.lib : _io_perm.c.obj (.text:__TI_wrt_ok)
                  000040f4    00000060                                   : hostopen.c.obj (.text:HOSTopen)
                  00004154    0000005e     msp432p4xx_driverlib.lib : pcm.o (.text:PCM_getCoreVoltageLevel)
                  000041b2    00000002     --HOLE-- [fill = 0]
                  000041b4    0000005c     rtsv7M4_T_le_v4SPD16_eabi.lib : close.c.obj (.text:close)
                  00004210    0000005c     ultrasonic.obj (.text:init_HCSR04)
                  0000426c    0000005a     msp432p4xx_driverlib.lib : pcm.o (.text:PCM_getPowerMode)
                  000042c6    00000002     --HOLE-- [fill = 0]
                  000042c8    00000058                              : gpio.o (.text:GPIO_setAsInputPinWithPullDownResistor)
                  00004320    00000058                              : gpio.o (.text:GPIO_setAsInputPinWithPullUpResistor)
                  00004378    00000058     rtsv7M4_T_le_v4SPD16_eabi.lib : hostread.c.obj (.text:HOSTread)
                  000043d0    00000058                                   : hostwrite.c.obj (.text:HOSTwrite)
                  00004428    00000058     encoder.obj (.text:initEncoder)
                  00004480    00000056     rtsv7M4_T_le_v4SPD16_eabi.lib : _printfi.c.obj (.text:_pconv_f)
                  000044d6    00000054                                   : _ltoa.c.obj (.text:__TI_ltoa)
                  0000452a    00000052                                   : _printfi.c.obj (.text:_ecpy)
                  0000457c    00000050     ESP8266.obj (.text:QueryIP)
                  000045cc    0000004c     msp432p4xx_driverlib.lib : gpio.o (.text:GPIO_setAsInputPin)
                  00004618    0000004c                              : timer_a.o (.text:Timer_A_getCounterValue)
                  00004664    0000004c     rtsv7M4_T_le_v4SPD16_eabi.lib : fflush.c.obj (.text:__TI_doflush)
                  000046b0    0000004c                                   : atoi.c.obj (.text:atoi)
                  000046fc    0000004c     main.obj (.text:main)
                  00004748    00000048     msp432p4xx_driverlib.lib : flash.o (.text:FlashCtl_setWaitState)
                  00004790    00000048     UART_Driver.obj (.text:UART_Flush)
                  000047d8    00000048     rtsv7M4_T_le_v4SPD16_eabi.lib : exit.c.obj (.text:exit)
                  00004820    00000048                                   : fd_toi_t2.asm.obj (.text)
                  00004868    00000044                                   : hostclose.c.obj (.text:HOSTclose)
                  000048ac    00000044                                   : hostunlink.c.obj (.text:HOSTunlink)
                  000048f0    00000044                                   : autoinit.c.obj (.text:__TI_auto_init_nobinit_nopinit:__TI_auto_init_nobinit_nopinit)
                  00004934    00000044                                   : getdevice.c.obj (.text:getdevice)
                  00004978    00000044     motor.obj (.text:motor_start)
                  000049bc    00000040     msp432p4xx_driverlib.lib : gpio.o (.text:GPIO_setAsOutputPin)
                  000049fc    00000040     UART_Driver.obj (.text:UART_Write)
                  00004a3c    00000040     motor.obj (.text:motor_left)
                  00004a7c    00000040     motor.obj (.text:motor_right)
                  00004abc    00000040     motor.obj (.text:motor_stop)
                  00004afc    00000040     rtsv7M4_T_le_v4SPD16_eabi.lib : sprintf.c.obj (.text:sprintf)
                  00004b3c    0000003e                                   : _printfi.c.obj (.text:_fcpy)
                  00004b7a    00000002     --HOLE-- [fill = 0]
                  00004b7c    0000003c     wifi.obj (.text:checkObstacle)
                  00004bb8    00000038     msp432p4xx_driverlib.lib : adc14.o (.text:ADC14_getEnabledInterruptStatus)
                  00004bf0    00000038     rtsv7M4_T_le_v4SPD16_eabi.lib : trgmsg.c.obj (.text:__TI_writemsg)
                  00004c28    00000038     wifi.obj (.text:counter)
                  00004c60    00000038     ultrasonic.obj (.text:getHCSR04Time)
                  00004c98    00000038     rtsv7M4_T_le_v4SPD16_eabi.lib : fs_tod_t2.asm.obj (.text)
                  00004cd0    00000036                                   : strncpy.c.obj (.text:strncpy)
                  00004d06    00000002     --HOLE-- [fill = 0]
                  00004d08    00000034     msp432p4xx_driverlib.lib : cs.o (.text:CS_setDCOCenteredFrequency)
                  00004d3c    00000034     ESP8266.obj (.text:ESP8266_HardReset)
                  00004d70    00000034     rtsv7M4_T_le_v4SPD16_eabi.lib : fopen.c.obj (.text:__TI_cleanup)
                  00004da4    00000034                                   : trgmsg.c.obj (.text:__TI_readmsg)
                  00004dd8    00000034                                   : boot_cortex_m.c.obj (.text:_c_int00_noargs:_c_int00_noargs)
                  00004e0c    00000034                                   : strstr.c.obj (.text:strstr)
                  00004e40    00000030     msp432p4xx_driverlib.lib : adc14.o (.text:ADC14_clearInterruptFlag)
                  00004e70    00000030                              : cs.o (.text:CS_clearInterruptFlag)
                  00004ea0    00000030                              : gpio.o (.text:GPIO_getInputPinValue)
                  00004ed0    00000030     rtsv7M4_T_le_v4SPD16_eabi.lib : getdevice.c.obj (.text:finddevice)
                  00004f00    0000002e                                   : i_tofd_t2.asm.obj (.text)
                  00004f2e    00000002     --HOLE-- [fill = 0]
                  00004f30    0000002c     msp432p4xx_driverlib.lib : adc14.o (.text:ADC14_getInterruptStatus)
                  00004f5c    0000002c                              : timer_a.o (.text:Timer_A_clearCaptureCompareInterrupt)
                  00004f88    0000002c     rtsv7M4_T_le_v4SPD16_eabi.lib : unlink.c.obj (.text:unlink)
                  00004fb4    00000028     msp432p4xx_driverlib.lib : adc14.o (.text:ADC14_getResult)
                  00004fdc    00000028                              : cs.o (.text:CS_getSMCLK)
                  00005004    00000028                              : gpio.o (.text:GPIO_clearInterruptFlag)
                  0000502c    00000028                              : gpio.o (.text:GPIO_enableInterrupt)
                  00005054    00000028                              : gpio.o (.text:GPIO_setOutputHighOnPin)
                  0000507c    00000028                              : gpio.o (.text:GPIO_setOutputLowOnPin)
                  000050a4    00000028     encoder.obj (.text:PORT2_IRQHandler)
                  000050cc    00000028     encoder.obj (.text:PORT3_IRQHandler)
                  000050f4    00000028     rtsv7M4_T_le_v4SPD16_eabi.lib : memory.c.obj (.text:free_list_insert)
                  0000511c    00000028                                   : lseek.c.obj (.text:lseek)
                  00005144    00000028                                   : write.c.obj (.text:write)
                  0000516c    00000024     ultrasonic.obj (.text:Delay)
                  00005190    00000024     msp432p4xx_driverlib.lib : gpio.o (.text:GPIO_getInterruptStatus)
                  000051b4    00000022     MSPIO.obj (.text:PrintString)
                  000051d6    00000020     rtsv7M4_T_le_v4SPD16_eabi.lib : memchr.c.obj (.text:memchr)
                  000051f6    00000002     --HOLE-- [fill = 0]
                  000051f8    0000001c     ultrasonic.obj (.text:TA0_0_IRQHandler)
                  00005214    0000001c     rtsv7M4_T_le_v4SPD16_eabi.lib : memory.c.obj (.text:free_list_remove)
                  00005230    0000001c                                   : memccpy.c.obj (.text:memccpy)
                  0000524c    0000001a                                   : s_copysign.c.obj (.text:copysign)
                  00005266    00000002     --HOLE-- [fill = 0]
                  00005268    00000018     msp432p4xx_driverlib.lib : timer_a.o (.text:Timer_A_clearTimer)
                  00005280    00000018                              : uart.o (.text:UART_getInterruptStatus)
                  00005298    00000018     rtsv7M4_T_le_v4SPD16_eabi.lib : sprintf.c.obj (.text:_outs)
                  000052b0    00000018                                   : strcmp.c.obj (.text:strcmp)
                  000052c8    00000016     msp432p4xx_driverlib.lib : timer_a.o (.text:Timer_A_startCounter)
                  000052de    00000016     rtsv7M4_T_le_v4SPD16_eabi.lib : strchr.c.obj (.text:strchr)
                  000052f4    00000014     msp432p4xx_driverlib.lib : pcm.o (.text:PCM_getPowerState)
                  00005308    00000014     MSPIO.obj (.text:PrintChar)
                  0000531c    00000014     msp432p4xx_driverlib.lib : timer_a.o (.text:Timer_A_stopTimer)
                  00005330    00000014     encoder.obj (.text:getLeft)
                  00005344    00000014     encoder.obj (.text:getRight)
                  00005358    00000014     rtsv7M4_T_le_v4SPD16_eabi.lib : strcpy.c.obj (.text:strcpy)
                  0000536c    00000014                                   : strlen.c.obj (.text:strlen)
                  00005380    00000012                                   : wcslen.c.obj (.text:wcslen)
                  00005392    00000010     msp432p4xx_driverlib.lib : pcm.o (.text:PCM_setCoreVoltageLevel)
                  000053a2    00000010                              : pcm.o (.text:PCM_setPowerMode)
                  000053b2    0000000e     rtsv7M4_T_le_v4SPD16_eabi.lib : copy_decompress_none.c.obj (.text:decompress:none:__TI_decompress_none)
                  000053c0    0000000c     startup_msp432p401r_ccs.obj (.text:Reset_Handler)
                  000053cc    0000000c     rtsv7M4_T_le_v4SPD16_eabi.lib : copy_zero_init.c.obj (.text:decompress:ZI:__TI_zero_init)
                  000053d8    0000000a                                   : sprintf.c.obj (.text:_outc)
                  000053e2    00000002     --HOLE-- [fill = 0]
                  000053e4    00000008     ESP8266.obj (.text:ESP8266_GetBuffer)
                  000053ec    00000008     rtsv7M4_T_le_v4SPD16_eabi.lib : errno.c.obj (.text:__aeabi_errno_addr)
                  000053f4    00000008                                   : memory.c.obj (.text:malloc)
                  000053fc    00000004                                   : printf.c.obj (.text:_outc)
                  00005400    00000004                                   : printf.c.obj (.text:_outs)
                  00005404    00000004                                   : pre_init.c.obj (.text:_system_pre_init)
                  00005408    00000004                                   : exit.c.obj (.text:abort:abort)

.const     0    0000540c    00000214     
                  0000540c    00000101     rtsv7M4_T_le_v4SPD16_eabi.lib : ctype.c.obj (.const:.string:_ctypes_)
                  0000550d    00000003     --HOLE-- [fill = 0]
                  00005510    00000080     msp432p4xx_driverlib.lib : adc14.o (.const:_ctlRegs)
                  00005590    0000003e     wifi.obj (.const:.string)
                  000055ce    00000002     --HOLE-- [fill = 0]
                  000055d0    00000030     msp432p4xx_driverlib.lib : gpio.o (.const:GPIO_PORT_TO_BASE)
                  00005600    00000018     ultrasonic.obj (.const:$P$T0$1)
                  00005618    00000008     msp432p4xx_driverlib.lib : interrupt.o (.const:g_pulEnRegs)

.cinit     0    00005620    000000f0     
                  00005620    000000c7     (.cinit..data.load) [load image, compression = lzss]
                  000056e7    00000001     --HOLE-- [fill = 0]
                  000056e8    0000000c     (__TI_handler_table)
                  000056f4    00000004     --HOLE-- [fill = 0]
                  000056f8    00000008     (.cinit..bss.load) [load image, compression = zero_init]
                  00005700    00000010     (__TI_cinit_table)

.init_array 
*          0    00000000    00000000     UNINITIALIZED

.binit     0    00000000    00000000     

.bss       0    20000000    000019f0     UNINITIALIZED
                  20000000    00000800     (.common:ESP8266_Buffer)
                  20000800    00000800     (.common:UARTA0Data)
                  20001000    00000800     (.common:UARTA2Data)
                  20001800    00000120     rtsv7M4_T_le_v4SPD16_eabi.lib : trgmsg.c.obj (.bss:_CIOBUF_)
                  20001920    000000a0     (.common:__TI_tmpnams)
                  200019c0    00000008     msp432p4xx_driverlib.lib : cs.o (.bss)
                  200019c8    00000008     (.common:parmbuf)
                  200019d0    00000004     (.common:SR04IntTimes)
                  200019d4    00000004     (.common:UARTA0ReadIndex)
                  200019d8    00000004     (.common:UARTA0WriteIndex)
                  200019dc    00000004     (.common:UARTA2ReadIndex)
                  200019e0    00000004     (.common:UARTA2WriteIndex)
                  200019e4    00000004     (.common:cal30)
                  200019e8    00000004     (.common:calDifference)
                  200019ec    00000004     (.common:tempC)

.sysmem    0    200019f0    00000800     UNINITIALIZED
                  200019f0    00000010     rtsv7M4_T_le_v4SPD16_eabi.lib : memory.c.obj (.sysmem)
                  20001a00    000007f0     --HOLE--

.data      0    200021f0    000002d0     UNINITIALIZED
                  200021f0    000000f0     rtsv7M4_T_le_v4SPD16_eabi.lib : defs.c.obj (.data:_ftable)
                  200022e0    00000078                                   : host_device.c.obj (.data:_device)
                  20002358    00000050                                   : host_device.c.obj (.data:_stream)
                  200023a8    00000028     wifi.obj (.data:UART0Config)
                  200023d0    00000028     wifi.obj (.data:UART2Config)
                  200023f8    00000028     wifi.obj (.data)
                  20002420    0000001b     wifi.obj (.data:HTTP_Request)
                  2000243b    00000001     --HOLE--
                  2000243c    00000018     motor.obj (.data:pwmConfig2)
                  20002454    00000018     motor.obj (.data:pwmConfig)
                  2000246c    00000014     wifi.obj (.data:cmdString)
                  20002480    00000010     encoder.obj (.data)
                  20002490    00000010     rtsv7M4_T_le_v4SPD16_eabi.lib : defs.c.obj (.data)
                  200024a0    0000000c                                   : exit.c.obj (.data:$O1$$)
                  200024ac    00000008                                   : _lock.c.obj (.data:$O1$$)
                  200024b4    00000008                                   : memory.c.obj (.data:$O1$$)
                  200024bc    00000004                                   : errno.c.obj (.data)

.stack     0    2000fe00    00000200     UNINITIALIZED
                  2000fe00    00000004     rtsv7M4_T_le_v4SPD16_eabi.lib : boot_cortex_m.c.obj (.stack)
                  2000fe04    000001fc     --HOLE--

__llvm_prf_cnts 
*          0    20000000    00000000     UNINITIALIZED

MODULE SUMMARY

       Module                        code    ro data   rw data
       ------                        ----    -------   -------
    .\
       ESP8266.obj                   748     0         12320  
       UART_Driver.obj               1096    0         0      
       MSPIO.obj                     380     0         0      
       main.obj                      323     0         32     
       system_msp432p401r.obj        120     0         0      
    +--+-----------------------------+-------+---------+---------+
       Total:                        2667    0         12352  
                                                              
    .\ccs\
       startup_msp432p401r_ccs.obj   14      228       0      
    +--+-----------------------------+-------+---------+---------+
       Total:                        14      228       0      
                                                              
    .\encoder\
       encoder.obj                   208     0         32     
    +--+-----------------------------+-------+---------+---------+
       Total:                        208     0         32     
                                                              
    .\motor\
       motor.obj                     376     0         96     
    +--+-----------------------------+-------+---------+---------+
       Total:                        376     0         96     
                                                              
    .\temperature\
       temperature.obj               108     0         0      
    +--+-----------------------------+-------+---------+---------+
       Total:                        108     0         0      
                                                              
    .\ultrasonic\
       ultrasonic.obj                348     24        0      
    +--+-----------------------------+-------+---------+---------+
       Total:                        348     24        0      
                                                              
    .\wifi\
       wifi.obj                      1944    62        334    
    +--+-----------------------------+-------+---------+---------+
       Total:                        1944    62        334    
                                                              
    C:/ti/simplelink_msp432p4_sdk_3_40_01_02/source/ti/devices/msp432p4xx/driverlib/ccs/msp432p4xx_driverlib.lib
       cs.o                          870     0         16     
       gpio.o                        828     48        0      
       pcm.o                         848     0         0      
       timer_a.o                     730     0         0      
       adc14.o                       540     128       0      
       uart.o                        408     0         0      
       sysctl_a.o                    148     0         0      
       interrupt.o                   128     8         0      
       flash.o                       72      0         0      
    +--+-----------------------------+-------+---------+---------+
       Total:                        4572    184       16     
                                                              
    C:\ti\ccs1100\ccs\tools\compiler\ti-cgt-arm_20.2.5.LTS\lib\rtsv7M4_T_le_v4SPD16_eabi.lib
       _printfi.c.obj                4851    0         0      
       defs.c.obj                    0       0         832    
       memory.c.obj                  672     0         16     
       trgmsg.c.obj                  108     0         576    
       fd_add_t2.asm.obj             438     0         0      
       host_device.c.obj             0       0         400    
       fd_div_t2.asm.obj             310     0         0      
       fputs.c.obj                   276     0         0      
       s_scalbn.c.obj                272     0         0      
       fd_cmp_t2.asm.obj             268     0         0      
       ctype.c.obj                   0       257       0      
       fd_mul_t2.asm.obj             252     0         0      
       setvbuf.c.obj                 220     0         0      
       memcpy_t2.asm.obj             156     0         0      
       ull_div_t2.asm.obj            150     0         0      
       fputc.c.obj                   140     0         0      
       memset_t2.asm.obj             122     0         0      
       fclose.c.obj                  116     0         0      
       getdevice.c.obj               116     0         0      
       hostopen.c.obj                96      0         16     
       printf.c.obj                  112     0         0      
       ltoa.c.obj                    110     0         0      
       hostrename.c.obj              108     0         0      
       copy_decompress_lzss.c.obj    104     0         0      
       hostlseek.c.obj               104     0         0      
       exit.c.obj                    76      0         24     
       fseek.c.obj                   100     0         0      
       s_frexp.c.obj                 100     0         0      
       _io_perm.c.obj                98      0         0      
       sprintf.c.obj                 98      0         0      
       close.c.obj                   92      0         0      
       hostread.c.obj                88      0         0      
       hostwrite.c.obj               88      0         0      
       _ltoa.c.obj                   84      0         0      
       atoi.c.obj                    76      0         0      
       fflush.c.obj                  76      0         0      
       fd_toi_t2.asm.obj             72      0         0      
       autoinit.c.obj                68      0         0      
       hostclose.c.obj               68      0         0      
       hostunlink.c.obj              68      0         0      
       fs_tod_t2.asm.obj             56      0         0      
       strncpy.c.obj                 54      0         0      
       boot_cortex_m.c.obj           52      0         0      
       fopen.c.obj                   52      0         0      
       strstr.c.obj                  52      0         0      
       i_tofd_t2.asm.obj             46      0         0      
       unlink.c.obj                  44      0         0      
       lseek.c.obj                   40      0         0      
       write.c.obj                   40      0         0      
       memchr.c.obj                  32      0         0      
       memccpy.c.obj                 28      0         0      
       s_copysign.c.obj              26      0         0      
       strcmp.c.obj                  24      0         0      
       strchr.c.obj                  22      0         0      
       strcpy.c.obj                  20      0         0      
       strlen.c.obj                  20      0         0      
       _lock.c.obj                   2       0         16     
       wcslen.c.obj                  18      0         0      
       errno.c.obj                   8       0         8      
       copy_decompress_none.c.obj    14      0         0      
       copy_zero_init.c.obj          12      0         0      
       pre_init.c.obj                4       0         0      
       div0.asm.obj                  2       0         0      
    +--+-----------------------------+-------+---------+---------+
       Total:                        11021   257       1888   
                                                              
       Heap:                         0       0         4096   
       Stack:                        0       0         1024   
       Linker Generated:             0       235       0      
    +--+-----------------------------+-------+---------+---------+
       Grand Total:                  21258   990       19838  


LINKER GENERATED COPY TABLES

__TI_cinit_table @ 00005700 records: 2, size/record: 8, table size: 16
	.data: load addr=00005620, load size=000000c7 bytes, run addr=200021f0, run size=000002d0 bytes, compression=lzss
	.bss: load addr=000056f8, load size=00000008 bytes, run addr=20000000, run size=000019f0 bytes, compression=zero_init


LINKER GENERATED HANDLER TABLE

__TI_handler_table @ 000056e8 records: 3, size/record: 4, table size: 12
	index: 0, handler: __TI_decompress_lzss
	index: 1, handler: __TI_decompress_none
	index: 2, handler: __TI_zero_init


GLOBAL SYMBOLS: SORTED ALPHABETICALLY BY Name 

address   name                                       
-------   ----                                       
00003c8d  ADC14_IRQHandler                           
00003c8d  ADC14_IRQHandler                           
00004e41  ADC14_clearInterruptFlag                   
00004bb9  ADC14_getEnabledInterruptStatus            
00004f31  ADC14_getInterruptStatus                   
00004fb5  ADC14_getResult                            
00000b33  AES256_IRQHandler                          
00000b33  BusFault_Handler                           
00005409  C$$EXIT                                    
00004c1f  C$$IO$$                                    
00000b33  COMP_E0_IRQHandler                         
00000b33  COMP_E1_IRQHandler                         
00000b33  CS_IRQHandler                              
00004e71  CS_clearInterruptFlag                      
00002919  CS_getDCOFrequency                         
00004fdd  CS_getSMCLK                                
00004d09  CS_setDCOCenteredFrequency                 
00003781  ConnectToAP                                
00000b33  DMA_ERR_IRQHandler                         
00000b33  DMA_INT0_IRQHandler                        
00000b33  DMA_INT1_IRQHandler                        
00000b33  DMA_INT2_IRQHandler                        
00000b33  DMA_INT3_IRQHandler                        
00000b33  DebugMon_Handler                           
00000b33  Default_Handler                            
20000000  ESP8266_Buffer                             
000053e5  ESP8266_GetBuffer                          
00004d3d  ESP8266_HardReset                          
000031ad  ESP8266_WaitForAnswer                      
00002f49  EUSCIA0_IRQHandler                         
00002f49  EUSCIA0_IRQHandler                         
00000b33  EUSCIA1_IRQHandler                         
00003239  EUSCIA2_IRQHandler                         
00003239  EUSCIA2_IRQHandler                         
00000b33  EUSCIA3_IRQHandler                         
00000b33  EUSCIB0_IRQHandler                         
00000b33  EUSCIB1_IRQHandler                         
00000b33  EUSCIB2_IRQHandler                         
00000b33  EUSCIB3_IRQHandler                         
00002c8d  EstablishConnection                        
00000b33  FLCTL_IRQHandler                           
00000b33  FPU_IRQHandler                             
00004749  FlashCtl_setWaitState                      
00005005  GPIO_clearInterruptFlag                    
0000502d  GPIO_enableInterrupt                       
000035f9  GPIO_getEnabledInterruptStatus             
00004ea1  GPIO_getInputPinValue                      
00005191  GPIO_getInterruptStatus                    
000045cd  GPIO_setAsInputPin                         
000042c9  GPIO_setAsInputPinWithPullDownResistor     
00004321  GPIO_setAsInputPinWithPullUpResistor       
000049bd  GPIO_setAsOutputPin                        
000033dd  GPIO_setAsPeripheralModuleFunctionOutputPin
00005055  GPIO_setOutputHighOnPin                    
0000507d  GPIO_setOutputLowOnPin                     
00004869  HOSTclose                                  
00003d65  HOSTlseek                                  
000040f5  HOSTopen                                   
00004379  HOSTread                                   
00003cf9  HOSTrename                                 
000048ad  HOSTunlink                                 
000043d1  HOSTwrite                                  
20002420  HTTP_Request                               
00000b33  HardFault_Handler                          
00003701  Interrupt_enableInterrupt                  
00002bd1  MSPrintf                                   
00000b33  MemManage_Handler                          
00000b33  NMI_Handler                                
20002404  PATTERN1                                   
20002408  PATTERN2                                   
00000b33  PCM_IRQHandler                             
00004155  PCM_getCoreVoltageLevel                    
0000426d  PCM_getPowerMode                           
000052f5  PCM_getPowerState                          
00005393  PCM_setCoreVoltageLevel                    
000053a3  PCM_setPowerMode                           
0000396d  PORT1_IRQHandler                           
0000396d  PORT1_IRQHandler                           
000050a5  PORT2_IRQHandler                           
000050a5  PORT2_IRQHandler                           
000050cd  PORT3_IRQHandler                           
000050cd  PORT3_IRQHandler                           
00000b33  PORT4_IRQHandler                           
0000367d  PORT5_IRQHandler                           
0000367d  PORT5_IRQHandler                           
00000b33  PORT6_IRQHandler                           
00000b33  PSS_IRQHandler                             
00000b33  PendSV_Handler                             
00005309  PrintChar                                  
000032c5  PrintInteger                               
000051b5  PrintString                                
0000457d  QueryIP                                    
00000b33  RTC_C_IRQHandler                           
000053c1  Reset_Handler                              
200019d0  SR04IntTimes                               
00000b33  SVC_Handler                                
00002ea5  SendData                                   
00003119  SysCtl_A_getTLVInfo                        
00000b33  SysTick_Handler                            
000038f5  SystemInit                                 
00000b33  T32_INT1_IRQHandler                        
00000b33  T32_INT2_IRQHandler                        
00000b33  T32_INTC_IRQHandler                        
000051f9  TA0_0_IRQHandler                           
000051f9  TA0_0_IRQHandler                           
00000b33  TA0_N_IRQHandler                           
00000b33  TA1_0_IRQHandler                           
00000b33  TA1_N_IRQHandler                           
00000b33  TA2_0_IRQHandler                           
00000b33  TA2_N_IRQHandler                           
00000b33  TA3_0_IRQHandler                           
00000b33  TA3_N_IRQHandler                           
00004f5d  Timer_A_clearCaptureCompareInterrupt       
00005269  Timer_A_clearTimer                         
00003dcd  Timer_A_configureUpMode                    
000039e1  Timer_A_generatePWM                        
00004619  Timer_A_getCounterValue                    
000052c9  Timer_A_startCounter                       
0000531d  Timer_A_stopTimer                          
200023a8  UART0Config                                
200023d0  UART2Config                                
20000800  UARTA0Data                                 
200019d4  UARTA0ReadIndex                            
200019d8  UARTA0WriteIndex                           
20001000  UARTA2Data                                 
200019dc  UARTA2ReadIndex                            
200019e0  UARTA2WriteIndex                           
00004791  UART_Flush                                 
00001a5d  UART_Printf                                
00001cf9  UART_Read                                  
000049fd  UART_Write                                 
00003f05  UART_getEnabledInterruptStatus             
00005281  UART_getInterruptStatus                    
000021d1  UART_initModule                            
00000b33  UsageFault_Handler                         
4000480c  WDTCTL_SYM                                 
00000b33  WDT_A_IRQHandler                           
20001800  __CIOBUF_                                  
20010000  __STACK_END                                
00000200  __STACK_SIZE                               
00000800  __SYSMEM_SIZE                              
00005700  __TI_CINIT_Base                            
00005710  __TI_CINIT_Limit                           
000056e8  __TI_Handler_Table_Base                    
000056f4  __TI_Handler_Table_Limit                   
000048f1  __TI_auto_init_nobinit_nopinit             
00004d71  __TI_cleanup                               
200024a0  __TI_cleanup_ptr                           
00003a55  __TI_closefile                             
00003e35  __TI_decompress_lzss                       
000053b3  __TI_decompress_none                       
00004665  __TI_doflush                               
200024a4  __TI_dtors_ptr                             
200024a8  __TI_enable_exit_profile_output            
20002490  __TI_ft_end                                
000044d7  __TI_ltoa                                  
ffffffff  __TI_pprof_out_hndl                        
000000e5  __TI_printfi                               
ffffffff  __TI_prof_data_size                        
ffffffff  __TI_prof_data_start                       
00004da5  __TI_readmsg                               
00000000  __TI_static_base__                         
20001920  __TI_tmpnams                               
00004bf1  __TI_writemsg                              
00004093  __TI_wrt_ok                                
000053cd  __TI_zero_init                             
000034ed  __aeabi_cdcmpeq                            
000034ed  __aeabi_cdcmple                            
00003573  __aeabi_cdrcmple                           
00004821  __aeabi_d2iz                               
000015f3  __aeabi_dadd                               
00001f75  __aeabi_ddiv                               
0000281d  __aeabi_dmul                               
000015e9  __aeabi_dsub                               
000053ed  __aeabi_errno_addr                         
00004c99  __aeabi_f2d                                
00004f01  __aeabi_i2d                                
000020ab  __aeabi_idiv0                              
000020ab  __aeabi_ldiv0                              
00003879  __aeabi_memclr                             
00003879  __aeabi_memclr4                            
00003879  __aeabi_memclr8                            
00002fe5  __aeabi_memcpy                             
00002fe5  __aeabi_memcpy4                            
00002fe5  __aeabi_memcpy8                            
0000387b  __aeabi_memset                             
0000387b  __aeabi_memset4                            
0000387b  __aeabi_memset8                            
2000249c  __aeabi_stderr                             
20002494  __aeabi_stdin                              
20002498  __aeabi_stdout                             
00003081  __aeabi_uldivmod                           
ffffffff  __binit__                                  
ffffffff  __c_args__                                 
UNDEFED   __mpu_init                                 
2000fe00  __stack                                    
20000000  __start___llvm_prf_cnts                    
20000000  __stop___llvm_prf_cnts                     
00004dd9  _c_int00_noargs                            
0000540c  _ctypes_                                   
200022e0  _device                                    
200021f0  _ftable                                    
200024ac  _lock                                      
0000179f  _nop                                       
20002358  _stream                                    
200019f0  _sys_memory                                
UNDEFED   _system_post_cinit                         
00005405  _system_pre_init                           
200024b0  _unlock                                    
00005409  abort                                      
0000271d  aligned_alloc                              
000046b1  atoi                                       
ffffffff  binit                                      
200019e4  cal30                                      
200019e8  calDifference                              
00004b7d  checkObstacle                              
000041b5  close                                      
2000246c  cmdString                                  
0000524d  copysign                                   
0000524d  copysignl                                  
00004c29  counter                                    
200024bc  errno                                      
000047d9  exit                                       
00004ed1  finddevice                                 
00003351  fputc                                      
000022ed  fputs                                      
00002a11  free                                       
00003f69  frexp                                      
00003f69  frexpl                                     
00003fcd  fseek                                      
00002df5  getData                                    
00003465  getHCSR04Distance                          
00005331  getLeft                                    
00005345  getRight                                   
00004935  getdevice                                  
00004429  initEncoder                                
00003ac9  initMotor                                  
00000b35  initWifi                                   
00004211  init_HCSR04                                
00000000  interruptVectors                           
00002401  ldexp                                      
00002401  ldexpl                                     
0000511d  lseek                                      
00003c1d  ltoa                                       
000046fd  main                                       
000053f5  malloc                                     
0000271d  memalign                                   
00005231  memccpy                                    
000051d7  memchr                                     
00002fe5  memcpy                                     
00003881  memset                                     
00004a3d  motor_left                                 
00004a7d  motor_right                                
00004979  motor_start                                
00004abd  motor_stop                                 
20002410  obstacle                                   
200019c8  parmbuf                                    
200023fc  password                                   
00003e9d  printf                                     
00003351  putc                                       
20002454  pwmConfig                                  
2000243c  pwmConfig2                                 
00004f89  remove                                     
20002488  rotationLeft                               
2000248c  rotationRight                              
2000241c  rotations                                  
20002418  rpm                                        
00000e79  runString                                  
00002401  scalbn                                     
00002401  scalbnl                                    
00002af5  setvbuf                                    
00004afd  sprintf                                    
000052df  strchr                                     
000052b1  strcmp                                     
00005359  strcpy                                     
0000536d  strlen                                     
00004cd1  strncpy                                    
00004e0d  strstr                                     
200019ec  tempC                                      
20002414  timer                                      
00004f89  unlink                                     
20002400  url                                        
200023f8  username                                   
00005381  wcslen                                     
00005145  write                                      


GLOBAL SYMBOLS: SORTED BY Symbol Address 

address   name                                       
-------   ----                                       
00000000  __TI_static_base__                         
00000000  interruptVectors                           
000000e5  __TI_printfi                               
00000200  __STACK_SIZE                               
00000800  __SYSMEM_SIZE                              
00000b33  AES256_IRQHandler                          
00000b33  BusFault_Handler                           
00000b33  COMP_E0_IRQHandler                         
00000b33  COMP_E1_IRQHandler                         
00000b33  CS_IRQHandler                              
00000b33  DMA_ERR_IRQHandler                         
00000b33  DMA_INT0_IRQHandler                        
00000b33  DMA_INT1_IRQHandler                        
00000b33  DMA_INT2_IRQHandler                        
00000b33  DMA_INT3_IRQHandler                        
00000b33  DebugMon_Handler                           
00000b33  Default_Handler                            
00000b33  EUSCIA1_IRQHandler                         
00000b33  EUSCIA3_IRQHandler                         
00000b33  EUSCIB0_IRQHandler                         
00000b33  EUSCIB1_IRQHandler                         
00000b33  EUSCIB2_IRQHandler                         
00000b33  EUSCIB3_IRQHandler                         
00000b33  FLCTL_IRQHandler                           
00000b33  FPU_IRQHandler                             
00000b33  HardFault_Handler                          
00000b33  MemManage_Handler                          
00000b33  NMI_Handler                                
00000b33  PCM_IRQHandler                             
00000b33  PORT4_IRQHandler                           
00000b33  PORT6_IRQHandler                           
00000b33  PSS_IRQHandler                             
00000b33  PendSV_Handler                             
00000b33  RTC_C_IRQHandler                           
00000b33  SVC_Handler                                
00000b33  SysTick_Handler                            
00000b33  T32_INT1_IRQHandler                        
00000b33  T32_INT2_IRQHandler                        
00000b33  T32_INTC_IRQHandler                        
00000b33  TA0_N_IRQHandler                           
00000b33  TA1_0_IRQHandler                           
00000b33  TA1_N_IRQHandler                           
00000b33  TA2_0_IRQHandler                           
00000b33  TA2_N_IRQHandler                           
00000b33  TA3_0_IRQHandler                           
00000b33  TA3_N_IRQHandler                           
00000b33  UsageFault_Handler                         
00000b33  WDT_A_IRQHandler                           
00000b35  initWifi                                   
00000e79  runString                                  
000015e9  __aeabi_dsub                               
000015f3  __aeabi_dadd                               
0000179f  _nop                                       
00001a5d  UART_Printf                                
00001cf9  UART_Read                                  
00001f75  __aeabi_ddiv                               
000020ab  __aeabi_idiv0                              
000020ab  __aeabi_ldiv0                              
000021d1  UART_initModule                            
000022ed  fputs                                      
00002401  ldexp                                      
00002401  ldexpl                                     
00002401  scalbn                                     
00002401  scalbnl                                    
0000271d  aligned_alloc                              
0000271d  memalign                                   
0000281d  __aeabi_dmul                               
00002919  CS_getDCOFrequency                         
00002a11  free                                       
00002af5  setvbuf                                    
00002bd1  MSPrintf                                   
00002c8d  EstablishConnection                        
00002df5  getData                                    
00002ea5  SendData                                   
00002f49  EUSCIA0_IRQHandler                         
00002f49  EUSCIA0_IRQHandler                         
00002fe5  __aeabi_memcpy                             
00002fe5  __aeabi_memcpy4                            
00002fe5  __aeabi_memcpy8                            
00002fe5  memcpy                                     
00003081  __aeabi_uldivmod                           
00003119  SysCtl_A_getTLVInfo                        
000031ad  ESP8266_WaitForAnswer                      
00003239  EUSCIA2_IRQHandler                         
00003239  EUSCIA2_IRQHandler                         
000032c5  PrintInteger                               
00003351  fputc                                      
00003351  putc                                       
000033dd  GPIO_setAsPeripheralModuleFunctionOutputPin
00003465  getHCSR04Distance                          
000034ed  __aeabi_cdcmpeq                            
000034ed  __aeabi_cdcmple                            
00003573  __aeabi_cdrcmple                           
000035f9  GPIO_getEnabledInterruptStatus             
0000367d  PORT5_IRQHandler                           
0000367d  PORT5_IRQHandler                           
00003701  Interrupt_enableInterrupt                  
00003781  ConnectToAP                                
00003879  __aeabi_memclr                             
00003879  __aeabi_memclr4                            
00003879  __aeabi_memclr8                            
0000387b  __aeabi_memset                             
0000387b  __aeabi_memset4                            
0000387b  __aeabi_memset8                            
00003881  memset                                     
000038f5  SystemInit                                 
0000396d  PORT1_IRQHandler                           
0000396d  PORT1_IRQHandler                           
000039e1  Timer_A_generatePWM                        
00003a55  __TI_closefile                             
00003ac9  initMotor                                  
00003c1d  ltoa                                       
00003c8d  ADC14_IRQHandler                           
00003c8d  ADC14_IRQHandler                           
00003cf9  HOSTrename                                 
00003d65  HOSTlseek                                  
00003dcd  Timer_A_configureUpMode                    
00003e35  __TI_decompress_lzss                       
00003e9d  printf                                     
00003f05  UART_getEnabledInterruptStatus             
00003f69  frexp                                      
00003f69  frexpl                                     
00003fcd  fseek                                      
00004093  __TI_wrt_ok                                
000040f5  HOSTopen                                   
00004155  PCM_getCoreVoltageLevel                    
000041b5  close                                      
00004211  init_HCSR04                                
0000426d  PCM_getPowerMode                           
000042c9  GPIO_setAsInputPinWithPullDownResistor     
00004321  GPIO_setAsInputPinWithPullUpResistor       
00004379  HOSTread                                   
000043d1  HOSTwrite                                  
00004429  initEncoder                                
000044d7  __TI_ltoa                                  
0000457d  QueryIP                                    
000045cd  GPIO_setAsInputPin                         
00004619  Timer_A_getCounterValue                    
00004665  __TI_doflush                               
000046b1  atoi                                       
000046fd  main                                       
00004749  FlashCtl_setWaitState                      
00004791  UART_Flush                                 
000047d9  exit                                       
00004821  __aeabi_d2iz                               
00004869  HOSTclose                                  
000048ad  HOSTunlink                                 
000048f1  __TI_auto_init_nobinit_nopinit             
00004935  getdevice                                  
00004979  motor_start                                
000049bd  GPIO_setAsOutputPin                        
000049fd  UART_Write                                 
00004a3d  motor_left                                 
00004a7d  motor_right                                
00004abd  motor_stop                                 
00004afd  sprintf                                    
00004b7d  checkObstacle                              
00004bb9  ADC14_getEnabledInterruptStatus            
00004bf1  __TI_writemsg                              
00004c1f  C$$IO$$                                    
00004c29  counter                                    
00004c99  __aeabi_f2d                                
00004cd1  strncpy                                    
00004d09  CS_setDCOCenteredFrequency                 
00004d3d  ESP8266_HardReset                          
00004d71  __TI_cleanup                               
00004da5  __TI_readmsg                               
00004dd9  _c_int00_noargs                            
00004e0d  strstr                                     
00004e41  ADC14_clearInterruptFlag                   
00004e71  CS_clearInterruptFlag                      
00004ea1  GPIO_getInputPinValue                      
00004ed1  finddevice                                 
00004f01  __aeabi_i2d                                
00004f31  ADC14_getInterruptStatus                   
00004f5d  Timer_A_clearCaptureCompareInterrupt       
00004f89  remove                                     
00004f89  unlink                                     
00004fb5  ADC14_getResult                            
00004fdd  CS_getSMCLK                                
00005005  GPIO_clearInterruptFlag                    
0000502d  GPIO_enableInterrupt                       
00005055  GPIO_setOutputHighOnPin                    
0000507d  GPIO_setOutputLowOnPin                     
000050a5  PORT2_IRQHandler                           
000050a5  PORT2_IRQHandler                           
000050cd  PORT3_IRQHandler                           
000050cd  PORT3_IRQHandler                           
0000511d  lseek                                      
00005145  write                                      
00005191  GPIO_getInterruptStatus                    
000051b5  PrintString                                
000051d7  memchr                                     
000051f9  TA0_0_IRQHandler                           
000051f9  TA0_0_IRQHandler                           
00005231  memccpy                                    
0000524d  copysign                                   
0000524d  copysignl                                  
00005269  Timer_A_clearTimer                         
00005281  UART_getInterruptStatus                    
000052b1  strcmp                                     
000052c9  Timer_A_startCounter                       
000052df  strchr                                     
000052f5  PCM_getPowerState                          
00005309  PrintChar                                  
0000531d  Timer_A_stopTimer                          
00005331  getLeft                                    
00005345  getRight                                   
00005359  strcpy                                     
0000536d  strlen                                     
00005381  wcslen                                     
00005393  PCM_setCoreVoltageLevel                    
000053a3  PCM_setPowerMode                           
000053b3  __TI_decompress_none                       
000053c1  Reset_Handler                              
000053cd  __TI_zero_init                             
000053e5  ESP8266_GetBuffer                          
000053ed  __aeabi_errno_addr                         
000053f5  malloc                                     
00005405  _system_pre_init                           
00005409  C$$EXIT                                    
00005409  abort                                      
0000540c  _ctypes_                                   
000056e8  __TI_Handler_Table_Base                    
000056f4  __TI_Handler_Table_Limit                   
00005700  __TI_CINIT_Base                            
00005710  __TI_CINIT_Limit                           
20000000  ESP8266_Buffer                             
20000000  __start___llvm_prf_cnts                    
20000000  __stop___llvm_prf_cnts                     
20000800  UARTA0Data                                 
20001000  UARTA2Data                                 
20001800  __CIOBUF_                                  
20001920  __TI_tmpnams                               
200019c8  parmbuf                                    
200019d0  SR04IntTimes                               
200019d4  UARTA0ReadIndex                            
200019d8  UARTA0WriteIndex                           
200019dc  UARTA2ReadIndex                            
200019e0  UARTA2WriteIndex                           
200019e4  cal30                                      
200019e8  calDifference                              
200019ec  tempC                                      
200019f0  _sys_memory                                
200021f0  _ftable                                    
200022e0  _device                                    
20002358  _stream                                    
200023a8  UART0Config                                
200023d0  UART2Config                                
200023f8  username                                   
200023fc  password                                   
20002400  url                                        
20002404  PATTERN1                                   
20002408  PATTERN2                                   
20002410  obstacle                                   
20002414  timer                                      
20002418  rpm                                        
2000241c  rotations                                  
20002420  HTTP_Request                               
2000243c  pwmConfig2                                 
20002454  pwmConfig                                  
2000246c  cmdString                                  
20002488  rotationLeft                               
2000248c  rotationRight                              
20002490  __TI_ft_end                                
20002494  __aeabi_stdin                              
20002498  __aeabi_stdout                             
2000249c  __aeabi_stderr                             
200024a0  __TI_cleanup_ptr                           
200024a4  __TI_dtors_ptr                             
200024a8  __TI_enable_exit_profile_output            
200024ac  _lock                                      
200024b0  _unlock                                    
200024bc  errno                                      
2000fe00  __stack                                    
20010000  __STACK_END                                
4000480c  WDTCTL_SYM                                 
ffffffff  __TI_pprof_out_hndl                        
ffffffff  __TI_prof_data_size                        
ffffffff  __TI_prof_data_start                       
ffffffff  __binit__                                  
ffffffff  __c_args__                                 
ffffffff  binit                                      
UNDEFED   __mpu_init                                 
UNDEFED   _system_post_cinit                         

[285 symbols]
